ARM GAS  /tmp/cclcXEpw.s 			page 1


   1              		.cpu cortex-m4
   2              		.eabi_attribute 27, 1
   3              		.eabi_attribute 28, 1
   4              		.eabi_attribute 20, 1
   5              		.eabi_attribute 21, 1
   6              		.eabi_attribute 23, 3
   7              		.eabi_attribute 24, 1
   8              		.eabi_attribute 25, 1
   9              		.eabi_attribute 26, 1
  10              		.eabi_attribute 30, 1
  11              		.eabi_attribute 34, 1
  12              		.eabi_attribute 18, 4
  13              		.file	"app_net_config.c"
  14              		.text
  15              	.Ltext0:
  16              		.cfi_sections	.debug_frame
  17              		.section	.text.ip_all_zero,"ax",%progbits
  18              		.align	1
  19              		.arch armv7e-m
  20              		.syntax unified
  21              		.thumb
  22              		.thumb_func
  23              		.fpu fpv4-sp-d16
  25              	ip_all_zero:
  26              	.LVL0:
  27              	.LFB3:
  28              		.file 1 "device/app_net_config.c"
   1:device/app_net_config.c **** #include "app_net_config.h"
   2:device/app_net_config.c **** #include <stdio.h>
   3:device/app_net_config.c **** 
   4:device/app_net_config.c **** AppNetConfig_t g_app_net_cfg =
   5:device/app_net_config.c **** {
   6:device/app_net_config.c ****     {
   7:device/app_net_config.c ****         APP_DEFAULT_LOCAL_IP_A,
   8:device/app_net_config.c ****         APP_DEFAULT_LOCAL_IP_B,
   9:device/app_net_config.c ****         APP_DEFAULT_LOCAL_IP_C,
  10:device/app_net_config.c ****         APP_DEFAULT_LOCAL_IP_D
  11:device/app_net_config.c ****     },
  12:device/app_net_config.c **** 
  13:device/app_net_config.c ****     {
  14:device/app_net_config.c ****         APP_DEFAULT_NETMASK_A,
  15:device/app_net_config.c ****         APP_DEFAULT_NETMASK_B,
  16:device/app_net_config.c ****         APP_DEFAULT_NETMASK_C,
  17:device/app_net_config.c ****         APP_DEFAULT_NETMASK_D
  18:device/app_net_config.c ****     },
  19:device/app_net_config.c **** 
  20:device/app_net_config.c ****     {
  21:device/app_net_config.c ****         APP_DEFAULT_GATEWAY_IP_A,
  22:device/app_net_config.c ****         APP_DEFAULT_GATEWAY_IP_B,
  23:device/app_net_config.c ****         APP_DEFAULT_GATEWAY_IP_C,
  24:device/app_net_config.c ****         APP_DEFAULT_GATEWAY_IP_D
  25:device/app_net_config.c ****     },
  26:device/app_net_config.c **** 
  27:device/app_net_config.c ****     {
  28:device/app_net_config.c ****         APP_DEFAULT_SERVER_IP_A,
  29:device/app_net_config.c ****         APP_DEFAULT_SERVER_IP_B,
  30:device/app_net_config.c ****         APP_DEFAULT_SERVER_IP_C,
ARM GAS  /tmp/cclcXEpw.s 			page 2


  31:device/app_net_config.c ****         APP_DEFAULT_SERVER_IP_D
  32:device/app_net_config.c ****     },
  33:device/app_net_config.c **** 
  34:device/app_net_config.c ****     APP_DEFAULT_SERVER_PORT,
  35:device/app_net_config.c ****     APP_DEFAULT_DEVICE_ID,
  36:device/app_net_config.c ****     0U,
  37:device/app_net_config.c **** 
  38:device/app_net_config.c ****     APP_TCP_RECONNECT_INTERVAL_MS,
  39:device/app_net_config.c ****     0U
  40:device/app_net_config.c **** };
  41:device/app_net_config.c **** 
  42:device/app_net_config.c **** static int ip_all_zero(const uint8_t ip[4])
  43:device/app_net_config.c **** {
  29              		.loc 1 43 1 view -0
  30              		.cfi_startproc
  31              		@ args = 0, pretend = 0, frame = 0
  32              		@ frame_needed = 0, uses_anonymous_args = 0
  33              		@ link register save eliminated.
  44:device/app_net_config.c ****     return (ip[0] == 0U) &&
  34              		.loc 1 44 5 view .LVU1
  35              		.loc 1 44 15 is_stmt 0 view .LVU2
  36 0000 0378     		ldrb	r3, [r0]	@ zero_extendqisi2
  45:device/app_net_config.c ****            (ip[1] == 0U) &&
  46:device/app_net_config.c ****            (ip[2] == 0U) &&
  37              		.loc 1 46 26 view .LVU3
  38 0002 3BB9     		cbnz	r3, .L3
  45:device/app_net_config.c ****            (ip[1] == 0U) &&
  39              		.loc 1 45 15 view .LVU4
  40 0004 4378     		ldrb	r3, [r0, #1]	@ zero_extendqisi2
  44:device/app_net_config.c ****     return (ip[0] == 0U) &&
  41              		.loc 1 44 26 view .LVU5
  42 0006 3BB9     		cbnz	r3, .L4
  43              		.loc 1 46 15 view .LVU6
  44 0008 8378     		ldrb	r3, [r0, #2]	@ zero_extendqisi2
  45:device/app_net_config.c ****            (ip[1] == 0U) &&
  45              		.loc 1 45 26 view .LVU7
  46 000a 3BB9     		cbnz	r3, .L5
  47:device/app_net_config.c ****            (ip[3] == 0U);
  47              		.loc 1 47 15 discriminator 3 view .LVU8
  48 000c C378     		ldrb	r3, [r0, #3]	@ zero_extendqisi2
  46:device/app_net_config.c ****            (ip[3] == 0U);
  49              		.loc 1 46 26 discriminator 3 view .LVU9
  50 000e 3BB1     		cbz	r3, .L6
  46:device/app_net_config.c ****            (ip[3] == 0U);
  51              		.loc 1 46 26 view .LVU10
  52 0010 0020     		movs	r0, #0
  53              	.LVL1:
  46:device/app_net_config.c ****            (ip[3] == 0U);
  54              		.loc 1 46 26 view .LVU11
  55 0012 7047     		bx	lr
  56              	.LVL2:
  57              	.L3:
  46:device/app_net_config.c ****            (ip[3] == 0U);
  58              		.loc 1 46 26 view .LVU12
  59 0014 0020     		movs	r0, #0
  60              	.LVL3:
  46:device/app_net_config.c ****            (ip[3] == 0U);
ARM GAS  /tmp/cclcXEpw.s 			page 3


  61              		.loc 1 46 26 view .LVU13
  62 0016 7047     		bx	lr
  63              	.LVL4:
  64              	.L4:
  46:device/app_net_config.c ****            (ip[3] == 0U);
  65              		.loc 1 46 26 view .LVU14
  66 0018 0020     		movs	r0, #0
  67              	.LVL5:
  46:device/app_net_config.c ****            (ip[3] == 0U);
  68              		.loc 1 46 26 view .LVU15
  69 001a 7047     		bx	lr
  70              	.LVL6:
  71              	.L5:
  46:device/app_net_config.c ****            (ip[3] == 0U);
  72              		.loc 1 46 26 view .LVU16
  73 001c 0020     		movs	r0, #0
  74              	.LVL7:
  46:device/app_net_config.c ****            (ip[3] == 0U);
  75              		.loc 1 46 26 view .LVU17
  76 001e 7047     		bx	lr
  77              	.LVL8:
  78              	.L6:
  46:device/app_net_config.c ****            (ip[3] == 0U);
  79              		.loc 1 46 26 view .LVU18
  80 0020 0120     		movs	r0, #1
  81              	.LVL9:
  48:device/app_net_config.c **** }
  82              		.loc 1 48 1 view .LVU19
  83 0022 7047     		bx	lr
  84              		.cfi_endproc
  85              	.LFE3:
  87              		.section	.text.ip_all_255,"ax",%progbits
  88              		.align	1
  89              		.syntax unified
  90              		.thumb
  91              		.thumb_func
  92              		.fpu fpv4-sp-d16
  94              	ip_all_255:
  95              	.LVL10:
  96              	.LFB4:
  49:device/app_net_config.c **** 
  50:device/app_net_config.c **** static int ip_all_255(const uint8_t ip[4])
  51:device/app_net_config.c **** {
  97              		.loc 1 51 1 is_stmt 1 view -0
  98              		.cfi_startproc
  99              		@ args = 0, pretend = 0, frame = 0
 100              		@ frame_needed = 0, uses_anonymous_args = 0
 101              		@ link register save eliminated.
  52:device/app_net_config.c ****     return (ip[0] == 255U) &&
 102              		.loc 1 52 5 view .LVU21
 103              		.loc 1 52 15 is_stmt 0 view .LVU22
 104 0000 0378     		ldrb	r3, [r0]	@ zero_extendqisi2
  53:device/app_net_config.c ****            (ip[1] == 255U) &&
  54:device/app_net_config.c ****            (ip[2] == 255U) &&
 105              		.loc 1 54 28 view .LVU23
 106 0002 FF2B     		cmp	r3, #255
 107 0004 01D0     		beq	.L13
ARM GAS  /tmp/cclcXEpw.s 			page 4


 108 0006 0020     		movs	r0, #0
 109              	.LVL11:
 110              		.loc 1 54 28 view .LVU24
 111 0008 7047     		bx	lr
 112              	.LVL12:
 113              	.L13:
  53:device/app_net_config.c ****            (ip[1] == 255U) &&
 114              		.loc 1 53 15 view .LVU25
 115 000a 4378     		ldrb	r3, [r0, #1]	@ zero_extendqisi2
  52:device/app_net_config.c ****     return (ip[0] == 255U) &&
 116              		.loc 1 52 28 view .LVU26
 117 000c FF2B     		cmp	r3, #255
 118 000e 01D0     		beq	.L14
 119              		.loc 1 54 28 view .LVU27
 120 0010 0020     		movs	r0, #0
 121              	.LVL13:
 122              		.loc 1 54 28 view .LVU28
 123 0012 7047     		bx	lr
 124              	.LVL14:
 125              	.L14:
 126              		.loc 1 54 15 view .LVU29
 127 0014 8378     		ldrb	r3, [r0, #2]	@ zero_extendqisi2
  53:device/app_net_config.c ****            (ip[1] == 255U) &&
 128              		.loc 1 53 28 view .LVU30
 129 0016 FF2B     		cmp	r3, #255
 130 0018 01D0     		beq	.L15
 131              		.loc 1 54 28 view .LVU31
 132 001a 0020     		movs	r0, #0
 133              	.LVL15:
 134              		.loc 1 54 28 view .LVU32
 135 001c 7047     		bx	lr
 136              	.LVL16:
 137              	.L15:
  55:device/app_net_config.c ****            (ip[3] == 255U);
 138              		.loc 1 55 15 discriminator 3 view .LVU33
 139 001e C378     		ldrb	r3, [r0, #3]	@ zero_extendqisi2
  54:device/app_net_config.c ****            (ip[3] == 255U);
 140              		.loc 1 54 28 discriminator 3 view .LVU34
 141 0020 FF2B     		cmp	r3, #255
 142 0022 01D0     		beq	.L12
  54:device/app_net_config.c ****            (ip[3] == 255U);
 143              		.loc 1 54 28 view .LVU35
 144 0024 0020     		movs	r0, #0
 145              	.LVL17:
  54:device/app_net_config.c ****            (ip[3] == 255U);
 146              		.loc 1 54 28 view .LVU36
 147 0026 7047     		bx	lr
 148              	.LVL18:
 149              	.L12:
  54:device/app_net_config.c ****            (ip[3] == 255U);
 150              		.loc 1 54 28 view .LVU37
 151 0028 0120     		movs	r0, #1
 152              	.LVL19:
  56:device/app_net_config.c **** }
 153              		.loc 1 56 1 view .LVU38
 154 002a 7047     		bx	lr
 155              		.cfi_endproc
ARM GAS  /tmp/cclcXEpw.s 			page 5


 156              	.LFE4:
 158              		.section	.text.ipv4_basic_valid,"ax",%progbits
 159              		.align	1
 160              		.syntax unified
 161              		.thumb
 162              		.thumb_func
 163              		.fpu fpv4-sp-d16
 165              	ipv4_basic_valid:
 166              	.LVL20:
 167              	.LFB5:
  57:device/app_net_config.c **** 
  58:device/app_net_config.c **** static int ipv4_basic_valid(const uint8_t ip[4])
  59:device/app_net_config.c **** {
 168              		.loc 1 59 1 is_stmt 1 view -0
 169              		.cfi_startproc
 170              		@ args = 0, pretend = 0, frame = 0
 171              		@ frame_needed = 0, uses_anonymous_args = 0
 172              		.loc 1 59 1 is_stmt 0 view .LVU40
 173 0000 38B5     		push	{r3, r4, r5, lr}
 174              	.LCFI0:
 175              		.cfi_def_cfa_offset 16
 176              		.cfi_offset 3, -16
 177              		.cfi_offset 4, -12
 178              		.cfi_offset 5, -8
 179              		.cfi_offset 14, -4
  60:device/app_net_config.c ****     if (ip == 0)
 180              		.loc 1 60 5 is_stmt 1 view .LVU41
 181              		.loc 1 60 8 is_stmt 0 view .LVU42
 182 0002 78B1     		cbz	r0, .L18
 183 0004 0446     		mov	r4, r0
  61:device/app_net_config.c ****     {
  62:device/app_net_config.c ****         return 0;
  63:device/app_net_config.c ****     }
  64:device/app_net_config.c **** 
  65:device/app_net_config.c ****     if (ip_all_zero(ip) || ip_all_255(ip))
 184              		.loc 1 65 5 is_stmt 1 view .LVU43
 185              		.loc 1 65 9 is_stmt 0 view .LVU44
 186 0006 FFF7FEFF 		bl	ip_all_zero
 187              	.LVL21:
 188              		.loc 1 65 8 view .LVU45
 189 000a 0546     		mov	r5, r0
 190 000c 60B9     		cbnz	r0, .L19
 191              		.loc 1 65 28 discriminator 1 view .LVU46
 192 000e 2046     		mov	r0, r4
 193 0010 FFF7FEFF 		bl	ip_all_255
 194              	.LVL22:
 195              		.loc 1 65 25 discriminator 1 view .LVU47
 196 0014 48B9     		cbnz	r0, .L16
  66:device/app_net_config.c ****     {
  67:device/app_net_config.c ****         return 0;
  68:device/app_net_config.c ****     }
  69:device/app_net_config.c **** 
  70:device/app_net_config.c ****     /*
  71:device/app_net_config.c ****      * 对 local_ip / gateway / server_ip 做基本保护。
  72:device/app_net_config.c ****      * 不允许主机号为 0 或 255。
  73:device/app_net_config.c ****      *
  74:device/app_net_config.c ****      * 注意：
ARM GAS  /tmp/cclcXEpw.s 			page 6


  75:device/app_net_config.c ****      * server_ip 正式部署时可以是公网 IP，不要求和 local_ip 同网段。
  76:device/app_net_config.c ****      */
  77:device/app_net_config.c ****     if ((ip[3] == 0U) || (ip[3] == 255U))
 197              		.loc 1 77 5 is_stmt 1 view .LVU48
 198              		.loc 1 77 12 is_stmt 0 view .LVU49
 199 0016 E378     		ldrb	r3, [r4, #3]	@ zero_extendqisi2
 200              		.loc 1 77 23 view .LVU50
 201 0018 013B     		subs	r3, r3, #1
 202 001a DBB2     		uxtb	r3, r3
 203              		.loc 1 77 8 view .LVU51
 204 001c FD2B     		cmp	r3, #253
 205 001e 06D8     		bhi	.L20
  78:device/app_net_config.c ****     {
  79:device/app_net_config.c ****         return 0;
  80:device/app_net_config.c ****     }
  81:device/app_net_config.c **** 
  82:device/app_net_config.c ****     return 1;
 206              		.loc 1 82 12 view .LVU52
 207 0020 0125     		movs	r5, #1
 208 0022 02E0     		b	.L16
 209              	.LVL23:
 210              	.L18:
  62:device/app_net_config.c ****     }
 211              		.loc 1 62 16 view .LVU53
 212 0024 0025     		movs	r5, #0
 213 0026 00E0     		b	.L16
 214              	.LVL24:
 215              	.L19:
  67:device/app_net_config.c ****     }
 216              		.loc 1 67 16 view .LVU54
 217 0028 0025     		movs	r5, #0
 218              	.LVL25:
 219              	.L16:
  83:device/app_net_config.c **** }
 220              		.loc 1 83 1 view .LVU55
 221 002a 2846     		mov	r0, r5
 222 002c 38BD     		pop	{r3, r4, r5, pc}
 223              	.LVL26:
 224              	.L20:
  79:device/app_net_config.c ****     }
 225              		.loc 1 79 16 view .LVU56
 226 002e 0546     		mov	r5, r0
 227 0030 FBE7     		b	.L16
 228              		.cfi_endproc
 229              	.LFE5:
 231              		.section	.text.netmask_basic_valid,"ax",%progbits
 232              		.align	1
 233              		.syntax unified
 234              		.thumb
 235              		.thumb_func
 236              		.fpu fpv4-sp-d16
 238              	netmask_basic_valid:
 239              	.LVL27:
 240              	.LFB6:
  84:device/app_net_config.c **** 
  85:device/app_net_config.c **** static int netmask_basic_valid(const uint8_t ip[4])
  86:device/app_net_config.c **** {
ARM GAS  /tmp/cclcXEpw.s 			page 7


 241              		.loc 1 86 1 is_stmt 1 view -0
 242              		.cfi_startproc
 243              		@ args = 0, pretend = 0, frame = 0
 244              		@ frame_needed = 0, uses_anonymous_args = 0
  87:device/app_net_config.c ****     if (ip == 0)
 245              		.loc 1 87 5 view .LVU58
 246              		.loc 1 87 8 is_stmt 0 view .LVU59
 247 0000 50B1     		cbz	r0, .L24
  86:device/app_net_config.c ****     if (ip == 0)
 248              		.loc 1 86 1 view .LVU60
 249 0002 10B5     		push	{r4, lr}
 250              	.LCFI1:
 251              		.cfi_def_cfa_offset 8
 252              		.cfi_offset 4, -8
 253              		.cfi_offset 14, -4
 254 0004 0446     		mov	r4, r0
  88:device/app_net_config.c ****     {
  89:device/app_net_config.c ****         return 0;
  90:device/app_net_config.c ****     }
  91:device/app_net_config.c **** 
  92:device/app_net_config.c ****     if (ip_all_zero(ip) || ip_all_255(ip))
 255              		.loc 1 92 5 is_stmt 1 view .LVU61
 256              		.loc 1 92 9 is_stmt 0 view .LVU62
 257 0006 FFF7FEFF 		bl	ip_all_zero
 258              	.LVL28:
 259              		.loc 1 92 8 view .LVU63
 260 000a 38B9     		cbnz	r0, .L25
 261              		.loc 1 92 28 discriminator 1 view .LVU64
 262 000c 2046     		mov	r0, r4
 263 000e FFF7FEFF 		bl	ip_all_255
 264              	.LVL29:
 265              		.loc 1 92 25 discriminator 1 view .LVU65
 266 0012 28B9     		cbnz	r0, .L26
  93:device/app_net_config.c ****     {
  94:device/app_net_config.c ****         return 0;
  95:device/app_net_config.c ****     }
  96:device/app_net_config.c **** 
  97:device/app_net_config.c ****     /*
  98:device/app_net_config.c ****      * 当前项目默认使用 255.255.255.0。
  99:device/app_net_config.c ****      * 这里允许常见掩码，不做复杂连续性校验。
 100:device/app_net_config.c ****      */
 101:device/app_net_config.c ****     return 1;
 267              		.loc 1 101 12 view .LVU66
 268 0014 0120     		movs	r0, #1
 269              	.L22:
 102:device/app_net_config.c **** }
 270              		.loc 1 102 1 view .LVU67
 271 0016 10BD     		pop	{r4, pc}
 272              	.LVL30:
 273              	.L24:
 274              	.LCFI2:
 275              		.cfi_def_cfa_offset 0
 276              		.cfi_restore 4
 277              		.cfi_restore 14
  89:device/app_net_config.c ****     }
 278              		.loc 1 89 16 view .LVU68
 279 0018 0020     		movs	r0, #0
ARM GAS  /tmp/cclcXEpw.s 			page 8


 280              	.LVL31:
 281              		.loc 1 102 1 view .LVU69
 282 001a 7047     		bx	lr
 283              	.LVL32:
 284              	.L25:
 285              	.LCFI3:
 286              		.cfi_def_cfa_offset 8
 287              		.cfi_offset 4, -8
 288              		.cfi_offset 14, -4
  94:device/app_net_config.c ****     }
 289              		.loc 1 94 16 view .LVU70
 290 001c 0020     		movs	r0, #0
 291 001e FAE7     		b	.L22
 292              	.L26:
 293 0020 0020     		movs	r0, #0
 294 0022 F8E7     		b	.L22
 295              		.cfi_endproc
 296              	.LFE6:
 298              		.section	.rodata.format_ip4.str1.4,"aMS",%progbits,1
 299              		.align	2
 300              	.LC0:
 301 0000 25752E25 		.ascii	"%u.%u.%u.%u\000"
 301      752E2575 
 301      2E257500 
 302              		.section	.text.format_ip4,"ax",%progbits
 303              		.align	1
 304              		.syntax unified
 305              		.thumb
 306              		.thumb_func
 307              		.fpu fpv4-sp-d16
 309              	format_ip4:
 310              	.LVL33:
 311              	.LFB9:
 103:device/app_net_config.c **** 
 104:device/app_net_config.c **** AppNetConfig_t AppNetConfig_Default(void)
 105:device/app_net_config.c **** {
 106:device/app_net_config.c ****     AppNetConfig_t cfg;
 107:device/app_net_config.c **** 
 108:device/app_net_config.c ****     cfg.local_ip[0] = APP_DEFAULT_LOCAL_IP_A;
 109:device/app_net_config.c ****     cfg.local_ip[1] = APP_DEFAULT_LOCAL_IP_B;
 110:device/app_net_config.c ****     cfg.local_ip[2] = APP_DEFAULT_LOCAL_IP_C;
 111:device/app_net_config.c ****     cfg.local_ip[3] = APP_DEFAULT_LOCAL_IP_D;
 112:device/app_net_config.c **** 
 113:device/app_net_config.c ****     cfg.netmask[0] = APP_DEFAULT_NETMASK_A;
 114:device/app_net_config.c ****     cfg.netmask[1] = APP_DEFAULT_NETMASK_B;
 115:device/app_net_config.c ****     cfg.netmask[2] = APP_DEFAULT_NETMASK_C;
 116:device/app_net_config.c ****     cfg.netmask[3] = APP_DEFAULT_NETMASK_D;
 117:device/app_net_config.c **** 
 118:device/app_net_config.c ****     cfg.gateway[0] = APP_DEFAULT_GATEWAY_IP_A;
 119:device/app_net_config.c ****     cfg.gateway[1] = APP_DEFAULT_GATEWAY_IP_B;
 120:device/app_net_config.c ****     cfg.gateway[2] = APP_DEFAULT_GATEWAY_IP_C;
 121:device/app_net_config.c ****     cfg.gateway[3] = APP_DEFAULT_GATEWAY_IP_D;
 122:device/app_net_config.c **** 
 123:device/app_net_config.c ****     cfg.server_ip[0] = APP_DEFAULT_SERVER_IP_A;
 124:device/app_net_config.c ****     cfg.server_ip[1] = APP_DEFAULT_SERVER_IP_B;
 125:device/app_net_config.c ****     cfg.server_ip[2] = APP_DEFAULT_SERVER_IP_C;
 126:device/app_net_config.c ****     cfg.server_ip[3] = APP_DEFAULT_SERVER_IP_D;
ARM GAS  /tmp/cclcXEpw.s 			page 9


 127:device/app_net_config.c **** 
 128:device/app_net_config.c ****     cfg.server_port = APP_DEFAULT_SERVER_PORT;
 129:device/app_net_config.c ****     cfg.device_id = APP_DEFAULT_DEVICE_ID;
 130:device/app_net_config.c ****     cfg.reserved0 = 0U;
 131:device/app_net_config.c ****     cfg.reconnect_ms = APP_TCP_RECONNECT_INTERVAL_MS;
 132:device/app_net_config.c ****     cfg.reserved1 = 0U;
 133:device/app_net_config.c **** 
 134:device/app_net_config.c ****     return cfg;
 135:device/app_net_config.c **** }
 136:device/app_net_config.c **** 
 137:device/app_net_config.c **** int AppNetConfig_IsValid(const AppNetConfig_t *cfg)
 138:device/app_net_config.c **** {
 139:device/app_net_config.c ****     if (cfg == 0)
 140:device/app_net_config.c ****     {
 141:device/app_net_config.c ****         return 0;
 142:device/app_net_config.c ****     }
 143:device/app_net_config.c **** 
 144:device/app_net_config.c ****     if (!ipv4_basic_valid(cfg->local_ip))
 145:device/app_net_config.c ****     {
 146:device/app_net_config.c ****         return 0;
 147:device/app_net_config.c ****     }
 148:device/app_net_config.c **** 
 149:device/app_net_config.c ****     if (!netmask_basic_valid(cfg->netmask))
 150:device/app_net_config.c ****     {
 151:device/app_net_config.c ****         return 0;
 152:device/app_net_config.c ****     }
 153:device/app_net_config.c **** 
 154:device/app_net_config.c ****     if (!ipv4_basic_valid(cfg->gateway))
 155:device/app_net_config.c ****     {
 156:device/app_net_config.c ****         return 0;
 157:device/app_net_config.c ****     }
 158:device/app_net_config.c **** 
 159:device/app_net_config.c ****     if (!ipv4_basic_valid(cfg->server_ip))
 160:device/app_net_config.c ****     {
 161:device/app_net_config.c ****         return 0;
 162:device/app_net_config.c ****     }
 163:device/app_net_config.c **** 
 164:device/app_net_config.c ****     if ((cfg->server_port == 0U) || (cfg->server_port == 65535U))
 165:device/app_net_config.c ****     {
 166:device/app_net_config.c ****         return 0;
 167:device/app_net_config.c ****     }
 168:device/app_net_config.c **** 
 169:device/app_net_config.c ****     if ((cfg->device_id == 0U) || (cfg->device_id > 247U))
 170:device/app_net_config.c ****     {
 171:device/app_net_config.c ****         return 0;
 172:device/app_net_config.c ****     }
 173:device/app_net_config.c **** 
 174:device/app_net_config.c ****     if ((cfg->reconnect_ms < 500UL) || (cfg->reconnect_ms > 60000UL))
 175:device/app_net_config.c ****     {
 176:device/app_net_config.c ****         return 0;
 177:device/app_net_config.c ****     }
 178:device/app_net_config.c **** 
 179:device/app_net_config.c ****     return 1;
 180:device/app_net_config.c **** }
 181:device/app_net_config.c **** 
 182:device/app_net_config.c **** static void format_ip4(const uint8_t ip[4], char *out, uint32_t out_size)
 183:device/app_net_config.c **** {
ARM GAS  /tmp/cclcXEpw.s 			page 10


 312              		.loc 1 183 1 is_stmt 1 view -0
 313              		.cfi_startproc
 314              		@ args = 0, pretend = 0, frame = 0
 315              		@ frame_needed = 0, uses_anonymous_args = 0
 184:device/app_net_config.c ****     if ((ip == 0) || (out == 0) || (out_size == 0U))
 316              		.loc 1 184 5 view .LVU72
 317              		.loc 1 184 8 is_stmt 0 view .LVU73
 318 0000 A0B1     		cbz	r0, .L34
 183:device/app_net_config.c ****     if ((ip == 0) || (out == 0) || (out_size == 0U))
 319              		.loc 1 183 1 discriminator 1 view .LVU74
 320 0002 30B5     		push	{r4, r5, lr}
 321              	.LCFI4:
 322              		.cfi_def_cfa_offset 12
 323              		.cfi_offset 4, -12
 324              		.cfi_offset 5, -8
 325              		.cfi_offset 14, -4
 326 0004 85B0     		sub	sp, sp, #20
 327              	.LCFI5:
 328              		.cfi_def_cfa_offset 32
 329 0006 0C46     		mov	r4, r1
 330 0008 1146     		mov	r1, r2
 331              	.LVL34:
 183:device/app_net_config.c ****     if ((ip == 0) || (out == 0) || (out_size == 0U))
 332              		.loc 1 183 1 discriminator 1 view .LVU75
 333 000a 0346     		mov	r3, r0
 334              		.loc 1 184 19 discriminator 1 view .LVU76
 335 000c 04B1     		cbz	r4, .L31
 336              		.loc 1 184 33 discriminator 2 view .LVU77
 337 000e 0AB9     		cbnz	r2, .L37
 338              	.LVL35:
 339              	.L31:
 185:device/app_net_config.c ****     {
 186:device/app_net_config.c ****         return;
 187:device/app_net_config.c ****     }
 188:device/app_net_config.c **** 
 189:device/app_net_config.c ****     (void)snprintf(out,
 190:device/app_net_config.c ****                    (size_t)out_size,
 191:device/app_net_config.c ****                    "%u.%u.%u.%u",
 192:device/app_net_config.c ****                    (unsigned int)ip[0],
 193:device/app_net_config.c ****                    (unsigned int)ip[1],
 194:device/app_net_config.c ****                    (unsigned int)ip[2],
 195:device/app_net_config.c ****                    (unsigned int)ip[3]);
 196:device/app_net_config.c **** }
 340              		.loc 1 196 1 view .LVU78
 341 0010 05B0     		add	sp, sp, #20
 342              	.LCFI6:
 343              		.cfi_remember_state
 344              		.cfi_def_cfa_offset 12
 345              		@ sp needed
 346 0012 30BD     		pop	{r4, r5, pc}
 347              	.LVL36:
 348              	.L37:
 349              	.LCFI7:
 350              		.cfi_restore_state
 189:device/app_net_config.c ****                    (size_t)out_size,
 351              		.loc 1 189 5 is_stmt 1 view .LVU79
 193:device/app_net_config.c ****                    (unsigned int)ip[2],
ARM GAS  /tmp/cclcXEpw.s 			page 11


 352              		.loc 1 193 36 is_stmt 0 view .LVU80
 353 0014 4278     		ldrb	r2, [r0, #1]	@ zero_extendqisi2
 194:device/app_net_config.c ****                    (unsigned int)ip[3]);
 354              		.loc 1 194 36 view .LVU81
 355 0016 8078     		ldrb	r0, [r0, #2]	@ zero_extendqisi2
 356              	.LVL37:
 195:device/app_net_config.c **** }
 357              		.loc 1 195 36 view .LVU82
 358 0018 DD78     		ldrb	r5, [r3, #3]	@ zero_extendqisi2
 189:device/app_net_config.c ****                    (size_t)out_size,
 359              		.loc 1 189 11 view .LVU83
 360 001a 0295     		str	r5, [sp, #8]
 361 001c 0190     		str	r0, [sp, #4]
 362 001e 0092     		str	r2, [sp]
 363 0020 1B78     		ldrb	r3, [r3]	@ zero_extendqisi2
 364              	.LVL38:
 189:device/app_net_config.c ****                    (size_t)out_size,
 365              		.loc 1 189 11 view .LVU84
 366 0022 034A     		ldr	r2, .L38
 367 0024 2046     		mov	r0, r4
 368 0026 FFF7FEFF 		bl	snprintf
 369              	.LVL39:
 189:device/app_net_config.c ****                    (size_t)out_size,
 370              		.loc 1 189 11 view .LVU85
 371 002a F1E7     		b	.L31
 372              	.LVL40:
 373              	.L34:
 374              	.LCFI8:
 375              		.cfi_def_cfa_offset 0
 376              		.cfi_restore 4
 377              		.cfi_restore 5
 378              		.cfi_restore 14
 189:device/app_net_config.c ****                    (size_t)out_size,
 379              		.loc 1 189 11 view .LVU86
 380 002c 7047     		bx	lr
 381              	.L39:
 382 002e 00BF     		.align	2
 383              	.L38:
 384 0030 00000000 		.word	.LC0
 385              		.cfi_endproc
 386              	.LFE9:
 388              		.section	.text.AppNetConfig_Default,"ax",%progbits
 389              		.align	1
 390              		.global	AppNetConfig_Default
 391              		.syntax unified
 392              		.thumb
 393              		.thumb_func
 394              		.fpu fpv4-sp-d16
 396              	AppNetConfig_Default:
 397              	.LVL41:
 398              	.LFB7:
 105:device/app_net_config.c ****     AppNetConfig_t cfg;
 399              		.loc 1 105 1 is_stmt 1 view -0
 400              		.cfi_startproc
 401              		@ args = 0, pretend = 0, frame = 0
 402              		@ frame_needed = 0, uses_anonymous_args = 0
 403              		@ link register save eliminated.
ARM GAS  /tmp/cclcXEpw.s 			page 12


 105:device/app_net_config.c ****     AppNetConfig_t cfg;
 404              		.loc 1 105 1 is_stmt 0 view .LVU88
 405 0000 30B4     		push	{r4, r5}
 406              	.LCFI9:
 407              		.cfi_def_cfa_offset 8
 408              		.cfi_offset 4, -8
 409              		.cfi_offset 5, -4
 106:device/app_net_config.c **** 
 410              		.loc 1 106 5 is_stmt 1 view .LVU89
 108:device/app_net_config.c ****     cfg.local_ip[1] = APP_DEFAULT_LOCAL_IP_B;
 411              		.loc 1 108 5 view .LVU90
 108:device/app_net_config.c ****     cfg.local_ip[1] = APP_DEFAULT_LOCAL_IP_B;
 412              		.loc 1 108 21 is_stmt 0 view .LVU91
 413 0002 C025     		movs	r5, #192
 414 0004 0570     		strb	r5, [r0]
 109:device/app_net_config.c ****     cfg.local_ip[2] = APP_DEFAULT_LOCAL_IP_C;
 415              		.loc 1 109 5 is_stmt 1 view .LVU92
 109:device/app_net_config.c ****     cfg.local_ip[2] = APP_DEFAULT_LOCAL_IP_C;
 416              		.loc 1 109 21 is_stmt 0 view .LVU93
 417 0006 A824     		movs	r4, #168
 418 0008 4470     		strb	r4, [r0, #1]
 110:device/app_net_config.c ****     cfg.local_ip[3] = APP_DEFAULT_LOCAL_IP_D;
 419              		.loc 1 110 5 is_stmt 1 view .LVU94
 110:device/app_net_config.c ****     cfg.local_ip[3] = APP_DEFAULT_LOCAL_IP_D;
 420              		.loc 1 110 21 is_stmt 0 view .LVU95
 421 000a 0A21     		movs	r1, #10
 422 000c 8170     		strb	r1, [r0, #2]
 111:device/app_net_config.c **** 
 423              		.loc 1 111 5 is_stmt 1 view .LVU96
 111:device/app_net_config.c **** 
 424              		.loc 1 111 21 is_stmt 0 view .LVU97
 425 000e 6422     		movs	r2, #100
 426 0010 C270     		strb	r2, [r0, #3]
 113:device/app_net_config.c ****     cfg.netmask[1] = APP_DEFAULT_NETMASK_B;
 427              		.loc 1 113 5 is_stmt 1 view .LVU98
 113:device/app_net_config.c ****     cfg.netmask[1] = APP_DEFAULT_NETMASK_B;
 428              		.loc 1 113 20 is_stmt 0 view .LVU99
 429 0012 FF22     		movs	r2, #255
 430 0014 0271     		strb	r2, [r0, #4]
 114:device/app_net_config.c ****     cfg.netmask[2] = APP_DEFAULT_NETMASK_C;
 431              		.loc 1 114 5 is_stmt 1 view .LVU100
 114:device/app_net_config.c ****     cfg.netmask[2] = APP_DEFAULT_NETMASK_C;
 432              		.loc 1 114 20 is_stmt 0 view .LVU101
 433 0016 4271     		strb	r2, [r0, #5]
 115:device/app_net_config.c ****     cfg.netmask[3] = APP_DEFAULT_NETMASK_D;
 434              		.loc 1 115 5 is_stmt 1 view .LVU102
 115:device/app_net_config.c ****     cfg.netmask[3] = APP_DEFAULT_NETMASK_D;
 435              		.loc 1 115 20 is_stmt 0 view .LVU103
 436 0018 8271     		strb	r2, [r0, #6]
 116:device/app_net_config.c **** 
 437              		.loc 1 116 5 is_stmt 1 view .LVU104
 116:device/app_net_config.c **** 
 438              		.loc 1 116 20 is_stmt 0 view .LVU105
 439 001a 0022     		movs	r2, #0
 440 001c C271     		strb	r2, [r0, #7]
 118:device/app_net_config.c ****     cfg.gateway[1] = APP_DEFAULT_GATEWAY_IP_B;
 441              		.loc 1 118 5 is_stmt 1 view .LVU106
ARM GAS  /tmp/cclcXEpw.s 			page 13


 118:device/app_net_config.c ****     cfg.gateway[1] = APP_DEFAULT_GATEWAY_IP_B;
 442              		.loc 1 118 20 is_stmt 0 view .LVU107
 443 001e 0572     		strb	r5, [r0, #8]
 119:device/app_net_config.c ****     cfg.gateway[2] = APP_DEFAULT_GATEWAY_IP_C;
 444              		.loc 1 119 5 is_stmt 1 view .LVU108
 119:device/app_net_config.c ****     cfg.gateway[2] = APP_DEFAULT_GATEWAY_IP_C;
 445              		.loc 1 119 20 is_stmt 0 view .LVU109
 446 0020 4472     		strb	r4, [r0, #9]
 120:device/app_net_config.c ****     cfg.gateway[3] = APP_DEFAULT_GATEWAY_IP_D;
 447              		.loc 1 120 5 is_stmt 1 view .LVU110
 120:device/app_net_config.c ****     cfg.gateway[3] = APP_DEFAULT_GATEWAY_IP_D;
 448              		.loc 1 120 20 is_stmt 0 view .LVU111
 449 0022 8172     		strb	r1, [r0, #10]
 121:device/app_net_config.c **** 
 450              		.loc 1 121 5 is_stmt 1 view .LVU112
 121:device/app_net_config.c **** 
 451              		.loc 1 121 20 is_stmt 0 view .LVU113
 452 0024 0221     		movs	r1, #2
 453 0026 C172     		strb	r1, [r0, #11]
 123:device/app_net_config.c ****     cfg.server_ip[1] = APP_DEFAULT_SERVER_IP_B;
 454              		.loc 1 123 5 is_stmt 1 view .LVU114
 123:device/app_net_config.c ****     cfg.server_ip[1] = APP_DEFAULT_SERVER_IP_B;
 455              		.loc 1 123 22 is_stmt 0 view .LVU115
 456 0028 3D21     		movs	r1, #61
 457 002a 0173     		strb	r1, [r0, #12]
 124:device/app_net_config.c ****     cfg.server_ip[2] = APP_DEFAULT_SERVER_IP_C;
 458              		.loc 1 124 5 is_stmt 1 view .LVU116
 124:device/app_net_config.c ****     cfg.server_ip[2] = APP_DEFAULT_SERVER_IP_C;
 459              		.loc 1 124 22 is_stmt 0 view .LVU117
 460 002c 8821     		movs	r1, #136
 461 002e 4173     		strb	r1, [r0, #13]
 125:device/app_net_config.c ****     cfg.server_ip[3] = APP_DEFAULT_SERVER_IP_D;
 462              		.loc 1 125 5 is_stmt 1 view .LVU118
 125:device/app_net_config.c ****     cfg.server_ip[3] = APP_DEFAULT_SERVER_IP_D;
 463              		.loc 1 125 22 is_stmt 0 view .LVU119
 464 0030 0B21     		movs	r1, #11
 465 0032 8173     		strb	r1, [r0, #14]
 126:device/app_net_config.c **** 
 466              		.loc 1 126 5 is_stmt 1 view .LVU120
 126:device/app_net_config.c **** 
 467              		.loc 1 126 22 is_stmt 0 view .LVU121
 468 0034 AE21     		movs	r1, #174
 469 0036 C173     		strb	r1, [r0, #15]
 128:device/app_net_config.c ****     cfg.device_id = APP_DEFAULT_DEVICE_ID;
 470              		.loc 1 128 5 is_stmt 1 view .LVU122
 128:device/app_net_config.c ****     cfg.device_id = APP_DEFAULT_DEVICE_ID;
 471              		.loc 1 128 21 is_stmt 0 view .LVU123
 472 0038 42F22831 		movw	r1, #9000
 473 003c 0182     		strh	r1, [r0, #16]	@ movhi
 129:device/app_net_config.c ****     cfg.reserved0 = 0U;
 474              		.loc 1 129 5 is_stmt 1 view .LVU124
 129:device/app_net_config.c ****     cfg.reserved0 = 0U;
 475              		.loc 1 129 19 is_stmt 0 view .LVU125
 476 003e 0121     		movs	r1, #1
 477 0040 8174     		strb	r1, [r0, #18]
 130:device/app_net_config.c ****     cfg.reconnect_ms = APP_TCP_RECONNECT_INTERVAL_MS;
 478              		.loc 1 130 5 is_stmt 1 view .LVU126
ARM GAS  /tmp/cclcXEpw.s 			page 14


 130:device/app_net_config.c ****     cfg.reconnect_ms = APP_TCP_RECONNECT_INTERVAL_MS;
 479              		.loc 1 130 19 is_stmt 0 view .LVU127
 480 0042 C274     		strb	r2, [r0, #19]
 131:device/app_net_config.c ****     cfg.reserved1 = 0U;
 481              		.loc 1 131 5 is_stmt 1 view .LVU128
 131:device/app_net_config.c ****     cfg.reserved1 = 0U;
 482              		.loc 1 131 22 is_stmt 0 view .LVU129
 483 0044 40F6B831 		movw	r1, #3000
 484 0048 4161     		str	r1, [r0, #20]
 132:device/app_net_config.c **** 
 485              		.loc 1 132 5 is_stmt 1 view .LVU130
 132:device/app_net_config.c **** 
 486              		.loc 1 132 19 is_stmt 0 view .LVU131
 487 004a 8261     		str	r2, [r0, #24]
 134:device/app_net_config.c **** }
 488              		.loc 1 134 5 is_stmt 1 view .LVU132
 135:device/app_net_config.c **** 
 489              		.loc 1 135 1 is_stmt 0 view .LVU133
 490 004c 30BC     		pop	{r4, r5}
 491              	.LCFI10:
 492              		.cfi_restore 5
 493              		.cfi_restore 4
 494              		.cfi_def_cfa_offset 0
 495 004e 7047     		bx	lr
 496              		.cfi_endproc
 497              	.LFE7:
 499              		.section	.text.AppNetConfig_IsValid,"ax",%progbits
 500              		.align	1
 501              		.global	AppNetConfig_IsValid
 502              		.syntax unified
 503              		.thumb
 504              		.thumb_func
 505              		.fpu fpv4-sp-d16
 507              	AppNetConfig_IsValid:
 508              	.LVL42:
 509              	.LFB8:
 138:device/app_net_config.c ****     if (cfg == 0)
 510              		.loc 1 138 1 is_stmt 1 view -0
 511              		.cfi_startproc
 512              		@ args = 0, pretend = 0, frame = 0
 513              		@ frame_needed = 0, uses_anonymous_args = 0
 139:device/app_net_config.c ****     {
 514              		.loc 1 139 5 view .LVU135
 139:device/app_net_config.c ****     {
 515              		.loc 1 139 8 is_stmt 0 view .LVU136
 516 0000 58B3     		cbz	r0, .L44
 138:device/app_net_config.c ****     if (cfg == 0)
 517              		.loc 1 138 1 view .LVU137
 518 0002 10B5     		push	{r4, lr}
 519              	.LCFI11:
 520              		.cfi_def_cfa_offset 8
 521              		.cfi_offset 4, -8
 522              		.cfi_offset 14, -4
 523 0004 0446     		mov	r4, r0
 144:device/app_net_config.c ****     {
 524              		.loc 1 144 5 is_stmt 1 view .LVU138
 144:device/app_net_config.c ****     {
ARM GAS  /tmp/cclcXEpw.s 			page 15


 525              		.loc 1 144 10 is_stmt 0 view .LVU139
 526 0006 FFF7FEFF 		bl	ipv4_basic_valid
 527              	.LVL43:
 144:device/app_net_config.c ****     {
 528              		.loc 1 144 8 view .LVU140
 529 000a 0346     		mov	r3, r0
 530 000c 48B3     		cbz	r0, .L42
 149:device/app_net_config.c ****     {
 531              		.loc 1 149 5 is_stmt 1 view .LVU141
 149:device/app_net_config.c ****     {
 532              		.loc 1 149 10 is_stmt 0 view .LVU142
 533 000e 201D     		adds	r0, r4, #4
 534 0010 FFF7FEFF 		bl	netmask_basic_valid
 535              	.LVL44:
 149:device/app_net_config.c ****     {
 536              		.loc 1 149 8 view .LVU143
 537 0014 0346     		mov	r3, r0
 538 0016 20B3     		cbz	r0, .L42
 154:device/app_net_config.c ****     {
 539              		.loc 1 154 5 is_stmt 1 view .LVU144
 154:device/app_net_config.c ****     {
 540              		.loc 1 154 10 is_stmt 0 view .LVU145
 541 0018 04F10800 		add	r0, r4, #8
 542 001c FFF7FEFF 		bl	ipv4_basic_valid
 543              	.LVL45:
 154:device/app_net_config.c ****     {
 544              		.loc 1 154 8 view .LVU146
 545 0020 0346     		mov	r3, r0
 546 0022 F0B1     		cbz	r0, .L42
 159:device/app_net_config.c ****     {
 547              		.loc 1 159 5 is_stmt 1 view .LVU147
 159:device/app_net_config.c ****     {
 548              		.loc 1 159 10 is_stmt 0 view .LVU148
 549 0024 04F10C00 		add	r0, r4, #12
 550 0028 FFF7FEFF 		bl	ipv4_basic_valid
 551              	.LVL46:
 159:device/app_net_config.c ****     {
 552              		.loc 1 159 8 view .LVU149
 553 002c 0346     		mov	r3, r0
 554 002e C0B1     		cbz	r0, .L42
 164:device/app_net_config.c ****     {
 555              		.loc 1 164 5 is_stmt 1 view .LVU150
 164:device/app_net_config.c ****     {
 556              		.loc 1 164 13 is_stmt 0 view .LVU151
 557 0030 238A     		ldrh	r3, [r4, #16]
 164:device/app_net_config.c ****     {
 558              		.loc 1 164 34 view .LVU152
 559 0032 013B     		subs	r3, r3, #1
 560 0034 9BB2     		uxth	r3, r3
 164:device/app_net_config.c ****     {
 561              		.loc 1 164 8 view .LVU153
 562 0036 4FF6FD72 		movw	r2, #65533
 563 003a 9342     		cmp	r3, r2
 564 003c 10D8     		bhi	.L45
 169:device/app_net_config.c ****     {
 565              		.loc 1 169 5 is_stmt 1 view .LVU154
 169:device/app_net_config.c ****     {
ARM GAS  /tmp/cclcXEpw.s 			page 16


 566              		.loc 1 169 13 is_stmt 0 view .LVU155
 567 003e A37C     		ldrb	r3, [r4, #18]	@ zero_extendqisi2
 169:device/app_net_config.c ****     {
 568              		.loc 1 169 32 view .LVU156
 569 0040 013B     		subs	r3, r3, #1
 570 0042 DBB2     		uxtb	r3, r3
 169:device/app_net_config.c ****     {
 571              		.loc 1 169 8 view .LVU157
 572 0044 F62B     		cmp	r3, #246
 573 0046 0ED8     		bhi	.L46
 174:device/app_net_config.c ****     {
 574              		.loc 1 174 5 is_stmt 1 view .LVU158
 174:device/app_net_config.c ****     {
 575              		.loc 1 174 13 is_stmt 0 view .LVU159
 576 0048 6369     		ldr	r3, [r4, #20]
 174:device/app_net_config.c ****     {
 577              		.loc 1 174 37 view .LVU160
 578 004a A3F5FA73 		sub	r3, r3, #500
 174:device/app_net_config.c ****     {
 579              		.loc 1 174 8 view .LVU161
 580 004e 4EF66C02 		movw	r2, #59500
 581 0052 9342     		cmp	r3, r2
 582 0054 09D8     		bhi	.L47
 179:device/app_net_config.c **** }
 583              		.loc 1 179 12 view .LVU162
 584 0056 0123     		movs	r3, #1
 585 0058 03E0     		b	.L42
 586              	.LVL47:
 587              	.L44:
 588              	.LCFI12:
 589              		.cfi_def_cfa_offset 0
 590              		.cfi_restore 4
 591              		.cfi_restore 14
 141:device/app_net_config.c ****     }
 592              		.loc 1 141 16 view .LVU163
 593 005a 0023     		movs	r3, #0
 180:device/app_net_config.c **** 
 594              		.loc 1 180 1 view .LVU164
 595 005c 1846     		mov	r0, r3
 596              	.LVL48:
 180:device/app_net_config.c **** 
 597              		.loc 1 180 1 view .LVU165
 598 005e 7047     		bx	lr
 599              	.LVL49:
 600              	.L45:
 601              	.LCFI13:
 602              		.cfi_def_cfa_offset 8
 603              		.cfi_offset 4, -8
 604              		.cfi_offset 14, -4
 166:device/app_net_config.c ****     }
 605              		.loc 1 166 16 view .LVU166
 606 0060 0023     		movs	r3, #0
 607              	.L42:
 180:device/app_net_config.c **** 
 608              		.loc 1 180 1 view .LVU167
 609 0062 1846     		mov	r0, r3
 610 0064 10BD     		pop	{r4, pc}
ARM GAS  /tmp/cclcXEpw.s 			page 17


 611              	.LVL50:
 612              	.L46:
 171:device/app_net_config.c ****     }
 613              		.loc 1 171 16 view .LVU168
 614 0066 0023     		movs	r3, #0
 615 0068 FBE7     		b	.L42
 616              	.L47:
 176:device/app_net_config.c ****     }
 617              		.loc 1 176 16 view .LVU169
 618 006a 0023     		movs	r3, #0
 619 006c F9E7     		b	.L42
 620              		.cfi_endproc
 621              	.LFE8:
 623              		.section	.text.AppNetConfig_FormatIp,"ax",%progbits
 624              		.align	1
 625              		.global	AppNetConfig_FormatIp
 626              		.syntax unified
 627              		.thumb
 628              		.thumb_func
 629              		.fpu fpv4-sp-d16
 631              	AppNetConfig_FormatIp:
 632              	.LVL51:
 633              	.LFB10:
 197:device/app_net_config.c **** 
 198:device/app_net_config.c **** void AppNetConfig_FormatIp(const AppNetConfig_t *cfg, char *out, uint32_t out_size)
 199:device/app_net_config.c **** {
 634              		.loc 1 199 1 is_stmt 1 view -0
 635              		.cfi_startproc
 636              		@ args = 0, pretend = 0, frame = 0
 637              		@ frame_needed = 0, uses_anonymous_args = 0
 200:device/app_net_config.c ****     if (cfg == 0)
 638              		.loc 1 200 5 view .LVU171
 639              		.loc 1 200 8 is_stmt 0 view .LVU172
 640 0000 20B1     		cbz	r0, .L55
 199:device/app_net_config.c ****     if (cfg == 0)
 641              		.loc 1 199 1 view .LVU173
 642 0002 08B5     		push	{r3, lr}
 643              	.LCFI14:
 644              		.cfi_def_cfa_offset 8
 645              		.cfi_offset 3, -8
 646              		.cfi_offset 14, -4
 201:device/app_net_config.c ****     {
 202:device/app_net_config.c ****         return;
 203:device/app_net_config.c ****     }
 204:device/app_net_config.c **** 
 205:device/app_net_config.c ****     format_ip4(cfg->server_ip, out, out_size);
 647              		.loc 1 205 5 is_stmt 1 view .LVU174
 648 0004 0C30     		adds	r0, r0, #12
 649              	.LVL52:
 650              		.loc 1 205 5 is_stmt 0 view .LVU175
 651 0006 FFF7FEFF 		bl	format_ip4
 652              	.LVL53:
 206:device/app_net_config.c **** }
 653              		.loc 1 206 1 view .LVU176
 654 000a 08BD     		pop	{r3, pc}
 655              	.LVL54:
 656              	.L55:
ARM GAS  /tmp/cclcXEpw.s 			page 18


 657              	.LCFI15:
 658              		.cfi_def_cfa_offset 0
 659              		.cfi_restore 3
 660              		.cfi_restore 14
 661              		.loc 1 206 1 view .LVU177
 662 000c 7047     		bx	lr
 663              		.cfi_endproc
 664              	.LFE10:
 666              		.section	.text.AppNetConfig_FormatLocalIp,"ax",%progbits
 667              		.align	1
 668              		.global	AppNetConfig_FormatLocalIp
 669              		.syntax unified
 670              		.thumb
 671              		.thumb_func
 672              		.fpu fpv4-sp-d16
 674              	AppNetConfig_FormatLocalIp:
 675              	.LVL55:
 676              	.LFB11:
 207:device/app_net_config.c **** 
 208:device/app_net_config.c **** void AppNetConfig_FormatLocalIp(const AppNetConfig_t *cfg, char *out, uint32_t out_size)
 209:device/app_net_config.c **** {
 677              		.loc 1 209 1 is_stmt 1 view -0
 678              		.cfi_startproc
 679              		@ args = 0, pretend = 0, frame = 0
 680              		@ frame_needed = 0, uses_anonymous_args = 0
 210:device/app_net_config.c ****     if (cfg == 0)
 681              		.loc 1 210 5 view .LVU179
 682              		.loc 1 210 8 is_stmt 0 view .LVU180
 683 0000 18B1     		cbz	r0, .L61
 209:device/app_net_config.c ****     if (cfg == 0)
 684              		.loc 1 209 1 view .LVU181
 685 0002 08B5     		push	{r3, lr}
 686              	.LCFI16:
 687              		.cfi_def_cfa_offset 8
 688              		.cfi_offset 3, -8
 689              		.cfi_offset 14, -4
 211:device/app_net_config.c ****     {
 212:device/app_net_config.c ****         return;
 213:device/app_net_config.c ****     }
 214:device/app_net_config.c **** 
 215:device/app_net_config.c ****     format_ip4(cfg->local_ip, out, out_size);
 690              		.loc 1 215 5 is_stmt 1 view .LVU182
 691 0004 FFF7FEFF 		bl	format_ip4
 692              	.LVL56:
 216:device/app_net_config.c **** }
 693              		.loc 1 216 1 is_stmt 0 view .LVU183
 694 0008 08BD     		pop	{r3, pc}
 695              	.LVL57:
 696              	.L61:
 697              	.LCFI17:
 698              		.cfi_def_cfa_offset 0
 699              		.cfi_restore 3
 700              		.cfi_restore 14
 701              		.loc 1 216 1 view .LVU184
 702 000a 7047     		bx	lr
 703              		.cfi_endproc
 704              	.LFE11:
ARM GAS  /tmp/cclcXEpw.s 			page 19


 706              		.section	.text.AppNetConfig_FormatGatewayIp,"ax",%progbits
 707              		.align	1
 708              		.global	AppNetConfig_FormatGatewayIp
 709              		.syntax unified
 710              		.thumb
 711              		.thumb_func
 712              		.fpu fpv4-sp-d16
 714              	AppNetConfig_FormatGatewayIp:
 715              	.LVL58:
 716              	.LFB12:
 217:device/app_net_config.c **** 
 218:device/app_net_config.c **** void AppNetConfig_FormatGatewayIp(const AppNetConfig_t *cfg, char *out, uint32_t out_size)
 219:device/app_net_config.c **** {
 717              		.loc 1 219 1 is_stmt 1 view -0
 718              		.cfi_startproc
 719              		@ args = 0, pretend = 0, frame = 0
 720              		@ frame_needed = 0, uses_anonymous_args = 0
 220:device/app_net_config.c ****     if (cfg == 0)
 721              		.loc 1 220 5 view .LVU186
 722              		.loc 1 220 8 is_stmt 0 view .LVU187
 723 0000 20B1     		cbz	r0, .L67
 219:device/app_net_config.c ****     if (cfg == 0)
 724              		.loc 1 219 1 view .LVU188
 725 0002 08B5     		push	{r3, lr}
 726              	.LCFI18:
 727              		.cfi_def_cfa_offset 8
 728              		.cfi_offset 3, -8
 729              		.cfi_offset 14, -4
 221:device/app_net_config.c ****     {
 222:device/app_net_config.c ****         return;
 223:device/app_net_config.c ****     }
 224:device/app_net_config.c **** 
 225:device/app_net_config.c ****     format_ip4(cfg->gateway, out, out_size);
 730              		.loc 1 225 5 is_stmt 1 view .LVU189
 731 0004 0830     		adds	r0, r0, #8
 732              	.LVL59:
 733              		.loc 1 225 5 is_stmt 0 view .LVU190
 734 0006 FFF7FEFF 		bl	format_ip4
 735              	.LVL60:
 226:device/app_net_config.c **** }...
 736              		.loc 1 226 1 view .LVU191
 737 000a 08BD     		pop	{r3, pc}
 738              	.LVL61:
 739              	.L67:
 740              	.LCFI19:
 741              		.cfi_def_cfa_offset 0
 742              		.cfi_restore 3
 743              		.cfi_restore 14
 744              		.loc 1 226 1 view .LVU192
 745 000c 7047     		bx	lr
 746              		.cfi_endproc
 747              	.LFE12:
 749              		.global	g_app_net_cfg
 750              		.section	.data.g_app_net_cfg,"aw"
 751              		.align	2
 754              	g_app_net_cfg:
 755 0000 C0A80A64 		.ascii	"\300\250\012d"
ARM GAS  /tmp/cclcXEpw.s 			page 20


 756 0004 FFFFFF00 		.ascii	"\377\377\377\000"
 757 0008 C0A80A02 		.ascii	"\300\250\012\002"
 758 000c 3D880BAE 		.ascii	"=\210\013\256"
 759 0010 2823     		.short	9000
 760 0012 01       		.byte	1
 761 0013 00       		.byte	0
 762 0014 B80B0000 		.word	3000
 763 0018 00000000 		.word	0
 764              		.text
 765              	.Letext0:
 766              		.file 2 "/opt/gcc-arm-none-eabi-9-2020-q2-update/arm-none-eabi/include/machine/_default_types.h"
 767              		.file 3 "/opt/gcc-arm-none-eabi-9-2020-q2-update/arm-none-eabi/include/sys/_stdint.h"
 768              		.file 4 "device/app_net_config.h"
 769              		.file 5 "/opt/gcc-arm-none-eabi-9-2020-q2-update/lib/gcc/arm-none-eabi/9.3.1/include/stddef.h"
 770              		.file 6 "/opt/gcc-arm-none-eabi-9-2020-q2-update/arm-none-eabi/include/sys/_types.h"
 771              		.file 7 "/opt/gcc-arm-none-eabi-9-2020-q2-update/arm-none-eabi/include/sys/reent.h"
 772              		.file 8 "/opt/gcc-arm-none-eabi-9-2020-q2-update/arm-none-eabi/include/sys/lock.h"
 773              		.file 9 "/opt/gcc-arm-none-eabi-9-2020-q2-update/arm-none-eabi/include/stdio.h"
ARM GAS  /tmp/cclcXEpw.s 			page 21


DEFINED SYMBOLS
                            *ABS*:0000000000000000 app_net_config.c
     /tmp/cclcXEpw.s:18     .text.ip_all_zero:0000000000000000 $t
     /tmp/cclcXEpw.s:25     .text.ip_all_zero:0000000000000000 ip_all_zero
     /tmp/cclcXEpw.s:88     .text.ip_all_255:0000000000000000 $t
     /tmp/cclcXEpw.s:94     .text.ip_all_255:0000000000000000 ip_all_255
     /tmp/cclcXEpw.s:159    .text.ipv4_basic_valid:0000000000000000 $t
     /tmp/cclcXEpw.s:165    .text.ipv4_basic_valid:0000000000000000 ipv4_basic_valid
     /tmp/cclcXEpw.s:232    .text.netmask_basic_valid:0000000000000000 $t
     /tmp/cclcXEpw.s:238    .text.netmask_basic_valid:0000000000000000 netmask_basic_valid
     /tmp/cclcXEpw.s:299    .rodata.format_ip4.str1.4:0000000000000000 $d
     /tmp/cclcXEpw.s:303    .text.format_ip4:0000000000000000 $t
     /tmp/cclcXEpw.s:309    .text.format_ip4:0000000000000000 format_ip4
     /tmp/cclcXEpw.s:384    .text.format_ip4:0000000000000030 $d
     /tmp/cclcXEpw.s:389    .text.AppNetConfig_Default:0000000000000000 $t
     /tmp/cclcXEpw.s:396    .text.AppNetConfig_Default:0000000000000000 AppNetConfig_Default
     /tmp/cclcXEpw.s:500    .text.AppNetConfig_IsValid:0000000000000000 $t
     /tmp/cclcXEpw.s:507    .text.AppNetConfig_IsValid:0000000000000000 AppNetConfig_IsValid
     /tmp/cclcXEpw.s:624    .text.AppNetConfig_FormatIp:0000000000000000 $t
     /tmp/cclcXEpw.s:631    .text.AppNetConfig_FormatIp:0000000000000000 AppNetConfig_FormatIp
     /tmp/cclcXEpw.s:667    .text.AppNetConfig_FormatLocalIp:0000000000000000 $t
     /tmp/cclcXEpw.s:674    .text.AppNetConfig_FormatLocalIp:0000000000000000 AppNetConfig_FormatLocalIp
     /tmp/cclcXEpw.s:707    .text.AppNetConfig_FormatGatewayIp:0000000000000000 $t
     /tmp/cclcXEpw.s:714    .text.AppNetConfig_FormatGatewayIp:0000000000000000 AppNetConfig_FormatGatewayIp
     /tmp/cclcXEpw.s:754    .data.g_app_net_cfg:0000000000000000 g_app_net_cfg
     /tmp/cclcXEpw.s:751    .data.g_app_net_cfg:0000000000000000 $d

UNDEFINED SYMBOLS
snprintf
