ARM GAS  /tmp/ccGiWr3r.s 			page 1


   1              		.cpu cortex-m4
   2              		.eabi_attribute 27, 1
   3              		.eabi_attribute 28, 1
   4              		.eabi_attribute 20, 1
   5              		.eabi_attribute 21, 1
   6              		.eabi_attribute 23, 3
   7              		.eabi_attribute 24, 1
   8              		.eabi_attribute 25, 1
   9              		.eabi_attribute 26, 1
  10              		.eabi_attribute 30, 1
  11              		.eabi_attribute 34, 1
  12              		.eabi_attribute 18, 4
  13              		.file	"app_config.c"
  14              		.text
  15              	.Ltext0:
  16              		.cfi_sections	.debug_frame
  17              		.section	.text.AppConfig_Default,"ax",%progbits
  18              		.align	1
  19              		.global	AppConfig_Default
  20              		.arch armv7e-m
  21              		.syntax unified
  22              		.thumb
  23              		.thumb_func
  24              		.fpu fpv4-sp-d16
  26              	AppConfig_Default:
  27              	.LVL0:
  28              	.LFB0:
  29              		.file 1 "device/app_config.c"
   1:device/app_config.c **** #include "app_config.h"
   2:device/app_config.c **** 
   3:device/app_config.c **** AppConfig_t g_app_cfg = { APP_DEFAULT_FS_HZ, APP_DEFAULT_BITS, APP_DEFAULT_RANGE, 0, 0 };
   4:device/app_config.c **** 
   5:device/app_config.c **** AppConfig_t AppConfig_Default(void)
   6:device/app_config.c **** {
  30              		.loc 1 6 1 view -0
  31              		.cfi_startproc
  32              		@ args = 0, pretend = 0, frame = 0
  33              		@ frame_needed = 0, uses_anonymous_args = 0
  34              		@ link register save eliminated.
   7:device/app_config.c ****     AppConfig_t cfg;
  35              		.loc 1 7 5 view .LVU1
   8:device/app_config.c ****     cfg.fs_hz = APP_DEFAULT_FS_HZ;
  36              		.loc 1 8 5 view .LVU2
  37              		.loc 1 8 15 is_stmt 0 view .LVU3
  38 0000 044A     		ldr	r2, .L2
  39 0002 0260     		str	r2, [r0]
   9:device/app_config.c ****     cfg.bits = APP_DEFAULT_BITS;
  40              		.loc 1 9 5 is_stmt 1 view .LVU4
  41              		.loc 1 9 14 is_stmt 0 view .LVU5
  42 0004 1822     		movs	r2, #24
  43 0006 0271     		strb	r2, [r0, #4]
  10:device/app_config.c ****     cfg.range = APP_DEFAULT_RANGE;
  44              		.loc 1 10 5 is_stmt 1 view .LVU6
  45              		.loc 1 10 15 is_stmt 0 view .LVU7
  46 0008 0022     		movs	r2, #0
  47 000a 4271     		strb	r2, [r0, #5]
  11:device/app_config.c ****     cfg.reserved0 = 0;
ARM GAS  /tmp/ccGiWr3r.s 			page 2


  48              		.loc 1 11 5 is_stmt 1 view .LVU8
  49              		.loc 1 11 19 is_stmt 0 view .LVU9
  50 000c 8271     		strb	r2, [r0, #6]
  12:device/app_config.c ****     cfg.reserved1 = 0;
  51              		.loc 1 12 5 is_stmt 1 view .LVU10
  52              		.loc 1 12 19 is_stmt 0 view .LVU11
  53 000e C271     		strb	r2, [r0, #7]
  13:device/app_config.c ****     return cfg;
  54              		.loc 1 13 5 is_stmt 1 view .LVU12
  14:device/app_config.c **** }
  55              		.loc 1 14 1 is_stmt 0 view .LVU13
  56 0010 7047     		bx	lr
  57              	.L3:
  58 0012 00BF     		.align	2
  59              	.L2:
  60 0014 801A0600 		.word	400000
  61              		.cfi_endproc
  62              	.LFE0:
  64              		.section	.text.AppConfig_IsValid,"ax",%progbits
  65              		.align	1
  66              		.global	AppConfig_IsValid
  67              		.syntax unified
  68              		.thumb
  69              		.thumb_func
  70              		.fpu fpv4-sp-d16
  72              	AppConfig_IsValid:
  73              	.LVL1:
  74              	.LFB1:
  15:device/app_config.c **** 
  16:device/app_config.c **** int AppConfig_IsValid(const AppConfig_t *cfg)
  17:device/app_config.c **** {
  75              		.loc 1 17 1 is_stmt 1 view -0
  76              		.cfi_startproc
  77              		@ args = 0, pretend = 0, frame = 0
  78              		@ frame_needed = 0, uses_anonymous_args = 0
  79              		@ link register save eliminated.
  18:device/app_config.c ****     if (cfg == 0) return 0;
  80              		.loc 1 18 5 view .LVU15
  81              		.loc 1 18 8 is_stmt 0 view .LVU16
  82 0000 0346     		mov	r3, r0
  83 0002 D8B1     		cbz	r0, .L8
  19:device/app_config.c **** 
  20:device/app_config.c ****     if (!((cfg->fs_hz == APP_FS_400K) || (cfg->fs_hz == APP_FS_200K) ||
  84              		.loc 1 20 5 is_stmt 1 view .LVU17
  85              		.loc 1 20 15 is_stmt 0 view .LVU18
  86 0004 0268     		ldr	r2, [r0]
  87              		.loc 1 20 8 view .LVU19
  88 0006 1149     		ldr	r1, .L12
  89 0008 8A42     		cmp	r2, r1
  90 000a 0DD0     		beq	.L6
  91              		.loc 1 20 39 discriminator 1 view .LVU20
  92 000c 1049     		ldr	r1, .L12+4
  93 000e 8A42     		cmp	r2, r1
  94 0010 0AD0     		beq	.L6
  95              		.loc 1 20 70 discriminator 2 view .LVU21
  96 0012 1049     		ldr	r1, .L12+8
  97 0014 8A42     		cmp	r2, r1
ARM GAS  /tmp/ccGiWr3r.s 			page 3


  98 0016 07D0     		beq	.L6
  21:device/app_config.c ****           (cfg->fs_hz == APP_FS_100K) || (cfg->fs_hz == APP_FS_50K)  ||
  99              		.loc 1 21 39 view .LVU22
 100 0018 4CF25031 		movw	r1, #50000
 101 001c 8A42     		cmp	r2, r1
 102 001e 03D0     		beq	.L6
  20:device/app_config.c ****           (cfg->fs_hz == APP_FS_100K) || (cfg->fs_hz == APP_FS_50K)  ||
 103              		.loc 1 20 9 view .LVU23
 104 0020 46F2A811 		movw	r1, #25000
 105 0024 8A42     		cmp	r2, r1
 106 0026 0BD1     		bne	.L9
 107              	.L6:
  22:device/app_config.c ****           (cfg->fs_hz == APP_FS_25K))) return 0;
  23:device/app_config.c **** 
  24:device/app_config.c ****     if (!((cfg->bits == APP_BITS_24) || (cfg->bits == APP_BITS_16))) return 0;
 108              		.loc 1 24 5 is_stmt 1 view .LVU24
 109              		.loc 1 24 15 is_stmt 0 view .LVU25
 110 0028 1A79     		ldrb	r2, [r3, #4]	@ zero_extendqisi2
 111              		.loc 1 24 8 view .LVU26
 112 002a 182A     		cmp	r2, #24
 113 002c 01D0     		beq	.L7
 114              		.loc 1 24 9 discriminator 1 view .LVU27
 115 002e 102A     		cmp	r2, #16
 116 0030 08D1     		bne	.L10
 117              	.L7:
  25:device/app_config.c ****     if (cfg->range > APP_RANGE_D3_1M) return 0;
 118              		.loc 1 25 5 is_stmt 1 view .LVU28
 119              		.loc 1 25 12 is_stmt 0 view .LVU29
 120 0032 5B79     		ldrb	r3, [r3, #5]	@ zero_extendqisi2
 121              		.loc 1 25 8 view .LVU30
 122 0034 032B     		cmp	r3, #3
 123 0036 07D8     		bhi	.L11
  26:device/app_config.c **** 
  27:device/app_config.c ****     return 1;
 124              		.loc 1 27 12 view .LVU31
 125 0038 0120     		movs	r0, #1
 126              	.LVL2:
 127              		.loc 1 27 12 view .LVU32
 128 003a 7047     		bx	lr
 129              	.LVL3:
 130              	.L8:
  18:device/app_config.c **** 
 131              		.loc 1 18 26 view .LVU33
 132 003c 0020     		movs	r0, #0
 133              	.LVL4:
  18:device/app_config.c **** 
 134              		.loc 1 18 26 view .LVU34
 135 003e 7047     		bx	lr
 136              	.LVL5:
 137              	.L9:
  22:device/app_config.c **** 
 138              		.loc 1 22 47 view .LVU35
 139 0040 0020     		movs	r0, #0
 140              	.LVL6:
  22:device/app_config.c **** 
 141              		.loc 1 22 47 view .LVU36
 142 0042 7047     		bx	lr
ARM GAS  /tmp/ccGiWr3r.s 			page 4


 143              	.LVL7:
 144              	.L10:
  24:device/app_config.c ****     if (cfg->range > APP_RANGE_D3_1M) return 0;
 145              		.loc 1 24 77 view .LVU37
 146 0044 0020     		movs	r0, #0
 147              	.LVL8:
  24:device/app_config.c ****     if (cfg->range > APP_RANGE_D3_1M) return 0;
 148              		.loc 1 24 77 view .LVU38
 149 0046 7047     		bx	lr
 150              	.LVL9:
 151              	.L11:
  25:device/app_config.c **** 
 152              		.loc 1 25 46 view .LVU39
 153 0048 0020     		movs	r0, #0
 154              	.LVL10:
  28:device/app_config.c **** }
 155              		.loc 1 28 1 view .LVU40
 156 004a 7047     		bx	lr
 157              	.L13:
 158              		.align	2
 159              	.L12:
 160 004c 801A0600 		.word	400000
 161 0050 400D0300 		.word	200000
 162 0054 A0860100 		.word	100000
 163              		.cfi_endproc
 164              	.LFE1:
 166              		.section	.text.AppConfig_BytesPerSample,"ax",%progbits
 167              		.align	1
 168              		.global	AppConfig_BytesPerSample
 169              		.syntax unified
 170              		.thumb
 171              		.thumb_func
 172              		.fpu fpv4-sp-d16
 174              	AppConfig_BytesPerSample:
 175              	.LVL11:
 176              	.LFB2:
  29:device/app_config.c **** 
  30:device/app_config.c **** uint8_t AppConfig_BytesPerSample(const AppConfig_t *cfg)
  31:device/app_config.c **** {
 177              		.loc 1 31 1 is_stmt 1 view -0
 178              		.cfi_startproc
 179              		@ args = 0, pretend = 0, frame = 0
 180              		@ frame_needed = 0, uses_anonymous_args = 0
 181              		@ link register save eliminated.
  32:device/app_config.c ****     return (cfg->bits == APP_BITS_16) ? 2U : 3U;
 182              		.loc 1 32 5 view .LVU42
 183              		.loc 1 32 16 is_stmt 0 view .LVU43
 184 0000 0379     		ldrb	r3, [r0, #4]	@ zero_extendqisi2
 185              		.loc 1 32 44 view .LVU44
 186 0002 102B     		cmp	r3, #16
 187 0004 01D0     		beq	.L17
 188 0006 0320     		movs	r0, #3
 189              	.LVL12:
  33:device/app_config.c **** }
 190              		.loc 1 33 1 view .LVU45
 191 0008 7047     		bx	lr
 192              	.LVL13:
ARM GAS  /tmp/ccGiWr3r.s 			page 5


 193              	.L17:
  32:device/app_config.c ****     return (cfg->bits == APP_BITS_16) ? 2U : 3U;
 194              		.loc 1 32 44 view .LVU46
 195 000a 0220     		movs	r0, #2
 196              	.LVL14:
  32:device/app_config.c ****     return (cfg->bits == APP_BITS_16) ? 2U : 3U;
 197              		.loc 1 32 44 view .LVU47
 198 000c 7047     		bx	lr
 199              		.cfi_endproc
 200              	.LFE2:
 202              		.section	.text.AppConfig_AdcFilterCode,"ax",%progbits
 203              		.align	1
 204              		.global	AppConfig_AdcFilterCode
 205              		.syntax unified
 206              		.thumb
 207              		.thumb_func
 208              		.fpu fpv4-sp-d16
 210              	AppConfig_AdcFilterCode:
 211              	.LVL15:
 212              	.LFB3:
  34:device/app_config.c **** 
  35:device/app_config.c **** /* ADS127L11 CONFIG3 FILTER[4:0]：wideband OSR 32/64/128/256/512。
  36:device/app_config.c ****  * 在 25.6MHz high-speed 内部时钟下对应约 400k/200k/100k/50k/25kSPS。
  37:device/app_config.c ****  */
  38:device/app_config.c **** uint8_t AppConfig_AdcFilterCode(uint32_t fs_hz)
  39:device/app_config.c **** {
 213              		.loc 1 39 1 is_stmt 1 view -0
 214              		.cfi_startproc
 215              		@ args = 0, pretend = 0, frame = 0
 216              		@ frame_needed = 0, uses_anonymous_args = 0
 217              		@ link register save eliminated.
  40:device/app_config.c ****     switch (fs_hz)
 218              		.loc 1 40 5 view .LVU49
 219 0000 0D4B     		ldr	r3, .L25
 220 0002 9842     		cmp	r0, r3
 221 0004 0FD0     		beq	.L21
 222 0006 09D8     		bhi	.L20
 223 0008 46F2A813 		movw	r3, #25000
 224 000c 9842     		cmp	r0, r3
 225 000e 0CD0     		beq	.L22
 226 0010 4CF25033 		movw	r3, #50000
 227 0014 9842     		cmp	r0, r3
 228 0016 0AD1     		bne	.L23
  41:device/app_config.c ****     {
  42:device/app_config.c ****     case APP_FS_400K: return 0x00U; /* wideband OSR=32  */
  43:device/app_config.c ****     case APP_FS_200K: return 0x01U; /* wideband OSR=64  */
  44:device/app_config.c ****     case APP_FS_100K: return 0x02U; /* wideband OSR=128 */
  45:device/app_config.c ****     case APP_FS_50K:  return 0x03U; /* wideband OSR=256 */
 229              		.loc 1 45 30 is_stmt 0 view .LVU50
 230 0018 0320     		movs	r0, #3
 231              	.LVL16:
 232              		.loc 1 45 30 view .LVU51
 233 001a 7047     		bx	lr
 234              	.LVL17:
 235              	.L20:
  40:device/app_config.c ****     switch (fs_hz)
 236              		.loc 1 40 5 view .LVU52
ARM GAS  /tmp/ccGiWr3r.s 			page 6


 237 001c 074B     		ldr	r3, .L25+4
 238 001e 9842     		cmp	r0, r3
 239 0020 07D1     		bne	.L24
  43:device/app_config.c ****     case APP_FS_100K: return 0x02U; /* wideband OSR=128 */
 240              		.loc 1 43 30 view .LVU53
 241 0022 0120     		movs	r0, #1
 242              	.LVL18:
  43:device/app_config.c ****     case APP_FS_100K: return 0x02U; /* wideband OSR=128 */
 243              		.loc 1 43 30 view .LVU54
 244 0024 7047     		bx	lr
 245              	.LVL19:
 246              	.L21:
  44:device/app_config.c ****     case APP_FS_50K:  return 0x03U; /* wideband OSR=256 */
 247              		.loc 1 44 30 view .LVU55
 248 0026 0220     		movs	r0, #2
 249              	.LVL20:
  44:device/app_config.c ****     case APP_FS_50K:  return 0x03U; /* wideband OSR=256 */
 250              		.loc 1 44 30 view .LVU56
 251 0028 7047     		bx	lr
 252              	.LVL21:
 253              	.L22:
  46:device/app_config.c ****     case APP_FS_25K:  return 0x04U; /* wideband OSR=512 */
 254              		.loc 1 46 30 view .LVU57
 255 002a 0420     		movs	r0, #4
 256              	.LVL22:
 257              		.loc 1 46 30 view .LVU58
 258 002c 7047     		bx	lr
 259              	.LVL23:
 260              	.L23:
  40:device/app_config.c ****     {
 261              		.loc 1 40 5 view .LVU59
 262 002e 0020     		movs	r0, #0
 263              	.LVL24:
  40:device/app_config.c ****     {
 264              		.loc 1 40 5 view .LVU60
 265 0030 7047     		bx	lr
 266              	.LVL25:
 267              	.L24:
  40:device/app_config.c ****     {
 268              		.loc 1 40 5 view .LVU61
 269 0032 0020     		movs	r0, #0
 270              	.LVL26:
  47:device/app_config.c ****     default:          return 0x00U;
  48:device/app_config.c ****     }
  49:device/app_config.c **** }
 271              		.loc 1 49 1 view .LVU62
 272 0034 7047     		bx	lr
 273              	.L26:
 274 0036 00BF     		.align	2
 275              	.L25:
 276 0038 A0860100 		.word	100000
 277 003c 400D0300 		.word	200000
 278              		.cfi_endproc
 279              	.LFE3:
 281              		.global	g_app_cfg
 282              		.section	.data.g_app_cfg,"aw"
 283              		.align	2
ARM GAS  /tmp/ccGiWr3r.s 			page 7


 286              	g_app_cfg:
 287 0000 801A0600 		.word	400000
 288 0004 18       		.byte	24
 289 0005 00       		.byte	0
 290 0006 00       		.byte	0
 291 0007 00       		.byte	0
 292              		.text
 293              	.Letext0:
 294              		.file 2 "/opt/gcc-arm-none-eabi-9-2020-q2-update/arm-none-eabi/include/machine/_default_types.h"
 295              		.file 3 "/opt/gcc-arm-none-eabi-9-2020-q2-update/arm-none-eabi/include/sys/_stdint.h"
 296              		.file 4 "device/app_config.h"
ARM GAS  /tmp/ccGiWr3r.s 			page 8


DEFINED SYMBOLS
                            *ABS*:0000000000000000 app_config.c
     /tmp/ccGiWr3r.s:18     .text.AppConfig_Default:0000000000000000 $t
     /tmp/ccGiWr3r.s:26     .text.AppConfig_Default:0000000000000000 AppConfig_Default
     /tmp/ccGiWr3r.s:60     .text.AppConfig_Default:0000000000000014 $d
     /tmp/ccGiWr3r.s:65     .text.AppConfig_IsValid:0000000000000000 $t
     /tmp/ccGiWr3r.s:72     .text.AppConfig_IsValid:0000000000000000 AppConfig_IsValid
     /tmp/ccGiWr3r.s:160    .text.AppConfig_IsValid:000000000000004c $d
     /tmp/ccGiWr3r.s:167    .text.AppConfig_BytesPerSample:0000000000000000 $t
     /tmp/ccGiWr3r.s:174    .text.AppConfig_BytesPerSample:0000000000000000 AppConfig_BytesPerSample
     /tmp/ccGiWr3r.s:203    .text.AppConfig_AdcFilterCode:0000000000000000 $t
     /tmp/ccGiWr3r.s:210    .text.AppConfig_AdcFilterCode:0000000000000000 AppConfig_AdcFilterCode
     /tmp/ccGiWr3r.s:276    .text.AppConfig_AdcFilterCode:0000000000000038 $d
     /tmp/ccGiWr3r.s:286    .data.g_app_cfg:0000000000000000 g_app_cfg
     /tmp/ccGiWr3r.s:283    .data.g_app_cfg:0000000000000000 $d

NO UNDEFINED SYMBOLS
