Archive member included to satisfy reference by file (symbol)

/opt/gcc-arm-none-eabi-9-2020-q2-update/bin/../lib/gcc/arm-none-eabi/9.3.1/../../../../arm-none-eabi/lib/thumb/v7e-m+fp/hard/libc_nano.a(lib_a-atoi.o)
                              build/netif.o (atoi)
/opt/gcc-arm-none-eabi-9-2020-q2-update/bin/../lib/gcc/arm-none-eabi/9.3.1/../../../../arm-none-eabi/lib/thumb/v7e-m+fp/hard/libc_nano.a(lib_a-ctype_.o)
                              build/ip4_addr.o (_ctype_)
/opt/gcc-arm-none-eabi-9-2020-q2-update/bin/../lib/gcc/arm-none-eabi/9.3.1/../../../../arm-none-eabi/lib/thumb/v7e-m+fp/hard/libc_nano.a(lib_a-exit.o)
                              /opt/gcc-arm-none-eabi-9-2020-q2-update/bin/../lib/gcc/arm-none-eabi/9.3.1/../../../../arm-none-eabi/lib/thumb/v7e-m+fp/hard/crt0.o (exit)
/opt/gcc-arm-none-eabi-9-2020-q2-update/bin/../lib/gcc/arm-none-eabi/9.3.1/../../../../arm-none-eabi/lib/thumb/v7e-m+fp/hard/libc_nano.a(lib_a-impure.o)
                              /opt/gcc-arm-none-eabi-9-2020-q2-update/bin/../lib/gcc/arm-none-eabi/9.3.1/../../../../arm-none-eabi/lib/thumb/v7e-m+fp/hard/libc_nano.a(lib_a-exit.o) (_global_impure_ptr)
/opt/gcc-arm-none-eabi-9-2020-q2-update/bin/../lib/gcc/arm-none-eabi/9.3.1/../../../../arm-none-eabi/lib/thumb/v7e-m+fp/hard/libc_nano.a(lib_a-init.o)
                              /opt/gcc-arm-none-eabi-9-2020-q2-update/bin/../lib/gcc/arm-none-eabi/9.3.1/../../../../arm-none-eabi/lib/thumb/v7e-m+fp/hard/crt0.o (__libc_init_array)
/opt/gcc-arm-none-eabi-9-2020-q2-update/bin/../lib/gcc/arm-none-eabi/9.3.1/../../../../arm-none-eabi/lib/thumb/v7e-m+fp/hard/libc_nano.a(lib_a-memcmp.o)
                              build/bridgeif_fdb.o (memcmp)
/opt/gcc-arm-none-eabi-9-2020-q2-update/bin/../lib/gcc/arm-none-eabi/9.3.1/../../../../arm-none-eabi/lib/thumb/v7e-m+fp/hard/libc_nano.a(lib_a-memcpy-stub.o)
                              build/pbuf.o (memcpy)
/opt/gcc-arm-none-eabi-9-2020-q2-update/bin/../lib/gcc/arm-none-eabi/9.3.1/../../../../arm-none-eabi/lib/thumb/v7e-m+fp/hard/libc_nano.a(lib_a-memmove.o)
                              build/def.o (memmove)
/opt/gcc-arm-none-eabi-9-2020-q2-update/bin/../lib/gcc/arm-none-eabi/9.3.1/../../../../arm-none-eabi/lib/thumb/v7e-m+fp/hard/libc_nano.a(lib_a-memset.o)
                              /opt/gcc-arm-none-eabi-9-2020-q2-update/bin/../lib/gcc/arm-none-eabi/9.3.1/../../../../arm-none-eabi/lib/thumb/v7e-m+fp/hard/crt0.o (memset)
/opt/gcc-arm-none-eabi-9-2020-q2-update/bin/../lib/gcc/arm-none-eabi/9.3.1/../../../../arm-none-eabi/lib/thumb/v7e-m+fp/hard/libc_nano.a(lib_a-printf.o)
                              build/ethernetif.o (printf)
/opt/gcc-arm-none-eabi-9-2020-q2-update/bin/../lib/gcc/arm-none-eabi/9.3.1/../../../../arm-none-eabi/lib/thumb/v7e-m+fp/hard/libc_nano.a(lib_a-rand.o)
                              build/tcp.o (rand)
/opt/gcc-arm-none-eabi-9-2020-q2-update/bin/../lib/gcc/arm-none-eabi/9.3.1/../../../../arm-none-eabi/lib/thumb/v7e-m+fp/hard/libc_nano.a(lib_a-reent.o)
                              build/sysmem.o (errno)
/opt/gcc-arm-none-eabi-9-2020-q2-update/bin/../lib/gcc/arm-none-eabi/9.3.1/../../../../arm-none-eabi/lib/thumb/v7e-m+fp/hard/libc_nano.a(lib_a-strlen.o)
                              build/def.o (strlen)
/opt/gcc-arm-none-eabi-9-2020-q2-update/bin/../lib/gcc/arm-none-eabi/9.3.1/../../../../arm-none-eabi/lib/thumb/v7e-m+fp/hard/libc_nano.a(lib_a-strncmp.o)
                              build/def.o (strncmp)
/opt/gcc-arm-none-eabi-9-2020-q2-update/bin/../lib/gcc/arm-none-eabi/9.3.1/../../../../arm-none-eabi/lib/thumb/v7e-m+fp/hard/libc_nano.a(lib_a-strtol.o)
                              /opt/gcc-arm-none-eabi-9-2020-q2-update/bin/../lib/gcc/arm-none-eabi/9.3.1/../../../../arm-none-eabi/lib/thumb/v7e-m+fp/hard/libc_nano.a(lib_a-atoi.o) (_strtol_r)
/opt/gcc-arm-none-eabi-9-2020-q2-update/bin/../lib/gcc/arm-none-eabi/9.3.1/../../../../arm-none-eabi/lib/thumb/v7e-m+fp/hard/libc_nano.a(lib_a-assert.o)
                              /opt/gcc-arm-none-eabi-9-2020-q2-update/bin/../lib/gcc/arm-none-eabi/9.3.1/../../../../arm-none-eabi/lib/thumb/v7e-m+fp/hard/libc_nano.a(lib_a-rand.o) (__assert_func)
/opt/gcc-arm-none-eabi-9-2020-q2-update/bin/../lib/gcc/arm-none-eabi/9.3.1/../../../../arm-none-eabi/lib/thumb/v7e-m+fp/hard/libc_nano.a(lib_a-errno.o)
                              /opt/gcc-arm-none-eabi-9-2020-q2-update/bin/../lib/gcc/arm-none-eabi/9.3.1/../../../../arm-none-eabi/lib/thumb/v7e-m+fp/hard/libc_nano.a(lib_a-strtol.o) (__errno)
/opt/gcc-arm-none-eabi-9-2020-q2-update/bin/../lib/gcc/arm-none-eabi/9.3.1/../../../../arm-none-eabi/lib/thumb/v7e-m+fp/hard/libc_nano.a(lib_a-findfp.o)
                              /opt/gcc-arm-none-eabi-9-2020-q2-update/bin/../lib/gcc/arm-none-eabi/9.3.1/../../../../arm-none-eabi/lib/thumb/v7e-m+fp/hard/libc_nano.a(lib_a-printf.o) (__sinit)
[...]
Memory Configuration

Name             Origin             Length             Attributes
RAM              0x0000000020000000 0x0000000000030000 xrw
CCMRAM           0x0000000010000000 0x0000000000010000 xrw
FLASH            0x0000000008000000 0x0000000000100000 xr
*default*        0x0000000000000000 0xffffffffffffffff

Linker script and memory map

LOAD /opt/gcc-arm-none-eabi-9-2020-q2-update/bin/../lib/gcc/arm-none-eabi/9.3.1/thumb/v7e-m+fp/hard/crti.o
LOAD /opt/gcc-arm-none-eabi-9-2020-q2-update/bin/../lib/gcc/arm-none-eabi/9.3.1/thumb/v7e-m+fp/hard/crtbegin.o
LOAD /opt/gcc-arm-none-eabi-9-2020-q2-update/bin/../lib/gcc/arm-none-eabi/9.3.1/../../../../arm-none-eabi/lib/thumb/v7e-m+fp/hard/crt0.o
LOAD build/main.o
LOAD build/gpio.o
LOAD build/spi.o
LOAD build/tim.o
LOAD build/stm32f4xx_it.o
LOAD build/stm32f4xx_hal_msp.o
LOAD build/stm32f4xx_hal_rcc.o
LOAD build/stm32f4xx_hal_rcc_ex.o
LOAD build/stm32f4xx_hal_flash.o
LOAD build/stm32f4xx_hal_flash_ex.o
LOAD build/stm32f4xx_hal_flash_ramfunc.o
LOAD build/stm32f4xx_hal_gpio.o
LOAD build/stm32f4xx_hal_dma_ex.o
LOAD build/stm32f4xx_hal_dma.o
LOAD build/stm32f4xx_hal_pwr.o
LOAD build/stm32f4xx_hal_pwr_ex.o
LOAD build/stm32f4xx_hal_cortex.o
LOAD build/stm32f4xx_hal.o
LOAD build/stm32f4xx_hal_exti.o
LOAD build/stm32f4xx_hal_eth.o
LOAD build/stm32f4xx_hal_spi.o
LOAD build/stm32f4xx_hal_tim.o
LOAD build/stm32f4xx_hal_tim_ex.o
LOAD build/system_stm32f4xx.o
LOAD build/sysmem.o
LOAD build/syscalls.o
LOAD build/ethernetif.o
LOAD build/lwip.o
LOAD build/auth.o
LOAD build/ccp.o
LOAD build/chap_ms.o
LOAD build/chap-md5.o
LOAD build/chap-new.o
LOAD build/demand.o
LOAD build/eap.o
LOAD build/eui64.o
LOAD build/fsm.o
LOAD build/ipcp.o
LOAD build/ipv6cp.o
LOAD build/lcp.o
LOAD build/magic.o
LOAD build/mppe.o
LOAD build/multilink.o
LOAD build/ppp.o
LOAD build/pppapi.o
LOAD build/pppcrypt.o
LOAD build/pppoe.o
LOAD build/pppol2tp.o
LOAD build/pppos.o
LOAD build/upap.o
LOAD build/utils.o
LOAD build/vj.o
LOAD build/bridgeif.o
LOAD build/bridgeif_fdb.o
LOAD build/ethernet.o
LOAD build/lowpan6.o
LOAD build/lowpan6_ble.o
LOAD build/lowpan6_common.o
LOAD build/slipif.o
LOAD build/zepif.o
LOAD build/ecp.o
LOAD build/api_lib.o
LOAD build/api_msg.o
LOAD build/err.o
LOAD build/if_api.o
LOAD build/netbuf.o
LOAD build/netdb.o
LOAD build/netifapi.o
LOAD build/sockets.o
LOAD build/tcpip.o
LOAD build/altcp.o
LOAD build/altcp_alloc.o
LOAD build/altcp_tcp.o
LOAD build/def.o
LOAD build/dns.o
LOAD build/inet_chksum.o
LOAD build/init.o
LOAD build/ip.o
LOAD build/mem.o
LOAD build/memp.o
LOAD build/netif.o
LOAD build/pbuf.o
LOAD build/raw.o
LOAD build/stats.o
LOAD build/sys.o
LOAD build/tcp.o
LOAD build/tcp_in.o
LOAD build/tcp_out.o
LOAD build/timeouts.o
LOAD build/udp.o
LOAD build/autoip.o
LOAD build/dhcp.o
LOAD build/etharp.o
LOAD build/icmp.o
LOAD build/igmp.o
LOAD build/ip4.o
LOAD build/ip4_addr.o
LOAD build/ip4_frag.o
LOAD build/dhcp6.o
LOAD build/ethip6.o
LOAD build/icmp6.o
LOAD build/inet6.o
LOAD build/ip6.o
LOAD build/ip6_addr.o
LOAD build/ip6_frag.o
LOAD build/mld6.o
LOAD build/nd6.o
LOAD build/mqtt.o
LOAD build/adc_stream.o
LOAD build/adc_tcp_server.o
LOAD build/ads127l11.o
LOAD build/app_config.o
LOAD build/flash_param.o
LOAD build/range_ctrl.o
LOAD build/SEGGER_RTT.o
LOAD build/SEGGER_RTT_printf.o
LOAD build/startup_stm32f427xx.o
LOAD /opt/gcc-arm-none-eabi-9-2020-q2-update/bin/../lib/gcc/arm-none-eabi/9.3.1/../../../../arm-none-eabi/lib/thumb/v7e-m+fp/hard/libc_nano.a
LOAD /opt/gcc-arm-none-eabi-9-2020-q2-update/bin/../lib/gcc/arm-none-eabi/9.3.1/../../../../arm-none-eabi/lib/thumb/v7e-m+fp/hard/libm.a
LOAD /opt/gcc-arm-none-eabi-9-2020-q2-update/bin/../lib/gcc/arm-none-eabi/9.3.1/../../../../arm-none-eabi/lib/thumb/v7e-m+fp/hard/libnosys.a
START GROUP
LOAD /opt/gcc-arm-none-eabi-9-2020-q2-update/bin/../lib/gcc/arm-none-eabi/9.3.1/thumb/v7e-m+fp/hard/libgcc.a
LOAD /opt/gcc-arm-none-eabi-9-2020-q2-update/bin/../lib/gcc/arm-none-eabi/9.3.1/../../../../arm-none-eabi/lib/thumb/v7e-m+fp/hard/libc_nano.a
END GROUP
START GROUP
LOAD /opt/gcc-arm-none-eabi-9-2020-q2-update/bin/../lib/gcc/arm-none-eabi/9.3.1/thumb/v7e-m+fp/hard/libgcc.a
LOAD /opt/gcc-arm-none-eabi-9-2020-q2-update/bin/../lib/gcc/arm-none-eabi/9.3.1/../../../../arm-none-eabi/lib/thumb/v7e-m+fp/hard/libc_nano.a
END GROUP
LOAD /opt/gcc-arm-none-eabi-9-2020-q2-update/bin/../lib/gcc/arm-none-eabi/9.3.1/thumb/v7e-m+fp/hard/crtend.o
LOAD /opt/gcc-arm-none-eabi-9-2020-q2-update/bin/../lib/gcc/arm-none-eabi/9.3.1/thumb/v7e-m+fp/hard/crtn.o
                0x0000000020030000                _estack = (ORIGIN (RAM) + LENGTH (RAM))
                0x0000000000000200                _Min_Heap_Size = 0x200
                0x0000000000000400                _Min_Stack_Size = 0x400

.isr_vector     0x0000000008000000      0x1ac
                0x0000000008000000                . = ALIGN (0x4)
 *(.isr_vector)
 .isr_vector    0x0000000008000000      0x1ac build/startup_stm32f427xx.o
                0x0000000008000000                g_pfnVectors
                0x00000000080001ac                . = ALIGN (0x4)

.text           0x00000000080001b0     0xd56c
                0x00000000080001b0                . = ALIGN (0x4)
 *(.text)
 .text          0x00000000080001b0       0x40 /opt/gcc-arm-none-eabi-9-2020-q2-update/bin/../lib/gcc/arm-none-eabi/9.3.1/thumb/v7e-m+fp/hard/crtbegin.o
 .text          0x00000000080001f0       0xa0 /opt/gcc-arm-none-eabi-9-2020-q2-update/bin/../lib/gcc/arm-none-eabi/9.3.1/../../../../arm-none-eabi/lib/thumb/v7e-m+fp/hard/libc_nano.a(lib_a-memchr.o)
                0x00000000080001f0                memchr
 .text          0x0000000008000290       0xa0 /opt/gcc-arm-none-eabi-9-2020-q2-update/bin/../lib/gcc/arm-none-eabi/9.3.1/thumb/v7e-m+fp/hard/libgcc.a(_arm_truncdfsf2.o)
                0x0000000008000290                __aeabi_d2f
                0x0000000008000290                __truncdfsf2
 .text          0x0000000008000330       0x30 /opt/gcc-arm-none-eabi-9-2020-q2-update/bin/../lib/gcc/arm-none-eabi/9.3.1/thumb/v7e-m+fp/hard/libgcc.a(_aeabi_uldivmod.o)
                0x0000000008000330                __aeabi_uldivmod
 .text          0x0000000008000360      0x2c4 /opt/gcc-arm-none-eabi-9-2020-q2-update/bin/../lib/gcc/arm-none-eabi/9.3.1/thumb/v7e-m+fp/hard/libgcc.a(_udivmoddi4.o)
                0x0000000008000360                __udivmoddi4
 .text          0x0000000008000624        0x4 /opt/gcc-arm-none-eabi-9-2020-q2-update/bin/../lib/gcc/arm-none-eabi/9.3.1/thumb/v7e-m+fp/hard/libgcc.a(_dvmd_tls.o)
                0x0000000008000624                __aeabi_ldiv0
                0x0000000008000624                __aeabi_idiv0
 *(.text*)
 .text.ETH_Force_Clock_Enable
                0x0000000008000628       0x88 build/main.o
 .text.ETH_Force_RMII_Mode
                0x00000000080006b0       0x30 build/main.o
 .text.LAN8720_SpeedDuplexString
                0x00000000080006e0       0x3c build/main.o
 .text.LwIP_PrintNetifState
                0x000000000800071c       0x4c build/main.o
 .text.DebugLog_Init
                0x0000000008000768       0x1c build/main.o
 .text.ETH_Force_RMII_GPIO_Config
                0x0000000008000784       0x90 build/main.o
 .text.Board_ETH_PHY_Reset
                0x0000000008000814       0x30 build/main.o
 .text.ETH_Get_MDIO_CR
                0x0000000008000844       0x44 build/main.o
 .text.ETH_MDIO_Read
                0x0000000008000888       0x7c build/main.o
 .text.LAN8720_ReadInfo
                0x0000000008000904       0xf6 build/main.o
 *fill*         0x00000000080009fa        0x2 
 .text.LAN8720_BootSelfTest
                0x00000000080009fc       0xe0 build/main.o
 .text.LwIP_ForceNetifUp
                0x0000000008000adc       0x30 build/main.o
 .text.Error_Handler
                0x0000000008000b0c       0x68 build/main.o
                0x0000000008000b0c                Error_Handler
 .text.SystemClock_Config
                0x0000000008000b74       0xec build/main.o
                0x0000000008000b74                SystemClock_Config
 .text.main     0x0000000008000c60      0x300 build/main.o
                0x0000000008000c60                main
 .text.MX_GPIO_Init
                0x0000000008000f60      0x12c build/gpio.o
                0x0000000008000f60                MX_GPIO_Init
 .text.MX_SPI4_Init
                0x000000000800108c       0x44 build/spi.o
                0x000000000800108c                MX_SPI4_Init
 .text.HAL_SPI_MspInit
                0x00000000080010d0       0x70 build/spi.o
                0x00000000080010d0                HAL_SPI_MspInit
 .text.HAL_SPI_MspDeInit
                0x0000000008001140       0x2c build/spi.o
                0x0000000008001140                HAL_SPI_MspDeInit
 .text.HAL_TIM_PWM_MspInit
                0x000000000800116c       0x30 build/tim.o
                0x000000000800116c                HAL_TIM_PWM_MspInit
 .text.HAL_TIM_MspPostInit
                0x000000000800119c       0x5c build/tim.o
                0x000000000800119c                HAL_TIM_MspPostInit
 .text.MX_TIM3_Init
                0x00000000080011f8       0x80 build/tim.o
                0x00000000080011f8                MX_TIM3_Init
 .text.NMI_Handler
                0x0000000008001278        0x2 build/stm32f4xx_it.o
                0x0000000008001278                NMI_Handler
 .text.HardFault_Handler
                0x000000000800127a        0x2 build/stm32f4xx_it.o
                0x000000000800127a                HardFault_Handler
 .text.MemManage_Handler
                0x000000000800127c        0x2 build/stm32f4xx_it.o
                0x000000000800127c                MemManage_Handler
 .text.BusFault_Handler
                0x000000000800127e        0x2 build/stm32f4xx_it.o
                0x000000000800127e                BusFault_Handler
 .text.UsageFault_Handler
                0x0000000008001280        0x2 build/stm32f4xx_it.o
                0x0000000008001280                UsageFault_Handler
 .text.SVC_Handler
                0x0000000008001282        0x2 build/stm32f4xx_it.o
                0x0000000008001282                SVC_Handler
 .text.DebugMon_Handler
                0x0000000008001284        0x2 build/stm32f4xx_it.o
                0x0000000008001284                DebugMon_Handler
 .text.PendSV_Handler
                0x0000000008001286        0x2 build/stm32f4xx_it.o
                0x0000000008001286                PendSV_Handler
 .text.SysTick_Handler
                0x0000000008001288        0x8 build/stm32f4xx_it.o
                0x0000000008001288                SysTick_Handler
 .text.EXTI3_IRQHandler
                0x0000000008001290        0xa build/stm32f4xx_it.o
                0x0000000008001290                EXTI3_IRQHandler
 *fill*         0x000000000800129a        0x2 
 .text.HAL_MspInit
                0x000000000800129c       0x38 build/stm32f4xx_hal_msp.o
                0x000000000800129c                HAL_MspInit
 .text.HAL_RCC_OscConfig
                0x00000000080012d4      0x3f8 build/stm32f4xx_hal_rcc.o
                0x00000000080012d4                HAL_RCC_OscConfig
 .text.HAL_RCC_GetSysClockFreq
                0x00000000080016cc       0xa0 build/stm32f4xx_hal_rcc.o
                0x00000000080016cc                HAL_RCC_GetSysClockFreq
 .text.HAL_RCC_ClockConfig
                0x000000000800176c      0x160 build/stm32f4xx_hal_rcc.o
                0x000000000800176c                HAL_RCC_ClockConfig
 .text.HAL_RCC_GetHCLKFreq
                0x00000000080018cc        0xc build/stm32f4xx_hal_rcc.o
                0x00000000080018cc                HAL_RCC_GetHCLKFreq
 .text.FLASH_Program_DoubleWord
                0x00000000080018d8       0x30 build/stm32f4xx_hal_flash.o
 .text.FLASH_Program_Word
                0x0000000008001908       0x24 build/stm32f4xx_hal_flash.o
 .text.FLASH_Program_HalfWord
                0x000000000800192c       0x24 build/stm32f4xx_hal_flash.o
 .text.FLASH_Program_Byte
                0x0000000008001950       0x20 build/stm32f4xx_hal_flash.o
 .text.FLASH_SetErrorCode
                0x0000000008001970       0xa8 build/stm32f4xx_hal_flash.o
 .text.HAL_FLASH_Unlock
                0x0000000008001a18       0x30 build/stm32f4xx_hal_flash.o
                0x0000000008001a18                HAL_FLASH_Unlock
 .text.HAL_FLASH_Lock
                0x0000000008001a48       0x14 build/stm32f4xx_hal_flash.o
                0x0000000008001a48                HAL_FLASH_Lock
 .text.FLASH_WaitForLastOperation
                0x0000000008001a5c       0x60 build/stm32f4xx_hal_flash.o
                0x0000000008001a5c                FLASH_WaitForLastOperation
 .text.HAL_FLASH_Program
                0x0000000008001abc       0x7c build/stm32f4xx_hal_flash.o
                0x0000000008001abc                HAL_FLASH_Program
 .text.FLASH_MassErase
                0x0000000008001b38       0x4c build/stm32f4xx_hal_flash_ex.o
 .text.FLASH_Erase_Sector
                0x0000000008001b84       0x5c build/stm32f4xx_hal_flash_ex.o
                0x0000000008001b84                FLASH_Erase_Sector
 .text.FLASH_FlushCaches
                0x0000000008001be0       0x60 build/stm32f4xx_hal_flash_ex.o
                0x0000000008001be0                FLASH_FlushCaches
 .text.HAL_FLASHEx_Erase
                0x0000000008001c40       0x98 build/stm32f4xx_hal_flash_ex.o
                0x0000000008001c40                HAL_FLASHEx_Erase
 .text.HAL_GPIO_Init
                0x0000000008001cd8      0x1f0 build/stm32f4xx_hal_gpio.o
                0x0000000008001cd8                HAL_GPIO_Init
 .text.HAL_GPIO_DeInit
                0x0000000008001ec8      0x14c build/stm32f4xx_hal_gpio.o
                0x0000000008001ec8                HAL_GPIO_DeInit
 .text.HAL_GPIO_WritePin
                0x0000000008002014        0xc build/stm32f4xx_hal_gpio.o
                0x0000000008002014                HAL_GPIO_WritePin
 .text.HAL_GPIO_EXTI_IRQHandler
                0x0000000008002020       0x1c build/stm32f4xx_hal_gpio.o
                0x0000000008002020                HAL_GPIO_EXTI_IRQHandler
 .text.HAL_NVIC_SetPriorityGrouping
                0x000000000800203c       0x24 build/stm32f4xx_hal_cortex.o
                0x000000000800203c                HAL_NVIC_SetPriorityGrouping
 .text.HAL_NVIC_SetPriority
                0x0000000008002060       0x68 build/stm32f4xx_hal_cortex.o
                0x0000000008002060                HAL_NVIC_SetPriority
 .text.HAL_NVIC_EnableIRQ
                0x00000000080020c8       0x1c build/stm32f4xx_hal_cortex.o
                0x00000000080020c8                HAL_NVIC_EnableIRQ
 .text.HAL_SYSTICK_Config
                0x00000000080020e4       0x2c build/stm32f4xx_hal_cortex.o
                0x00000000080020e4                HAL_SYSTICK_Config
 .text.HAL_InitTick
                0x0000000008002110       0x4c build/stm32f4xx_hal.o
                0x0000000008002110                HAL_InitTick
 .text.HAL_Init
                0x000000000800215c       0x34 build/stm32f4xx_hal.o
                0x000000000800215c                HAL_Init
 .text.HAL_IncTick
                0x0000000008002190       0x18 build/stm32f4xx_hal.o
                0x0000000008002190                HAL_IncTick
 .text.HAL_GetTick
                0x00000000080021a8        0xc build/stm32f4xx_hal.o
                0x00000000080021a8                HAL_GetTick
 .text.HAL_Delay
                0x00000000080021b4       0x28 build/stm32f4xx_hal.o
                0x00000000080021b4                HAL_Delay
 .text.ETH_UpdateDescriptor
                0x00000000080021dc       0xae build/stm32f4xx_hal_eth.o
 *fill*         0x000000000800228a        0x2 
 .text.ETH_MACAddressConfig
                0x000000000800228c       0x30 build/stm32f4xx_hal_eth.o
 .text.ETH_DMATxDescListInit
                0x00000000080022bc       0x62 build/stm32f4xx_hal_eth.o
 .text.ETH_DMARxDescListInit
                0x000000000800231e       0x76 build/stm32f4xx_hal_eth.o
 .text.ETH_Prepare_Tx_Descriptors
                0x0000000008002394      0x198 build/stm32f4xx_hal_eth.o
 .text.ETH_SetMACConfig
                0x000000000800252c      0x100 build/stm32f4xx_hal_eth.o
 .text.ETH_SetDMAConfig
                0x000000000800262c       0xb8 build/stm32f4xx_hal_eth.o
 .text.ETH_MACDMAConfig
                0x00000000080026e4       0xa6 build/stm32f4xx_hal_eth.o
 .text.ETH_FlushTransmitFIFO
                0x000000000800278a       0x2e build/stm32f4xx_hal_eth.o
 .text.HAL_ETH_MspInit
                0x00000000080027b8        0x2 build/stm32f4xx_hal_eth.o
                0x00000000080027b8                HAL_ETH_MspInit
 *fill*         0x00000000080027ba        0x2 
 .text.HAL_ETH_Init
                0x00000000080027bc       0xec build/stm32f4xx_hal_eth.o
                0x00000000080027bc                HAL_ETH_Init
 .text.HAL_ETH_Start
                0x00000000080028a8       0x76 build/stm32f4xx_hal_eth.o
                0x00000000080028a8                HAL_ETH_Start
 .text.HAL_ETH_Transmit
                0x000000000800291e       0xca build/stm32f4xx_hal_eth.o
                0x000000000800291e                HAL_ETH_Transmit
 .text.HAL_ETH_ReadData
                0x00000000080029e8       0xf2 build/stm32f4xx_hal_eth.o
                0x00000000080029e8                HAL_ETH_ReadData
 *fill*         0x0000000008002ada        0x2 
 .text.SPI_WaitFlagStateUntilTimeout
                0x0000000008002adc       0xd0 build/stm32f4xx_hal_spi.o
 .text.SPI_EndRxTxTransaction
                0x0000000008002bac       0x88 build/stm32f4xx_hal_spi.o
 .text.HAL_SPI_Init
                0x0000000008002c34       0xbe build/stm32f4xx_hal_spi.o
                0x0000000008002c34                HAL_SPI_Init
 .text.HAL_SPI_DeInit
                0x0000000008002cf2       0x2c build/stm32f4xx_hal_spi.o
                0x0000000008002cf2                HAL_SPI_DeInit
 .text.HAL_SPI_TransmitReceive
                0x0000000008002d1e      0x254 build/stm32f4xx_hal_spi.o
                0x0000000008002d1e                HAL_SPI_TransmitReceive
 *fill*         0x0000000008002f72        0x2 
 .text.TIM_OC1_SetConfig
                0x0000000008002f74       0x68 build/stm32f4xx_hal_tim.o
 .text.TIM_OC3_SetConfig
                0x0000000008002fdc       0x70 build/stm32f4xx_hal_tim.o
 .text.TIM_OC4_SetConfig
                0x000000000800304c       0x50 build/stm32f4xx_hal_tim.o
 .text.TIM_Base_SetConfig
                0x000000000800309c       0xd0 build/stm32f4xx_hal_tim.o
                0x000000000800309c                TIM_Base_SetConfig
 .text.HAL_TIM_PWM_Init
                0x000000000800316c       0x58 build/stm32f4xx_hal_tim.o
                0x000000000800316c                HAL_TIM_PWM_Init
 .text.TIM_OC2_SetConfig
                0x00000000080031c4       0x70 build/stm32f4xx_hal_tim.o
                0x00000000080031c4                TIM_OC2_SetConfig
 .text.HAL_TIM_PWM_ConfigChannel
                0x0000000008003234       0xdc build/stm32f4xx_hal_tim.o
                0x0000000008003234                HAL_TIM_PWM_ConfigChannel
 .text.HAL_TIMEx_MasterConfigSynchronization
                0x0000000008003310       0x88 build/stm32f4xx_hal_tim_ex.o
                0x0000000008003310                HAL_TIMEx_MasterConfigSynchronization
 .text.SystemInit
                0x0000000008003398       0x14 build/system_stm32f4xx.o
                0x0000000008003398                SystemInit
 .text._sbrk    0x00000000080033ac       0x4c build/sysmem.o
                0x00000000080033ac                _sbrk
 .text._getpid  0x00000000080033f8        0x4 build/syscalls.o
                0x00000000080033f8                _getpid
 .text._kill    0x00000000080033fc       0x10 build/syscalls.o
                0x00000000080033fc                _kill
 .text._exit    0x000000000800340c        0xc build/syscalls.o
                0x000000000800340c                _exit
 .text._read    0x0000000008003418       0x20 build/syscalls.o
                0x0000000008003418                _read
 .text._write   0x0000000008003438       0x1c build/syscalls.o
                0x0000000008003438                _write
 .text._close   0x0000000008003454        0x6 build/syscalls.o
                0x0000000008003454                _close
 .text._fstat   0x000000000800345a        0xa build/syscalls.o
                0x000000000800345a                _fstat
 .text._isatty  0x0000000008003464        0x4 build/syscalls.o
                0x0000000008003464                _isatty
 .text._lseek   0x0000000008003468        0x4 build/syscalls.o
                0x0000000008003468                _lseek
 .text.low_level_input
                0x000000000800346c       0x28 build/ethernetif.o
 .text.low_level_output
                0x0000000008003494       0x94 build/ethernetif.o
 .text.low_level_init
                0x0000000008003528       0xd4 build/ethernetif.o
 .text.pbuf_free_custom
                0x00000000080035fc       0x24 build/ethernetif.o
                0x00000000080035fc                pbuf_free_custom
 .text.ethernetif_input
                0x0000000008003620       0x28 build/ethernetif.o
                0x0000000008003620                ethernetif_input
 .text.ethernetif_init
                0x0000000008003648       0x48 build/ethernetif.o
                0x0000000008003648                ethernetif_init
 .text.sys_now  0x0000000008003690        0x8 build/ethernetif.o
                0x0000000008003690                sys_now
 .text.HAL_ETH_RxAllocateCallback
                0x0000000008003698       0x4c build/ethernetif.o
                0x0000000008003698                HAL_ETH_RxAllocateCallback
 .text.HAL_ETH_RxLinkCallback
                0x00000000080036e4       0x34 build/ethernetif.o
                0x00000000080036e4                HAL_ETH_RxLinkCallback
 .text.ethernet_link_status_updated
                0x0000000008003718       0x18 build/lwip.o
 .text.MX_LWIP_Init
                0x0000000008003730      0x11c build/lwip.o
                0x0000000008003730                MX_LWIP_Init
 .text.MX_LWIP_Process
                0x000000000800384c       0x3c build/lwip.o
                0x000000000800384c                MX_LWIP_Process
 .text.ethernet_input
                0x0000000008003888       0xa8 build/ethernet.o
                0x0000000008003888                ethernet_input
 .text.ethernet_output
                0x0000000008003930       0x70 build/ethernet.o
                0x0000000008003930                ethernet_output
 .text.lwip_htons
                0x00000000080039a0        0xa build/def.o
                0x00000000080039a0                lwip_htons
 .text.lwip_htonl
                0x00000000080039aa       0x18 build/def.o
                0x00000000080039aa                lwip_htonl
 .text.lwip_init
                0x00000000080039c2       0x1c build/init.o
                0x00000000080039c2                lwip_init
 *fill*         0x00000000080039de        0x2 
 .text.ptr_to_mem
                0x00000000080039e0        0xc build/mem.o
 .text.mem_to_ptr
                0x00000000080039ec       0x10 build/mem.o
 .text.mem_link_valid
                0x00000000080039fc       0x5c build/mem.o
 .text.plug_holes
                0x0000000008003a58      0x100 build/mem.o
 .text.mem_init
                0x0000000008003b58       0x40 build/mem.o
                0x0000000008003b58                mem_init
 .text.mem_free
                0x0000000008003b98       0xb4 build/mem.o
                0x0000000008003b98                mem_free
 .text.mem_trim
                0x0000000008003c4c      0x17c build/mem.o
                0x0000000008003c4c                mem_trim
 .text.mem_malloc
                0x0000000008003dc8      0x168 build/mem.o
                0x0000000008003dc8                mem_malloc
 .text.do_memp_malloc_pool
                0x0000000008003f30       0x34 build/memp.o
 .text.do_memp_free_pool
                0x0000000008003f64       0x34 build/memp.o
 .text.memp_init_pool
                0x0000000008003f98       0x28 build/memp.o
                0x0000000008003f98                memp_init_pool
 .text.memp_init
                0x0000000008003fc0       0x20 build/memp.o
                0x0000000008003fc0                memp_init
 .text.memp_malloc_pool
                0x0000000008003fe0       0x30 build/memp.o
                0x0000000008003fe0                memp_malloc_pool
 .text.memp_malloc
                0x0000000008004010       0x34 build/memp.o
                0x0000000008004010                memp_malloc
 .text.memp_free_pool
                0x0000000008004044       0x34 build/memp.o
                0x0000000008004044                memp_free_pool
 .text.memp_free
                0x0000000008004078       0x34 build/memp.o
                0x0000000008004078                memp_free
 .text.netif_do_set_netmask
                0x00000000080040ac       0x18 build/netif.o
 .text.netif_do_set_gw
                0x00000000080040c4       0x18 build/netif.o
 .text.netif_null_output_ip4
                0x00000000080040dc        0x6 build/netif.o
 .text.netif_do_ip_addr_changed
                0x00000000080040e2       0x1c build/netif.o
 *fill*         0x00000000080040fe        0x2 
 .text.netif_issue_reports
                0x0000000008004100       0x4c build/netif.o
 .text.netif_do_set_ipaddr
                0x000000000800414c       0x74 build/netif.o
 .text.netif_init
                0x00000000080041c0        0x2 build/netif.o
                0x00000000080041c0                netif_init
 *fill*         0x00000000080041c2        0x2 
 .text.netif_set_addr
                0x00000000080041c4       0x6c build/netif.o
                0x00000000080041c4                netif_set_addr
 .text.netif_add
                0x0000000008004230      0x124 build/netif.o
                0x0000000008004230                netif_add
 .text.netif_set_default
                0x0000000008004354        0xc build/netif.o
                0x0000000008004354                netif_set_default
 .text.netif_set_up
                0x0000000008004360       0x44 build/netif.o
                0x0000000008004360                netif_set_up
 .text.netif_set_down
                0x00000000080043a4       0x4c build/netif.o
                0x00000000080043a4                netif_set_down
 .text.netif_set_link_up
                0x00000000080043f0       0x48 build/netif.o
                0x00000000080043f0                netif_set_link_up
 .text.netif_set_link_callback
                0x0000000008004438        0x6 build/netif.o
                0x0000000008004438                netif_set_link_callback
 *fill*         0x000000000800443e        0x2 
 .text.netif_get_by_index
                0x0000000008004440       0x24 build/netif.o
                0x0000000008004440                netif_get_by_index
 .text.pbuf_init_alloced_pbuf
                0x0000000008004464       0x24 build/pbuf.o
 .text.pbuf_add_header_impl
                0x0000000008004488       0x7c build/pbuf.o
 .text.pbuf_alloc_reference
                0x0000000008004504       0x50 build/pbuf.o
                0x0000000008004504                pbuf_alloc_reference
 .text.pbuf_alloced_custom
                0x0000000008004554       0x3a build/pbuf.o
                0x0000000008004554                pbuf_alloced_custom
 .text.pbuf_add_header
                0x000000000800458e        0xa build/pbuf.o
                0x000000000800458e                pbuf_add_header
 .text.pbuf_remove_header
                0x0000000008004598       0x6c build/pbuf.o
                0x0000000008004598                pbuf_remove_header
 .text.pbuf_header_impl
                0x0000000008004604       0x14 build/pbuf.o
 .text.pbuf_header_force
                0x0000000008004618        0xa build/pbuf.o
                0x0000000008004618                pbuf_header_force
 *fill*         0x0000000008004622        0x2 
 .text.pbuf_free
                0x0000000008004624       0xc4 build/pbuf.o
                0x0000000008004624                pbuf_free
 .text.pbuf_alloc
                0x00000000080046e8      0x15c build/pbuf.o
                0x00000000080046e8                pbuf_alloc
 .text.pbuf_realloc
                0x0000000008004844       0xa8 build/pbuf.o
                0x0000000008004844                pbuf_realloc
 .text.pbuf_clen
                0x00000000080048ec       0x10 build/pbuf.o
                0x00000000080048ec                pbuf_clen
 .text.pbuf_ref
                0x00000000080048fc       0x30 build/pbuf.o
                0x00000000080048fc                pbuf_ref
 .text.pbuf_cat
                0x000000000800492c       0x74 build/pbuf.o
                0x000000000800492c                pbuf_cat
 .text.pbuf_copy
                0x00000000080049a0      0x120 build/pbuf.o
                0x00000000080049a0                pbuf_copy
 .text.pbuf_copy_partial
                0x0000000008004ac0       0x94 build/pbuf.o
                0x0000000008004ac0                pbuf_copy_partial
 .text.pbuf_clone
                0x0000000008004b54       0x38 build/pbuf.o
                0x0000000008004b54                pbuf_clone
 .text.raw_input_local_match
                0x0000000008004b8c       0x50 build/raw.o
 .text.raw_input
                0x0000000008004bdc       0xb8 build/raw.o
                0x0000000008004bdc                raw_input
 .text.raw_netif_ip_addr_changed
                0x0000000008004c94       0x38 build/raw.o
                0x0000000008004c94                raw_netif_ip_addr_changed
 .text.tcp_new_port
                0x0000000008004ccc       0x68 build/tcp.o
 .text.tcp_remove_listener
                0x0000000008004d34       0x34 build/tcp.o
 .text.tcp_listen_closed
                0x0000000008004d68       0x5c build/tcp.o
 .text.tcp_free_listen
                0x0000000008004dc4       0x30 build/tcp.o
 .text.tcp_close_shutdown_fin
                0x0000000008004df4       0x84 build/tcp.o
 .text.tcp_handle_closepend
                0x0000000008004e78       0x2c build/tcp.o
 .text.tcp_init
                0x0000000008004ea4       0x18 build/tcp.o
                0x0000000008004ea4                tcp_init
 .text.tcp_free
                0x0000000008004ebc       0x30 build/tcp.o
                0x0000000008004ebc                tcp_free
 .text.tcp_bind
                0x0000000008004eec       0xcc build/tcp.o
                0x0000000008004eec                tcp_bind
 .text.tcp_listen_with_backlog_and_err
                0x0000000008004fb8       0xe0 build/tcp.o
                0x0000000008004fb8                tcp_listen_with_backlog_and_err
 .text.tcp_listen_with_backlog
                0x0000000008005098        0xa build/tcp.o
                0x0000000008005098                tcp_listen_with_backlog
 *fill*         0x00000000080050a2        0x2 
 .text.tcp_update_rcv_ann_wnd
                0x00000000080050a4       0x74 build/tcp.o
                0x00000000080050a4                tcp_update_rcv_ann_wnd
 .text.tcp_recved
                0x0000000008005118       0x7c build/tcp.o
                0x0000000008005118                tcp_recved
 .text.tcp_seg_free
                0x0000000008005194       0x1a build/tcp.o
                0x0000000008005194                tcp_seg_free
 .text.tcp_segs_free
                0x00000000080051ae       0x14 build/tcp.o
                0x00000000080051ae                tcp_segs_free
 *fill*         0x00000000080051c2        0x2 
 .text.tcp_setprio
                0x00000000080051c4       0x24 build/tcp.o
                0x00000000080051c4                tcp_setprio
 .text.tcp_recv
                0x00000000080051e8       0x34 build/tcp.o
                0x00000000080051e8                tcp_recv
 .text.tcp_sent
                0x000000000800521c       0x30 build/tcp.o
                0x000000000800521c                tcp_sent
 .text.tcp_err  0x000000000800524c       0x34 build/tcp.o
                0x000000000800524c                tcp_err
 .text.tcp_accept
                0x0000000008005280        0xe build/tcp.o
                0x0000000008005280                tcp_accept
 *fill*         0x000000000800528e        0x2 
 .text.tcp_poll
                0x0000000008005290       0x48 build/tcp.o
                0x0000000008005290                tcp_poll
 .text.tcp_pcb_purge
                0x00000000080052d8       0x58 build/tcp.o
                0x00000000080052d8                tcp_pcb_purge
 .text.tcp_slowtmr
                0x0000000008005330      0x480 build/tcp.o
                0x0000000008005330                tcp_slowtmr
 .text.tcp_pcb_remove
                0x00000000080057b0       0xbc build/tcp.o
                0x00000000080057b0                tcp_pcb_remove
 .text.tcp_close_shutdown
                0x000000000800586c      0x14c build/tcp.o
 .text.tcp_close
                0x00000000080059b8       0x40 build/tcp.o
                0x00000000080059b8                tcp_close
 .text.tcp_recv_null
                0x00000000080059f8       0x48 build/tcp.o
                0x00000000080059f8                tcp_recv_null
 .text.tcp_process_refused_data
                0x0000000008005a40       0x90 build/tcp.o
                0x0000000008005a40                tcp_process_refused_data
 .text.tcp_fasttmr
                0x0000000008005ad0       0x80 build/tcp.o
                0x0000000008005ad0                tcp_fasttmr
 .text.tcp_tmr  0x0000000008005b50       0x24 build/tcp.o
                0x0000000008005b50                tcp_tmr
 .text.tcp_abandon
                0x0000000008005b74      0x104 build/tcp.o
                0x0000000008005b74                tcp_abandon
 .text.tcp_abort
                0x0000000008005c78        0xa build/tcp.o
                0x0000000008005c78                tcp_abort
 *fill*         0x0000000008005c82        0x2 
 .text.tcp_accept_null
                0x0000000008005c84       0x30 build/tcp.o
 .text.tcp_kill_timewait
                0x0000000008005cb4       0x34 build/tcp.o
 .text.tcp_kill_prio
                0x0000000008005ce8       0x54 build/tcp.o
 .text.tcp_netif_ip_addr_changed_pcblist
                0x0000000008005d3c       0x40 build/tcp.o
 .text.tcp_kill_state
                0x0000000008005d7c       0x64 build/tcp.o
 .text.tcp_alloc
                0x0000000008005de0       0xc0 build/tcp.o
                0x0000000008005de0                tcp_alloc
 .text.tcp_new  0x0000000008005ea0        0xa build/tcp.o
                0x0000000008005ea0                tcp_new
 *fill*         0x0000000008005eaa        0x2 
 .text.tcp_next_iss
                0x0000000008005eac       0x38 build/tcp.o
                0x0000000008005eac                tcp_next_iss
 .text.tcp_eff_send_mss_netif
                0x0000000008005ee4       0x40 build/tcp.o
                0x0000000008005ee4                tcp_eff_send_mss_netif
 .text.tcp_netif_ip_addr_changed
                0x0000000008005f24       0x54 build/tcp.o
                0x0000000008005f24                tcp_netif_ip_addr_changed
 .text.tcp_get_next_optbyte
                0x0000000008005f78       0x3c build/tcp_in.o
 .text.tcp_parseopt
                0x0000000008005fb4       0xa4 build/tcp_in.o
 .text.tcp_input_delayed_close
                0x0000000008006058       0x60 build/tcp_in.o
 .text.tcp_timewait_input
                0x00000000080060b8       0xb8 build/tcp_in.o
 .text.tcp_listen_input
                0x0000000008006170      0x150 build/tcp_in.o
 .text.tcp_free_acked_segments
                0x00000000080062c0       0xc0 build/tcp_in.o
 .text.tcp_receive
                0x0000000008006380      0x570 build/tcp_in.o
 .text.tcp_process
                0x00000000080068f0      0x580 build/tcp_in.o
 .text.tcp_input
                0x0000000008006e70      0x5a0 build/tcp_in.o
                0x0000000008006e70                tcp_input
 .text.tcp_trigger_input_pcb_close
                0x0000000008007410       0x10 build/tcp_in.o
                0x0000000008007410                tcp_trigger_input_pcb_close
 .text.tcp_write_checks
                0x0000000008007420       0xbc build/tcp_out.o
 .text.tcp_output_segment_busy
                0x00000000080074dc       0x34 build/tcp_out.o
 .text.tcp_output_fill_options
                0x0000000008007510       0x4c build/tcp_out.o
 .text.tcp_pbuf_prealloc
                0x000000000800755c       0xbc build/tcp_out.o
 .text.tcp_create_segment
                0x0000000008007618       0xec build/tcp_out.o
 .text.tcp_output_alloc_header_common
                0x0000000008007704       0x98 build/tcp_out.o
 .text.tcp_output_alloc_header
                0x000000000800779c       0x54 build/tcp_out.o
 .text.tcp_route
                0x00000000080077f0       0x16 build/tcp_out.o
 *fill*         0x0000000008007806        0x2 
 .text.tcp_output_segment
                0x0000000008007808      0x13c build/tcp_out.o
 .text.tcp_output_control_segment
                0x0000000008007944       0x6c build/tcp_out.o
 .text.tcp_write
                0x00000000080079b0      0x5f8 build/tcp_out.o
                0x00000000080079b0                tcp_write
 .text.tcp_split_unsent_seg
                0x0000000008007fa8      0x1bc build/tcp_out.o
                0x0000000008007fa8                tcp_split_unsent_seg
 .text.tcp_enqueue_flags
                0x0000000008008164      0x160 build/tcp_out.o
                0x0000000008008164                tcp_enqueue_flags
 .text.tcp_send_fin
                0x00000000080082c4       0x64 build/tcp_out.o
                0x00000000080082c4                tcp_send_fin
 .text.tcp_rexmit_rto_prepare
                0x0000000008008328       0xa0 build/tcp_out.o
                0x0000000008008328                tcp_rexmit_rto_prepare
 .text.tcp_rexmit
                0x00000000080083c8       0x88 build/tcp_out.o
                0x00000000080083c8                tcp_rexmit
 .text.tcp_rexmit_fast
                0x0000000008008450       0x78 build/tcp_out.o
                0x0000000008008450                tcp_rexmit_fast
 .text.tcp_rst  0x00000000080084c8       0x90 build/tcp_out.o
                0x00000000080084c8                tcp_rst
 .text.tcp_send_empty_ack
                0x0000000008008558       0x74 build/tcp_out.o
                0x0000000008008558                tcp_send_empty_ack
 .text.tcp_output
                0x00000000080085cc      0x2b0 build/tcp_out.o
                0x00000000080085cc                tcp_output
 .text.tcp_rexmit_rto_commit
                0x000000000800887c       0x38 build/tcp_out.o
                0x000000000800887c                tcp_rexmit_rto_commit
 .text.tcp_rexmit_rto
                0x00000000080088b4       0x34 build/tcp_out.o
                0x00000000080088b4                tcp_rexmit_rto
 .text.tcp_keepalive
                0x00000000080088e8       0x5c build/tcp_out.o
                0x00000000080088e8                tcp_keepalive
 .text.tcp_zero_window_probe
                0x0000000008008944       0xdc build/tcp_out.o
                0x0000000008008944                tcp_zero_window_probe
 .text.sys_timeout_abs
                0x0000000008008a20       0x70 build/timeouts.o
 .text.lwip_cyclic_timer
                0x0000000008008a90       0x3c build/timeouts.o
 .text.sys_timeout
                0x0000000008008acc       0x3c build/timeouts.o
                0x0000000008008acc                sys_timeout
 .text.tcp_timer_needed
                0x0000000008008b08       0x3c build/timeouts.o
                0x0000000008008b08                tcp_timer_needed
 .text.tcpip_tcp_timer
                0x0000000008008b44       0x38 build/timeouts.o
 .text.sys_timeouts_init
                0x0000000008008b7c       0x28 build/timeouts.o
                0x0000000008008b7c                sys_timeouts_init
 .text.sys_check_timeouts
                0x0000000008008ba4       0x40 build/timeouts.o
                0x0000000008008ba4                sys_check_timeouts
 .text.udp_input_local_match
                0x0000000008008be4       0xa0 build/udp.o
 .text.udp_init
                0x0000000008008c84       0x18 build/udp.o
                0x0000000008008c84                udp_init
 .text.udp_input
                0x0000000008008c9c      0x184 build/udp.o
                0x0000000008008c9c                udp_input
 .text.udp_netif_ip_addr_changed
                0x0000000008008e20       0x38 build/udp.o
                0x0000000008008e20                udp_netif_ip_addr_changed
 .text.free_etharp_q
                0x0000000008008e58       0x50 build/etharp.o
 .text.etharp_free_entry
                0x0000000008008ea8       0x4c build/etharp.o
 .text.etharp_find_entry
                0x0000000008008ef4      0x1c0 build/etharp.o
 .text.etharp_update_arp_entry
                0x00000000080090b4       0xd0 build/etharp.o
 .text.etharp_raw
                0x0000000008009184       0xe8 build/etharp.o
 .text.etharp_request_dst
                0x000000000800926c       0x28 build/etharp.o
 .text.etharp_cleanup_netif
                0x0000000008009294       0x3c build/etharp.o
                0x0000000008009294                etharp_cleanup_netif
 .text.etharp_input
                0x00000000080092d0       0xb8 build/etharp.o
                0x00000000080092d0                etharp_input
 .text.etharp_request
                0x0000000008009388       0x10 build/etharp.o
                0x0000000008009388                etharp_request
 .text.etharp_tmr
                0x0000000008009398       0x88 build/etharp.o
                0x0000000008009398                etharp_tmr
 .text.etharp_output_to_arp_index
                0x0000000008009420       0xdc build/etharp.o
 .text.etharp_query
                0x00000000080094fc      0x214 build/etharp.o
                0x00000000080094fc                etharp_query
 .text.etharp_output
                0x0000000008009710      0x168 build/etharp.o
                0x0000000008009710                etharp_output
 .text.icmp_send_response
                0x0000000008009878       0xa8 build/icmp.o
 .text.icmp_input
                0x0000000008009920      0x148 build/icmp.o
                0x0000000008009920                icmp_input
 .text.icmp_dest_unreach
                0x0000000008009a68        0xc build/icmp.o
                0x0000000008009a68                icmp_dest_unreach
 .text.icmp_time_exceeded
                0x0000000008009a74        0xc build/icmp.o
                0x0000000008009a74                icmp_time_exceeded
 .text.ip4_input_accept
                0x0000000008009a80       0x34 build/ip4.o
 .text.ip4_route
                0x0000000008009ab4       0x68 build/ip4.o
                0x0000000008009ab4                ip4_route
 .text.ip4_input
                0x0000000008009b1c      0x1b8 build/ip4.o
                0x0000000008009b1c                ip4_input
 .text.ip4_output_if_src
                0x0000000008009cd4      0x100 build/ip4.o
                0x0000000008009cd4                ip4_output_if_src
 .text.ip4_output_if
                0x0000000008009dd4       0x2a build/ip4.o
                0x0000000008009dd4                ip4_output_if
 .text.ip4_addr_isbroadcast_u32
                0x0000000008009dfe       0x40 build/ip4_addr.o
                0x0000000008009dfe                ip4_addr_isbroadcast_u32
 *fill*         0x0000000008009e3e        0x2 
 .text.ip_reass_dequeue_datagram
                0x0000000008009e40       0x48 build/ip4_frag.o
 .text.ip_reass_free_complete_datagram
                0x0000000008009e88       0xf8 build/ip4_frag.o
 .text.ip_reass_remove_oldest_datagram
                0x0000000008009f80       0x7c build/ip4_frag.o
 .text.ip_frag_free_pbuf_custom_ref
                0x0000000008009ffc       0x2c build/ip4_frag.o
 .text.ipfrag_free_pbuf_custom
                0x000000000800a028       0x34 build/ip4_frag.o
 .text.ip_reass_chain_frag_into_datagram_and_validate
                0x000000000800a05c      0x1b4 build/ip4_frag.o
 .text.ip_frag_alloc_pbuf_custom_ref
                0x000000000800a210        0xa build/ip4_frag.o
 *fill*         0x000000000800a21a        0x2 
 .text.ip_reass_enqueue_new_datagram
                0x000000000800a21c       0x64 build/ip4_frag.o
 .text.ip_reass_tmr
                0x000000000800a280       0x2c build/ip4_frag.o
                0x000000000800a280                ip_reass_tmr
 .text.ip4_reass
                0x000000000800a2ac      0x218 build/ip4_frag.o
                0x000000000800a2ac                ip4_reass
 .text.ip4_frag
                0x000000000800a4c4      0x1f4 build/ip4_frag.o
                0x000000000800a4c4                ip4_frag
 .text.clear_state_common
                0x000000000800a6b8       0x98 build/adc_stream.o
 .text.AdcStream_Init
                0x000000000800a750       0x14 build/adc_stream.o
                0x000000000800a750                AdcStream_Init
 .text.AdcStream_ResetDiscard
                0x000000000800a764       0x1c build/adc_stream.o
                0x000000000800a764                AdcStream_ResetDiscard
 .text.AdcStream_Start
                0x000000000800a780       0x4c build/adc_stream.o
                0x000000000800a780                AdcStream_Start
 .text.AdcStream_FlushPartialBlock
                0x000000000800a7cc       0x94 build/adc_stream.o
                0x000000000800a7cc                AdcStream_FlushPartialBlock
 .text.AdcStream_Stop
                0x000000000800a860       0x24 build/adc_stream.o
                0x000000000800a860                AdcStream_Stop
 .text.AdcStream_Task
                0x000000000800a884        0x2 build/adc_stream.o
                0x000000000800a884                AdcStream_Task
 *fill*         0x000000000800a886        0x2 
 .text.AdcStream_IsRunning
                0x000000000800a888        0xc build/adc_stream.o
                0x000000000800a888                AdcStream_IsRunning
 .text.AdcStream_GetSampleSeq
                0x000000000800a894        0xc build/adc_stream.o
                0x000000000800a894                AdcStream_GetSampleSeq
 .text.AdcStream_GetOverrunCount
                0x000000000800a8a0        0xc build/adc_stream.o
                0x000000000800a8a0                AdcStream_GetOverrunCount
 .text.AdcStream_GetSpiErrorCount
                0x000000000800a8ac        0xc build/adc_stream.o
                0x000000000800a8ac                AdcStream_GetSpiErrorCount
 .text.AdcStream_GetFlags
                0x000000000800a8b8        0xc build/adc_stream.o
                0x000000000800a8b8                AdcStream_GetFlags
 .text.AdcStream_GetDrdyIrqCount
                0x000000000800a8c4        0xc build/adc_stream.o
                0x000000000800a8c4                AdcStream_GetDrdyIrqCount
 .text.AdcStream_GetIsrStopCount
                0x000000000800a8d0        0xc build/adc_stream.o
                0x000000000800a8d0                AdcStream_GetIsrStopCount
 .text.AdcStream_GetReadyCount
                0x000000000800a8dc       0x2c build/adc_stream.o
                0x000000000800a8dc                AdcStream_GetReadyCount
 .text.AdcStream_GetQueuedCount
                0x000000000800a908       0x2c build/adc_stream.o
                0x000000000800a908                AdcStream_GetQueuedCount
 .text.AdcStream_GetFreeCount
                0x000000000800a934       0x2c build/adc_stream.o
                0x000000000800a934                AdcStream_GetFreeCount
 .text.AdcStream_PeekReadyBlock
                0x000000000800a960       0x34 build/adc_stream.o
                0x000000000800a960                AdcStream_PeekReadyBlock
 .text.AdcStream_MarkBlockQueued
                0x000000000800a994       0x28 build/adc_stream.o
                0x000000000800a994                AdcStream_MarkBlockQueued
 .text.AdcStream_ReleaseQueuedBlock
                0x000000000800a9bc       0x44 build/adc_stream.o
                0x000000000800a9bc                AdcStream_ReleaseQueuedBlock
 .text.AdcStream_OnDrdyIrq
                0x000000000800aa00      0x1b4 build/adc_stream.o
                0x000000000800aa00                AdcStream_OnDrdyIrq
 .text.HAL_GPIO_EXTI_Callback
                0x000000000800abb4        0xe build/adc_stream.o
                0x000000000800abb4                HAL_GPIO_EXTI_Callback
 .text.get_u16  0x000000000800abc2        0xa build/adc_tcp_server.o
 .text.get_u32  0x000000000800abcc       0x16 build/adc_tcp_server.o
 .text.put_u16  0x000000000800abe2        0x8 build/adc_tcp_server.o
 .text.put_u32  0x000000000800abea       0x14 build/adc_tcp_server.o
 .text.txq_next
                0x000000000800abfe        0xc build/adc_tcp_server.o
 *fill*         0x000000000800ac0a        0x2 
 .text.txq_push
                0x000000000800ac0c       0x64 build/adc_tcp_server.o
 .text.crc16_modbus
                0x000000000800ac70       0x38 build/adc_tcp_server.o
 .text.build_data_frame
                0x000000000800aca8       0x98 build/adc_tcp_server.o
 .text.on_sent  0x000000000800ad40       0xe4 build/adc_tcp_server.o
 .text.txq_reset
                0x000000000800ae24       0x40 build/adc_tcp_server.o
 .text.on_err   0x000000000800ae64       0x38 build/adc_tcp_server.o
 .text.build_small_frame
                0x000000000800ae9c       0x60 build/adc_tcp_server.o
 .text.discard_stale_stream_before_start
                0x000000000800aefc       0x3c build/adc_tcp_server.o
 .text.send_small_frame
                0x000000000800af38       0x98 build/adc_tcp_server.o
 .text.send_ack
                0x000000000800afd0       0xd0 build/adc_tcp_server.o
 .text.on_accept
                0x000000000800b0a0       0xc0 build/adc_tcp_server.o
 .text.stream_debug_reset_on_start
                0x000000000800b160       0x68 build/adc_tcp_server.o
 .text.start_stream_now
                0x000000000800b1c8       0x20 build/adc_tcp_server.o
 .text.stream_debug_print_periodic
                0x000000000800b1e8       0xc8 build/adc_tcp_server.o
 .text.AdcTcpServer_Init
                0x000000000800b2b0       0x48 build/adc_tcp_server.o
                0x000000000800b2b0                AdcTcpServer_Init
 .text.AdcTcpServer_Task
                0x000000000800b2f8      0x140 build/adc_tcp_server.o
                0x000000000800b2f8                AdcTcpServer_Task
 .text.on_poll  0x000000000800b438        0xa build/adc_tcp_server.o
 *fill*         0x000000000800b442        0x2 
 .text.handle_frame
                0x000000000800b444      0x148 build/adc_tcp_server.o
 .text.parse_rx_stream
                0x000000000800b58c       0xd0 build/adc_tcp_server.o
 .text.on_recv  0x000000000800b65c       0x7c build/adc_tcp_server.o
 .text.ads_wait_spi_not_busy
                0x000000000800b6d8       0x2c build/ads127l11.o
 .text.ads_clear_spi_rx_ovr
                0x000000000800b704       0x30 build/ads127l11.o
 .text.ADS127L11_SPI4_ForceFastMode
                0x000000000800b734       0x5c build/ads127l11.o
 .text.ADS127L11_BoardGpioInit
                0x000000000800b790       0xe0 build/ads127l11.o
                0x000000000800b790                ADS127L11_BoardGpioInit
 .text.ADS127L11_WriteReg
                0x000000000800b870       0x7c build/ads127l11.o
                0x000000000800b870                ADS127L11_WriteReg
 .text.ADS127L11_Start
                0x000000000800b8ec        0xc build/ads127l11.o
                0x000000000800b8ec                ADS127L11_Start
 .text.ADS127L11_Stop
                0x000000000800b8f8       0x10 build/ads127l11.o
                0x000000000800b8f8                ADS127L11_Stop
 .text.ADS127L11_StreamEnter
                0x000000000800b908       0x18 build/ads127l11.o
                0x000000000800b908                ADS127L11_StreamEnter
 .text.ADS127L11_StreamExit
                0x000000000800b920       0x1c build/ads127l11.o
                0x000000000800b920                ADS127L11_StreamExit
 .text.ADS127L11_Configure
                0x000000000800b93c       0x84 build/ads127l11.o
                0x000000000800b93c                ADS127L11_Configure
 .text.ADS127L11_Init
                0x000000000800b9c0       0x48 build/ads127l11.o
                0x000000000800b9c0                ADS127L11_Init
 .text.ADS127L11_ReadDataFast
                0x000000000800ba08      0x1ec build/ads127l11.o
                0x000000000800ba08                ADS127L11_ReadDataFast
 .text.AppConfig_Default
                0x000000000800bbf4       0x18 build/app_config.o
                0x000000000800bbf4                AppConfig_Default
 .text.AppConfig_IsValid
                0x000000000800bc0c       0x58 build/app_config.o
                0x000000000800bc0c                AppConfig_IsValid
 .text.AppConfig_BytesPerSample
                0x000000000800bc64        0xe build/app_config.o
                0x000000000800bc64                AppConfig_BytesPerSample
 *fill*         0x000000000800bc72        0x2 
 .text.AppConfig_AdcFilterCode
                0x000000000800bc74       0x40 build/app_config.o
                0x000000000800bc74                AppConfig_AdcFilterCode
 .text.crc16_modbus
                0x000000000800bcb4       0x38 build/flash_param.o
 .text.FlashParam_Load
                0x000000000800bcec       0x98 build/flash_param.o
                0x000000000800bcec                FlashParam_Load
 .text.FlashParam_Save
                0x000000000800bd84       0xb0 build/flash_param.o
                0x000000000800bd84                FlashParam_Save
 .text.RangeCtrl_Set
                0x000000000800be34       0x8c build/range_ctrl.o
                0x000000000800be34                RangeCtrl_Set
 .text._GetAvailWriteSpace
                0x000000000800bec0       0x18 build/SEGGER_RTT.o
 .text._WriteNoCheck
                0x000000000800bed8       0x44 build/SEGGER_RTT.o
 .text._WriteBlocking
                0x000000000800bf1c       0x5e build/SEGGER_RTT.o
 *fill*         0x000000000800bf7a        0x2 
 .text._DoInit  0x000000000800bf7c       0x60 build/SEGGER_RTT.o
 .text.SEGGER_RTT_WriteNoLock
                0x000000000800bfdc       0x6c build/SEGGER_RTT.o
                0x000000000800bfdc                SEGGER_RTT_WriteNoLock
 .text.SEGGER_RTT_Write
                0x000000000800c048       0x34 build/SEGGER_RTT.o
                0x000000000800c048                SEGGER_RTT_Write
 .text.SEGGER_RTT_SetFlagsUpBuffer
                0x000000000800c07c       0x44 build/SEGGER_RTT.o
                0x000000000800c07c                SEGGER_RTT_SetFlagsUpBuffer
 .text.SEGGER_RTT_Init
                0x000000000800c0c0        0x8 build/SEGGER_RTT.o
                0x000000000800c0c0                SEGGER_RTT_Init
 .text._StoreChar
                0x000000000800c0c8       0x40 build/SEGGER_RTT_printf.o
 .text._PrintUnsigned
                0x000000000800c108       0xe0 build/SEGGER_RTT_printf.o
 .text._PrintInt
                0x000000000800c1e8       0xf4 build/SEGGER_RTT_printf.o
 .text.SEGGER_RTT_vprintf
                0x000000000800c2dc      0x2bc build/SEGGER_RTT_printf.o
                0x000000000800c2dc                SEGGER_RTT_vprintf
 .text.SEGGER_RTT_printf
                0x000000000800c598       0x1e build/SEGGER_RTT_printf.o
                0x000000000800c598                SEGGER_RTT_printf
 *fill*         0x000000000800c5b6        0x2 
 .text.Reset_Handler
                0x000000000800c5b8       0x50 build/startup_stm32f427xx.o
                0x000000000800c5b8                Reset_Handler
 .text.Default_Handler
                0x000000000800c608        0x2 build/startup_stm32f427xx.o
                0x000000000800c608                RTC_Alarm_IRQHandler
                0x000000000800c608                HASH_RNG_IRQHandler
                0x000000000800c608                EXTI2_IRQHandler
                0x000000000800c608                TIM8_CC_IRQHandler
                0x000000000800c608                UART8_IRQHandler
                0x000000000800c608                SPI4_IRQHandler
                0x000000000800c608                TIM1_CC_IRQHandler
                0x000000000800c608                DMA2_Stream5_IRQHandler
                0x000000000800c608                DMA1_Stream5_IRQHandler
                0x000000000800c608                PVD_IRQHandler
                0x000000000800c608                SDIO_IRQHandler
                0x000000000800c608                TAMP_STAMP_IRQHandler
                0x000000000800c608                CAN2_RX1_IRQHandler
                0x000000000800c608                TIM8_TRG_COM_TIM14_IRQHandler
                0x000000000800c608                TIM1_UP_TIM10_IRQHandler
                0x000000000800c608                TIM8_UP_TIM13_IRQHandler
                0x000000000800c608                I2C3_ER_IRQHandler
                0x000000000800c608                EXTI0_IRQHandler
                0x000000000800c608                I2C2_EV_IRQHandler
                0x000000000800c608                DMA1_Stream2_IRQHandler
                0x000000000800c608                CAN1_RX0_IRQHandler
                0x000000000800c608                FPU_IRQHandler
                0x000000000800c608                OTG_HS_WKUP_IRQHandler
                0x000000000800c608                CAN2_SCE_IRQHandler
                0x000000000800c608                DMA2_Stream2_IRQHandler
                0x000000000800c608                SPI1_IRQHandler
                0x000000000800c608                TIM6_DAC_IRQHandler
                0x000000000800c608                TIM1_BRK_TIM9_IRQHandler
                0x000000000800c608                DCMI_IRQHandler
                0x000000000800c608                CAN2_RX0_IRQHandler
                0x000000000800c608                DMA2_Stream3_IRQHandler
                0x000000000800c608                USART6_IRQHandler
                0x000000000800c608                USART3_IRQHandler
                0x000000000800c608                CAN1_RX1_IRQHandler
                0x000000000800c608                UART5_IRQHandler
                0x000000000800c608                DMA2_Stream0_IRQHandler
                0x000000000800c608                TIM4_IRQHandler
                0x000000000800c608                I2C1_EV_IRQHandler
                0x000000000800c608                DMA1_Stream6_IRQHandler
                0x000000000800c608                DMA1_Stream1_IRQHandler
                0x000000000800c608                UART4_IRQHandler
                0x000000000800c608                TIM3_IRQHandler
                0x000000000800c608                RCC_IRQHandler
                0x000000000800c608                TIM8_BRK_TIM12_IRQHandler
                0x000000000800c608                Default_Handler
                0x000000000800c608                EXTI15_10_IRQHandler
                0x000000000800c608                ADC_IRQHandler
                0x000000000800c608                DMA1_Stream7_IRQHandler
                0x000000000800c608                SPI5_IRQHandler
                0x000000000800c608                TIM7_IRQHandler
                0x000000000800c608                CAN2_TX_IRQHandler
                0x000000000800c608                TIM5_IRQHandler
                0x000000000800c608                DMA2_Stream7_IRQHandler
                0x000000000800c608                I2C3_EV_IRQHandler
                0x000000000800c608                EXTI9_5_IRQHandler
                0x000000000800c608                RTC_WKUP_IRQHandler
                0x000000000800c608                ETH_WKUP_IRQHandler
                0x000000000800c608                SPI2_IRQHandler
                0x000000000800c608                OTG_HS_EP1_IN_IRQHandler
                0x000000000800c608                DMA1_Stream0_IRQHandler
                0x000000000800c608                CAN1_TX_IRQHandler
                0x000000000800c608                EXTI4_IRQHandler
                0x000000000800c608                ETH_IRQHandler
                0x000000000800c608                OTG_HS_EP1_OUT_IRQHandler
                0x000000000800c608                WWDG_IRQHandler
                0x000000000800c608                SPI6_IRQHandler
                0x000000000800c608                TIM2_IRQHandler
                0x000000000800c608                OTG_FS_WKUP_IRQHandler
                0x000000000800c608                TIM1_TRG_COM_TIM11_IRQHandler
                0x000000000800c608                OTG_HS_IRQHandler
                0x000000000800c608                DMA2D_IRQHandler
                0x000000000800c608                EXTI1_IRQHandler
                0x000000000800c608                UART7_IRQHandler
                0x000000000800c608                USART2_IRQHandler
                0x000000000800c608                I2C2_ER_IRQHandler
                0x000000000800c608                DMA2_Stream1_IRQHandler
                0x000000000800c608                CAN1_SCE_IRQHandler
                0x000000000800c608                FLASH_IRQHandler
                0x000000000800c608                DMA2_Stream4_IRQHandler
                0x000000000800c608                USART1_IRQHandler
                0x000000000800c608                OTG_FS_IRQHandler
                0x000000000800c608                SPI3_IRQHandler
                0x000000000800c608                DMA1_Stream4_IRQHandler
                0x000000000800c608                I2C1_ER_IRQHandler
                0x000000000800c608                FMC_IRQHandler
                0x000000000800c608                DMA2_Stream6_IRQHandler
                0x000000000800c608                SAI1_IRQHandler
                0x000000000800c608                DMA1_Stream3_IRQHandler
 *fill*         0x000000000800c60a        0x2 
 .text.__libc_init_array
                0x000000000800c60c       0x48 /opt/gcc-arm-none-eabi-9-2020-q2-update/bin/../lib/gcc/arm-none-eabi/9.3.1/../../../../arm-none-eabi/lib/thumb/v7e-m+fp/hard/libc_nano.a(lib_a-init.o)
                0x000000000800c60c                __libc_init_array
 .text.memcmp   0x000000000800c654       0x1c /opt/gcc-arm-none-eabi-9-2020-q2-update/bin/../lib/gcc/arm-none-eabi/9.3.1/../../../../arm-none-eabi/lib/thumb/v7e-m+fp/hard/libc_nano.a(lib_a-memcmp.o)
                0x000000000800c654                memcmp
 .text.memcpy   0x000000000800c670       0x1c /opt/gcc-arm-none-eabi-9-2020-q2-update/bin/../lib/gcc/arm-none-eabi/9.3.1/../../../../arm-none-eabi/lib/thumb/v7e-m+fp/hard/libc_nano.a(lib_a-memcpy-stub.o)
                0x000000000800c670                memcpy
 .text.memmove  0x000000000800c68c       0x34 /opt/gcc-arm-none-eabi-9-2020-q2-update/bin/../lib/gcc/arm-none-eabi/9.3.1/../../../../arm-none-eabi/lib/thumb/v7e-m+fp/hard/libc_nano.a(lib_a-memmove.o)
                0x000000000800c68c                memmove
 .text.memset   0x000000000800c6c0       0x10 /opt/gcc-arm-none-eabi-9-2020-q2-update/bin/../lib/gcc/arm-none-eabi/9.3.1/../../../../arm-none-eabi/lib/thumb/v7e-m+fp/hard/libc_nano.a(lib_a-memset.o)
                0x000000000800c6c0                memset
 .text.printf   0x000000000800c6d0       0x30 /opt/gcc-arm-none-eabi-9-2020-q2-update/bin/../lib/gcc/arm-none-eabi/9.3.1/../../../../arm-none-eabi/lib/thumb/v7e-m+fp/hard/libc_nano.a(lib_a-printf.o)
                0x000000000800c6d0                printf
                0x000000000800c6d0                iprintf
 .text.rand     0x000000000800c700       0x80 /opt/gcc-arm-none-eabi-9-2020-q2-update/bin/../lib/gcc/arm-none-eabi/9.3.1/../../../../arm-none-eabi/lib/thumb/v7e-m+fp/hard/libc_nano.a(lib_a-rand.o)
                0x000000000800c700                rand
 .text.__assert_func
                0x000000000800c780       0x3c /opt/gcc-arm-none-eabi-9-2020-q2-update/bin/../lib/gcc/arm-none-eabi/9.3.1/../../../../arm-none-eabi/lib/thumb/v7e-m+fp/hard/libc_nano.a(lib_a-assert.o)
                0x000000000800c780                __assert_func
 .text.std      0x000000000800c7bc       0x48 /opt/gcc-arm-none-eabi-9-2020-q2-update/bin/../lib/gcc/arm-none-eabi/9.3.1/../../../../arm-none-eabi/lib/thumb/v7e-m+fp/hard/libc_nano.a(lib_a-findfp.o)
 .text._cleanup_r
                0x000000000800c804        0xc /opt/gcc-arm-none-eabi-9-2020-q2-update/bin/../lib/gcc/arm-none-eabi/9.3.1/../../../../arm-none-eabi/lib/thumb/v7e-m+fp/hard/libc_nano.a(lib_a-findfp.o)
                0x000000000800c804                _cleanup_r
 .text.__sfmoreglue
                0x000000000800c810       0x2c /opt/gcc-arm-none-eabi-9-2020-q2-update/bin/../lib/gcc/arm-none-eabi/9.3.1/../../../../arm-none-eabi/lib/thumb/v7e-m+fp/hard/libc_nano.a(lib_a-findfp.o)
                0x000000000800c810                __sfmoreglue
 .text.__sfp_lock_acquire
                0x000000000800c83c        0xc /opt/gcc-arm-none-eabi-9-2020-q2-update/bin/../lib/gcc/arm-none-eabi/9.3.1/../../../../arm-none-eabi/lib/thumb/v7e-m+fp/hard/libc_nano.a(lib_a-findfp.o)
                0x000000000800c83c                __sfp_lock_acquire
 .text.__sfp_lock_release
                0x000000000800c848        0xc /opt/gcc-arm-none-eabi-9-2020-q2-update/bin/../lib/gcc/arm-none-eabi/9.3.1/../../../../arm-none-eabi/lib/thumb/v7e-m+fp/hard/libc_nano.a(lib_a-findfp.o)
                0x000000000800c848                __sfp_lock_release
 .text.__sinit_lock_acquire
                0x000000000800c854        0xc /opt/gcc-arm-none-eabi-9-2020-q2-update/bin/../lib/gcc/arm-none-eabi/9.3.1/../../../../arm-none-eabi/lib/thumb/v7e-m+fp/hard/libc_nano.a(lib_a-findfp.o)
                0x000000000800c854                __sinit_lock_acquire
 .text.__sinit_lock_release
                0x000000000800c860        0xc /opt/gcc-arm-none-eabi-9-2020-q2-update/bin/../lib/gcc/arm-none-eabi/9.3.1/../../../../arm-none-eabi/lib/thumb/v7e-m+fp/hard/libc_nano.a(lib_a-findfp.o)
                0x000000000800c860                __sinit_lock_release
 .text.__sinit  0x000000000800c86c       0x70 /opt/gcc-arm-none-eabi-9-2020-q2-update/bin/../lib/gcc/arm-none-eabi/9.3.1/../../../../arm-none-eabi/lib/thumb/v7e-m+fp/hard/libc_nano.a(lib_a-findfp.o)
                0x000000000800c86c                __sinit
 .text.__sfp    0x000000000800c8dc       0x8c /opt/gcc-arm-none-eabi-9-2020-q2-update/bin/../lib/gcc/arm-none-eabi/9.3.1/../../../../arm-none-eabi/lib/thumb/v7e-m+fp/hard/libc_nano.a(lib_a-findfp.o)
                0x000000000800c8dc                __sfp
 .text.fprintf  0x000000000800c968       0x24 /opt/gcc-arm-none-eabi-9-2020-q2-update/bin/../lib/gcc/arm-none-eabi/9.3.1/../../../../arm-none-eabi/lib/thumb/v7e-m+fp/hard/libc_nano.a(lib_a-fprintf.o)
                0x000000000800c968                fprintf
                0x000000000800c968                fiprintf
 .text._fwalk_reent
                0x000000000800c98c       0x3e /opt/gcc-arm-none-eabi-9-2020-q2-update/bin/../lib/gcc/arm-none-eabi/9.3.1/../../../../arm-none-eabi/lib/thumb/v7e-m+fp/hard/libc_nano.a(lib_a-fwalk.o)
                0x000000000800c98c                _fwalk_reent
 .text.__retarget_lock_init_recursive
                0x000000000800c9ca        0x2 /opt/gcc-arm-none-eabi-9-2020-q2-update/bin/../lib/gcc/arm-none-eabi/9.3.1/../../../../arm-none-eabi/lib/thumb/v7e-m+fp/hard/libc_nano.a(lib_a-lock.o)
                0x000000000800c9ca                __retarget_lock_init_recursive
 .text.__retarget_lock_acquire_recursive
                0x000000000800c9cc        0x2 /opt/gcc-arm-none-eabi-9-2020-q2-update/bin/../lib/gcc/arm-none-eabi/9.3.1/../../../../arm-none-eabi/lib/thumb/v7e-m+fp/hard/libc_nano.a(lib_a-lock.o)
                0x000000000800c9cc                __retarget_lock_acquire_recursive
 .text.__retarget_lock_release_recursive
                0x000000000800c9ce        0x2 /opt/gcc-arm-none-eabi-9-2020-q2-update/bin/../lib/gcc/arm-none-eabi/9.3.1/../../../../arm-none-eabi/lib/thumb/v7e-m+fp/hard/libc_nano.a(lib_a-lock.o)
                0x000000000800c9ce                __retarget_lock_release_recursive
 .text.malloc   0x000000000800c9d0       0x10 /opt/gcc-arm-none-eabi-9-2020-q2-update/bin/../lib/gcc/arm-none-eabi/9.3.1/../../../../arm-none-eabi/lib/thumb/v7e-m+fp/hard/libc_nano.a(lib_a-malloc.o)
                0x000000000800c9d0                malloc
 .text._free_r  0x000000000800c9e0       0xa0 /opt/gcc-arm-none-eabi-9-2020-q2-update/bin/../lib/gcc/arm-none-eabi/9.3.1/../../../../arm-none-eabi/lib/thumb/v7e-m+fp/hard/libc_nano.a(lib_a-nano-freer.o)
                0x000000000800c9e0                _free_r
 .text._malloc_r
                0x000000000800ca80       0xb4 /opt/gcc-arm-none-eabi-9-2020-q2-update/bin/../lib/gcc/arm-none-eabi/9.3.1/../../../../arm-none-eabi/lib/thumb/v7e-m+fp/hard/libc_nano.a(lib_a-nano-mallocr.o)
                0x000000000800ca80                _malloc_r
 .text.__sfputc_r
                0x000000000800cb34       0x2e /opt/gcc-arm-none-eabi-9-2020-q2-update/bin/../lib/gcc/arm-none-eabi/9.3.1/../../../../arm-none-eabi/lib/thumb/v7e-m+fp/hard/libc_nano.a(lib_a-nano-vfprintf.o)
 .text.__sfputs_r
                0x000000000800cb62       0x24 /opt/gcc-arm-none-eabi-9-2020-q2-update/bin/../lib/gcc/arm-none-eabi/9.3.1/../../../../arm-none-eabi/lib/thumb/v7e-m+fp/hard/libc_nano.a(lib_a-nano-vfprintf.o)
                0x000000000800cb62                __sfputs_r
 *fill*         0x000000000800cb86        0x2 
 .text._vfprintf_r
                0x000000000800cb88      0x260 /opt/gcc-arm-none-eabi-9-2020-q2-update/bin/../lib/gcc/arm-none-eabi/9.3.1/../../../../arm-none-eabi/lib/thumb/v7e-m+fp/hard/libc_nano.a(lib_a-nano-vfprintf.o)
                0x000000000800cb88                _vfiprintf_r
                0x000000000800cb88                _vfprintf_r
 .text._printf_common
                0x000000000800cde8       0xda /opt/gcc-arm-none-eabi-9-2020-q2-update/bin/../lib/gcc/arm-none-eabi/9.3.1/../../../../arm-none-eabi/lib/thumb/v7e-m+fp/hard/libc_nano.a(lib_a-nano-vfprintf_i.o)
                0x000000000800cde8                _printf_common
 *fill*         0x000000000800cec2        0x2 
 .text._printf_i
                0x000000000800cec4      0x24c /opt/gcc-arm-none-eabi-9-2020-q2-update/bin/../lib/gcc/arm-none-eabi/9.3.1/../../../../arm-none-eabi/lib/thumb/v7e-m+fp/hard/libc_nano.a(lib_a-nano-vfprintf_i.o)
                0x000000000800cec4                _printf_i
 .text._sbrk_r  0x000000000800d110       0x20 /opt/gcc-arm-none-eabi-9-2020-q2-update/bin/../lib/gcc/arm-none-eabi/9.3.1/../../../../arm-none-eabi/lib/thumb/v7e-m+fp/hard/libc_nano.a(lib_a-sbrkr.o)
                0x000000000800d110                _sbrk_r
 .text.__sread  0x000000000800d130       0x22 /opt/gcc-arm-none-eabi-9-2020-q2-update/bin/../lib/gcc/arm-none-eabi/9.3.1/../../../../arm-none-eabi/lib/thumb/v7e-m+fp/hard/libc_nano.a(lib_a-stdio.o)
                0x000000000800d130                __sread
 .text.__swrite
                0x000000000800d152       0x38 /opt/gcc-arm-none-eabi-9-2020-q2-update/bin/../lib/gcc/arm-none-eabi/9.3.1/../../../../arm-none-eabi/lib/thumb/v7e-m+fp/hard/libc_nano.a(lib_a-stdio.o)
                0x000000000800d152                __swrite
 .text.__sseek  0x000000000800d18a       0x24 /opt/gcc-arm-none-eabi-9-2020-q2-update/bin/../lib/gcc/arm-none-eabi/9.3.1/../../../../arm-none-eabi/lib/thumb/v7e-m+fp/hard/libc_nano.a(lib_a-stdio.o)
                0x000000000800d18a                __sseek
 .text.__sclose
                0x000000000800d1ae        0x8 /opt/gcc-arm-none-eabi-9-2020-q2-update/bin/../lib/gcc/arm-none-eabi/9.3.1/../../../../arm-none-eabi/lib/thumb/v7e-m+fp/hard/libc_nano.a(lib_a-stdio.o)
                0x000000000800d1ae                __sclose
 *fill*         0x000000000800d1b6        0x2 
 .text.__swbuf_r
                0x000000000800d1b8       0xa4 /opt/gcc-arm-none-eabi-9-2020-q2-update/bin/../lib/gcc/arm-none-eabi/9.3.1/../../../../arm-none-eabi/lib/thumb/v7e-m+fp/hard/libc_nano.a(lib_a-wbuf.o)
                0x000000000800d1b8                __swbuf_r
 .text._write_r
                0x000000000800d25c       0x24 /opt/gcc-arm-none-eabi-9-2020-q2-update/bin/../lib/gcc/arm-none-eabi/9.3.1/../../../../arm-none-eabi/lib/thumb/v7e-m+fp/hard/libc_nano.a(lib_a-writer.o)
                0x000000000800d25c                _write_r
 .text.__swsetup_r
                0x000000000800d280       0xdc /opt/gcc-arm-none-eabi-9-2020-q2-update/bin/../lib/gcc/arm-none-eabi/9.3.1/../../../../arm-none-eabi/lib/thumb/v7e-m+fp/hard/libc_nano.a(lib_a-wsetup.o)
                0x000000000800d280                __swsetup_r
 .text.abort    0x000000000800d35c        0xe /opt/gcc-arm-none-eabi-9-2020-q2-update/bin/../lib/gcc/arm-none-eabi/9.3.1/../../../../arm-none-eabi/lib/thumb/v7e-m+fp/hard/libc_nano.a(lib_a-abort.o)
                0x000000000800d35c                abort
 *fill*         0x000000000800d36a        0x2 
 .text._close_r
                0x000000000800d36c       0x20 /opt/gcc-arm-none-eabi-9-2020-q2-update/bin/../lib/gcc/arm-none-eabi/9.3.1/../../../../arm-none-eabi/lib/thumb/v7e-m+fp/hard/libc_nano.a(lib_a-closer.o)
                0x000000000800d36c                _close_r
 .text.__sflush_r
                0x000000000800d38c      0x10c /opt/gcc-arm-none-eabi-9-2020-q2-update/bin/../lib/gcc/arm-none-eabi/9.3.1/../../../../arm-none-eabi/lib/thumb/v7e-m+fp/hard/libc_nano.a(lib_a-fflush.o)
                0x000000000800d38c                __sflush_r
 .text._fflush_r
                0x000000000800d498       0x78 /opt/gcc-arm-none-eabi-9-2020-q2-update/bin/../lib/gcc/arm-none-eabi/9.3.1/../../../../arm-none-eabi/lib/thumb/v7e-m+fp/hard/libc_nano.a(lib_a-fflush.o)
                0x000000000800d498                _fflush_r
 .text._lseek_r
                0x000000000800d510       0x24 /opt/gcc-arm-none-eabi-9-2020-q2-update/bin/../lib/gcc/arm-none-eabi/9.3.1/../../../../arm-none-eabi/lib/thumb/v7e-m+fp/hard/libc_nano.a(lib_a-lseekr.o)
                0x000000000800d510                _lseek_r
 .text.__swhatbuf_r
                0x000000000800d534       0x48 /opt/gcc-arm-none-eabi-9-2020-q2-update/bin/../lib/gcc/arm-none-eabi/9.3.1/../../../../arm-none-eabi/lib/thumb/v7e-m+fp/hard/libc_nano.a(lib_a-makebuf.o)
                0x000000000800d534                __swhatbuf_r
 .text.__smakebuf_r
                0x000000000800d57c       0x80 /opt/gcc-arm-none-eabi-9-2020-q2-update/bin/../lib/gcc/arm-none-eabi/9.3.1/../../../../arm-none-eabi/lib/thumb/v7e-m+fp/hard/libc_nano.a(lib_a-makebuf.o)
                0x000000000800d57c                __smakebuf_r
 .text.__malloc_lock
                0x000000000800d5fc        0xc /opt/gcc-arm-none-eabi-9-2020-q2-update/bin/../lib/gcc/arm-none-eabi/9.3.1/../../../../arm-none-eabi/lib/thumb/v7e-m+fp/hard/libc_nano.a(lib_a-mlock.o)
                0x000000000800d5fc                __malloc_lock
 .text.__malloc_unlock
                0x000000000800d608        0xc /opt/gcc-arm-none-eabi-9-2020-q2-update/bin/../lib/gcc/arm-none-eabi/9.3.1/../../../../arm-none-eabi/lib/thumb/v7e-m+fp/hard/libc_nano.a(lib_a-mlock.o)
                0x000000000800d608                __malloc_unlock
 .text._read_r  0x000000000800d614       0x24 /opt/gcc-arm-none-eabi-9-2020-q2-update/bin/../lib/gcc/arm-none-eabi/9.3.1/../../../../arm-none-eabi/lib/thumb/v7e-m+fp/hard/libc_nano.a(lib_a-readr.o)
                0x000000000800d614                _read_r
 .text._raise_r
                0x000000000800d638       0x50 /opt/gcc-arm-none-eabi-9-2020-q2-update/bin/../lib/gcc/arm-none-eabi/9.3.1/../../../../arm-none-eabi/lib/thumb/v7e-m+fp/hard/libc_nano.a(lib_a-signal.o)
                0x000000000800d638                _raise_r
 .text.raise    0x000000000800d688       0x10 /opt/gcc-arm-none-eabi-9-2020-q2-update/bin/../lib/gcc/arm-none-eabi/9.3.1/../../../../arm-none-eabi/lib/thumb/v7e-m+fp/hard/libc_nano.a(lib_a-signal.o)
                0x000000000800d688                raise
 .text._kill_r  0x000000000800d698       0x24 /opt/gcc-arm-none-eabi-9-2020-q2-update/bin/../lib/gcc/arm-none-eabi/9.3.1/../../../../arm-none-eabi/lib/thumb/v7e-m+fp/hard/libc_nano.a(lib_a-signalr.o)
                0x000000000800d698                _kill_r
 .text._getpid_r
                0x000000000800d6bc        0x4 /opt/gcc-arm-none-eabi-9-2020-q2-update/bin/../lib/gcc/arm-none-eabi/9.3.1/../../../../arm-none-eabi/lib/thumb/v7e-m+fp/hard/libc_nano.a(lib_a-signalr.o)
                0x000000000800d6bc                _getpid_r
 .text._fstat_r
                0x000000000800d6c0       0x24 /opt/gcc-arm-none-eabi-9-2020-q2-update/bin/../lib/gcc/arm-none-eabi/9.3.1/../../../../arm-none-eabi/lib/thumb/v7e-m+fp/hard/libc_nano.a(lib_a-fstatr.o)
                0x000000000800d6c0                _fstat_r
 .text._isatty_r
                0x000000000800d6e4       0x20 /opt/gcc-arm-none-eabi-9-2020-q2-update/bin/../lib/gcc/arm-none-eabi/9.3.1/../../../../arm-none-eabi/lib/thumb/v7e-m+fp/hard/libc_nano.a(lib_a-isattyr.o)
                0x000000000800d6e4                _isatty_r
 *(.glue_7)
 .glue_7        0x000000000800d704        0x0 linker stubs
 *(.glue_7t)
 .glue_7t       0x000000000800d704        0x0 linker stubs
 *(.eh_frame)
 .eh_frame      0x000000000800d704        0x0 /opt/gcc-arm-none-eabi-9-2020-q2-update/bin/../lib/gcc/arm-none-eabi/9.3.1/thumb/v7e-m+fp/hard/crtbegin.o
 *(.init)
 .init          0x000000000800d704        0x4 /opt/gcc-arm-none-eabi-9-2020-q2-update/bin/../lib/gcc/arm-none-eabi/9.3.1/thumb/v7e-m+fp/hard/crti.o
                0x000000000800d704                _init
 .init          0x000000000800d708        0x8 /opt/gcc-arm-none-eabi-9-2020-q2-update/bin/../lib/gcc/arm-none-eabi/9.3.1/thumb/v7e-m+fp/hard/crtn.o
 *(.fini)
 .fini          0x000000000800d710        0x4 /opt/gcc-arm-none-eabi-9-2020-q2-update/bin/../lib/gcc/arm-none-eabi/9.3.1/thumb/v7e-m+fp/hard/crti.o
                0x000000000800d710                _fini
 .fini          0x000000000800d714        0x8 /opt/gcc-arm-none-eabi-9-2020-q2-update/bin/../lib/gcc/arm-none-eabi/9.3.1/thumb/v7e-m+fp/hard/crtn.o
                0x000000000800d71c                . = ALIGN (0x4)
                0x000000000800d71c                _etext = .

.vfp11_veneer   0x000000000800d71c        0x0
 .vfp11_veneer  0x000000000800d71c        0x0 linker stubs

.v4_bx          0x000000000800d71c        0x0
 .v4_bx         0x000000000800d71c        0x0 linker stubs

.iplt           0x000000000800d71c        0x0
 .iplt          0x000000000800d71c        0x0 /opt/gcc-arm-none-eabi-9-2020-q2-update/bin/../lib/gcc/arm-none-eabi/9.3.1/thumb/v7e-m+fp/hard/crtbegin.o

.rodata         0x000000000800d71c     0x28b8
                0x000000000800d71c                . = ALIGN (0x4)
 *(.rodata)
 *(.rodata*)
 .rodata.LAN8720_SpeedDuplexString.str1.4
                0x000000000800d71c       0x35 build/main.o
 *fill*         0x000000000800d751        0x3 
 .rodata.LwIP_PrintNetifState.str1.4
                0x000000000800d754       0x2b build/main.o
 *fill*         0x000000000800d77f        0x1 
 .rodata.DebugLog_Init.str1.4
                0x000000000800d780        0x5 build/main.o
 *fill*         0x000000000800d785        0x3 
 .rodata.LAN8720_BootSelfTest.str1.4
                0x000000000800d788       0xdd build/main.o
 *fill*         0x000000000800d865        0x3 
 .rodata.Error_Handler.str1.4
                0x000000000800d868       0x4f build/main.o
 *fill*         0x000000000800d8b7        0x1 
 .rodata.SystemClock_Config.str1.4
                0x000000000800d8b8       0x37 build/main.o
 *fill*         0x000000000800d8ef        0x1 
 .rodata.main.str1.4
                0x000000000800d8f0      0x1bb build/main.o
 *fill*         0x000000000800daab        0x1 
 .rodata.AHBPrescTable
                0x000000000800daac       0x10 build/system_stm32f4xx.o
                0x000000000800daac                AHBPrescTable
 .rodata.ethernetif_init.str1.4
                0x000000000800dabc       0x54 build/ethernetif.o
 .rodata.str1.4
                0x000000000800db10       0x17 build/ethernetif.o
 *fill*         0x000000000800db27        0x1 
 .rodata.memp_RX_POOL
                0x000000000800db28       0x10 build/ethernetif.o
                0x000000000800db28                memp_RX_POOL
 .rodata.ethernet_output.str1.4
                0x000000000800db38       0x65 build/ethernet.o
                                         0x90 (size before relaxing)
 *fill*         0x000000000800db9d        0x3 
 .rodata.ethbroadcast
                0x000000000800dba0        0x6 build/ethernet.o
                0x000000000800dba0                ethbroadcast
 *fill*         0x000000000800dba6        0x2 
 .rodata.ethzero
                0x000000000800dba8        0x6 build/ethernet.o
                0x000000000800dba8                ethzero
 *fill*         0x000000000800dbae        0x2 
 .rodata.plug_holes.str1.4
                0x000000000800dbb0       0xa6 build/mem.o
                                         0xce (size before relaxing)
 *fill*         0x000000000800dc56        0x2 
 .rodata.mem_free.str1.4
                0x000000000800dc58       0x9a build/mem.o
 *fill*         0x000000000800dcf2        0x2 
 .rodata.mem_trim.str1.4
                0x000000000800dcf4       0x49 build/mem.o
 *fill*         0x000000000800dd3d        0x3 
 .rodata.mem_malloc.str1.4
                0x000000000800dd40       0x9f build/mem.o
 *fill*         0x000000000800dddf        0x1 
 .rodata.do_memp_malloc_pool.str1.4
                0x000000000800dde0       0x53 build/memp.o
                                         0x7c (size before relaxing)
 *fill*         0x000000000800de33        0x1 
 .rodata.do_memp_free_pool.str1.4
                0x000000000800de34       0x20 build/memp.o
 .rodata.memp_malloc_pool.str1.4
                0x000000000800de54       0x12 build/memp.o
 *fill*         0x000000000800de66        0x2 
 .rodata.memp_malloc.str1.4
                0x000000000800de68       0x1d build/memp.o
 *fill*         0x000000000800de85        0x3 
 .rodata.memp_free.str1.4
                0x000000000800de88       0x1b build/memp.o
 *fill*         0x000000000800dea3        0x1 
 .rodata.str1.4
                0x000000000800dea4       0x7c build/memp.o
 .rodata.memp_ARP_QUEUE
                0x000000000800df20       0x10 build/memp.o
                0x000000000800df20                memp_ARP_QUEUE
 .rodata.memp_FRAG_PBUF
                0x000000000800df30       0x10 build/memp.o
                0x000000000800df30                memp_FRAG_PBUF
 .rodata.memp_PBUF
                0x000000000800df40       0x10 build/memp.o
                0x000000000800df40                memp_PBUF
 .rodata.memp_PBUF_POOL
                0x000000000800df50       0x10 build/memp.o
                0x000000000800df50                memp_PBUF_POOL
 .rodata.memp_RAW_PCB
                0x000000000800df60       0x10 build/memp.o
                0x000000000800df60                memp_RAW_PCB
 .rodata.memp_REASSDATA
                0x000000000800df70       0x10 build/memp.o
                0x000000000800df70                memp_REASSDATA
 .rodata.memp_SYS_TIMEOUT
                0x000000000800df80       0x10 build/memp.o
                0x000000000800df80                memp_SYS_TIMEOUT
 .rodata.memp_TCP_PCB
                0x000000000800df90       0x10 build/memp.o
                0x000000000800df90                memp_TCP_PCB
 .rodata.memp_TCP_PCB_LISTEN
                0x000000000800dfa0       0x10 build/memp.o
                0x000000000800dfa0                memp_TCP_PCB_LISTEN
 .rodata.memp_TCP_SEG
                0x000000000800dfb0       0x10 build/memp.o
                0x000000000800dfb0                memp_TCP_SEG
 .rodata.memp_UDP_PCB
                0x000000000800dfc0       0x10 build/memp.o
                0x000000000800dfc0                memp_UDP_PCB
 .rodata.memp_pools
                0x000000000800dfd0       0x2c build/memp.o
                0x000000000800dfd0                memp_pools
 .rodata.netif_issue_reports.str1.4
                0x000000000800dffc       0x53 build/netif.o
                                         0x7c (size before relaxing)
 *fill*         0x000000000800e04f        0x1 
 .rodata.netif_do_set_ipaddr.str1.4
                0x000000000800e050       0x10 build/netif.o
 .rodata.netif_add.str1.4
                0x000000000800e060       0x82 build/netif.o
 *fill*         0x000000000800e0e2        0x2 
 .rodata.netif_set_up.str1.4
                0x000000000800e0e4       0x1c build/netif.o
 .rodata.netif_set_down.str1.4
                0x000000000800e100       0x1e build/netif.o
 *fill*         0x000000000800e11e        0x2 
 .rodata.netif_set_link_up.str1.4
                0x000000000800e120       0x21 build/netif.o
 *fill*         0x000000000800e141        0x3 
 .rodata.pbuf_add_header_impl.str1.4
                0x000000000800e144       0x3a build/pbuf.o
                                         0x64 (size before relaxing)
 *fill*         0x000000000800e17e        0x2 
 .rodata.pbuf_alloc_reference.str1.4
                0x000000000800e180       0x12 build/pbuf.o
 *fill*         0x000000000800e192        0x2 
 .rodata.pbuf_remove_header.str1.4
                0x000000000800e194       0x1e build/pbuf.o
 *fill*         0x000000000800e1b2        0x2 
 .rodata.pbuf_free.str1.4
                0x000000000800e1b4       0x4e build/pbuf.o
 *fill*         0x000000000800e202        0x2 
 .rodata.pbuf_alloc.str1.4
                0x000000000800e204       0xab build/pbuf.o
 *fill*         0x000000000800e2af        0x1 
 .rodata.pbuf_realloc.str1.4
                0x000000000800e2b0       0x4c build/pbuf.o
 .rodata.pbuf_ref.str1.4
                0x000000000800e2fc       0x12 build/pbuf.o
 *fill*         0x000000000800e30e        0x2 
 .rodata.pbuf_cat.str1.4
                0x000000000800e310       0x78 build/pbuf.o
 .rodata.pbuf_copy.str1.4
                0x000000000800e388       0x9e build/pbuf.o
 *fill*         0x000000000800e426        0x2 
 .rodata.pbuf_copy_partial.str1.4
                0x000000000800e428       0x43 build/pbuf.o
 *fill*         0x000000000800e46b        0x1 
 .rodata.pbuf_clone.str1.4
                0x000000000800e46c       0x11 build/pbuf.o
 *fill*         0x000000000800e47d        0x3 
 .rodata.raw_input.str1.4
                0x000000000800e480       0x75 build/raw.o
                                         0xa0 (size before relaxing)
 *fill*         0x000000000800e4f5        0x3 
 .rodata.tcp_remove_listener.str1.4
                0x000000000800e4f8       0x52 build/tcp.o
                                         0x7c (size before relaxing)
 *fill*         0x000000000800e54a        0x2 
 .rodata.tcp_listen_closed.str1.4
                0x000000000800e54c       0x21 build/tcp.o
 *fill*         0x000000000800e56d        0x3 
 .rodata.tcp_free_listen.str1.4
                0x000000000800e570       0x19 build/tcp.o
 *fill*         0x000000000800e589        0x3 
 .rodata.tcp_free.str1.4
                0x000000000800e58c       0x11 build/tcp.o
 *fill*         0x000000000800e59d        0x3 
 .rodata.tcp_bind.str1.4
                0x000000000800e5a0       0x40 build/tcp.o
 .rodata.tcp_listen_with_backlog_and_err.str1.4
                0x000000000800e5e0       0x67 build/tcp.o
 *fill*         0x000000000800e647        0x1 
 .rodata.tcp_update_rcv_ann_wnd.str1.4
                0x000000000800e648       0x3e build/tcp.o
 *fill*         0x000000000800e686        0x2 
 .rodata.tcp_recved.str1.4
                0x000000000800e688       0x3e build/tcp.o
 *fill*         0x000000000800e6c6        0x2 
 .rodata.tcp_setprio.str1.4
                0x000000000800e6c8       0x19 build/tcp.o
 *fill*         0x000000000800e6e1        0x3 
 .rodata.tcp_recv.str1.4
                0x000000000800e6e4       0x27 build/tcp.o
 *fill*         0x000000000800e70b        0x1 
 .rodata.tcp_sent.str1.4
                0x000000000800e70c       0x27 build/tcp.o
 *fill*         0x000000000800e733        0x1 
 .rodata.tcp_err.str1.4
                0x000000000800e734       0x26 build/tcp.o
 *fill*         0x000000000800e75a        0x2 
 .rodata.tcp_poll.str1.4
                0x000000000800e75c       0x36 build/tcp.o
 *fill*         0x000000000800e792        0x2 
 .rodata.tcp_pcb_purge.str1.4
                0x000000000800e794       0x1b build/tcp.o
 *fill*         0x000000000800e7af        0x1 
 .rodata.tcp_slowtmr.str1.4
                0x000000000800e7b0      0x1ca build/tcp.o
 *fill*         0x000000000800e97a        0x2 
 .rodata.tcp_pcb_remove.str1.4
                0x000000000800e97c       0x6d build/tcp.o
 *fill*         0x000000000800e9e9        0x3 
 .rodata.tcp_close_shutdown.str1.4
                0x000000000800e9ec       0x39 build/tcp.o
 *fill*         0x000000000800ea25        0x3 
 .rodata.tcp_close.str1.4
                0x000000000800ea28       0x17 build/tcp.o
 *fill*         0x000000000800ea3f        0x1 
 .rodata.tcp_recv_null.str1.4
                0x000000000800ea40       0x1b build/tcp.o
 *fill*         0x000000000800ea5b        0x1 
 .rodata.tcp_process_refused_data.str1.4
                0x000000000800ea5c       0x26 build/tcp.o
 *fill*         0x000000000800ea82        0x2 
 .rodata.tcp_abandon.str1.4
                0x000000000800ea84       0x4d build/tcp.o
 *fill*         0x000000000800ead1        0x3 
 .rodata.tcp_accept_null.str1.4
                0x000000000800ead4       0x1d build/tcp.o
 *fill*         0x000000000800eaf1        0x3 
 .rodata.tcp_netif_ip_addr_changed_pcblist.str1.4
                0x000000000800eaf4       0x34 build/tcp.o
 .rodata.tcp_kill_state.str1.4
                0x000000000800eb28        0xe build/tcp.o
 *fill*         0x000000000800eb36        0x2 
 .rodata.tcp_next_iss.str1.4
                0x000000000800eb38       0x1a build/tcp.o
 *fill*         0x000000000800eb52        0x2 
 .rodata.tcp_eff_send_mss_netif.str1.4
                0x000000000800eb54       0x27 build/tcp.o
 *fill*         0x000000000800eb7b        0x1 
 .rodata.tcp_backoff
                0x000000000800eb7c        0xd build/tcp.o
 *fill*         0x000000000800eb89        0x3 
 .rodata.tcp_pcb_lists
                0x000000000800eb8c       0x10 build/tcp.o
                0x000000000800eb8c                tcp_pcb_lists
 .rodata.tcp_persist_backoff
                0x000000000800eb9c        0x7 build/tcp.o
 *fill*         0x000000000800eba3        0x1 
 .rodata.tcp_parseopt.str1.4
                0x000000000800eba4       0x4a build/tcp_in.o
                                         0x74 (size before relaxing)
 *fill*         0x000000000800ebee        0x2 
 .rodata.tcp_input_delayed_close.str1.4
                0x000000000800ebf0       0x25 build/tcp_in.o
 *fill*         0x000000000800ec15        0x3 
 .rodata.tcp_timewait_input.str1.4
                0x000000000800ec18       0x20 build/tcp_in.o
 .rodata.tcp_listen_input.str1.4
                0x000000000800ec38       0x1e build/tcp_in.o
 *fill*         0x000000000800ec56        0x2 
 .rodata.tcp_free_acked_segments.str1.4
                0x000000000800ec58       0x48 build/tcp_in.o
 .rodata.tcp_receive.str1.4
                0x000000000800eca0       0xcf build/tcp_in.o
 *fill*         0x000000000800ed6f        0x1 
 .rodata.tcp_process.str1.4
                0x000000000800ed70       0x86 build/tcp_in.o
 *fill*         0x000000000800edf6        0x2 
 .rodata.tcp_input.str1.4
                0x000000000800edf8      0x172 build/tcp_in.o
 *fill*         0x000000000800ef6a        0x2 
 .rodata.tcp_write_checks.str1.4
                0x000000000800ef6c       0xbe build/tcp_out.o
                                         0xe6 (size before relaxing)
 *fill*         0x000000000800f02a        0x2 
 .rodata.tcp_output_segment_busy.str1.4
                0x000000000800f02c       0x25 build/tcp_out.o
 *fill*         0x000000000800f051        0x3 
 .rodata.tcp_output_fill_options.str1.4
                0x000000000800f054       0x3b build/tcp_out.o
 *fill*         0x000000000800f08f        0x1 
 .rodata.tcp_pbuf_prealloc.str1.4
                0x000000000800f090       0x58 build/tcp_out.o
 .rodata.tcp_create_segment.str1.4
                0x000000000800f0e8       0x59 build/tcp_out.o
 *fill*         0x000000000800f141        0x3 
 .rodata.tcp_output_alloc_header_common.str1.4
                0x000000000800f144       0x2e build/tcp_out.o
 *fill*         0x000000000800f172        0x2 
 .rodata.tcp_output_alloc_header.str1.4
                0x000000000800f174       0x25 build/tcp_out.o
 *fill*         0x000000000800f199        0x3 
 .rodata.tcp_output_segment.str1.4
                0x000000000800f19c       0x62 build/tcp_out.o
 *fill*         0x000000000800f1fe        0x2 
 .rodata.tcp_output_control_segment.str1.4
                0x000000000800f200       0x29 build/tcp_out.o
 *fill*         0x000000000800f229        0x3 
 .rodata.tcp_write.str1.4
                0x000000000800f22c      0x24e build/tcp_out.o
 *fill*         0x000000000800f47a        0x2 
 .rodata.tcp_split_unsent_seg.str1.4
                0x000000000800f47c       0x66 build/tcp_out.o
 *fill*         0x000000000800f4e2        0x2 
 .rodata.tcp_enqueue_flags.str1.4
                0x000000000800f4e4      0x120 build/tcp_out.o
 .rodata.tcp_send_fin.str1.4
                0x000000000800f604       0x1a build/tcp_out.o
 *fill*         0x000000000800f61e        0x2 
 .rodata.tcp_rexmit_rto_prepare.str1.4
                0x000000000800f620       0x24 build/tcp_out.o
 .rodata.tcp_rexmit.str1.4
                0x000000000800f644       0x18 build/tcp_out.o
 .rodata.tcp_rexmit_fast.str1.4
                0x000000000800f65c       0x1d build/tcp_out.o
 *fill*         0x000000000800f679        0x3 
 .rodata.tcp_rst.str1.4
                0x000000000800f67c       0x37 build/tcp_out.o
 *fill*         0x000000000800f6b3        0x1 
 .rodata.tcp_send_empty_ack.str1.4
                0x000000000800f6b4       0x20 build/tcp_out.o
 .rodata.tcp_output.str1.4
                0x000000000800f6d4       0x57 build/tcp_out.o
 *fill*         0x000000000800f72b        0x1 
 .rodata.tcp_rexmit_rto_commit.str1.4
                0x000000000800f72c       0x23 build/tcp_out.o
 *fill*         0x000000000800f74f        0x1 
 .rodata.tcp_rexmit_rto.str1.4
                0x000000000800f750       0x1c build/tcp_out.o
 .rodata.tcp_keepalive.str1.4
                0x000000000800f76c       0x1b build/tcp_out.o
 *fill*         0x000000000800f787        0x1 
 .rodata.tcp_zero_window_probe.str1.4
                0x000000000800f788       0x23 build/tcp_out.o
 *fill*         0x000000000800f7ab        0x1 
 .rodata.sys_timeout_abs.str1.4
                0x000000000800f7ac       0x71 build/timeouts.o
                                         0x9c (size before relaxing)
 *fill*         0x000000000800f81d        0x3 
 .rodata.sys_timeout.str1.4
                0x000000000800f820       0x36 build/timeouts.o
 *fill*         0x000000000800f856        0x2 
 .rodata.lwip_cyclic_timers
                0x000000000800f858       0x18 build/timeouts.o
                0x000000000800f858                lwip_cyclic_timers
 .rodata.udp_input_local_match.str1.4
                0x000000000800f870       0x75 build/udp.o