Archive member included to satisfy reference by file (symbol)

c:/tools/gcc-arm-11.2-2022.02-mingw-w64-i686-arm-none-eabi/bin/../lib/gcc/arm-none-eabi/11.2.1/thumb/v7e-m+fp/hard\libc_nano.a(lib_a-atoi.o)
                              build/netif.o (atoi)
c:/tools/gcc-arm-11.2-2022.02-mingw-w64-i686-arm-none-eabi/bin/../lib/gcc/arm-none-eabi/11.2.1/thumb/v7e-m+fp/hard\libc_nano.a(lib_a-ctype_.o)
                              build/ip4_addr.o (_ctype_)
c:/tools/gcc-arm-11.2-2022.02-mingw-w64-i686-arm-none-eabi/bin/../lib/gcc/arm-none-eabi/11.2.1/thumb/v7e-m+fp/hard\libc_nano.a(lib_a-exit.o)
                              c:/tools/gcc-arm-11.2-2022.02-mingw-w64-i686-arm-none-eabi/bin/../lib/gcc/arm-none-eabi/11.2.1/thumb/v7e-m+fp/hard/crt0.o (exit)
c:/tools/gcc-arm-11.2-2022.02-mingw-w64-i686-arm-none-eabi/bin/../lib/gcc/arm-none-eabi/11.2.1/thumb/v7e-m+fp/hard\libc_nano.a(lib_a-impure.o)
                              c:/tools/gcc-arm-11.2-2022.02-mingw-w64-i686-arm-none-eabi/bin/../lib/gcc/arm-none-eabi/11.2.1/thumb/v7e-m+fp/hard\libc_nano.a(lib_a-exit.o) (_global_impure_ptr)
c:/tools/gcc-arm-11.2-2022.02-mingw-w64-i686-arm-none-eabi/bin/../lib/gcc/arm-none-eabi/11.2.1/thumb/v7e-m+fp/hard\libc_nano.a(lib_a-init.o)
                              c:/tools/gcc-arm-11.2-2022.02-mingw-w64-i686-arm-none-eabi/bin/../lib/gcc/arm-none-eabi/11.2.1/thumb/v7e-m+fp/hard/crt0.o (__libc_init_array)
c:/tools/gcc-arm-11.2-2022.02-mingw-w64-i686-arm-none-eabi/bin/../lib/gcc/arm-none-eabi/11.2.1/thumb/v7e-m+fp/hard\libc_nano.a(lib_a-memcmp.o)
                              build/bridgeif_fdb.o (memcmp)
c:/tools/gcc-arm-11.2-2022.02-mingw-w64-i686-arm-none-eabi/bin/../lib/gcc/arm-none-eabi/11.2.1/thumb/v7e-m+fp/hard\libc_nano.a(lib_a-memcpy-stub.o)
                              build/pbuf.o (memcpy)
c:/tools/gcc-arm-11.2-2022.02-mingw-w64-i686-arm-none-eabi/bin/../lib/gcc/arm-none-eabi/11.2.1/thumb/v7e-m+fp/hard\libc_nano.a(lib_a-memmove.o)
                              build/def.o (memmove)
c:/tools/gcc-arm-11.2-2022.02-mingw-w64-i686-arm-none-eabi/bin/../lib/gcc/arm-none-eabi/11.2.1/thumb/v7e-m+fp/hard\libc_nano.a(lib_a-memset.o)
                              c:/tools/gcc-arm-11.2-2022.02-mingw-w64-i686-arm-none-eabi/bin/../lib/gcc/arm-none-eabi/11.2.1/thumb/v7e-m+fp/hard/crt0.o (memset)
c:/tools/gcc-arm-11.2-2022.02-mingw-w64-i686-arm-none-eabi/bin/../lib/gcc/arm-none-eabi/11.2.1/thumb/v7e-m+fp/hard\libc_nano.a(lib_a-printf.o)
                              build/ethernetif.o (printf)
c:/tools/gcc-arm-11.2-2022.02-mingw-w64-i686-arm-none-eabi/bin/../lib/gcc/arm-none-eabi/11.2.1/thumb/v7e-m+fp/hard\libc_nano.a(lib_a-rand.o)
                              build/tcp.o (rand)
c:/tools/gcc-arm-11.2-2022.02-mingw-w64-i686-arm-none-eabi/bin/../lib/gcc/arm-none-eabi/11.2.1/thumb/v7e-m+fp/hard\libc_nano.a(lib_a-reent.o)
                              build/sysmem.o (errno)
c:/tools/gcc-arm-11.2-2022.02-mingw-w64-i686-arm-none-eabi/bin/../lib/gcc/arm-none-eabi/11.2.1/thumb/v7e-m+fp/hard\libc_nano.a(lib_a-strlen.o)
                              build/def.o (strlen)
c:/tools/gcc-arm-11.2-2022.02-mingw-w64-i686-arm-none-eabi/bin/../lib/gcc/arm-none-eabi/11.2.1/thumb/v7e-m+fp/hard\libc_nano.a(lib_a-strncmp.o)
                              build/def.o (strncmp)
c:/tools/gcc-arm-11.2-2022.02-mingw-w64-i686-arm-none-eabi/bin/../lib/gcc/arm-none-eabi/11.2.1/thumb/v7e-m+fp/hard\libc_nano.a(lib_a-strtol.o)
                              c:/tools/gcc-arm-11.2-2022.02-mingw-w64-i686-arm-none-eabi/bin/../lib/gcc/arm-none-eabi/11.2.1/thumb/v7e-m+fp/hard\libc_nano.a(lib_a-atoi.o) (_strtol_r)
c:/tools/gcc-arm-11.2-2022.02-mingw-w64-i686-arm-none-eabi/bin/../lib/gcc/arm-none-eabi/11.2.1/thumb/v7e-m+fp/hard\libc_nano.a(lib_a-assert.o)
                              c:/tools/gcc-arm-11.2-2022.02-mingw-w64-i686-arm-none-eabi/bin/../lib/gcc/arm-none-eabi/11.2.1/thumb/v7e-m+fp/hard\libc_nano.a(lib_a-rand.o) (__assert_func)
c:/tools/gcc-arm-11.2-2022.02-mingw-w64-i686-arm-none-eabi/bin/../lib/gcc/arm-none-eabi/11.2.1/thumb/v7e-m+fp/hard\libc_nano.a(lib_a-errno.o)
                              c:/tools/gcc-arm-11.2-2022.02-mingw-w64-i686-arm-none-eabi/bin/../lib/gcc/arm-none-eabi/11.2.1/thumb/v7e-m+fp/hard\libc_nano.a(lib_a-strtol.o) (__errno)
c:/tools/gcc-arm-11.2-2022.02-mingw-w64-i686-arm-none-eabi/bin/../lib/gcc/arm-none-eabi/11.2.1/thumb/v7e-m+fp/hard\libc_nano.a(lib_a-findfp.o)
                              c:/tools/gcc-arm-11.2-2022.02-mingw-w64-i686-arm-none-eabi/bin/../lib/gcc/arm-none-eabi/11.2.1/thumb/v7e-m+fp/hard\libc_nano.a(lib_a-printf.o) (__sinit)
c:/tools/gcc-arm-11.2-2022.02-mingw-w64-i686-arm-none-eabi/bin/../lib/gcc/arm-none-eabi/11.2.1/thumb/v7e-m+fp/hard\libc_nano.a(lib_a-fprintf.o)
                              c:/tools/gcc-arm-11.2-2022.02-mingw-w64-i686-arm-none-eabi/bin/../lib/gcc/arm-none-eabi/11.2.1/thumb/v7e-m+fp/hard\libc_nano.a(lib_a-assert.o) (fiprintf)
[...]
Memory Configuration

Name             Origin             Length             Attributes
RAM              0x20000000         0x00030000         xrw
CCMRAM           0x10000000         0x00010000         xrw
FLASH            0x08000000         0x00100000         xr
*default*        0x00000000         0xffffffff

Linker script and memory map

LOAD c:/tools/gcc-arm-11.2-2022.02-mingw-w64-i686-arm-none-eabi/bin/../lib/gcc/arm-none-eabi/11.2.1/thumb/v7e-m+fp/hard/crti.o
LOAD c:/tools/gcc-arm-11.2-2022.02-mingw-w64-i686-arm-none-eabi/bin/../lib/gcc/arm-none-eabi/11.2.1/thumb/v7e-m+fp/hard/crtbegin.o
LOAD c:/tools/gcc-arm-11.2-2022.02-mingw-w64-i686-arm-none-eabi/bin/../lib/gcc/arm-none-eabi/11.2.1/thumb/v7e-m+fp/hard/crt0.o
LOAD build/main.o
LOAD build/gpio.o
LOAD build/spi.o
LOAD build/tim.o
LOAD build/stm32f4xx_it.o
LOAD build/stm32f4xx_hal_msp.o
LOAD build/stm32f4xx_hal_rcc.o
LOAD build/stm32f4xx_hal_rcc_ex.o
LOAD build/stm32f4xx_hal_flash.o
LOAD build/stm32f4xx_hal_flash_ex.o
LOAD build/stm32f4xx_hal_flash_ramfunc.o
LOAD build/stm32f4xx_hal_gpio.o
LOAD build/stm32f4xx_hal_dma_ex.o
LOAD build/stm32f4xx_hal_dma.o
LOAD build/stm32f4xx_hal_pwr.o
LOAD build/stm32f4xx_hal_pwr_ex.o
LOAD build/stm32f4xx_hal_cortex.o
LOAD build/stm32f4xx_hal.o
LOAD build/stm32f4xx_hal_exti.o
LOAD build/stm32f4xx_hal_eth.o
LOAD build/stm32f4xx_hal_spi.o
LOAD build/stm32f4xx_hal_tim.o
LOAD build/stm32f4xx_hal_tim_ex.o
LOAD build/system_stm32f4xx.o
LOAD build/sysmem.o
LOAD build/syscalls.o
LOAD build/ethernetif.o
LOAD build/lwip.o
LOAD build/auth.o
LOAD build/ccp.o
LOAD build/chap_ms.o
LOAD build/chap-md5.o
LOAD build/chap-new.o
LOAD build/demand.o
LOAD build/eap.o
LOAD build/eui64.o
LOAD build/fsm.o
LOAD build/ipcp.o
LOAD build/ipv6cp.o
LOAD build/lcp.o
LOAD build/magic.o
LOAD build/mppe.o
LOAD build/multilink.o
LOAD build/ppp.o
LOAD build/pppapi.o
LOAD build/pppcrypt.o
LOAD build/pppoe.o
LOAD build/pppol2tp.o
LOAD build/pppos.o
LOAD build/upap.o
LOAD build/utils.o
LOAD build/vj.o
LOAD build/bridgeif.o
LOAD build/bridgeif_fdb.o
LOAD build/ethernet.o
LOAD build/lowpan6.o
LOAD build/lowpan6_ble.o
LOAD build/lowpan6_common.o
LOAD build/slipif.o
LOAD build/zepif.o
LOAD build/ecp.o
LOAD build/api_lib.o
LOAD build/api_msg.o
LOAD build/err.o
LOAD build/if_api.o
LOAD build/netbuf.o
LOAD build/netdb.o
LOAD build/netifapi.o
LOAD build/sockets.o
LOAD build/tcpip.o
LOAD build/altcp.o
LOAD build/altcp_alloc.o
LOAD build/altcp_tcp.o
LOAD build/def.o
LOAD build/dns.o
LOAD build/inet_chksum.o
LOAD build/init.o
LOAD build/ip.o
LOAD build/mem.o
LOAD build/memp.o
LOAD build/netif.o
LOAD build/pbuf.o
LOAD build/raw.o
LOAD build/stats.o
LOAD build/sys.o
LOAD build/tcp.o
LOAD build/tcp_in.o
LOAD build/tcp_out.o
LOAD build/timeouts.o
LOAD build/udp.o
LOAD build/autoip.o
LOAD build/dhcp.o
LOAD build/etharp.o
LOAD build/icmp.o
LOAD build/igmp.o
LOAD build/ip4.o
LOAD build/ip4_addr.o
LOAD build/ip4_frag.o
LOAD build/dhcp6.o
LOAD build/ethip6.o
LOAD build/icmp6.o
LOAD build/inet6.o
LOAD build/ip6.o
LOAD build/ip6_addr.o
LOAD build/ip6_frag.o
LOAD build/mld6.o
LOAD build/nd6.o
LOAD build/mqtt.o
LOAD build/adc_stream.o
LOAD build/adc_tcp_server.o
LOAD build/ads127l11.o
LOAD build/app_config.o
LOAD build/flash_param.o
LOAD build/range_ctrl.o
LOAD build/SEGGER_RTT.o
LOAD build/SEGGER_RTT_printf.o
LOAD build/startup_stm32f427xx.o
LOAD c:/tools/gcc-arm-11.2-2022.02-mingw-w64-i686-arm-none-eabi/bin/../lib/gcc/arm-none-eabi/11.2.1/thumb/v7e-m+fp/hard\libc_nano.a
LOAD c:/tools/gcc-arm-11.2-2022.02-mingw-w64-i686-arm-none-eabi/bin/../lib/gcc/arm-none-eabi/11.2.1/thumb/v7e-m+fp/hard\libm.a
LOAD c:/tools/gcc-arm-11.2-2022.02-mingw-w64-i686-arm-none-eabi/bin/../lib/gcc/arm-none-eabi/11.2.1/thumb/v7e-m+fp/hard\libnosys.a
START GROUP
LOAD c:/tools/gcc-arm-11.2-2022.02-mingw-w64-i686-arm-none-eabi/bin/../lib/gcc/arm-none-eabi/11.2.1/thumb/v7e-m+fp/hard\libgcc.a
LOAD c:/tools/gcc-arm-11.2-2022.02-mingw-w64-i686-arm-none-eabi/bin/../lib/gcc/arm-none-eabi/11.2.1/thumb/v7e-m+fp/hard\libc_nano.a
END GROUP
START GROUP
LOAD c:/tools/gcc-arm-11.2-2022.02-mingw-w64-i686-arm-none-eabi/bin/../lib/gcc/arm-none-eabi/11.2.1/thumb/v7e-m+fp/hard\libgcc.a
LOAD c:/tools/gcc-arm-11.2-2022.02-mingw-w64-i686-arm-none-eabi/bin/../lib/gcc/arm-none-eabi/11.2.1/thumb/v7e-m+fp/hard\libc_nano.a
END GROUP
LOAD c:/tools/gcc-arm-11.2-2022.02-mingw-w64-i686-arm-none-eabi/bin/../lib/gcc/arm-none-eabi/11.2.1/thumb/v7e-m+fp/hard/crtend.o
LOAD c:/tools/gcc-arm-11.2-2022.02-mingw-w64-i686-arm-none-eabi/bin/../lib/gcc/arm-none-eabi/11.2.1/thumb/v7e-m+fp/hard/crtn.o
                0x20030000                _estack = (ORIGIN (RAM) + LENGTH (RAM))
                0x00000200                _Min_Heap_Size = 0x200
                0x00000400                _Min_Stack_Size = 0x400

.isr_vector     0x08000000      0x1ac
                0x08000000                . = ALIGN (0x4)
 *(.isr_vector)
 .isr_vector    0x08000000      0x1ac build/startup_stm32f427xx.o
                0x08000000                g_pfnVectors
                0x080001ac                . = ALIGN (0x4)

.text           0x080001b0     0xe68c
                0x080001b0                . = ALIGN (0x4)
 *(.text)
 .text          0x080001b0       0xa0 c:/tools/gcc-arm-11.2-2022.02-mingw-w64-i686-arm-none-eabi/bin/../lib/gcc/arm-none-eabi/11.2.1/thumb/v7e-m+fp/hard\libc_nano.a(lib_a-memchr.o)
                0x080001b0                memchr
 .text          0x08000250       0xa0 c:/tools/gcc-arm-11.2-2022.02-mingw-w64-i686-arm-none-eabi/bin/../lib/gcc/arm-none-eabi/11.2.1/thumb/v7e-m+fp/hard\libgcc.a(_arm_truncdfsf2.o)
                0x08000250                __truncdfsf2
                0x08000250                __aeabi_d2f
 .text          0x080002f0       0x30 c:/tools/gcc-arm-11.2-2022.02-mingw-w64-i686-arm-none-eabi/bin/../lib/gcc/arm-none-eabi/11.2.1/thumb/v7e-m+fp/hard\libgcc.a(_aeabi_uldivmod.o)
                0x080002f0                __aeabi_uldivmod
 .text          0x08000320        0x4 c:/tools/gcc-arm-11.2-2022.02-mingw-w64-i686-arm-none-eabi/bin/../lib/gcc/arm-none-eabi/11.2.1/thumb/v7e-m+fp/hard\libgcc.a(_dvmd_tls.o)
                0x08000320                __aeabi_idiv0
                0x08000320                __aeabi_ldiv0
 *(.text*)
 .text.deregister_tm_clones
                0x08000324       0x1c c:/tools/gcc-arm-11.2-2022.02-mingw-w64-i686-arm-none-eabi/bin/../lib/gcc/arm-none-eabi/11.2.1/thumb/v7e-m+fp/hard/crtbegin.o
 .text.register_tm_clones
                0x08000340       0x24 c:/tools/gcc-arm-11.2-2022.02-mingw-w64-i686-arm-none-eabi/bin/../lib/gcc/arm-none-eabi/11.2.1/thumb/v7e-m+fp/hard/crtbegin.o
 .text.__do_global_dtors_aux
                0x08000364       0x28 c:/tools/gcc-arm-11.2-2022.02-mingw-w64-i686-arm-none-eabi/bin/../lib/gcc/arm-none-eabi/11.2.1/thumb/v7e-m+fp/hard/crtbegin.o
 .text.frame_dummy
                0x0800038c       0x24 c:/tools/gcc-arm-11.2-2022.02-mingw-w64-i686-arm-none-eabi/bin/../lib/gcc/arm-none-eabi/11.2.1/thumb/v7e-m+fp/hard/crtbegin.o
 .text.ETH_Force_Clock_Enable
                0x080003b0       0x88 build/main.o
 .text.ETH_Force_RMII_Mode
                0x08000438       0x30 build/main.o
 .text.LAN8720_SpeedDuplexString
                0x08000468       0x3c build/main.o
 .text.LwIP_PrintNetifState
                0x080004a4       0x4c build/main.o
 .text.DebugLog_Init
                0x080004f0       0x1c build/main.o
 .text.ETH_Force_RMII_GPIO_Config
                0x0800050c       0x98 build/main.o
 .text.Board_ETH_PHY_Reset
                0x080005a4       0x30 build/main.o
 .text.ETH_Get_MDIO_CR
                0x080005d4       0x44 build/main.o
 .text.ETH_MDIO_Read
                0x08000618       0x7c build/main.o
 .text.LAN8720_ReadInfo
                0x08000694       0xf6 build/main.o
 *fill*         0x0800078a        0x2 
 .text.LAN8720_BootSelfTest
                0x0800078c       0xe0 build/main.o
 .text.LwIP_ForceNetifUp
                0x0800086c       0x30 build/main.o
 .text.Error_Handler
                0x0800089c       0x68 build/main.o
                0x0800089c                Error_Handler
 .text.SystemClock_Config
                0x08000904       0xec build/main.o
                0x08000904                SystemClock_Config
 .text.main     0x080009f0      0x324 build/main.o
                0x080009f0                main
 .text.MX_GPIO_Init
                0x08000d14      0x12c build/gpio.o
                0x08000d14                MX_GPIO_Init
 .text.MX_SPI4_Init
                0x08000e40       0x44 build/spi.o
                0x08000e40                MX_SPI4_Init
 .text.HAL_SPI_MspInit
                0x08000e84       0x70 build/spi.o
                0x08000e84                HAL_SPI_MspInit
 .text.HAL_SPI_MspDeInit
                0x08000ef4       0x2c build/spi.o
                0x08000ef4                HAL_SPI_MspDeInit
 .text.HAL_TIM_PWM_MspInit
                0x08000f20       0x30 build/tim.o
                0x08000f20                HAL_TIM_PWM_MspInit
 .text.HAL_TIM_MspPostInit
                0x08000f50       0x5c build/tim.o
                0x08000f50                HAL_TIM_MspPostInit
 .text.MX_TIM3_Init
                0x08000fac       0x80 build/tim.o
                0x08000fac                MX_TIM3_Init
 .text.NMI_Handler
                0x0800102c        0x2 build/stm32f4xx_it.o
                0x0800102c                NMI_Handler
 .text.HardFault_Handler
                0x0800102e        0x2 build/stm32f4xx_it.o
                0x0800102e                HardFault_Handler
 .text.MemManage_Handler
                0x08001030        0x2 build/stm32f4xx_it.o
                0x08001030                MemManage_Handler
 .text.BusFault_Handler
                0x08001032        0x2 build/stm32f4xx_it.o
                0x08001032                BusFault_Handler
 .text.UsageFault_Handler
                0x08001034        0x2 build/stm32f4xx_it.o
                0x08001034                UsageFault_Handler
 .text.SVC_Handler
                0x08001036        0x2 build/stm32f4xx_it.o
                0x08001036                SVC_Handler
 .text.DebugMon_Handler
                0x08001038        0x2 build/stm32f4xx_it.o
                0x08001038                DebugMon_Handler
 .text.PendSV_Handler
                0x0800103a        0x2 build/stm32f4xx_it.o
                0x0800103a                PendSV_Handler
 .text.SysTick_Handler
                0x0800103c        0x8 build/stm32f4xx_it.o
                0x0800103c                SysTick_Handler
 .text.EXTI3_IRQHandler
                0x08001044        0xa build/stm32f4xx_it.o
                0x08001044                EXTI3_IRQHandler
 *fill*         0x0800104e        0x2 
 .text.HAL_MspInit
                0x08001050       0x38 build/stm32f4xx_hal_msp.o
                0x08001050                HAL_MspInit
 .text.HAL_RCC_OscConfig
                0x08001088      0x3f8 build/stm32f4xx_hal_rcc.o
                0x08001088                HAL_RCC_OscConfig
 .text.HAL_RCC_GetSysClockFreq
                0x08001480       0xa8 build/stm32f4xx_hal_rcc.o
                0x08001480                HAL_RCC_GetSysClockFreq
 .text.HAL_RCC_ClockConfig
                0x08001528      0x160 build/stm32f4xx_hal_rcc.o
                0x08001528                HAL_RCC_ClockConfig
 .text.HAL_RCC_GetHCLKFreq
                0x08001688        0xc build/stm32f4xx_hal_rcc.o
                0x08001688                HAL_RCC_GetHCLKFreq
 .text.FLASH_Program_DoubleWord
                0x08001694       0x30 build/stm32f4xx_hal_flash.o
 .text.FLASH_Program_Word
                0x080016c4       0x24 build/stm32f4xx_hal_flash.o
 .text.FLASH_Program_HalfWord
                0x080016e8       0x24 build/stm32f4xx_hal_flash.o
 .text.FLASH_Program_Byte
                0x0800170c       0x20 build/stm32f4xx_hal_flash.o
 .text.FLASH_SetErrorCode
                0x0800172c       0xa8 build/stm32f4xx_hal_flash.o
 .text.HAL_FLASH_Unlock
                0x080017d4       0x30 build/stm32f4xx_hal_flash.o
                0x080017d4                HAL_FLASH_Unlock
 .text.HAL_FLASH_Lock
                0x08001804       0x14 build/stm32f4xx_hal_flash.o
                0x08001804                HAL_FLASH_Lock
 .text.FLASH_WaitForLastOperation
                0x08001818       0x60 build/stm32f4xx_hal_flash.o
                0x08001818                FLASH_WaitForLastOperation
 .text.HAL_FLASH_Program
                0x08001878       0x7c build/stm32f4xx_hal_flash.o
                0x08001878                HAL_FLASH_Program
 .text.FLASH_MassErase
                0x080018f4       0x4c build/stm32f4xx_hal_flash_ex.o
 .text.FLASH_Erase_Sector
                0x08001940       0x54 build/stm32f4xx_hal_flash_ex.o
                0x08001940                FLASH_Erase_Sector
 .text.FLASH_FlushCaches
                0x08001994       0x60 build/stm32f4xx_hal_flash_ex.o
                0x08001994                FLASH_FlushCaches
 .text.HAL_FLASHEx_Erase
                0x080019f4       0x98 build/stm32f4xx_hal_flash_ex.o
                0x080019f4                HAL_FLASHEx_Erase
 .text.HAL_GPIO_Init
                0x08001a8c      0x208 build/stm32f4xx_hal_gpio.o
                0x08001a8c                HAL_GPIO_Init
 .text.HAL_GPIO_DeInit
                0x08001c94      0x14c build/stm32f4xx_hal_gpio.o
                0x08001c94                HAL_GPIO_DeInit
 .text.HAL_GPIO_ReadPin
                0x08001de0        0xe build/stm32f4xx_hal_gpio.o
                0x08001de0                HAL_GPIO_ReadPin
 .text.HAL_GPIO_WritePin
                0x08001dee        0xc build/stm32f4xx_hal_gpio.o
                0x08001dee                HAL_GPIO_WritePin
 *fill*         0x08001dfa        0x2 
 .text.HAL_GPIO_EXTI_IRQHandler
                0x08001dfc       0x1c build/stm32f4xx_hal_gpio.o
                0x08001dfc                HAL_GPIO_EXTI_IRQHandler
 .text.HAL_NVIC_SetPriorityGrouping
                0x08001e18       0x24 build/stm32f4xx_hal_cortex.o
                0x08001e18                HAL_NVIC_SetPriorityGrouping
 .text.HAL_NVIC_SetPriority
                0x08001e3c       0x70 build/stm32f4xx_hal_cortex.o
                0x08001e3c                HAL_NVIC_SetPriority
 .text.HAL_NVIC_EnableIRQ
                0x08001eac       0x1c build/stm32f4xx_hal_cortex.o
                0x08001eac                HAL_NVIC_EnableIRQ
 .text.HAL_NVIC_DisableIRQ
                0x08001ec8       0x24 build/stm32f4xx_hal_cortex.o
                0x08001ec8                HAL_NVIC_DisableIRQ
 .text.HAL_SYSTICK_Config
                0x08001eec       0x28 build/stm32f4xx_hal_cortex.o
                0x08001eec                HAL_SYSTICK_Config
 .text.HAL_InitTick
                0x08001f14       0x4c build/stm32f4xx_hal.o
                0x08001f14                HAL_InitTick
 .text.HAL_Init
                0x08001f60       0x34 build/stm32f4xx_hal.o
                0x08001f60                HAL_Init
 .text.HAL_IncTick
                0x08001f94       0x18 build/stm32f4xx_hal.o
                0x08001f94                HAL_IncTick
 .text.HAL_GetTick
                0x08001fac        0xc build/stm32f4xx_hal.o
                0x08001fac                HAL_GetTick
 .text.HAL_Delay
                0x08001fb8       0x28 build/stm32f4xx_hal.o
                0x08001fb8                HAL_Delay
 .text.ETH_UpdateDescriptor
                0x08001fe0       0xae build/stm32f4xx_hal_eth.o
 *fill*         0x0800208e        0x2 
 .text.ETH_MACAddressConfig
                0x08002090       0x30 build/stm32f4xx_hal_eth.o
 .text.ETH_DMATxDescListInit
                0x080020c0       0x6e build/stm32f4xx_hal_eth.o
 .text.ETH_DMARxDescListInit
                0x0800212e       0x7e build/stm32f4xx_hal_eth.o
 .text.ETH_Prepare_Tx_Descriptors
                0x080021ac      0x18a build/stm32f4xx_hal_eth.o
 *fill*         0x08002336        0x2 
 .text.ETH_SetMACConfig
                0x08002338      0x100 build/stm32f4xx_hal_eth.o
 .text.ETH_SetDMAConfig
                0x08002438       0xc0 build/stm32f4xx_hal_eth.o
 .text.ETH_MACDMAConfig
                0x080024f8       0xa6 build/stm32f4xx_hal_eth.o
 .text.ETH_FlushTransmitFIFO
                0x0800259e       0x36 build/stm32f4xx_hal_eth.o
 .text.HAL_ETH_MspInit
                0x080025d4        0x2 build/stm32f4xx_hal_eth.o
                0x080025d4                HAL_ETH_MspInit
 *fill*         0x080025d6        0x2 
 .text.HAL_ETH_Init
                0x080025d8       0xec build/stm32f4xx_hal_eth.o
                0x080025d8                HAL_ETH_Init
 .text.HAL_ETH_Start
                0x080026c4       0x7a build/stm32f4xx_hal_eth.o
                0x080026c4                HAL_ETH_Start
 .text.HAL_ETH_Transmit
                0x0800273e       0xca build/stm32f4xx_hal_eth.o
                0x0800273e                HAL_ETH_Transmit
 .text.HAL_ETH_ReadData
                0x08002808       0xf2 build/stm32f4xx_hal_eth.o
                0x08002808                HAL_ETH_ReadData
 *fill*         0x080028fa        0x2 
 .text.SPI_WaitFlagStateUntilTimeout
                0x080028fc       0xd0 build/stm32f4xx_hal_spi.o
 .text.SPI_EndRxTxTransaction
                0x080029cc       0x80 build/stm32f4xx_hal_spi.o
 .text.HAL_SPI_Init
                0x08002a4c       0xbe build/stm32f4xx_hal_spi.o
                0x08002a4c                HAL_SPI_Init
 .text.HAL_SPI_DeInit
                0x08002b0a       0x2c build/stm32f4xx_hal_spi.o
                0x08002b0a                HAL_SPI_DeInit
 .text.HAL_SPI_TransmitReceive
                0x08002b36      0x254 build/stm32f4xx_hal_spi.o
                0x08002b36                HAL_SPI_TransmitReceive
 .text.HAL_SPI_GetState
                0x08002d8a        0x6 build/stm32f4xx_hal_spi.o
                0x08002d8a                HAL_SPI_GetState
 .text.HAL_SPI_GetError
                0x08002d90        0x4 build/stm32f4xx_hal_spi.o
                0x08002d90                HAL_SPI_GetError
 .text.TIM_OC1_SetConfig
                0x08002d94       0x70 build/stm32f4xx_hal_tim.o
 .text.TIM_OC3_SetConfig
                0x08002e04       0x70 build/stm32f4xx_hal_tim.o
 .text.TIM_OC4_SetConfig
                0x08002e74       0x50 build/stm32f4xx_hal_tim.o
 .text.TIM_Base_SetConfig
                0x08002ec4       0xd0 build/stm32f4xx_hal_tim.o
                0x08002ec4                TIM_Base_SetConfig
 .text.HAL_TIM_PWM_Init
                0x08002f94       0x58 build/stm32f4xx_hal_tim.o
                0x08002f94                HAL_TIM_PWM_Init
 .text.TIM_OC2_SetConfig
                0x08002fec       0x70 build/stm32f4xx_hal_tim.o
                0x08002fec                TIM_OC2_SetConfig
 .text.HAL_TIM_PWM_ConfigChannel
                0x0800305c       0xdc build/stm32f4xx_hal_tim.o
                0x0800305c                HAL_TIM_PWM_ConfigChannel
 .text.HAL_TIMEx_MasterConfigSynchronization
                0x08003138       0x8c build/stm32f4xx_hal_tim_ex.o
                0x08003138                HAL_TIMEx_MasterConfigSynchronization
 .text.SystemInit
                0x080031c4       0x14 build/system_stm32f4xx.o
                0x080031c4                SystemInit
 .text._sbrk    0x080031d8       0x4c build/sysmem.o
                0x080031d8                _sbrk
 .text._getpid  0x08003224        0x4 build/syscalls.o
                0x08003224                _getpid
 .text._kill    0x08003228       0x10 build/syscalls.o
                0x08003228                _kill
 .text._exit    0x08003238        0xc build/syscalls.o
                0x08003238                _exit
 .text._read    0x08003244       0x20 build/syscalls.o
                0x08003244                _read
 .text._write   0x08003264       0x1c build/syscalls.o
                0x08003264                _write
 .text._close   0x08003280        0x6 build/syscalls.o
                0x08003280                _close
 .text._fstat   0x08003286        0xa build/syscalls.o
                0x08003286                _fstat
 .text._isatty  0x08003290        0x4 build/syscalls.o
                0x08003290                _isatty
 .text._lseek   0x08003294        0x4 build/syscalls.o
                0x08003294                _lseek
 .text.low_level_input
                0x08003298       0x28 build/ethernetif.o
 .text.low_level_output
                0x080032c0       0x9c build/ethernetif.o
 .text.low_level_init
                0x0800335c       0xd4 build/ethernetif.o
 .text.pbuf_free_custom
                0x08003430       0x24 build/ethernetif.o
                0x08003430                pbuf_free_custom
 .text.ethernetif_input
                0x08003454       0x28 build/ethernetif.o
                0x08003454                ethernetif_input
 .text.ethernetif_init
                0x0800347c       0x48 build/ethernetif.o
                0x0800347c                ethernetif_init
 .text.sys_now  0x080034c4        0x8 build/ethernetif.o
                0x080034c4                sys_now
 .text.HAL_ETH_RxAllocateCallback
                0x080034cc       0x4c build/ethernetif.o
                0x080034cc                HAL_ETH_RxAllocateCallback
 .text.HAL_ETH_RxLinkCallback
                0x08003518       0x36 build/ethernetif.o
                0x08003518                HAL_ETH_RxLinkCallback
 .text.ethernet_link_status_updated
                0x0800354e       0x18 build/lwip.o
 *fill*         0x08003566        0x2 
 .text.MX_LWIP_Init
                0x08003568      0x120 build/lwip.o
                0x08003568                MX_LWIP_Init
 .text.MX_LWIP_Process
                0x08003688       0x3c build/lwip.o
                0x08003688                MX_LWIP_Process
 .text.ethernet_input
                0x080036c4       0xa8 build/ethernet.o
                0x080036c4                ethernet_input
 .text.ethernet_output
                0x0800376c       0x70 build/ethernet.o
                0x0800376c                ethernet_output
 .text.lwip_htons
                0x080037dc        0xa build/def.o
                0x080037dc                lwip_htons
 .text.lwip_htonl
                0x080037e6       0x18 build/def.o
                0x080037e6                lwip_htonl
 .text.lwip_init
                0x080037fe       0x1c build/init.o
                0x080037fe                lwip_init
 *fill*         0x0800381a        0x2 
 .text.ptr_to_mem
                0x0800381c        0xc build/mem.o
 .text.mem_to_ptr
                0x08003828       0x10 build/mem.o
 .text.mem_link_valid
                0x08003838       0x5c build/mem.o
 .text.plug_holes
                0x08003894      0x100 build/mem.o
 .text.mem_init
                0x08003994       0x40 build/mem.o
                0x08003994                mem_init
 .text.mem_free
                0x080039d4       0xb4 build/mem.o
                0x080039d4                mem_free
 .text.mem_trim
                0x08003a88      0x17c build/mem.o
                0x08003a88                mem_trim
 .text.mem_malloc
                0x08003c04      0x168 build/mem.o
                0x08003c04                mem_malloc
 .text.do_memp_malloc_pool
                0x08003d6c       0x34 build/memp.o
 .text.do_memp_free_pool
                0x08003da0       0x34 build/memp.o
 .text.memp_init_pool
                0x08003dd4       0x28 build/memp.o
                0x08003dd4                memp_init_pool
 .text.memp_init
                0x08003dfc       0x20 build/memp.o
                0x08003dfc                memp_init
 .text.memp_malloc_pool
                0x08003e1c       0x30 build/memp.o
                0x08003e1c                memp_malloc_pool
 .text.memp_malloc
                0x08003e4c       0x34 build/memp.o
                0x08003e4c                memp_malloc
 .text.memp_free_pool
                0x08003e80       0x34 build/memp.o
                0x08003e80                memp_free_pool
 .text.memp_free
                0x08003eb4       0x34 build/memp.o
                0x08003eb4                memp_free
 .text.netif_do_set_netmask
                0x08003ee8       0x18 build/netif.o
 .text.netif_do_set_gw
                0x08003f00       0x18 build/netif.o
 .text.netif_null_output_ip4
                0x08003f18        0x6 build/netif.o
 .text.netif_do_ip_addr_changed
                0x08003f1e       0x14 build/netif.o
 *fill*         0x08003f32        0x2 
 .text.netif_issue_reports
                0x08003f34       0x4c build/netif.o
 .text.netif_do_set_ipaddr
                0x08003f80       0x6c build/netif.o
 .text.netif_init
                0x08003fec        0x2 build/netif.o
                0x08003fec                netif_init
 *fill*         0x08003fee        0x2 
 .text.netif_set_addr
                0x08003ff0       0x6c build/netif.o
                0x08003ff0                netif_set_addr
 .text.netif_add
                0x0800405c      0x124 build/netif.o
                0x0800405c                netif_add
 .text.netif_set_default
                0x08004180        0xc build/netif.o
                0x08004180                netif_set_default
 .text.netif_set_up
                0x0800418c       0x3c build/netif.o
                0x0800418c                netif_set_up
 .text.netif_set_down
                0x080041c8       0x40 build/netif.o
                0x080041c8                netif_set_down
 .text.netif_set_link_up
                0x08004208       0x48 build/netif.o
                0x08004208                netif_set_link_up
 .text.netif_set_link_callback
                0x08004250        0x6 build/netif.o
                0x08004250                netif_set_link_callback
 *fill*         0x08004256        0x2 
 .text.netif_get_by_index
                0x08004258       0x24 build/netif.o
                0x08004258                netif_get_by_index
 .text.pbuf_init_alloced_pbuf
                0x0800427c       0x24 build/pbuf.o
 .text.pbuf_add_header_impl
                0x080042a0       0x7c build/pbuf.o
 .text.pbuf_alloc_reference
                0x0800431c       0x50 build/pbuf.o
                0x0800431c                pbuf_alloc_reference
 .text.pbuf_alloced_custom
                0x0800436c       0x3e build/pbuf.o
                0x0800436c                pbuf_alloced_custom
 .text.pbuf_add_header
                0x080043aa        0xa build/pbuf.o
                0x080043aa                pbuf_add_header
 .text.pbuf_remove_header
                0x080043b4       0x6c build/pbuf.o
                0x080043b4                pbuf_remove_header
 .text.pbuf_header_impl
                0x08004420       0x14 build/pbuf.o
 .text.pbuf_header_force
                0x08004434        0xa build/pbuf.o
                0x08004434                pbuf_header_force
 *fill*         0x0800443e        0x2 
 .text.pbuf_free
                0x08004440       0xc4 build/pbuf.o
                0x08004440                pbuf_free
 .text.pbuf_alloc
                0x08004504      0x15c build/pbuf.o
                0x08004504                pbuf_alloc
 .text.pbuf_realloc
                0x08004660       0xa8 build/pbuf.o
                0x08004660                pbuf_realloc
 .text.pbuf_clen
                0x08004708       0x12 build/pbuf.o
                0x08004708                pbuf_clen
 *fill*         0x0800471a        0x2 
 .text.pbuf_ref
                0x0800471c       0x30 build/pbuf.o
                0x0800471c                pbuf_ref
 .text.pbuf_cat
                0x0800474c       0x74 build/pbuf.o
                0x0800474c                pbuf_cat
 .text.pbuf_copy
                0x080047c0      0x120 build/pbuf.o
                0x080047c0                pbuf_copy
 .text.pbuf_copy_partial
                0x080048e0       0x94 build/pbuf.o
                0x080048e0                pbuf_copy_partial
 .text.pbuf_clone
                0x08004974       0x38 build/pbuf.o
                0x08004974                pbuf_clone
 .text.tcp_new_port
                0x080049ac       0x68 build/tcp.o
 .text.tcp_remove_listener
                0x08004a14       0x34 build/tcp.o
 .text.tcp_listen_closed
                0x08004a48       0x5c build/tcp.o
 .text.tcp_free_listen
                0x08004aa4       0x30 build/tcp.o
 .text.tcp_close_shutdown_fin
                0x08004ad4       0x84 build/tcp.o
 .text.tcp_handle_closepend
                0x08004b58       0x2c build/tcp.o
 .text.tcp_init
                0x08004b84       0x18 build/tcp.o
                0x08004b84                tcp_init
 .text.tcp_free
                0x08004b9c       0x30 build/tcp.o
                0x08004b9c                tcp_free
 .text.tcp_bind
                0x08004bcc       0xcc build/tcp.o
                0x08004bcc                tcp_bind
 .text.tcp_listen_with_backlog_and_err
                0x08004c98       0xe0 build/tcp.o
                0x08004c98                tcp_listen_with_backlog_and_err
 .text.tcp_listen_with_backlog
                0x08004d78        0xa build/tcp.o
                0x08004d78                tcp_listen_with_backlog
 *fill*         0x08004d82        0x2 
 .text.tcp_update_rcv_ann_wnd
                0x08004d84       0x78 build/tcp.o
                0x08004d84                tcp_update_rcv_ann_wnd
 .text.tcp_recved
                0x08004dfc       0x7c build/tcp.o
                0x08004dfc                tcp_recved
 .text.tcp_seg_free
                0x08004e78       0x1a build/tcp.o
                0x08004e78                tcp_seg_free
 .text.tcp_segs_free
                0x08004e92       0x14 build/tcp.o
                0x08004e92                tcp_segs_free
 *fill*         0x08004ea6        0x2 
 .text.tcp_setprio
                0x08004ea8       0x24 build/tcp.o
                0x08004ea8                tcp_setprio
 .text.tcp_recv
                0x08004ecc       0x34 build/tcp.o
                0x08004ecc                tcp_recv
 .text.tcp_sent
                0x08004f00       0x30 build/tcp.o
                0x08004f00                tcp_sent
 .text.tcp_err  0x08004f30       0x34 build/tcp.o
                0x08004f30                tcp_err
 .text.tcp_accept
                0x08004f64        0xe build/tcp.o
                0x08004f64                tcp_accept
 *fill*         0x08004f72        0x2 
 .text.tcp_poll
                0x08004f74       0x48 build/tcp.o
                0x08004f74                tcp_poll
 .text.tcp_pcb_purge
                0x08004fbc       0x54 build/tcp.o
                0x08004fbc                tcp_pcb_purge
 .text.tcp_slowtmr
                0x08005010      0x488 build/tcp.o
                0x08005010                tcp_slowtmr
 .text.tcp_pcb_remove
                0x08005498       0xbc build/tcp.o
                0x08005498                tcp_pcb_remove
 .text.tcp_close_shutdown
                0x08005554      0x14c build/tcp.o
 .text.tcp_close
                0x080056a0       0x40 build/tcp.o
                0x080056a0                tcp_close
 .text.tcp_recv_null
                0x080056e0       0x48 build/tcp.o
                0x080056e0                tcp_recv_null
 .text.tcp_process_refused_data
                0x08005728       0x90 build/tcp.o
                0x08005728                tcp_process_refused_data
 .text.tcp_fasttmr
                0x080057b8       0x80 build/tcp.o
                0x080057b8                tcp_fasttmr
 .text.tcp_tmr  0x08005838       0x24 build/tcp.o
                0x08005838                tcp_tmr
 .text.tcp_abandon
                0x0800585c      0x104 build/tcp.o
                0x0800585c                tcp_abandon
 .text.tcp_abort
                0x08005960        0xa build/tcp.o
                0x08005960                tcp_abort
 *fill*         0x0800596a        0x2 
 .text.tcp_accept_null
                0x0800596c       0x30 build/tcp.o
 .text.tcp_kill_timewait
                0x0800599c       0x34 build/tcp.o
 .text.tcp_kill_prio
                0x080059d0       0x58 build/tcp.o
 .text.tcp_netif_ip_addr_changed_pcblist
                0x08005a28       0x40 build/tcp.o
 .text.tcp_kill_state
                0x08005a68       0x64 build/tcp.o
 .text.tcp_alloc
                0x08005acc       0xc4 build/tcp.o
                0x08005acc                tcp_alloc
 .text.tcp_new  0x08005b90        0xa build/tcp.o
                0x08005b90                tcp_new
 *fill*         0x08005b9a        0x2 
 .text.tcp_next_iss
                0x08005b9c       0x38 build/tcp.o
                0x08005b9c                tcp_next_iss
 .text.tcp_netif_ip_addr_changed
                0x08005bd4       0x54 build/tcp.o
                0x08005bd4                tcp_netif_ip_addr_changed
 .text.tcp_get_next_optbyte
                0x08005c28       0x3c build/tcp_in.o
 .text.tcp_parseopt
                0x08005c64       0xa4 build/tcp_in.o
 .text.tcp_input_delayed_close
                0x08005d08       0x60 build/tcp_in.o
 .text.tcp_timewait_input
                0x08005d68       0xb8 build/tcp_in.o
 .text.tcp_listen_input
                0x08005e20      0x138 build/tcp_in.o
 .text.tcp_free_acked_segments
                0x08005f58       0xc0 build/tcp_in.o
 .text.tcp_receive
                0x08006018      0x56c build/tcp_in.o
 .text.tcp_process
                0x08006584      0x570 build/tcp_in.o
 .text.tcp_input
                0x08006af4      0x5a0 build/tcp_in.o
                0x08006af4                tcp_input
 .text.tcp_trigger_input_pcb_close
                0x08007094       0x10 build/tcp_in.o
                0x08007094                tcp_trigger_input_pcb_close
 .text.tcp_write_checks
                0x080070a4       0xbc build/tcp_out.o
 .text.tcp_output_segment_busy
                0x08007160       0x34 build/tcp_out.o
 .text.tcp_output_fill_options
                0x08007194       0x4c build/tcp_out.o
 .text.tcp_create_segment
                0x080071e0       0xe8 build/tcp_out.o
 .text.tcp_output_alloc_header_common
                0x080072c8       0x98 build/tcp_out.o
 .text.tcp_output_alloc_header
                0x08007360       0x54 build/tcp_out.o
 .text.tcp_route
                0x080073b4       0x16 build/tcp_out.o
 *fill*         0x080073ca        0x2 
 .text.tcp_output_segment
                0x080073cc      0x130 build/tcp_out.o
 .text.tcp_output_control_segment
                0x080074fc       0x6c build/tcp_out.o
 .text.tcp_write
                0x08007568      0x428 build/tcp_out.o
                0x08007568                tcp_write
 .text.tcp_split_unsent_seg
                0x08007990      0x1ac build/tcp_out.o
                0x08007990                tcp_split_unsent_seg
 .text.tcp_enqueue_flags
                0x08007b3c      0x15c build/tcp_out.o
                0x08007b3c                tcp_enqueue_flags
 .text.tcp_send_fin
                0x08007c98       0x64 build/tcp_out.o
                0x08007c98                tcp_send_fin
 .text.tcp_rexmit_rto_prepare
                0x08007cfc       0x94 build/tcp_out.o
                0x08007cfc                tcp_rexmit_rto_prepare
 .text.tcp_rexmit
                0x08007d90       0x7c build/tcp_out.o
                0x08007d90                tcp_rexmit
 .text.tcp_rexmit_fast
                0x08007e0c       0x78 build/tcp_out.o
                0x08007e0c                tcp_rexmit_fast
 .text.tcp_rst  0x08007e84       0x90 build/tcp_out.o
                0x08007e84                tcp_rst
 .text.tcp_send_empty_ack
                0x08007f14       0x74 build/tcp_out.o
                0x08007f14                tcp_send_empty_ack
 .text.tcp_output
                0x08007f88      0x2a8 build/tcp_out.o
                0x08007f88                tcp_output
 .text.tcp_rexmit_rto_commit
                0x08008230       0x38 build/tcp_out.o
                0x08008230                tcp_rexmit_rto_commit
 .text.tcp_rexmit_rto
                0x08008268       0x34 build/tcp_out.o
                0x08008268                tcp_rexmit_rto
 .text.tcp_keepalive
                0x0800829c       0x5c build/tcp_out.o
                0x0800829c                tcp_keepalive
 .text.tcp_zero_window_probe
                0x080082f8       0xdc build/tcp_out.o
                0x080082f8                tcp_zero_window_probe
 .text.sys_timeout_abs
                0x080083d4       0x70 build/timeouts.o
 .text.lwip_cyclic_timer
                0x08008444       0x40 build/timeouts.o
 .text.sys_timeout
                0x08008484       0x3c build/timeouts.o
                0x08008484                sys_timeout
 .text.tcp_timer_needed
                0x080084c0       0x3c build/timeouts.o
                0x080084c0                tcp_timer_needed
 .text.tcpip_tcp_timer
                0x080084fc       0x38 build/timeouts.o
 .text.sys_timeouts_init
                0x08008534       0x28 build/timeouts.o
                0x08008534                sys_timeouts_init
 .text.sys_check_timeouts
                0x0800855c       0x40 build/timeouts.o
                0x0800855c                sys_check_timeouts
 .text.udp_input_local_match
                0x0800859c       0xa0 build/udp.o
 .text.udp_init
                0x0800863c       0x18 build/udp.o
                0x0800863c                udp_init
 .text.udp_input
                0x08008654      0x184 build/udp.o
                0x08008654                udp_input
 .text.udp_netif_ip_addr_changed
                0x080087d8       0x38 build/udp.o
                0x080087d8                udp_netif_ip_addr_changed
 .text.etharp_free_entry
                0x08008810       0x34 build/etharp.o
 .text.etharp_find_entry
                0x08008844      0x1c4 build/etharp.o
 .text.etharp_update_arp_entry
                0x08008a08       0xc4 build/etharp.o
 .text.etharp_raw
                0x08008acc       0xe8 build/etharp.o
 .text.etharp_request_dst
                0x08008bb4       0x24 build/etharp.o
 .text.etharp_cleanup_netif
                0x08008bd8       0x38 build/etharp.o
                0x08008bd8                etharp_cleanup_netif
 .text.etharp_input
                0x08008c10       0xb8 build/etharp.o
                0x08008c10                etharp_input
 .text.etharp_request
                0x08008cc8       0x10 build/etharp.o
                0x08008cc8                etharp_request
 .text.etharp_tmr
                0x08008cd8       0x88 build/etharp.o
                0x08008cd8                etharp_tmr
 .text.etharp_output_to_arp_index
                0x08008d60       0xd8 build/etharp.o
 .text.etharp_query
                0x08008e38      0x1b0 build/etharp.o
                0x08008e38                etharp_query
 .text.etharp_output
                0x08008fe8      0x168 build/etharp.o
                0x08008fe8                etharp_output
 .text.icmp_send_response
                0x08009150       0xa8 build/icmp.o
 .text.icmp_input
                0x080091f8      0x148 build/icmp.o
                0x080091f8                icmp_input
 .text.icmp_dest_unreach
                0x08009340        0xc build/icmp.o
                0x08009340                icmp_dest_unreach
 .text.icmp_time_exceeded
                0x0800934c        0xc build/icmp.o
                0x0800934c                icmp_time_exceeded
 .text.ip4_input_accept
                0x08009358       0x34 build/ip4.o
 .text.ip4_route
                0x0800938c       0xac build/ip4.o
                0x0800938c                ip4_route
 .text.ip4_input
                0x08009438      0x1a0 build/ip4.o
                0x08009438                ip4_input
 .text.ip4_output_if_src
                0x080095d8      0x100 build/ip4.o
                0x080095d8                ip4_output_if_src
 .text.ip4_output_if
                0x080096d8       0x2a build/ip4.o
                0x080096d8                ip4_output_if
 .text.ip4_addr_isbroadcast_u32
                0x08009702       0x40 build/ip4_addr.o
                0x08009702                ip4_addr_isbroadcast_u32
 *fill*         0x08009742        0x2 
 .text.ip4addr_ntoa_r
                0x08009744       0x98 build/ip4_addr.o
                0x08009744                ip4addr_ntoa_r
 .text.ip4addr_ntoa
                0x080097dc       0x10 build/ip4_addr.o
                0x080097dc                ip4addr_ntoa
 .text.ip_reass_dequeue_datagram
                0x080097ec       0x48 build/ip4_frag.o
 .text.ip_reass_free_complete_datagram
                0x08009834       0xfc build/ip4_frag.o
 .text.ip_reass_remove_oldest_datagram
                0x08009930       0x78 build/ip4_frag.o
 .text.ip_frag_free_pbuf_custom_ref
                0x080099a8       0x2c build/ip4_frag.o
 .text.ipfrag_free_pbuf_custom
                0x080099d4       0x34 build/ip4_frag.o
 .text.ip_reass_chain_frag_into_datagram_and_validate
                0x08009a08      0x1a0 build/ip4_frag.o
 .text.ip_frag_alloc_pbuf_custom_ref
                0x08009ba8        0xa build/ip4_frag.o
 *fill*         0x08009bb2        0x2 
 .text.ip_reass_enqueue_new_datagram
                0x08009bb4       0x60 build/ip4_frag.o
 .text.ip_reass_tmr
                0x08009c14       0x2c build/ip4_frag.o
                0x08009c14                ip_reass_tmr
 .text.ip4_reass
                0x08009c40      0x210 build/ip4_frag.o
                0x08009c40                ip4_reass
 .text.ip4_frag
                0x08009e50      0x1f0 build/ip4_frag.o
                0x08009e50                ip4_frag
 .text.adc_stream_store_sample_bytes
                0x0800a040      0x164 build/adc_stream.o
 .text.clear_state_common
                0x0800a1a4       0xcc build/adc_stream.o
 .text.AdcStream_Init
                0x0800a270       0x14 build/adc_stream.o
                0x0800a270                AdcStream_Init
 .text.AdcStream_ResetDiscard
                0x0800a284       0x28 build/adc_stream.o
                0x0800a284                AdcStream_ResetDiscard
 .text.AdcStream_Start
                0x0800a2ac       0x80 build/adc_stream.o
                0x0800a2ac                AdcStream_Start
 .text.AdcStream_FlushPartialBlock
                0x0800a32c       0x98 build/adc_stream.o
                0x0800a32c                AdcStream_FlushPartialBlock
 .text.AdcStream_Stop
                0x0800a3c4       0x3c build/adc_stream.o
                0x0800a3c4                AdcStream_Stop
 .text.AdcStream_Task
                0x0800a400       0x28 build/adc_stream.o
                0x0800a400                AdcStream_Task
 .text.AdcStream_IsRunning
                0x0800a428        0xc build/adc_stream.o
                0x0800a428                AdcStream_IsRunning
 .text.AdcStream_GetSampleSeq
                0x0800a434        0xc build/adc_stream.o
                0x0800a434                AdcStream_GetSampleSeq
 .text.AdcStream_GetOverrunCount
                0x0800a440        0xc build/adc_stream.o
                0x0800a440                AdcStream_GetOverrunCount
 .text.AdcStream_GetSpiErrorCount
                0x0800a44c        0xc build/adc_stream.o
                0x0800a44c                AdcStream_GetSpiErrorCount
 .text.AdcStream_GetFlags
                0x0800a458        0xc build/adc_stream.o
                0x0800a458                AdcStream_GetFlags
 .text.AdcStream_GetDrdyIrqCount
                0x0800a464        0xc build/adc_stream.o
                0x0800a464                AdcStream_GetDrdyIrqCount
 .text.AdcStream_GetIsrStopCount
                0x0800a470        0xc build/adc_stream.o
                0x0800a470                AdcStream_GetIsrStopCount
 .text.AdcStream_GetDrdyPinLevel
                0x0800a47c       0x10 build/adc_stream.o
                0x0800a47c                AdcStream_GetDrdyPinLevel
 .text.AdcStream_GetReadyCount
                0x0800a48c       0x2c build/adc_stream.o
                0x0800a48c                AdcStream_GetReadyCount
 .text.AdcStream_GetQueuedCount
                0x0800a4b8       0x2c build/adc_stream.o
                0x0800a4b8                AdcStream_GetQueuedCount
 .text.AdcStream_GetFreeCount
                0x0800a4e4       0x2c build/adc_stream.o
                0x0800a4e4                AdcStream_GetFreeCount
 .text.AdcStream_GetContDmaChunkCount
                0x0800a510        0xc build/adc_stream.o
                0x0800a510                AdcStream_GetContDmaChunkCount
 .text.AdcStream_GetStatusNewCount
                0x0800a51c        0xc build/adc_stream.o
                0x0800a51c                AdcStream_GetStatusNewCount
 .text.AdcStream_GetStatusSkipCount
                0x0800a528        0xc build/adc_stream.o
                0x0800a528                AdcStream_GetStatusSkipCount
 .text.AdcStream_PeekReadyBlock
                0x0800a534       0x34 build/adc_stream.o
                0x0800a534                AdcStream_PeekReadyBlock
 .text.AdcStream_MarkBlockQueued
                0x0800a568       0x28 build/adc_stream.o
                0x0800a568                AdcStream_MarkBlockQueued
 .text.AdcStream_ReleaseQueuedBlock
                0x0800a590       0x44 build/adc_stream.o
                0x0800a590                AdcStream_ReleaseQueuedBlock
 .text.AdcStream_OnDrdyIrq
                0x0800a5d4       0x98 build/adc_stream.o
                0x0800a5d4                AdcStream_OnDrdyIrq
 .text.AdcStream_OnContinuousDmaChunk
                0x0800a66c       0xd0 build/adc_stream.o
                0x0800a66c                AdcStream_OnContinuousDmaChunk
 .text.AdcStream_OnContinuousDmaError
                0x0800a73c       0x54 build/adc_stream.o
                0x0800a73c                AdcStream_OnContinuousDmaError
 .text.HAL_GPIO_EXTI_Callback
                0x0800a790        0xe build/adc_stream.o
                0x0800a790                HAL_GPIO_EXTI_Callback
 *fill*         0x0800a79e        0x2 
 .text.cmd_name
                0x0800a7a0       0x68 build/adc_tcp_server.o
 .text.get_u16  0x0800a808        0xa build/adc_tcp_server.o
 .text.get_u32  0x0800a812       0x16 build/adc_tcp_server.o
 .text.put_u16  0x0800a828        0x8 build/adc_tcp_server.o
 .text.put_u32  0x0800a830       0x14 build/adc_tcp_server.o
 .text.txq_next
                0x0800a844        0xc build/adc_tcp_server.o
 .text.txq_push
                0x0800a850       0x64 build/adc_tcp_server.o
 .text.tcp_sndq_len_now
                0x0800a8b4       0x14 build/adc_tcp_server.o
 .text.tcp_required_segs
                0x0800a8c8       0x18 build/adc_tcp_server.o
 .text.crc16_modbus
                0x0800a8e0       0x34 build/adc_tcp_server.o
 .text.build_data_frame
                0x0800a914       0x98 build/adc_tcp_server.o
 .text.on_sent  0x0800a9ac      0x10c build/adc_tcp_server.o
 .text.txq_reset
                0x0800aab8       0x40 build/adc_tcp_server.o
 .text.on_err   0x0800aaf8       0x80 build/adc_tcp_server.o
 .text.build_small_frame
                0x0800ab78       0x60 build/adc_tcp_server.o
 .text.discard_stale_stream_before_start
                0x0800abd8       0x9c build/adc_tcp_server.o
 .text.send_small_frame
                0x0800ac74       0x98 build/adc_tcp_server.o
 .text.send_ack
                0x0800ad0c      0x188 build/adc_tcp_server.o
 .text.on_accept
                0x0800ae94      0x16c build/adc_tcp_server.o
 .text.stream_debug_reset_on_start
                0x0800b000       0xbc build/adc_tcp_server.o
 .text.start_stream_now
                0x0800b0bc       0xa0 build/adc_tcp_server.o
 .text.stream_debug_print_periodic
                0x0800b15c      0x440 build/adc_tcp_server.o
 .text.AdcTcpServer_Init
                0x0800b59c       0xf8 build/adc_tcp_server.o
                0x0800b59c                AdcTcpServer_Init
 .text.AdcTcpServer_Task
                0x0800b694      0x1e0 build/adc_tcp_server.o
                0x0800b694                AdcTcpServer_Task
 .text.on_poll  0x0800b874        0xa build/adc_tcp_server.o
 *fill*         0x0800b87e        0x2 
 .text.handle_frame
                0x0800b880      0x4a8 build/adc_tcp_server.o
 .text.parse_rx_stream
                0x0800bd28      0x18c build/adc_tcp_server.o
 .text.on_recv  0x0800beb4       0xe8 build/adc_tcp_server.o
 .text.ads_wait_spi_not_busy
                0x0800bf9c       0x2c build/ads127l11.o
 .text.ads_clear_spi_rx_ovr
                0x0800bfc8       0x30 build/ads127l11.o
 .text.ads_current_output_frame_bytes_from_cfg
                0x0800bff8       0x16 build/ads127l11.o
 *fill*         0x0800c00e        0x2 
 .text.ads_dma_disable_wait
                0x0800c010       0x20 build/ads127l11.o
 .text.ADS127L11_SPI4_ForceMode
                0x0800c030       0x7c build/ads127l11.o
 .text.ADS127L11_SPI4_ForceConfigMode
                0x0800c0ac        0xa build/ads127l11.o
 *fill*         0x0800c0b6        0x2 
 .text.ads_3wire_frame_reset_pattern
                0x0800c0b8       0x94 build/ads127l11.o
 .text.ads_3wire_xfer_cmd_frame
                0x0800c14c       0xc4 build/ads127l11.o
 .text.ads_spi_prescaler_for_cfg
                0x0800c210       0x70 build/ads127l11.o
 .text.ADS127L11_BoardGpioInit
                0x0800c280      0x114 build/ads127l11.o
                0x0800c280                ADS127L11_BoardGpioInit
 .text.ADS127L11_Start
                0x0800c394        0xc build/ads127l11.o
                0x0800c394                ADS127L11_Start
 .text.ADS127L11_Stop
                0x0800c3a0       0x10 build/ads127l11.o
                0x0800c3a0                ADS127L11_Stop
 .text.ADS127L11_StreamEnter
                0x0800c3b0       0x14 build/ads127l11.o
                0x0800c3b0                ADS127L11_StreamEnter
 .text.ADS127L11_StartContinuousDmaFromDrdyIsr
                0x0800c3c4      0x128 build/ads127l11.o
                0x0800c3c4                ADS127L11_StartContinuousDmaFromDrdyIsr
 .text.ADS127L11_StopContinuousDma
                0x0800c4ec       0x5c build/ads127l11.o
                0x0800c4ec                ADS127L11_StopContinuousDma
 .text.ADS127L11_WriteReg
                0x0800c548       0x3c build/ads127l11.o
                0x0800c548                ADS127L11_WriteReg
 .text.ADS127L11_ReadReg
                0x0800c584       0x74 build/ads127l11.o
                0x0800c584                ADS127L11_ReadReg
 .text.ADS127L11_DumpRegisters
                0x0800c5f8       0x94 build/ads127l11.o
                0x0800c5f8                ADS127L11_DumpRegisters
 .text.ADS127L11_StreamExit
                0x0800c68c       0x24 build/ads127l11.o
                0x0800c68c                ADS127L11_StreamExit
 .text.ADS127L11_Configure
                0x0800c6b0       0xec build/ads127l11.o
                0x0800c6b0                ADS127L11_Configure
 .text.ADS127L11_Init
                0x0800c79c       0x7c build/ads127l11.o
                0x0800c79c                ADS127L11_Init
 .text.ADS127L11_PrepareContinuousDma
                0x0800c818       0xb0 build/ads127l11.o
                0x0800c818                ADS127L11_PrepareContinuousDma
 .text.ADS127L11_PollContinuousDma
                0x0800c8c8       0x60 build/ads127l11.o
                0x0800c8c8                ADS127L11_PollContinuousDma
 .text.ADS127L11_GetDmaPendingDropCount
                0x0800c928        0xc build/ads127l11.o
                0x0800c928                ADS127L11_GetDmaPendingDropCount
 .text.ADS127L11_GetContinuousFrameBytes
                0x0800c934        0xc build/ads127l11.o
                0x0800c934                ADS127L11_GetContinuousFrameBytes
 .text.ADS127L11_GetContinuousDataOffset
                0x0800c940        0xc build/ads127l11.o
                0x0800c940                ADS127L11_GetContinuousDataOffset
 .text.ADS127L11_GetContinuousBytesPerSample
                0x0800c94c        0xc build/ads127l11.o
                0x0800c94c                ADS127L11_GetContinuousBytesPerSample
 .text.ADS127L11_GetDmaCompleteCount
                0x0800c958        0xc build/ads127l11.o
                0x0800c958                ADS127L11_GetDmaCompleteCount
 .text.DMA2_Stream0_IRQHandler
                0x0800c964       0xa4 build/ads127l11.o
                0x0800c964                DMA2_Stream0_IRQHandler
 .text.DMA2_Stream1_IRQHandler
                0x0800ca08       0x48 build/ads127l11.o
                0x0800ca08                DMA2_Stream1_IRQHandler
 .text.AppConfig_Default
                0x0800ca50       0x18 build/app_config.o
                0x0800ca50                AppConfig_Default
 .text.AppConfig_IsValid
                0x0800ca68       0x58 build/app_config.o
                0x0800ca68                AppConfig_IsValid
 .text.AppConfig_BytesPerSample
                0x0800cac0       0x14 build/app_config.o
                0x0800cac0                AppConfig_BytesPerSample
 .text.AppConfig_AdcFilterCode
                0x0800cad4       0x40 build/app_config.o
                0x0800cad4                AppConfig_AdcFilterCode
 .text.crc16_modbus
                0x0800cb14       0x3e build/flash_param.o
 *fill*         0x0800cb52        0x2 
 .text.FlashParam_Load
                0x0800cb54       0xa0 build/flash_param.o
                0x0800cb54                FlashParam_Load
 .text.FlashParam_Save
                0x0800cbf4       0xbc build/flash_param.o
                0x0800cbf4                FlashParam_Save
 .text.range_write_ch0
                0x0800ccb0       0x14 build/range_ctrl.o
 .text.range_write_ch1
                0x0800ccc4       0x14 build/range_ctrl.o
 .text.range_write_ch2
                0x0800ccd8       0x14 build/range_ctrl.o
 .text.range_write_ch3
                0x0800ccec       0x14 build/range_ctrl.o
 .text.RangeCtrl_AllOff
                0x0800cd00       0x1c build/range_ctrl.o
                0x0800cd00                RangeCtrl_AllOff
 .text.RangeCtrl_Set
                0x0800cd1c       0x60 build/range_ctrl.o
                0x0800cd1c                RangeCtrl_Set
 .text._GetAvailWriteSpace
                0x0800cd7c       0x18 build/SEGGER_RTT.o
 .text._WriteNoCheck
                0x0800cd94       0x44 build/SEGGER_RTT.o
 .text._WriteBlocking
                0x0800cdd8       0x5e build/SEGGER_RTT.o
 *fill*         0x0800ce36        0x2 
 .text._DoInit  0x0800ce38       0x64 build/SEGGER_RTT.o
 .text.SEGGER_RTT_WriteNoLock
                0x0800ce9c       0x6c build/SEGGER_RTT.o
                0x0800ce9c                SEGGER_RTT_WriteNoLock
 .text.SEGGER_RTT_Write
                0x0800cf08       0x34 build/SEGGER_RTT.o
                0x0800cf08                SEGGER_RTT_Write
 .text.SEGGER_RTT_SetFlagsUpBuffer
                0x0800cf3c       0x44 build/SEGGER_RTT.o
                0x0800cf3c                SEGGER_RTT_SetFlagsUpBuffer
 .text.SEGGER_RTT_Init
                0x0800cf80        0x8 build/SEGGER_RTT.o
                0x0800cf80                SEGGER_RTT_Init
 .text._StoreChar
                0x0800cf88       0x40 build/SEGGER_RTT_printf.o
 .text._PrintUnsigned
                0x0800cfc8       0xe0 build/SEGGER_RTT_printf.o
 .text._PrintInt
                0x0800d0a8       0xea build/SEGGER_RTT_printf.o
 *fill*         0x0800d192        0x2 
 .text.SEGGER_RTT_vprintf
                0x0800d194      0x2bc build/SEGGER_RTT_printf.o
                0x0800d194                SEGGER_RTT_vprintf
 .text.SEGGER_RTT_printf
                0x0800d450       0x1e build/SEGGER_RTT_printf.o
                0x0800d450                SEGGER_RTT_printf
 *fill*         0x0800d46e        0x2 
 .text.Reset_Handler
                0x0800d470       0x50 build/startup_stm32f427xx.o
                0x0800d470                Reset_Handler
 .text.Default_Handler
                0x0800d4c0        0x2 build/startup_stm32f427xx.o
                0x0800d4c0                RTC_Alarm_IRQHandler
                0x0800d4c0                HASH_RNG_IRQHandler
                0x0800d4c0                EXTI2_IRQHandler
                0x0800d4c0                TIM8_CC_IRQHandler
                0x0800d4c0                UART8_IRQHandler
                0x0800d4c0                SPI4_IRQHandler
                0x0800d4c0                TIM1_CC_IRQHandler
                0x0800d4c0                DMA2_Stream5_IRQHandler
                0x0800d4c0                DMA1_Stream5_IRQHandler
                0x0800d4c0                PVD_IRQHandler
                0x0800d4c0                SDIO_IRQHandler
                0x0800d4c0                TAMP_STAMP_IRQHandler
                0x0800d4c0                CAN2_RX1_IRQHandler
                0x0800d4c0                TIM8_TRG_COM_TIM14_IRQHandler
                0x0800d4c0                TIM1_UP_TIM10_IRQHandler
                0x0800d4c0                TIM8_UP_TIM13_IRQHandler
                0x0800d4c0                I2C3_ER_IRQHandler
                0x0800d4c0                EXTI0_IRQHandler
                0x0800d4c0                I2C2_EV_IRQHandler
                0x0800d4c0                DMA1_Stream2_IRQHandler
                0x0800d4c0                CAN1_RX0_IRQHandler
                0x0800d4c0                FPU_IRQHandler
                0x0800d4c0                OTG_HS_WKUP_IRQHandler
                0x0800d4c0                CAN2_SCE_IRQHandler
                0x0800d4c0                DMA2_Stream2_IRQHandler
                0x0800d4c0                SPI1_IRQHandler
                0x0800d4c0                TIM6_DAC_IRQHandler
                0x0800d4c0                TIM1_BRK_TIM9_IRQHandler
                0x0800d4c0                DCMI_IRQHandler
                0x0800d4c0                CAN2_RX0_IRQHandler
                0x0800d4c0                DMA2_Stream3_IRQHandler
                0x0800d4c0                USART6_IRQHandler
                0x0800d4c0                USART3_IRQHandler
                0x0800d4c0                CAN1_RX1_IRQHandler
                0x0800d4c0                UART5_IRQHandler
                0x0800d4c0                TIM4_IRQHandler
                0x0800d4c0                I2C1_EV_IRQHandler
                0x0800d4c0                DMA1_Stream6_IRQHandler
                0x0800d4c0                DMA1_Stream1_IRQHandler
                0x0800d4c0                UART4_IRQHandler
                0x0800d4c0                TIM3_IRQHandler
                0x0800d4c0                RCC_IRQHandler
                0x0800d4c0                TIM8_BRK_TIM12_IRQHandler
                0x0800d4c0                Default_Handler
                0x0800d4c0                EXTI15_10_IRQHandler
                0x0800d4c0                ADC_IRQHandler
                0x0800d4c0                DMA1_Stream7_IRQHandler
                0x0800d4c0                SPI5_IRQHandler
                0x0800d4c0                TIM7_IRQHandler
                0x0800d4c0                CAN2_TX_IRQHandler
                0x0800d4c0                TIM5_IRQHandler
                0x0800d4c0                DMA2_Stream7_IRQHandler
                0x0800d4c0                I2C3_EV_IRQHandler
                0x0800d4c0                EXTI9_5_IRQHandler
                0x0800d4c0                RTC_WKUP_IRQHandler
                0x0800d4c0                ETH_WKUP_IRQHandler
                0x0800d4c0                SPI2_IRQHandler
                0x0800d4c0                OTG_HS_EP1_IN_IRQHandler
                0x0800d4c0                DMA1_Stream0_IRQHandler
                0x0800d4c0                CAN1_TX_IRQHandler
                0x0800d4c0                EXTI4_IRQHandler
                0x0800d4c0                ETH_IRQHandler
                0x0800d4c0                OTG_HS_EP1_OUT_IRQHandler
                0x0800d4c0                WWDG_IRQHandler
                0x0800d4c0                SPI6_IRQHandler
                0x0800d4c0                TIM2_IRQHandler
                0x0800d4c0                OTG_FS_WKUP_IRQHandler
                0x0800d4c0                TIM1_TRG_COM_TIM11_IRQHandler
                0x0800d4c0                OTG_HS_IRQHandler
                0x0800d4c0                DMA2D_IRQHandler
                0x0800d4c0                EXTI1_IRQHandler
                0x0800d4c0                UART7_IRQHandler
                0x0800d4c0                USART2_IRQHandler
                0x0800d4c0                I2C2_ER_IRQHandler
                0x0800d4c0                CAN1_SCE_IRQHandler
                0x0800d4c0                FLASH_IRQHandler
                0x0800d4c0                DMA2_Stream4_IRQHandler
                0x0800d4c0                USART1_IRQHandler
                0x0800d4c0                OTG_FS_IRQHandler
                0x0800d4c0                SPI3_IRQHandler
                0x0800d4c0                DMA1_Stream4_IRQHandler
                0x0800d4c0                I2C1_ER_IRQHandler
                0x0800d4c0                FMC_IRQHandler
                0x0800d4c0                DMA2_Stream6_IRQHandler
                0x0800d4c0                SAI1_IRQHandler
                0x0800d4c0                DMA1_Stream3_IRQHandler
 *fill*         0x0800d4c2        0x2 
 .text.__libc_init_array
                0x0800d4c4       0x48 c:/tools/gcc-arm-11.2-2022.02-mingw-w64-i686-arm-none-eabi/bin/../lib/gcc/arm-none-eabi/11.2.1/thumb/v7e-m+fp/hard\libc_nano.a(lib_a-init.o)
                0x0800d4c4                __libc_init_array
 .text.memcmp   0x0800d50c       0x20 c:/tools/gcc-arm-11.2-2022.02-mingw-w64-i686-arm-none-eabi/bin/../lib/gcc/arm-none-eabi/11.2.1/thumb/v7e-m+fp/hard\libc_nano.a(lib_a-memcmp.o)
                0x0800d50c                memcmp
 .text.memcpy   0x0800d52c       0x1c c:/tools/gcc-arm-11.2-2022.02-mingw-w64-i686-arm-none-eabi/bin/../lib/gcc/arm-none-eabi/11.2.1/thumb/v7e-m+fp/hard\libc_nano.a(lib_a-memcpy-stub.o)
                0x0800d52c                memcpy
 .text.memmove  0x0800d548       0x34 c:/tools/gcc-arm-11.2-2022.02-mingw-w64-i686-arm-none-eabi/bin/../lib/gcc/arm-none-eabi/11.2.1/thumb/v7e-m+fp/hard\libc_nano.a(lib_a-memmove.o)
                0x0800d548                memmove
 .text.memset   0x0800d57c       0x10 c:/tools/gcc-arm-11.2-2022.02-mingw-w64-i686-arm-none-eabi/bin/../lib/gcc/arm-none-eabi/11.2.1/thumb/v7e-m+fp/hard\libc_nano.a(lib_a-memset.o)
                0x0800d57c                memset
 .text.printf   0x0800d58c       0x30 c:/tools/gcc-arm-11.2-2022.02-mingw-w64-i686-arm-none-eabi/bin/../lib/gcc/arm-none-eabi/11.2.1/thumb/v7e-m+fp/hard\libc_nano.a(lib_a-printf.o)
                0x0800d58c                iprintf
                0x0800d58c                printf
 .text.rand     0x0800d5bc       0x7c c:/tools/gcc-arm-11.2-2022.02-mingw-w64-i686-arm-none-eabi/bin/../lib/gcc/arm-none-eabi/11.2.1/thumb/v7e-m+fp/hard\libc_nano.a(lib_a-rand.o)
                0x0800d5bc                rand
 .text.__assert_func
                0x0800d638       0x3c c:/tools/gcc-arm-11.2-2022.02-mingw-w64-i686-arm-none-eabi/bin/../lib/gcc/arm-none-eabi/11.2.1/thumb/v7e-m+fp/hard\libc_nano.a(lib_a-assert.o)
                0x0800d638                __assert_func
 .text.std      0x0800d674       0x48 c:/tools/gcc-arm-11.2-2022.02-mingw-w64-i686-arm-none-eabi/bin/../lib/gcc/arm-none-eabi/11.2.1/thumb/v7e-m+fp/hard\libc_nano.a(lib_a-findfp.o)
 .text._cleanup_r
                0x0800d6bc        0xc c:/tools/gcc-arm-11.2-2022.02-mingw-w64-i686-arm-none-eabi/bin/../lib/gcc/arm-none-eabi/11.2.1/thumb/v7e-m+fp/hard\libc_nano.a(lib_a-findfp.o)
                0x0800d6bc                _cleanup_r
 .text.__sfmoreglue
                0x0800d6c8       0x2c c:/tools/gcc-arm-11.2-2022.02-mingw-w64-i686-arm-none-eabi/bin/../lib/gcc/arm-none-eabi/11.2.1/thumb/v7e-m+fp/hard\libc_nano.a(lib_a-findfp.o)
                0x0800d6c8                __sfmoreglue
 .text.__sinit  0x0800d6f4       0x60 c:/tools/gcc-arm-11.2-2022.02-mingw-w64-i686-arm-none-eabi/bin/../lib/gcc/arm-none-eabi/11.2.1/thumb/v7e-m+fp/hard\libc_nano.a(lib_a-findfp.o)
                0x0800d6f4                __sinit
 .text.__sfp    0x0800d754       0x78 c:/tools/gcc-arm-11.2-2022.02-mingw-w64-i686-arm-none-eabi/bin/../lib/gcc/arm-none-eabi/11.2.1/thumb/v7e-m+fp/hard\libc_nano.a(lib_a-findfp.o)
                0x0800d754                __sfp
 .text.fprintf  0x0800d7cc       0x24 c:/tools/gcc-arm-11.2-2022.02-mingw-w64-i686-arm-none-eabi/bin/../lib/gcc/arm-none-eabi/11.2.1/thumb/v7e-m+fp/hard\libc_nano.a(lib_a-fprintf.o)
                0x0800d7cc                fiprintf
                0x0800d7cc                fprintf
 .text._fwalk_reent
                0x0800d7f0       0x3e c:/tools/gcc-arm-11.2-2022.02-mingw-w64-i686-arm-none-eabi/bin/../lib/gcc/arm-none-eabi/11.2.1/thumb/v7e-m+fp/hard\libc_nano.a(lib_a-fwalk.o)
                0x0800d7f0                _fwalk_reent
 *fill*         0x0800d82e        0x2 
 .text.malloc   0x0800d830       0x10 c:/tools/gcc-arm-11.2-2022.02-mingw-w64-i686-arm-none-eabi/bin/../lib/gcc/arm-none-eabi/11.2.1/thumb/v7e-m+fp/hard\libc_nano.a(lib_a-malloc.o)
                0x0800d830                malloc
 .text._free_r  0x0800d840       0x98 c:/tools/gcc-arm-11.2-2022.02-mingw-w64-i686-arm-none-eabi/bin/../lib/gcc/arm-none-eabi/11.2.1/thumb/v7e-m+fp/hard\libc_nano.a(lib_a-nano-freer.o)
                0x0800d840                _free_r
 .text.sbrk_aligned
                0x0800d8d8       0x40 c:/tools/gcc-arm-11.2-2022.02-mingw-w64-i686-arm-none-eabi/bin/../lib/gcc/arm-none-eabi/11.2.1/thumb/v7e-m+fp/hard\libc_nano.a(lib_a-nano-mallocr.o)
 .text._malloc_r
                0x0800d918       0xe8 c:/tools/gcc-arm-11.2-2022.02-mingw-w64-i686-arm-none-eabi/bin/../lib/gcc/arm-none-eabi/11.2.1/thumb/v7e-m+fp/hard\libc_nano.a(lib_a-nano-mallocr.o)
                0x0800d918                _malloc_r
 .text.__sfputc_r
                0x0800da00       0x2e c:/tools/gcc-arm-11.2-2022.02-mingw-w64-i686-arm-none-eabi/bin/../lib/gcc/arm-none-eabi/11.2.1/thumb/v7e-m+fp/hard\libc_nano.a(lib_a-nano-vfprintf.o)
 .text.__sfputs_r
                0x0800da2e       0x24 c:/tools/gcc-arm-11.2-2022.02-mingw-w64-i686-arm-none-eabi/bin/../lib/gcc/arm-none-eabi/11.2.1/thumb/v7e-m+fp/hard\libc_nano.a(lib_a-nano-vfprintf.o)
                0x0800da2e                __sfputs_r
 *fill*         0x0800da52        0x2 
 .text._vfprintf_r
                0x0800da54      0x228 c:/tools/gcc-arm-11.2-2022.02-mingw-w64-i686-arm-none-eabi/bin/../lib/gcc/arm-none-eabi/11.2.1/thumb/v7e-m+fp/hard\libc_nano.a(lib_a-nano-vfprintf.o)
                0x0800da54                _vfprintf_r
                0x0800da54                _vfiprintf_r
 .text._sbrk_r  0x0800dc7c       0x20 c:/tools/gcc-arm-11.2-2022.02-mingw-w64-i686-arm-none-eabi/bin/../lib/gcc/arm-none-eabi/11.2.1/thumb/v7e-m+fp/hard\libc_nano.a(lib_a-sbrkr.o)
                0x0800dc7c                _sbrk_r
 .text.__sread  0x0800dc9c       0x22 c:/tools/gcc-arm-11.2-2022.02-mingw-w64-i686-arm-none-eabi/bin/../lib/gcc/arm-none-eabi/11.2.1/thumb/v7e-m+fp/hard\libc_nano.a(lib_a-stdio.o)
                0x0800dc9c                __sread
 .text.__swrite
                0x0800dcbe       0x38 c:/tools/gcc-arm-11.2-2022.02-mingw-w64-i686-arm-none-eabi/bin/../lib/gcc/arm-none-eabi/11.2.1/thumb/v7e-m+fp/hard\libc_nano.a(lib_a-stdio.o)
                0x0800dcbe                __swrite
 .text.__sseek  0x0800dcf6       0x24 c:/tools/gcc-arm-11.2-2022.02-mingw-w64-i686-arm-none-eabi/bin/../lib/gcc/arm-none-eabi/11.2.1/thumb/v7e-m+fp/hard\libc_nano.a(lib_a-stdio.o)
                0x0800dcf6                __sseek
 .text.__sclose
                0x0800dd1a        0x8 c:/tools/gcc-arm-11.2-2022.02-mingw-w64-i686-arm-none-eabi/bin/../lib/gcc/arm-none-eabi/11.2.1/thumb/v7e-m+fp/hard\libc_nano.a(lib_a-stdio.o)
                0x0800dd1a                __sclose
 *fill*         0x0800dd22        0x2 
 .text.__swbuf_r
                0x0800dd24       0xa4 c:/tools/gcc-arm-11.2-2022.02-mingw-w64-i686-arm-none-eabi/bin/../lib/gcc/arm-none-eabi/11.2.1/thumb/v7e-m+fp/hard\libc_nano.a(lib_a-wbuf.o)
                0x0800dd24                __swbuf_r
 .text._write_r
                0x0800ddc8       0x24 c:/tools/gcc-arm-11.2-2022.02-mingw-w64-i686-arm-none-eabi/bin/../lib/gcc/arm-none-eabi/11.2.1/thumb/v7e-m+fp/hard\libc_nano.a(lib_a-writer.o)
                0x0800ddc8                _write_r
 .text.__swsetup_r
                0x0800ddec       0xdc c:/tools/gcc-arm-11.2-2022.02-mingw-w64-i686-arm-none-eabi/bin/../lib/gcc/arm-none-eabi/11.2.1/thumb/v7e-m+fp/hard\libc_nano.a(lib_a-wsetup.o)
                0x0800ddec                __swsetup_r
 .text.abort    0x0800dec8        0xe c:/tools/gcc-arm-11.2-2022.02-mingw-w64-i686-arm-none-eabi/bin/../lib/gcc/arm-none-eabi/11.2.1/thumb/v7e-m+fp/hard\libc_nano.a(lib_a-abort.o)
                0x0800dec8                abort
 *fill*         0x0800ded6        0x2 
 .text._close_r
                0x0800ded8       0x20 c:/tools/gcc-arm-11.2-2022.02-mingw-w64-i686-arm-none-eabi/bin/../lib/gcc/arm-none-eabi/11.2.1/thumb/v7e-m+fp/hard\libc_nano.a(lib_a-closer.o)
                0x0800ded8                _close_r
 .text.__sflush_r
                0x0800def8      0x10c c:/tools/gcc-arm-11.2-2022.02-mingw-w64-i686-arm-none-eabi/bin/../lib/gcc/arm-none-eabi/11.2.1/thumb/v7e-m+fp/hard\libc_nano.a(lib_a-fflush.o)
                0x0800def8                __sflush_r
 .text._fflush_r
                0x0800e004       0x54 c:/tools/gcc-arm-11.2-2022.02-mingw-w64-i686-arm-none-eabi/bin/../lib/gcc/arm-none-eabi/11.2.1/thumb/v7e-m+fp/hard\libc_nano.a(lib_a-fflush.o)
                0x0800e004                _fflush_r
 .text._lseek_r
                0x0800e058       0x24 c:/tools/gcc-arm-11.2-2022.02-mingw-w64-i686-arm-none-eabi/bin/../lib/gcc/arm-none-eabi/11.2.1/thumb/v7e-m+fp/hard\libc_nano.a(lib_a-lseekr.o)
                0x0800e058                _lseek_r
 .text.__swhatbuf_r
                0x0800e07c       0x4c c:/tools/gcc-arm-11.2-2022.02-mingw-w64-i686-arm-none-eabi/bin/../lib/gcc/arm-none-eabi/11.2.1/thumb/v7e-m+fp/hard\libc_nano.a(lib_a-makebuf.o)
                0x0800e07c                __swhatbuf_r
 .text.__smakebuf_r
                0x0800e0c8       0x80 c:/tools/gcc-arm-11.2-2022.02-mingw-w64-i686-arm-none-eabi/bin/../lib/gcc/arm-none-eabi/11.2.1/thumb/v7e-m+fp/hard\libc_nano.a(lib_a-makebuf.o)
                0x0800e0c8                __smakebuf_r
 .text.__malloc_lock
                0x0800e148        0x2 c:/tools/gcc-arm-11.2-2022.02-mingw-w64-i686-arm-none-eabi/bin/../lib/gcc/arm-none-eabi/11.2.1/thumb/v7e-m+fp/hard\libc_nano.a(lib_a-mlock.o)
                0x0800e148                __malloc_lock
 .text.__malloc_unlock
                0x0800e14a        0x2 c:/tools/gcc-arm-11.2-2022.02-mingw-w64-i686-arm-none-eabi/bin/../lib/gcc/arm-none-eabi/11.2.1/thumb/v7e-m+fp/hard\libc_nano.a(lib_a-mlock.o)
                0x0800e14a                __malloc_unlock
 .text._printf_common
                0x0800e14c       0xda c:/tools/gcc-arm-11.2-2022.02-mingw-w64-i686-arm-none-eabi/bin/../lib/gcc/arm-none-eabi/11.2.1/thumb/v7e-m+fp/hard\libc_nano.a(lib_a-nano-vfprintf_i.o)
                0x0800e14c                _printf_common
 *fill*         0x0800e226        0x2 
 .text._printf_i
                0x0800e228      0x244 c:/tools/gcc-arm-11.2-2022.02-mingw-w64-i686-arm-none-eabi/bin/../lib/gcc/arm-none-eabi/11.2.1/thumb/v7e-m+fp/hard\libc_nano.a(lib_a-nano-vfprintf_i.o)
                0x0800e228                _printf_i
 .text._read_r  0x0800e46c       0x24 c:/tools/gcc-arm-11.2-2022.02-mingw-w64-i686-arm-none-eabi/bin/../lib/gcc/arm-none-eabi/11.2.1/thumb/v7e-m+fp/hard\libc_nano.a(lib_a-readr.o)
                0x0800e46c                _read_r
 .text._raise_r
                0x0800e490       0x50 c:/tools/gcc-arm-11.2-2022.02-mingw-w64-i686-arm-none-eabi/bin/../lib/gcc/arm-none-eabi/11.2.1/thumb/v7e-m+fp/hard\libc_nano.a(lib_a-signal.o)
                0x0800e490                _raise_r
 .text.raise    0x0800e4e0       0x10 c:/tools/gcc-arm-11.2-2022.02-mingw-w64-i686-arm-none-eabi/bin/../lib/gcc/arm-none-eabi/11.2.1/thumb/v7e-m+fp/hard\libc_nano.a(lib_a-signal.o)
                0x0800e4e0                raise
 .text._kill_r  0x0800e4f0       0x24 c:/tools/gcc-arm-11.2-2022.02-mingw-w64-i686-arm-none-eabi/bin/../lib/gcc/arm-none-eabi/11.2.1/thumb/v7e-m+fp/hard\libc_nano.a(lib_a-signalr.o)
                0x0800e4f0                _kill_r
 .text._getpid_r
                0x0800e514        0x4 c:/tools/gcc-arm-11.2-2022.02-mingw-w64-i686-arm-none-eabi/bin/../lib/gcc/arm-none-eabi/11.2.1/thumb/v7e-m+fp/hard\libc_nano.a(lib_a-signalr.o)
                0x0800e514                _getpid_r
 .text._fstat_r
                0x0800e518       0x24 c:/tools/gcc-arm-11.2-2022.02-mingw-w64-i686-arm-none-eabi/bin/../lib/gcc/arm-none-eabi/11.2.1/thumb/v7e-m+fp/hard\libc_nano.a(lib_a-fstatr.o)
                0x0800e518                _fstat_r
 .text._isatty_r
                0x0800e53c       0x20 c:/tools/gcc-arm-11.2-2022.02-mingw-w64-i686-arm-none-eabi/bin/../lib/gcc/arm-none-eabi/11.2.1/thumb/v7e-m+fp/hard\libc_nano.a(lib_a-isattyr.o)
                0x0800e53c                _isatty_r
 .text.__udivmoddi4
                0x0800e55c      0x2c8 c:/tools/gcc-arm-11.2-2022.02-mingw-w64-i686-arm-none-eabi/bin/../lib/gcc/arm-none-eabi/11.2.1/thumb/v7e-m+fp/hard\libgcc.a(_udivmoddi4.o)
                0x0800e55c                __udivmoddi4
 *(.glue_7)
 .glue_7        0x0800e824        0x0 linker stubs
 *(.glue_7t)
 .glue_7t       0x0800e824        0x0 linker stubs
 *(.eh_frame)
 .eh_frame      0x0800e824        0x0 c:/tools/gcc-arm-11.2-2022.02-mingw-w64-i686-arm-none-eabi/bin/../lib/gcc/arm-none-eabi/11.2.1/thumb/v7e-m+fp/hard/crtbegin.o
 *(.init)
 .init          0x0800e824        0x4 c:/tools/gcc-arm-11.2-2022.02-mingw-w64-i686-arm-none-eabi/bin/../lib/gcc/arm-none-eabi/11.2.1/thumb/v7e-m+fp/hard/crti.o
                0x0800e824                _init
 .init          0x0800e828        0x8 c:/tools/gcc-arm-11.2-2022.02-mingw-w64-i686-arm-none-eabi/bin/../lib/gcc/arm-none-eabi/11.2.1/thumb/v7e-m+fp/hard/crtn.o
 *(.fini)
 .fini          0x0800e830        0x4 c:/tools/gcc-arm-11.2-2022.02-mingw-w64-i686-arm-none-eabi/bin/../lib/gcc/arm-none-eabi/11.2.1/thumb/v7e-m+fp/hard/crti.o
                0x0800e830                _fini
 .fini          0x0800e834        0x8 c:/tools/gcc-arm-11.2-2022.02-mingw-w64-i686-arm-none-eabi/bin/../lib/gcc/arm-none-eabi/11.2.1/thumb/v7e-m+fp/hard/crtn.o
                0x0800e83c                . = ALIGN (0x4)
                0x0800e83c                _etext = .

.vfp11_veneer   0x0800e83c        0x0
 .vfp11_veneer  0x0800e83c        0x0 linker stubs

.v4_bx          0x0800e83c        0x0
 .v4_bx         0x0800e83c        0x0 linker stubs

.iplt           0x0800e83c        0x0
 .iplt          0x0800e83c        0x0 c:/tools/gcc-arm-11.2-2022.02-mingw-w64-i686-arm-none-eabi/bin/../lib/gcc/arm-none-eabi/11.2.1/thumb/v7e-m+fp/hard/crtbegin.o

.rodata         0x0800e83c     0x35c0
                0x0800e83c                . = ALIGN (0x4)
 *(.rodata)
 .rodata        0x0800e83c        0x5 build/ads127l11.o
 *(.rodata*)
 *fill*         0x0800e841        0x3 
 .rodata.LAN8720_SpeedDuplexString.str1.4
                0x0800e844       0x38 build/main.o
 .rodata.LwIP_PrintNetifState.str1.4
                0x0800e87c       0x2b build/main.o
 *fill*         0x0800e8a7        0x1 
 .rodata.DebugLog_Init.str1.4
                0x0800e8a8        0x5 build/main.o
 *fill*         0x0800e8ad        0x3 
 .rodata.LAN8720_BootSelfTest.str1.4
                0x0800e8b0       0xdd build/main.o
 *fill*         0x0800e98d        0x3 
 .rodata.Error_Handler.str1.4
                0x0800e990       0x4f build/main.o
 *fill*         0x0800e9df        0x1 
 .rodata.SystemClock_Config.str1.4
                0x0800e9e0       0x37 build/main.o
 *fill*         0x0800ea17        0x1 
 .rodata.main.str1.4
                0x0800ea18      0x1e3 build/main.o
 *fill*         0x0800ebfb        0x1 
 .rodata.AHBPrescTable
                0x0800ebfc       0x10 build/system_stm32f4xx.o
                0x0800ebfc                AHBPrescTable
 .rodata.ethernetif_init.str1.4
                0x0800ec0c       0x54 build/ethernetif.o
 .rodata.memp_RX_POOL
                0x0800ec60        0xc build/ethernetif.o
                0x0800ec60                memp_RX_POOL
 .rodata.ethernet_output.str1.4
                0x0800ec6c       0x65 build/ethernet.o
                                 0x90 (size before relaxing)
 *fill*         0x0800ecd1        0x3 
 .rodata.ethbroadcast
                0x0800ecd4        0x6 build/ethernet.o
                0x0800ecd4                ethbroadcast
 *fill*         0x0800ecda        0x2 
 .rodata.ethzero
                0x0800ecdc        0x6 build/ethernet.o
                0x0800ecdc                ethzero
 *fill*         0x0800ece2        0x2 
 .rodata.plug_holes.str1.4
                0x0800ece4       0xa6 build/mem.o
                                 0xce (size before relaxing)
 *fill*         0x0800ed8a        0x2 
 .rodata.mem_free.str1.4
                0x0800ed8c       0x9a build/mem.o
 *fill*         0x0800ee26        0x2 
 .rodata.mem_trim.str1.4
                0x0800ee28       0x49 build/mem.o
 *fill*         0x0800ee71        0x3 
 .rodata.mem_malloc.str1.4
                0x0800ee74       0x9f build/mem.o
 *fill*         0x0800ef13        0x1 
 .rodata.do_memp_malloc_pool.str1.4
                0x0800ef14       0x53 build/memp.o
                                 0x7c (size before relaxing)
 *fill*         0x0800ef67        0x1 
 .rodata.do_memp_free_pool.str1.4
                0x0800ef68       0x20 build/memp.o
 .rodata.memp_malloc_pool.str1.4
                0x0800ef88       0x12 build/memp.o
 *fill*         0x0800ef9a        0x2 
 .rodata.memp_malloc.str1.4
                0x0800ef9c       0x1d build/memp.o
 *fill*         0x0800efb9        0x3 
 .rodata.memp_free.str1.4
                0x0800efbc       0x1b build/memp.o
 *fill*         0x0800efd7        0x1 
 .rodata.memp_FRAG_PBUF
                0x0800efd8        0xc build/memp.o
                0x0800efd8                memp_FRAG_PBUF
 .rodata.memp_PBUF
                0x0800efe4        0xc build/memp.o
                0x0800efe4                memp_PBUF
 .rodata.memp_PBUF_POOL
                0x0800eff0        0xc build/memp.o
                0x0800eff0                memp_PBUF_POOL
 .rodata.memp_REASSDATA
                0x0800effc        0xc build/memp.o
                0x0800effc                memp_REASSDATA
 .rodata.memp_SYS_TIMEOUT
                0x0800f008        0xc build/memp.o
                0x0800f008                memp_SYS_TIMEOUT
 .rodata.memp_TCP_PCB
                0x0800f014        0xc build/memp.o
                0x0800f014                memp_TCP_PCB
 .rodata.memp_TCP_PCB_LISTEN
                0x0800f020        0xc build/memp.o
                0x0800f020                memp_TCP_PCB_LISTEN
 .rodata.memp_TCP_SEG
                0x0800f02c        0xc build/memp.o
                0x0800f02c                memp_TCP_SEG
 .rodata.memp_UDP_PCB
                0x0800f038        0xc build/memp.o
                0x0800f038                memp_UDP_PCB
 .rodata.memp_pools
                0x0800f044       0x24 build/memp.o
                0x0800f044                memp_pools
 .rodata.netif_issue_reports.str1.4
                0x0800f068       0x53 build/netif.o
                                 0x7c (size before relaxing)
 *fill*         0x0800f0bb        0x1 
 .rodata.netif_do_set_ipaddr.str1.4
                0x0800f0bc       0x10 build/netif.o
 .rodata.netif_add.str1.4
                0x0800f0cc       0x82 build/netif.o
 *fill*         0x0800f14e        0x2 
 .rodata.netif_set_up.str1.4
                0x0800f150       0x1c build/netif.o
 .rodata.netif_set_down.str1.4
                0x0800f16c       0x1e build/netif.o
 *fill*         0x0800f18a        0x2 
 .rodata.netif_set_link_up.str1.4
                0x0800f18c       0x21 build/netif.o
 *fill*         0x0800f1ad        0x3 
 .rodata.pbuf_add_header_impl.str1.4
                0x0800f1b0       0x3a build/pbuf.o
                                 0x64 (size before relaxing)
 *fill*         0x0800f1ea        0x2 
 .rodata.pbuf_alloc_reference.str1.4
                0x0800f1ec       0x12 build/pbuf.o
 *fill*         0x0800f1fe        0x2 
 .rodata.pbuf_remove_header.str1.4
                0x0800f200       0x1e build/pbuf.o
 *fill*         0x0800f21e        0x2 
 .rodata.pbuf_free.str1.4
                0x0800f220       0x4e build/pbuf.o
 *fill*         0x0800f26e        0x2 
 .rodata.pbuf_alloc.str1.4
                0x0800f270       0xab build/pbuf.o
 *fill*         0x0800f31b        0x1 
 .rodata.pbuf_realloc.str1.4
                0x0800f31c       0x4c build/pbuf.o
 .rodata.pbuf_ref.str1.4
                0x0800f368       0x12 build/pbuf.o
 *fill*         0x0800f37a        0x2 
 .rodata.pbuf_cat.str1.4
                0x0800f37c       0x78 build/pbuf.o
 .rodata.pbuf_copy.str1.4
                0x0800f3f4       0x9e build/pbuf.o
 *fill*         0x0800f492        0x2 
 .rodata.pbuf_copy_partial.str1.4
                0x0800f494       0x43 build/pbuf.o
 *fill*         0x0800f4d7        0x1 
 .rodata.pbuf_clone.str1.4
                0x0800f4d8       0x11 build/pbuf.o
 *fill*         0x0800f4e9        0x3 
 .rodata.tcp_remove_listener.str1.4
                0x0800f4ec       0x52 build/tcp.o
                                 0x7c (size before relaxing)
 *fill*         0x0800f53e        0x2 
 .rodata.tcp_listen_closed.str1.4
                0x0800f540       0x21 build/tcp.o
 *fill*         0x0800f561        0x3 
 .rodata.tcp_free_listen.str1.4
                0x0800f564       0x19 build/tcp.o
 *fill*         0x0800f57d        0x3 
 .rodata.tcp_free.str1.4
                0x0800f580       0x11 build/tcp.o
 *fill*         0x0800f591        0x3 
 .rodata.tcp_bind.str1.4
                0x0800f594       0x40 build/tcp.o
 .rodata.tcp_listen_with_backlog_and_err.str1.4
                0x0800f5d4       0x67 build/tcp.o
 *fill*         0x0800f63b        0x1 
 .rodata.tcp_update_rcv_ann_wnd.str1.4
                0x0800f63c       0x3e build/tcp.o
 *fill*         0x0800f67a        0x2 
 .rodata.tcp_recved.str1.4
                0x0800f67c       0x3e build/tcp.o
 *fill*         0x0800f6ba        0x2 
 .rodata.tcp_setprio.str1.4
                0x0800f6bc       0x19 build/tcp.o
 *fill*         0x0800f6d5        0x3 
 .rodata.tcp_recv.str1.4
                0x0800f6d8       0x27 build/tcp.o
 *fill*         0x0800f6ff        0x1 
 .rodata.tcp_sent.str1.4
                0x0800f700       0x27 build/tcp.o
 *fill*         0x0800f727        0x1 
 .rodata.tcp_err.str1.4
                0x0800f728       0x26 build/tcp.o
 *fill*         0x0800f74e        0x2 
 .rodata.tcp_poll.str1.4
                0x0800f750       0x36 build/tcp.o
 *fill*         0x0800f786        0x2 
 .rodata.tcp_pcb_purge.str1.4
                0x0800f788       0x1b build/tcp.o
 *fill*         0x0800f7a3        0x1 
 .rodata.tcp_slowtmr.str1.4
                0x0800f7a4      0x1ca build/tcp.o
 *fill*         0x0800f96e        0x2 
 .rodata.tcp_pcb_remove.str1.4
                0x0800f970       0x6d build/tcp.o
 *fill*         0x0800f9dd        0x3 
 .rodata.tcp_close_shutdown.str1.4
                0x0800f9e0       0x39 build/tcp.o
 *fill*         0x0800fa19        0x3 
 .rodata.tcp_close.str1.4
                0x0800fa1c       0x17 build/tcp.o
 *fill*         0x0800fa33        0x1 
 .rodata.tcp_recv_null.str1.4
                0x0800fa34       0x1b build/tcp.o
 *fill*         0x0800fa4f        0x1 
 .rodata.tcp_process_refused_data.str1.4
                0x0800fa50       0x26 build/tcp.o
 *fill*         0x0800fa76        0x2 
 .rodata.tcp_abandon.str1.4
                0x0800fa78       0x4d build/tcp.o
 *fill*         0x0800fac5        0x3 
 .rodata.tcp_accept_null.str1.4
                0x0800fac8       0x1d build/tcp.o
 *fill*         0x0800fae5        0x3 
 .rodata.tcp_netif_ip_addr_changed_pcblist.str1.4
                0x0800fae8       0x34 build/tcp.o
 .rodata.tcp_kill_state.str1.4
                0x0800fb1c        0xe build/tcp.o
 *fill*         0x0800fb2a        0x2 
 .rodata.tcp_next_iss.str1.4
                0x0800fb2c       0x1a build/tcp.o
 *fill*         0x0800fb46        0x2 
 .rodata.tcp_backoff
                0x0800fb48        0xd build/tcp.o
 *fill*         0x0800fb55        0x3 
 .rodata.tcp_pcb_lists
                0x0800fb58       0x10 build/tcp.o
                0x0800fb58                tcp_pcb_lists
 .rodata.tcp_persist_backoff
                0x0800fb68        0x7 build/tcp.o
 *fill*         0x0800fb6f        0x1 
 .rodata.tcp_parseopt.str1.4
                0x0800fb70       0x4a build/tcp_in.o
                                 0x74 (size before relaxing)
 *fill*         0x0800fbba        0x2 
 .rodata.tcp_input_delayed_close.str1.4
                0x0800fbbc       0x25 build/tcp_in.o
 *fill*         0x0800fbe1        0x3 
 .rodata.tcp_timewait_input.str1.4
                0x0800fbe4       0x20 build/tcp_in.o
 .rodata.tcp_listen_input.str1.4
                0x0800fc04       0x1e build/tcp_in.o
 *fill*         0x0800fc22        0x2 
 .rodata.tcp_free_acked_segments.str1.4
                0x0800fc24       0x48 build/tcp_in.o
 .rodata.tcp_receive.str1.4
                0x0800fc6c       0xcf build/tcp_in.o
 *fill*         0x0800fd3b        0x1 
 .rodata.tcp_process.str1.4
                0x0800fd3c       0x86 build/tcp_in.o
 *fill*         0x0800fdc2        0x2 
 .rodata.tcp_input.str1.4
                0x0800fdc4      0x172 build/tcp_in.o
 *fill*         0x0800ff36        0x2 
 .rodata.tcp_write_checks.str1.4
                0x0800ff38       0xbe build/tcp_out.o
                                 0xe6 (size before relaxing)
 *fill*         0x0800fff6        0x2 
 .rodata.tcp_output_segment_busy.str1.4
                0x0800fff8       0x25 build/tcp_out.o
 *fill*         0x0801001d        0x3 
 .rodata.tcp_output_fill_options.str1.4
                0x08010020       0x3b build/tcp_out.o
 *fill*         0x0801005b        0x1 
 .rodata.tcp_create_segment.str1.4
                0x0801005c       0x59 build/tcp_out.o
 *fill*         0x080100b5        0x3 
 .rodata.tcp_output_alloc_header_common.str1.4
                0x080100b8       0x2e build/tcp_out.o
 *fill*         0x080100e6        0x2 
 .rodata.tcp_output_alloc_header.str1.4
                0x080100e8       0x25 build/tcp_out.o
 *fill*         0x0801010d        0x3 
 .rodata.tcp_output_segment.str1.4
                0x08010110       0x62 build/tcp_out.o
 *fill*         0x08010172        0x2 
 .rodata.tcp_output_control_segment.str1.4
                0x08010174       0x29 build/tcp_out.o
 *fill*         0x0801019d        0x3 
 .rodata.tcp_write.str1.4
                0x080101a0      0x146 build/tcp_out.o
 *fill*         0x080102e6        0x2 
 .rodata.tcp_split_unsent_seg.str1.4
                0x080102e8       0x66 build/tcp_out.o
 *fill*         0x0801034e        0x2 
 .rodata.tcp_enqueue_flags.str1.4
                0x08010350      0x120 build/tcp_out.o
 .rodata.tcp_send_fin.str1.4
                0x08010470       0x1a build/tcp_out.o
 *fill*         0x0801048a        0x2 
 .rodata.tcp_rexmit_rto_prepare.str1.4
                0x0801048c       0x24 build/tcp_out.o
 .rodata.tcp_rexmit.str1.4
                0x080104b0       0x18 build/tcp_out.o
 .rodata.tcp_rexmit_fast.str1.4
                0x080104c8       0x1d build/tcp_out.o
 *fill*         0x080104e5        0x3 
 .rodata.tcp_rst.str1.4
                0x080104e8       0x37 build/tcp_out.o
 *fill*         0x0801051f        0x1 
 .rodata.tcp_send_empty_ack.str1.4
                0x08010520       0x20 build/tcp_out.o
 .rodata.tcp_output.str1.4
                0x08010540       0x57 build/tcp_out.o
 *fill*         0x08010597        0x1 
 .rodata.tcp_rexmit_rto_commit.str1.4
                0x08010598       0x23 build/tcp_out.o
 *fill*         0x080105bb        0x1 
 .rodata.tcp_rexmit_rto.str1.4
                0x080105bc       0x1c build/tcp_out.o
 .rodata.tcp_keepalive.str1.4
                0x080105d8       0x1b build/tcp_out.o
 *fill*         0x080105f3        0x1 
 .rodata.tcp_zero_window_probe.str1.4
                0x080105f4       0x23 build/tcp_out.o
 *fill*         0x08010617        0x1 
 .rodata.sys_timeout_abs.str1.4
                0x08010618       0x71 build/timeouts.o
                                 0x9c (size before relaxing)
 *fill*         0x08010689        0x3 
 .rodata.sys_timeout.str1.4
                0x0801068c       0x36 build/timeouts.o
 *fill*         0x080106c2        0x2 
 .rodata.lwip_cyclic_timers
                0x080106c4       0x18 build/timeouts.o
                0x080106c4                lwip_cyclic_timers
 .rodata.udp_input_local_match.str1.4
                0x080106dc       0x75 build/udp.o
                                 0x9d (size before relaxing)
 *fill*         0x08010751        0x3 
 .rodata.udp_input.str1.4
                0x08010754       0x4f build/udp.o
 *fill*         0x080107a3        0x1 
 .rodata.etharp_find_entry.str1.4
                0x080107a4       0x89 build/etharp.o
                                 0xb1 (size before relaxing)
 *fill*         0x0801082d        0x3 
 .rodata.etharp_update_arp_entry.str1.4
                0x08010830       0x24 build/etharp.o
 .rodata.etharp_raw.str1.4
                0x08010854       0x75 build/etharp.o
                                 0x85 (size before relaxing)
 *fill*         0x080108c9        0x3 
 .rodata.etharp_get_entry.str1.4
                0x080108cc       0x20 build/etharp.o
 .rodata.etharp_output_to_arp_index.str1.4
                0x080108ec       0x30 build/etharp.o
 .rodata.etharp_query.str1.4
                0x0801091c       0x5e build/etharp.o
 *fill*         0x0801097a        0x2 
 .rodata.icmp_send_response.str1.4
                0x0801097c       0x60 build/icmp.o
                                 0x88 (size before relaxing)
 .rodata.icmp_input.str1.4
                0x080109dc       0x6a build/icmp.o
 *fill*         0x08010a46        0x2 
 .rodata.ip4_output_if_src.str1.4
                0x08010a48       0x6d build/ip4.o
                                 0x95 (size before relaxing)
 *fill*         0x08010ab5        0x3 
 .rodata.ip_addr_any
                0x08010ab8        0x4 build/ip4_addr.o
                0x08010ab8                ip_addr_any
 .rodata.ip_reass_dequeue_datagram.str1.4
                0x08010abc       0x51 build/ip4_frag.o
                                 0x7c (size before relaxing)
 *fill*         0x08010b0d        0x3 
 .rodata.ip_reass_free_complete_datagram.str1.4
                0x08010b10       0x62 build/ip4_frag.o
 .rodata.ip_frag_free_pbuf_custom_ref.str1.4
                0x08010b72        0xa build/ip4_frag.o
 *fill*         0x08010b72        0x2 
 .rodata.ipfrag_free_pbuf_custom.str1.4
                0x08010b74        0xc build/ip4_frag.o
 .rodata.ip_reass_chain_frag_into_datagram_and_validate.str1.4
                0x08010b80       0x8a build/ip4_frag.o
 *fill*         0x08010c0a        0x2 
 .rodata.ip4_reass.str1.4
                0x08010c0c       0x48 build/ip4_frag.o
 .rodata.ip4_frag.str1.4
                0x08010c54       0x4b build/ip4_frag.o
 *fill*         0x08010c9f        0x1 
 .rodata.cmd_name.str1.4
                0x08010ca0       0x3a build/adc_tcp_server.o
 *fill*         0x08010cda        0x2 
 .rodata.on_sent.str1.4
                0x08010cdc       0x49 build/adc_tcp_server.o
                                 0x4f (size before relaxing)
 *fill*         0x08010d25        0x3 
 .rodata.on_err.str1.4
                0x08010d28       0x4a build/adc_tcp_server.o
 *fill*         0x08010d72        0x2 
 .rodata.discard_stale_stream_before_start.str1.4
                0x08010d74       0xe1 build/adc_tcp_server.o
 *fill*         0x08010e55        0x3 
 .rodata.send_ack.str1.4
                0x08010e58       0x9d build/adc_tcp_server.o
 *fill*         0x08010ef5        0x3 
 .rodata.on_accept.str1.4
                0x08010ef8       0x86 build/adc_tcp_server.o
 *fill*         0x08010f7e        0x2 
 .rodata.start_stream_now.str1.4
                0x08010f80       0x9e build/adc_tcp_server.o
 *fill*         0x0801101e        0x2 
 .rodata.stream_debug_print_periodic.str1.4
                0x08011020      0x273 build/adc_tcp_server.o
 *fill*         0x08011293        0x1 
 .rodata.AdcTcpServer_Init.str1.4
                0x08011294       0x82 build/adc_tcp_server.o
 *fill*         0x08011316        0x2 
 .rodata.AdcTcpServer_Task.str1.4
                0x08011318       0x21 build/adc_tcp_server.o
 *fill*         0x08011339        0x3 
 .rodata.handle_frame.str1.4
                0x0801133c      0x441 build/adc_tcp_server.o
 *fill*         0x0801177d        0x3 
 .rodata.parse_rx_stream.str1.4
                0x08011780       0xd4 build/adc_tcp_server.o
 .rodata.on_recv.str1.4
                0x08011854       0x6d build/adc_tcp_server.o
 *fill*         0x080118c1        0x3 
 .rodata.s_crc_table.0
                0x080118c4      0x200 build/adc_tcp_server.o
 .rodata.ads_3wire_frame_reset_pattern.str1.4
                0x08011ac4        0x9 build/ads127l11.o
 *fill*         0x08011acd        0x3 
 .rodata.ADS127L11_DumpRegisters.str1.4