ARM GAS  /tmp/cce9isNn.s 			page 1


   1              		.cpu cortex-m4
   2              		.eabi_attribute 27, 1
   3              		.eabi_attribute 28, 1
   4              		.eabi_attribute 20, 1
   5              		.eabi_attribute 21, 1
   6              		.eabi_attribute 23, 3
   7              		.eabi_attribute 24, 1
   8              		.eabi_attribute 25, 1
   9              		.eabi_attribute 26, 1
  10              		.eabi_attribute 30, 1
  11              		.eabi_attribute 34, 1
  12              		.eabi_attribute 18, 4
  13              		.file	"err.c"
  14              		.text
  15              	.Ltext0:
  16              		.cfi_sections	.debug_frame
  17              		.section	.rodata.lwip_strerr.str1.4,"aMS",%progbits,1
  18              		.align	2
  19              	.LC0:
  20 0000 556E6B6E 		.ascii	"Unknown error.\000"
  20      6F776E20 
  20      6572726F 
  20      722E00
  21              		.section	.text.lwip_strerr,"ax",%progbits
  22              		.align	1
  23              		.global	lwip_strerr
  24              		.arch armv7e-m
  25              		.syntax unified
  26              		.thumb
  27              		.thumb_func
  28              		.fpu fpv4-sp-d16
  30              	lwip_strerr:
  31              	.LVL0:
  32              	.LFB159:
  33              		.file 1 "Middlewares/Third_Party/LwIP/src/api/err.c"
   1:Middlewares/Third_Party/LwIP/src/api/err.c **** /**
   2:Middlewares/Third_Party/LwIP/src/api/err.c ****  * @file
   3:Middlewares/Third_Party/LwIP/src/api/err.c ****  * Error Management module
   4:Middlewares/Third_Party/LwIP/src/api/err.c ****  *
   5:Middlewares/Third_Party/LwIP/src/api/err.c ****  */
   6:Middlewares/Third_Party/LwIP/src/api/err.c **** 
   7:Middlewares/Third_Party/LwIP/src/api/err.c **** /*
   8:Middlewares/Third_Party/LwIP/src/api/err.c ****  * Copyright (c) 2001-2004 Swedish Institute of Computer Science.
   9:Middlewares/Third_Party/LwIP/src/api/err.c ****  * All rights reserved.
  10:Middlewares/Third_Party/LwIP/src/api/err.c ****  *
  11:Middlewares/Third_Party/LwIP/src/api/err.c ****  * Redistribution and use in source and binary forms, with or without modification,
  12:Middlewares/Third_Party/LwIP/src/api/err.c ****  * are permitted provided that the following conditions are met:
  13:Middlewares/Third_Party/LwIP/src/api/err.c ****  *
  14:Middlewares/Third_Party/LwIP/src/api/err.c ****  * 1. Redistributions of source code must retain the above copyright notice,
  15:Middlewares/Third_Party/LwIP/src/api/err.c ****  *    this list of conditions and the following disclaimer.
  16:Middlewares/Third_Party/LwIP/src/api/err.c ****  * 2. Redistributions in binary form must reproduce the above copyright notice,
  17:Middlewares/Third_Party/LwIP/src/api/err.c ****  *    this list of conditions and the following disclaimer in the documentation
  18:Middlewares/Third_Party/LwIP/src/api/err.c ****  *    and/or other materials provided with the distribution.
  19:Middlewares/Third_Party/LwIP/src/api/err.c ****  * 3. The name of the author may not be used to endorse or promote products
  20:Middlewares/Third_Party/LwIP/src/api/err.c ****  *    derived from this software without specific prior written permission.
  21:Middlewares/Third_Party/LwIP/src/api/err.c ****  *
  22:Middlewares/Third_Party/LwIP/src/api/err.c ****  * THIS SOFTWARE IS PROVIDED BY THE AUTHOR ``AS IS'' AND ANY EXPRESS OR IMPLIED
ARM GAS  /tmp/cce9isNn.s 			page 2


  23:Middlewares/Third_Party/LwIP/src/api/err.c ****  * WARRANTIES, INCLUDING, BUT NOT LIMITED TO, THE IMPLIED WARRANTIES OF
  24:Middlewares/Third_Party/LwIP/src/api/err.c ****  * MERCHANTABILITY AND FITNESS FOR A PARTICULAR PURPOSE ARE DISCLAIMED. IN NO EVENT
  25:Middlewares/Third_Party/LwIP/src/api/err.c ****  * SHALL THE AUTHOR BE LIABLE FOR ANY DIRECT, INDIRECT, INCIDENTAL, SPECIAL,
  26:Middlewares/Third_Party/LwIP/src/api/err.c ****  * EXEMPLARY, OR CONSEQUENTIAL DAMAGES (INCLUDING, BUT NOT LIMITED TO, PROCUREMENT
  27:Middlewares/Third_Party/LwIP/src/api/err.c ****  * OF SUBSTITUTE GOODS OR SERVICES; LOSS OF USE, DATA, OR PROFITS; OR BUSINESS
  28:Middlewares/Third_Party/LwIP/src/api/err.c ****  * INTERRUPTION) HOWEVER CAUSED AND ON ANY THEORY OF LIABILITY, WHETHER IN
  29:Middlewares/Third_Party/LwIP/src/api/err.c ****  * CONTRACT, STRICT LIABILITY, OR TORT (INCLUDING NEGLIGENCE OR OTHERWISE) ARISING
  30:Middlewares/Third_Party/LwIP/src/api/err.c ****  * IN ANY WAY OUT OF THE USE OF THIS SOFTWARE, EVEN IF ADVISED OF THE POSSIBILITY
  31:Middlewares/Third_Party/LwIP/src/api/err.c ****  * OF SUCH DAMAGE.
  32:Middlewares/Third_Party/LwIP/src/api/err.c ****  *
  33:Middlewares/Third_Party/LwIP/src/api/err.c ****  * This file is part of the lwIP TCP/IP stack.
  34:Middlewares/Third_Party/LwIP/src/api/err.c ****  *
  35:Middlewares/Third_Party/LwIP/src/api/err.c ****  * Author: Adam Dunkels <adam@sics.se>
  36:Middlewares/Third_Party/LwIP/src/api/err.c ****  *
  37:Middlewares/Third_Party/LwIP/src/api/err.c ****  */
  38:Middlewares/Third_Party/LwIP/src/api/err.c **** 
  39:Middlewares/Third_Party/LwIP/src/api/err.c **** #include "lwip/err.h"
  40:Middlewares/Third_Party/LwIP/src/api/err.c **** #include "lwip/def.h"
  41:Middlewares/Third_Party/LwIP/src/api/err.c **** #include "lwip/sys.h"
  42:Middlewares/Third_Party/LwIP/src/api/err.c **** 
  43:Middlewares/Third_Party/LwIP/src/api/err.c **** #include "lwip/errno.h"
  44:Middlewares/Third_Party/LwIP/src/api/err.c **** 
  45:Middlewares/Third_Party/LwIP/src/api/err.c **** #if !NO_SYS
  46:Middlewares/Third_Party/LwIP/src/api/err.c **** /** Table to quickly map an lwIP error (err_t) to a socket error
  47:Middlewares/Third_Party/LwIP/src/api/err.c ****   * by using -err as an index */
  48:Middlewares/Third_Party/LwIP/src/api/err.c **** static const int err_to_errno_table[] = {
  49:Middlewares/Third_Party/LwIP/src/api/err.c ****   0,             /* ERR_OK          0      No error, everything OK. */
  50:Middlewares/Third_Party/LwIP/src/api/err.c ****   ENOMEM,        /* ERR_MEM        -1      Out of memory error.     */
  51:Middlewares/Third_Party/LwIP/src/api/err.c ****   ENOBUFS,       /* ERR_BUF        -2      Buffer error.            */
  52:Middlewares/Third_Party/LwIP/src/api/err.c ****   EWOULDBLOCK,   /* ERR_TIMEOUT    -3      Timeout                  */
  53:Middlewares/Third_Party/LwIP/src/api/err.c ****   EHOSTUNREACH,  /* ERR_RTE        -4      Routing problem.         */
  54:Middlewares/Third_Party/LwIP/src/api/err.c ****   EINPROGRESS,   /* ERR_INPROGRESS -5      Operation in progress    */
  55:Middlewares/Third_Party/LwIP/src/api/err.c ****   EINVAL,        /* ERR_VAL        -6      Illegal value.           */
  56:Middlewares/Third_Party/LwIP/src/api/err.c ****   EWOULDBLOCK,   /* ERR_WOULDBLOCK -7      Operation would block.   */
  57:Middlewares/Third_Party/LwIP/src/api/err.c ****   EADDRINUSE,    /* ERR_USE        -8      Address in use.          */
  58:Middlewares/Third_Party/LwIP/src/api/err.c ****   EALREADY,      /* ERR_ALREADY    -9      Already connecting.      */
  59:Middlewares/Third_Party/LwIP/src/api/err.c ****   EISCONN,       /* ERR_ISCONN     -10     Conn already established.*/
  60:Middlewares/Third_Party/LwIP/src/api/err.c ****   ENOTCONN,      /* ERR_CONN       -11     Not connected.           */
  61:Middlewares/Third_Party/LwIP/src/api/err.c ****   -1,            /* ERR_IF         -12     Low-level netif error    */
  62:Middlewares/Third_Party/LwIP/src/api/err.c ****   ECONNABORTED,  /* ERR_ABRT       -13     Connection aborted.      */
  63:Middlewares/Third_Party/LwIP/src/api/err.c ****   ECONNRESET,    /* ERR_RST        -14     Connection reset.        */
  64:Middlewares/Third_Party/LwIP/src/api/err.c ****   ENOTCONN,      /* ERR_CLSD       -15     Connection closed.       */
  65:Middlewares/Third_Party/LwIP/src/api/err.c ****   EIO            /* ERR_ARG        -16     Illegal argument.        */
  66:Middlewares/Third_Party/LwIP/src/api/err.c **** };
  67:Middlewares/Third_Party/LwIP/src/api/err.c **** 
  68:Middlewares/Third_Party/LwIP/src/api/err.c **** int
  69:Middlewares/Third_Party/LwIP/src/api/err.c **** err_to_errno(err_t err)
  70:Middlewares/Third_Party/LwIP/src/api/err.c **** {
  71:Middlewares/Third_Party/LwIP/src/api/err.c ****   if ((err > 0) || (-err >= (err_t)LWIP_ARRAYSIZE(err_to_errno_table))) {
  72:Middlewares/Third_Party/LwIP/src/api/err.c ****     return EIO;
  73:Middlewares/Third_Party/LwIP/src/api/err.c ****   }
  74:Middlewares/Third_Party/LwIP/src/api/err.c ****   return err_to_errno_table[-err];
  75:Middlewares/Third_Party/LwIP/src/api/err.c **** }
  76:Middlewares/Third_Party/LwIP/src/api/err.c **** #endif /* !NO_SYS */
  77:Middlewares/Third_Party/LwIP/src/api/err.c **** 
  78:Middlewares/Third_Party/LwIP/src/api/err.c **** #ifdef LWIP_DEBUG
  79:Middlewares/Third_Party/LwIP/src/api/err.c **** 
ARM GAS  /tmp/cce9isNn.s 			page 3


  80:Middlewares/Third_Party/LwIP/src/api/err.c **** static const char *err_strerr[] = {
  81:Middlewares/Third_Party/LwIP/src/api/err.c ****   "Ok.",                    /* ERR_OK          0  */
  82:Middlewares/Third_Party/LwIP/src/api/err.c ****   "Out of memory error.",   /* ERR_MEM        -1  */
  83:Middlewares/Third_Party/LwIP/src/api/err.c ****   "Buffer error.",          /* ERR_BUF        -2  */
  84:Middlewares/Third_Party/LwIP/src/api/err.c ****   "Timeout.",               /* ERR_TIMEOUT    -3  */
  85:Middlewares/Third_Party/LwIP/src/api/err.c ****   "Routing problem.",       /* ERR_RTE        -4  */
  86:Middlewares/Third_Party/LwIP/src/api/err.c ****   "Operation in progress.", /* ERR_INPROGRESS -5  */
  87:Middlewares/Third_Party/LwIP/src/api/err.c ****   "Illegal value.",         /* ERR_VAL        -6  */
  88:Middlewares/Third_Party/LwIP/src/api/err.c ****   "Operation would block.", /* ERR_WOULDBLOCK -7  */
  89:Middlewares/Third_Party/LwIP/src/api/err.c ****   "Address in use.",        /* ERR_USE        -8  */
  90:Middlewares/Third_Party/LwIP/src/api/err.c ****   "Already connecting.",    /* ERR_ALREADY    -9  */
  91:Middlewares/Third_Party/LwIP/src/api/err.c ****   "Already connected.",     /* ERR_ISCONN     -10 */
  92:Middlewares/Third_Party/LwIP/src/api/err.c ****   "Not connected.",         /* ERR_CONN       -11 */
  93:Middlewares/Third_Party/LwIP/src/api/err.c ****   "Low-level netif error.", /* ERR_IF         -12 */
  94:Middlewares/Third_Party/LwIP/src/api/err.c ****   "Connection aborted.",    /* ERR_ABRT       -13 */
  95:Middlewares/Third_Party/LwIP/src/api/err.c ****   "Connection reset.",      /* ERR_RST        -14 */
  96:Middlewares/Third_Party/LwIP/src/api/err.c ****   "Connection closed.",     /* ERR_CLSD       -15 */
  97:Middlewares/Third_Party/LwIP/src/api/err.c ****   "Illegal argument."       /* ERR_ARG        -16 */
  98:Middlewares/Third_Party/LwIP/src/api/err.c **** };
  99:Middlewares/Third_Party/LwIP/src/api/err.c **** 
 100:Middlewares/Third_Party/LwIP/src/api/err.c **** /**
 101:Middlewares/Third_Party/LwIP/src/api/err.c ****  * Convert an lwip internal error to a string representation.
 102:Middlewares/Third_Party/LwIP/src/api/err.c ****  *
 103:Middlewares/Third_Party/LwIP/src/api/err.c ****  * @param err an lwip internal err_t
 104:Middlewares/Third_Party/LwIP/src/api/err.c ****  * @return a string representation for err
 105:Middlewares/Third_Party/LwIP/src/api/err.c ****  */
 106:Middlewares/Third_Party/LwIP/src/api/err.c **** const char *
 107:Middlewares/Third_Party/LwIP/src/api/err.c **** lwip_strerr(err_t err)
 108:Middlewares/Third_Party/LwIP/src/api/err.c **** {
  34              		.loc 1 108 1 view -0
  35              		.cfi_startproc
  36              		@ args = 0, pretend = 0, frame = 0
  37              		@ frame_needed = 0, uses_anonymous_args = 0
  38              		@ link register save eliminated.
 109:Middlewares/Third_Party/LwIP/src/api/err.c ****   if ((err > 0) || (-err >= (err_t)LWIP_ARRAYSIZE(err_strerr))) {
  39              		.loc 1 109 3 view .LVU1
  40              		.loc 1 109 17 is_stmt 0 view .LVU2
  41 0000 00F11003 		add	r3, r0, #16
  42 0004 DBB2     		uxtb	r3, r3
  43              		.loc 1 109 6 view .LVU3
  44 0006 102B     		cmp	r3, #16
  45 0008 04D8     		bhi	.L3
 110:Middlewares/Third_Party/LwIP/src/api/err.c ****     return "Unknown error.";
 111:Middlewares/Third_Party/LwIP/src/api/err.c ****   }
 112:Middlewares/Third_Party/LwIP/src/api/err.c ****   return err_strerr[-err];
  46              		.loc 1 112 3 is_stmt 1 view .LVU4
  47              		.loc 1 112 21 is_stmt 0 view .LVU5
  48 000a 4042     		rsbs	r0, r0, #0
  49              	.LVL1:
  50              		.loc 1 112 20 view .LVU6
  51 000c 024B     		ldr	r3, .L4
  52 000e 53F82000 		ldr	r0, [r3, r0, lsl #2]
  53 0012 7047     		bx	lr
  54              	.LVL2:
  55              	.L3:
 110:Middlewares/Third_Party/LwIP/src/api/err.c ****     return "Unknown error.";
  56              		.loc 1 110 12 view .LVU7
ARM GAS  /tmp/cce9isNn.s 			page 4


  57 0014 0148     		ldr	r0, .L4+4
  58              	.LVL3:
 113:Middlewares/Third_Party/LwIP/src/api/err.c **** }
  59              		.loc 1 113 1 view .LVU8
  60 0016 7047     		bx	lr
  61              	.L5:
  62              		.align	2
  63              	.L4:
  64 0018 00000000 		.word	.LANCHOR0
  65 001c 00000000 		.word	.LC0
  66              		.cfi_endproc
  67              	.LFE159:
  69              		.section	.rodata.str1.4,"aMS",%progbits,1
  70              		.align	2
  71              	.LC1:
  72 0000 4F6B2E00 		.ascii	"Ok.\000"
  73              		.align	2
  74              	.LC2:
  75 0004 4F757420 		.ascii	"Out of memory error.\000"
  75      6F66206D 
  75      656D6F72 
  75      79206572 
  75      726F722E 
  76 0019 000000   		.align	2
  77              	.LC3:
  78 001c 42756666 		.ascii	"Buffer error.\000"
  78      65722065 
  78      72726F72 
  78      2E00
  79 002a 0000     		.align	2
  80              	.LC4:
  81 002c 54696D65 		.ascii	"Timeout.\000"
  81      6F75742E 
  81      00
  82 0035 000000   		.align	2
  83              	.LC5:
  84 0038 526F7574 		.ascii	"Routing problem.\000"
  84      696E6720 
  84      70726F62 
  84      6C656D2E 
  84      00
  85 0049 000000   		.align	2
  86              	.LC6:
  87 004c 4F706572 		.ascii	"Operation in progress.\000"
  87      6174696F 
  87      6E20696E 
  87      2070726F 
  87      67726573 
  88 0063 00       		.align	2
  89              	.LC7:
  90 0064 496C6C65 		.ascii	"Illegal value.\000"
  90      67616C20 
  90      76616C75 
  90      652E00
  91 0073 00       		.align	2
  92              	.LC8:
  93 0074 4F706572 		.ascii	"Operation would block.\000"
ARM GAS  /tmp/cce9isNn.s 			page 5


  93      6174696F 
  93      6E20776F 
  93      756C6420 
  93      626C6F63 
  94 008b 00       		.align	2
  95              	.LC9:
  96 008c 41646472 		.ascii	"Address in use.\000"
  96      65737320 
  96      696E2075 
  96      73652E00 
  97              		.align	2
  98              	.LC10:
  99 009c 416C7265 		.ascii	"Already connecting.\000"
  99      61647920 
  99      636F6E6E 
  99      65637469 
  99      6E672E00 
 100              		.align	2
 101              	.LC11:
 102 00b0 416C7265 		.ascii	"Already connected.\000"
 102      61647920 
 102      636F6E6E 
 102      65637465 
 102      642E00
 103 00c3 00       		.align	2
 104              	.LC12:
 105 00c4 4E6F7420 		.ascii	"Not connected.\000"
 105      636F6E6E 
 105      65637465 
 105      642E00
 106 00d3 00       		.align	2
 107              	.LC13:
 108 00d4 4C6F772D 		.ascii	"Low-level netif error.\000"
 108      6C657665 
 108      6C206E65 
 108      74696620 
 108      6572726F 
 109 00eb 00       		.align	2
 110              	.LC14:
 111 00ec 436F6E6E 		.ascii	"Connection aborted.\000"
 111      65637469 
 111      6F6E2061 
 111      626F7274 
 111      65642E00 
 112              		.align	2
 113              	.LC15:
 114 0100 436F6E6E 		.ascii	"Connection reset.\000"
 114      65637469 
 114      6F6E2072 
 114      65736574 
 114      2E00
 115 0112 0000     		.align	2
 116              	.LC16:
 117 0114 436F6E6E 		.ascii	"Connection closed.\000"
 117      65637469 
 117      6F6E2063 
 117      6C6F7365 
ARM GAS  /tmp/cce9isNn.s 			page 6


 117      642E00
 118 0127 00       		.align	2
 119              	.LC17:
 120 0128 496C6C65 		.ascii	"Illegal argument.\000"
 120      67616C20 
 120      61726775 
 120      6D656E74 
 120      2E00
 121              		.section	.rodata.err_strerr,"a"
 122              		.align	2
 123              		.set	.LANCHOR0,. + 0
 126              	err_strerr:
 127 0000 00000000 		.word	.LC1
 128 0004 04000000 		.word	.LC2
 129 0008 1C000000 		.word	.LC3
 130 000c 2C000000 		.word	.LC4
 131 0010 38000000 		.word	.LC5
 132 0014 4C000000 		.word	.LC6
 133 0018 64000000 		.word	.LC7
 134 001c 74000000 		.word	.LC8
 135 0020 8C000000 		.word	.LC9
 136 0024 9C000000 		.word	.LC10
 137 0028 B0000000 		.word	.LC11
 138 002c C4000000 		.word	.LC12
 139 0030 D4000000 		.word	.LC13
 140 0034 EC000000 		.word	.LC14
 141 0038 00010000 		.word	.LC15
 142 003c 14010000 		.word	.LC16
 143 0040 28010000 		.word	.LC17
 144              		.text
 145              	.Letext0:
 146              		.file 2 "/opt/gcc-arm-none-eabi-9-2020-q2-update/arm-none-eabi/include/machine/_default_types.h"
 147              		.file 3 "/opt/gcc-arm-none-eabi-9-2020-q2-update/arm-none-eabi/include/sys/_stdint.h"
 148              		.file 4 "Drivers/CMSIS/Include/core_cm4.h"
 149              		.file 5 "Drivers/CMSIS/Device/ST/STM32F4xx/Include/system_stm32f4xx.h"
 150              		.file 6 "Drivers/STM32F4xx_HAL_Driver/Inc/stm32f4xx_hal.h"
 151              		.file 7 "/opt/gcc-arm-none-eabi-9-2020-q2-update/lib/gcc/arm-none-eabi/9.3.1/include/stddef.h"
 152              		.file 8 "/opt/gcc-arm-none-eabi-9-2020-q2-update/arm-none-eabi/include/sys/_types.h"
 153              		.file 9 "/opt/gcc-arm-none-eabi-9-2020-q2-update/arm-none-eabi/include/sys/reent.h"
 154              		.file 10 "/opt/gcc-arm-none-eabi-9-2020-q2-update/arm-none-eabi/include/sys/lock.h"
 155              		.file 11 "/opt/gcc-arm-none-eabi-9-2020-q2-update/arm-none-eabi/include/stdlib.h"
 156              		.file 12 "/opt/gcc-arm-none-eabi-9-2020-q2-update/arm-none-eabi/include/time.h"
 157              		.file 13 "Middlewares/Third_Party/LwIP/src/include/lwip/arch.h"
 158              		.file 14 "/opt/gcc-arm-none-eabi-9-2020-q2-update/arm-none-eabi/include/ctype.h"
 159              		.file 15 "Middlewares/Third_Party/LwIP/src/include/lwip/err.h"
 160              		.file 16 "Middlewares/Third_Party/LwIP/src/include/lwip/errno.h"
ARM GAS  /tmp/cce9isNn.s 			page 7


DEFINED SYMBOLS
                            *ABS*:0000000000000000 err.c
     /tmp/cce9isNn.s:18     .rodata.lwip_strerr.str1.4:0000000000000000 $d
     /tmp/cce9isNn.s:22     .text.lwip_strerr:0000000000000000 $t
     /tmp/cce9isNn.s:30     .text.lwip_strerr:0000000000000000 lwip_strerr
     /tmp/cce9isNn.s:64     .text.lwip_strerr:0000000000000018 $d
     /tmp/cce9isNn.s:70     .rodata.str1.4:0000000000000000 $d
     /tmp/cce9isNn.s:122    .rodata.err_strerr:0000000000000000 $d
     /tmp/cce9isNn.s:126    .rodata.err_strerr:0000000000000000 err_strerr

NO UNDEFINED SYMBOLS
