ARM GAS  /tmp/ccuMBXbt.s 			page 1


   1              		.cpu cortex-m4
   2              		.eabi_attribute 27, 1
   3              		.eabi_attribute 28, 1
   4              		.eabi_attribute 20, 1
   5              		.eabi_attribute 21, 1
   6              		.eabi_attribute 23, 3
   7              		.eabi_attribute 24, 1
   8              		.eabi_attribute 25, 1
   9              		.eabi_attribute 26, 1
  10              		.eabi_attribute 30, 1
  11              		.eabi_attribute 34, 1
  12              		.eabi_attribute 18, 4
  13              		.file	"ethernetif.c"
  14              		.text
  15              	.Ltext0:
  16              		.cfi_sections	.debug_frame
  17              		.section	.text.low_level_input,"ax",%progbits
  18              		.align	1
  19              		.arch armv7e-m
  20              		.syntax unified
  21              		.thumb
  22              		.thumb_func
  23              		.fpu fpv4-sp-d16
  25              	low_level_input:
  26              	.LVL0:
  27              	.LFB161:
  28              		.file 1 "LWIP/Target/ethernetif.c"
   1:LWIP/Target/ethernetif.c **** /* USER CODE BEGIN Header */
   2:LWIP/Target/ethernetif.c **** /**
   3:LWIP/Target/ethernetif.c ****   ******************************************************************************
   4:LWIP/Target/ethernetif.c ****   * File Name          : ethernetif.c
   5:LWIP/Target/ethernetif.c ****   * Description        : This file provides code for the configuration
   6:LWIP/Target/ethernetif.c ****   *                      of the ethernetif.c MiddleWare.
   7:LWIP/Target/ethernetif.c ****   ******************************************************************************
   8:LWIP/Target/ethernetif.c ****   * @attention
   9:LWIP/Target/ethernetif.c ****   *
  10:LWIP/Target/ethernetif.c ****   * Copyright (c) 2026 STMicroelectronics.
  11:LWIP/Target/ethernetif.c ****   * All rights reserved.
  12:LWIP/Target/ethernetif.c ****   *
  13:LWIP/Target/ethernetif.c ****   * This software is licensed under terms that can be found in the LICENSE file
  14:LWIP/Target/ethernetif.c ****   * in the root directory of this software component.
  15:LWIP/Target/ethernetif.c ****   * If no LICENSE file comes with this software, it is provided AS-IS.
  16:LWIP/Target/ethernetif.c ****   *
  17:LWIP/Target/ethernetif.c ****   ******************************************************************************
  18:LWIP/Target/ethernetif.c ****   */
  19:LWIP/Target/ethernetif.c **** /* USER CODE END Header */
  20:LWIP/Target/ethernetif.c **** 
  21:LWIP/Target/ethernetif.c **** /* Includes ------------------------------------------------------------------*/
  22:LWIP/Target/ethernetif.c **** #include "main.h"
  23:LWIP/Target/ethernetif.c **** #include "lwip/opt.h"
  24:LWIP/Target/ethernetif.c **** #include "lwip/mem.h"
  25:LWIP/Target/ethernetif.c **** #include "lwip/memp.h"
  26:LWIP/Target/ethernetif.c **** #include "lwip/timeouts.h"
  27:LWIP/Target/ethernetif.c **** #include "netif/ethernet.h"
  28:LWIP/Target/ethernetif.c **** #include "netif/etharp.h"
  29:LWIP/Target/ethernetif.c **** #include "lwip/ethip6.h"
  30:LWIP/Target/ethernetif.c **** #include "ethernetif.h"
ARM GAS  /tmp/ccuMBXbt.s 			page 2


  31:LWIP/Target/ethernetif.c **** /* USER CODE BEGIN Include for User BSP */
  32:LWIP/Target/ethernetif.c **** 
  33:LWIP/Target/ethernetif.c **** /* USER CODE END Include for User BSP */
  34:LWIP/Target/ethernetif.c **** #include <string.h>
  35:LWIP/Target/ethernetif.c **** 
  36:LWIP/Target/ethernetif.c **** /* Within 'USER CODE' section, code will be kept by default at each generation */
  37:LWIP/Target/ethernetif.c **** /* USER CODE BEGIN 0 */
  38:LWIP/Target/ethernetif.c **** 
  39:LWIP/Target/ethernetif.c **** /* USER CODE END 0 */
  40:LWIP/Target/ethernetif.c **** 
  41:LWIP/Target/ethernetif.c **** /* Private define ------------------------------------------------------------*/
  42:LWIP/Target/ethernetif.c **** 
  43:LWIP/Target/ethernetif.c **** /* Network interface name */
  44:LWIP/Target/ethernetif.c **** #define IFNAME0 's'
  45:LWIP/Target/ethernetif.c **** #define IFNAME1 't'
  46:LWIP/Target/ethernetif.c **** 
  47:LWIP/Target/ethernetif.c **** /* ETH Setting  */
  48:LWIP/Target/ethernetif.c **** #define ETH_DMA_TRANSMIT_TIMEOUT               ( 20U )
  49:LWIP/Target/ethernetif.c **** #define ETH_TX_BUFFER_MAX             ((ETH_TX_DESC_CNT) * 2U)
  50:LWIP/Target/ethernetif.c **** 
  51:LWIP/Target/ethernetif.c **** /* USER CODE BEGIN 1 */
  52:LWIP/Target/ethernetif.c **** 
  53:LWIP/Target/ethernetif.c **** /* USER CODE END 1 */
  54:LWIP/Target/ethernetif.c **** 
  55:LWIP/Target/ethernetif.c **** /* Private variables ---------------------------------------------------------*/
  56:LWIP/Target/ethernetif.c **** /*
  57:LWIP/Target/ethernetif.c **** @Note: This interface is implemented to operate in zero-copy mode only:
  58:LWIP/Target/ethernetif.c ****         - Rx Buffers will be allocated from LwIP stack Rx memory pool,
  59:LWIP/Target/ethernetif.c ****           then passed to ETH HAL driver.
  60:LWIP/Target/ethernetif.c ****         - Tx Buffers will be allocated from LwIP stack memory heap,
  61:LWIP/Target/ethernetif.c ****           then passed to ETH HAL driver.
  62:LWIP/Target/ethernetif.c **** 
  63:LWIP/Target/ethernetif.c **** @Notes:
  64:LWIP/Target/ethernetif.c ****   1.a. ETH DMA Rx descriptors must be contiguous, the default count is 4,
  65:LWIP/Target/ethernetif.c ****        to customize it please redefine ETH_RX_DESC_CNT in ETH GUI (Rx Descriptor Length)
  66:LWIP/Target/ethernetif.c ****        so that updated value will be generated in stm32xxxx_hal_conf.h
  67:LWIP/Target/ethernetif.c ****   1.b. ETH DMA Tx descriptors must be contiguous, the default count is 4,
  68:LWIP/Target/ethernetif.c ****        to customize it please redefine ETH_TX_DESC_CNT in ETH GUI (Tx Descriptor Length)
  69:LWIP/Target/ethernetif.c ****        so that updated value will be generated in stm32xxxx_hal_conf.h
  70:LWIP/Target/ethernetif.c **** 
  71:LWIP/Target/ethernetif.c ****   2.a. Rx Buffers number must be between ETH_RX_DESC_CNT and 2*ETH_RX_DESC_CNT
  72:LWIP/Target/ethernetif.c ****   2.b. Rx Buffers must have the same size: ETH_RX_BUF_SIZE, this value must
  73:LWIP/Target/ethernetif.c ****        passed to ETH DMA in the init field (heth.Init.RxBuffLen)
  74:LWIP/Target/ethernetif.c ****   2.c  The RX Ruffers addresses and sizes must be properly defined to be aligned
  75:LWIP/Target/ethernetif.c ****        to L1-CACHE line size (32 bytes).
  76:LWIP/Target/ethernetif.c **** */
  77:LWIP/Target/ethernetif.c **** 
  78:LWIP/Target/ethernetif.c **** /* Data Type Definitions */
  79:LWIP/Target/ethernetif.c **** typedef enum
  80:LWIP/Target/ethernetif.c **** {
  81:LWIP/Target/ethernetif.c ****   RX_ALLOC_OK       = 0x00,
  82:LWIP/Target/ethernetif.c ****   RX_ALLOC_ERROR    = 0x01
  83:LWIP/Target/ethernetif.c **** } RxAllocStatusTypeDef;
  84:LWIP/Target/ethernetif.c **** 
  85:LWIP/Target/ethernetif.c **** typedef struct
  86:LWIP/Target/ethernetif.c **** {
  87:LWIP/Target/ethernetif.c ****   struct pbuf_custom pbuf_custom;
ARM GAS  /tmp/ccuMBXbt.s 			page 3


  88:LWIP/Target/ethernetif.c ****   uint8_t buff[(ETH_RX_BUF_SIZE + 31) & ~31] __ALIGNED(32);
  89:LWIP/Target/ethernetif.c **** } RxBuff_t;
  90:LWIP/Target/ethernetif.c **** 
  91:LWIP/Target/ethernetif.c **** /* Memory Pool Declaration */
  92:LWIP/Target/ethernetif.c **** #define ETH_RX_BUFFER_CNT             12U
  93:LWIP/Target/ethernetif.c **** LWIP_MEMPOOL_DECLARE(RX_POOL, ETH_RX_BUFFER_CNT, sizeof(RxBuff_t), "Zero-copy RX PBUF pool");
  94:LWIP/Target/ethernetif.c **** 
  95:LWIP/Target/ethernetif.c **** /* Variable Definitions */
  96:LWIP/Target/ethernetif.c **** static uint8_t RxAllocStatus;
  97:LWIP/Target/ethernetif.c **** 
  98:LWIP/Target/ethernetif.c **** ETH_DMADescTypeDef  DMARxDscrTab[ETH_RX_DESC_CNT]; /* Ethernet Rx DMA Descriptors */
  99:LWIP/Target/ethernetif.c **** ETH_DMADescTypeDef  DMATxDscrTab[ETH_TX_DESC_CNT]; /* Ethernet Tx DMA Descriptors */
 100:LWIP/Target/ethernetif.c **** 
 101:LWIP/Target/ethernetif.c **** /* USER CODE BEGIN 2 */
 102:LWIP/Target/ethernetif.c **** 
 103:LWIP/Target/ethernetif.c **** /* USER CODE END 2 */
 104:LWIP/Target/ethernetif.c **** 
 105:LWIP/Target/ethernetif.c **** /* Global Ethernet handle */
 106:LWIP/Target/ethernetif.c **** ETH_HandleTypeDef heth;
 107:LWIP/Target/ethernetif.c **** ETH_TxPacketConfig TxConfig;
 108:LWIP/Target/ethernetif.c **** 
 109:LWIP/Target/ethernetif.c **** /* Private function prototypes -----------------------------------------------*/
 110:LWIP/Target/ethernetif.c **** 
 111:LWIP/Target/ethernetif.c **** /* USER CODE BEGIN 3 */
 112:LWIP/Target/ethernetif.c **** 
 113:LWIP/Target/ethernetif.c **** /* USER CODE END 3 */
 114:LWIP/Target/ethernetif.c **** 
 115:LWIP/Target/ethernetif.c **** /* Private functions ---------------------------------------------------------*/
 116:LWIP/Target/ethernetif.c **** void pbuf_free_custom(struct pbuf *p);
 117:LWIP/Target/ethernetif.c **** 
 118:LWIP/Target/ethernetif.c **** /* USER CODE BEGIN 4 */
 119:LWIP/Target/ethernetif.c **** 
 120:LWIP/Target/ethernetif.c **** /* USER CODE END 4 */
 121:LWIP/Target/ethernetif.c **** 
 122:LWIP/Target/ethernetif.c **** /*******************************************************************************
 123:LWIP/Target/ethernetif.c ****                        LL Driver Interface ( LwIP stack --> ETH)
 124:LWIP/Target/ethernetif.c **** *******************************************************************************/
 125:LWIP/Target/ethernetif.c **** /**
 126:LWIP/Target/ethernetif.c ****  * @brief In this function, the hardware should be initialized.
 127:LWIP/Target/ethernetif.c ****  * Called from ethernetif_init().
 128:LWIP/Target/ethernetif.c ****  *
 129:LWIP/Target/ethernetif.c ****  * @param netif the already initialized lwip network interface structure
 130:LWIP/Target/ethernetif.c ****  *        for this ethernetif
 131:LWIP/Target/ethernetif.c ****  */
 132:LWIP/Target/ethernetif.c **** static void low_level_init(struct netif *netif)
 133:LWIP/Target/ethernetif.c **** {
 134:LWIP/Target/ethernetif.c ****   HAL_StatusTypeDef hal_eth_init_status = HAL_OK;
 135:LWIP/Target/ethernetif.c ****   /* Start ETH HAL Init */
 136:LWIP/Target/ethernetif.c **** 
 137:LWIP/Target/ethernetif.c ****    uint8_t MACAddr[6] ;
 138:LWIP/Target/ethernetif.c ****   heth.Instance = ETH;
 139:LWIP/Target/ethernetif.c ****   MACAddr[0] = 0x00;
 140:LWIP/Target/ethernetif.c ****   MACAddr[1] = 0x80;
 141:LWIP/Target/ethernetif.c ****   MACAddr[2] = 0xE1;
 142:LWIP/Target/ethernetif.c ****   MACAddr[3] = 0x00;
 143:LWIP/Target/ethernetif.c ****   MACAddr[4] = 0x00;
 144:LWIP/Target/ethernetif.c ****   MACAddr[5] = 0x00;
ARM GAS  /tmp/ccuMBXbt.s 			page 4


 145:LWIP/Target/ethernetif.c ****   heth.Init.MACAddr = &MACAddr[0];
 146:LWIP/Target/ethernetif.c ****   heth.Init.MediaInterface = HAL_ETH_RMII_MODE;
 147:LWIP/Target/ethernetif.c ****   heth.Init.TxDesc = DMATxDscrTab;
 148:LWIP/Target/ethernetif.c ****   heth.Init.RxDesc = DMARxDscrTab;
 149:LWIP/Target/ethernetif.c ****   heth.Init.RxBuffLen = 1536;
 150:LWIP/Target/ethernetif.c **** 
 151:LWIP/Target/ethernetif.c ****   /* USER CODE BEGIN MACADDRESS */
 152:LWIP/Target/ethernetif.c **** 
 153:LWIP/Target/ethernetif.c ****   /* USER CODE END MACADDRESS */
 154:LWIP/Target/ethernetif.c **** 
 155:LWIP/Target/ethernetif.c ****   hal_eth_init_status = HAL_ETH_Init(&heth);
 156:LWIP/Target/ethernetif.c **** 
 157:LWIP/Target/ethernetif.c ****   memset(&TxConfig, 0 , sizeof(ETH_TxPacketConfig));
 158:LWIP/Target/ethernetif.c ****   TxConfig.Attributes = ETH_TX_PACKETS_FEATURES_CSUM | ETH_TX_PACKETS_FEATURES_CRCPAD;
 159:LWIP/Target/ethernetif.c ****   TxConfig.ChecksumCtrl = ETH_CHECKSUM_IPHDR_PAYLOAD_INSERT_PHDR_CALC;
 160:LWIP/Target/ethernetif.c ****   TxConfig.CRCPadCtrl = ETH_CRC_PAD_INSERT;
 161:LWIP/Target/ethernetif.c **** 
 162:LWIP/Target/ethernetif.c ****   /* End ETH HAL Init */
 163:LWIP/Target/ethernetif.c **** 
 164:LWIP/Target/ethernetif.c ****   /* Initialize the RX POOL */
 165:LWIP/Target/ethernetif.c ****   LWIP_MEMPOOL_INIT(RX_POOL);
 166:LWIP/Target/ethernetif.c **** 
 167:LWIP/Target/ethernetif.c **** #if LWIP_ARP || LWIP_ETHERNET
 168:LWIP/Target/ethernetif.c **** 
 169:LWIP/Target/ethernetif.c ****   /* set MAC hardware address length */
 170:LWIP/Target/ethernetif.c ****   netif->hwaddr_len = ETH_HWADDR_LEN;
 171:LWIP/Target/ethernetif.c **** 
 172:LWIP/Target/ethernetif.c ****   /* set MAC hardware address */
 173:LWIP/Target/ethernetif.c ****   netif->hwaddr[0] =  heth.Init.MACAddr[0];
 174:LWIP/Target/ethernetif.c ****   netif->hwaddr[1] =  heth.Init.MACAddr[1];
 175:LWIP/Target/ethernetif.c ****   netif->hwaddr[2] =  heth.Init.MACAddr[2];
 176:LWIP/Target/ethernetif.c ****   netif->hwaddr[3] =  heth.Init.MACAddr[3];
 177:LWIP/Target/ethernetif.c ****   netif->hwaddr[4] =  heth.Init.MACAddr[4];
 178:LWIP/Target/ethernetif.c ****   netif->hwaddr[5] =  heth.Init.MACAddr[5];
 179:LWIP/Target/ethernetif.c **** 
 180:LWIP/Target/ethernetif.c ****   /* maximum transfer unit */
 181:LWIP/Target/ethernetif.c ****   netif->mtu = APP_NETIF_MTU;
 182:LWIP/Target/ethernetif.c **** 
 183:LWIP/Target/ethernetif.c ****   /* Accept broadcast address and ARP traffic */
 184:LWIP/Target/ethernetif.c ****   /* don't set NETIF_FLAG_ETHARP if this device is not an ethernet one */
 185:LWIP/Target/ethernetif.c ****   #if LWIP_ARP
 186:LWIP/Target/ethernetif.c ****     netif->flags |= NETIF_FLAG_BROADCAST | NETIF_FLAG_ETHARP;
 187:LWIP/Target/ethernetif.c ****   #else
 188:LWIP/Target/ethernetif.c ****     netif->flags |= NETIF_FLAG_BROADCAST;
 189:LWIP/Target/ethernetif.c ****   #endif /* LWIP_ARP */
 190:LWIP/Target/ethernetif.c **** 
 191:LWIP/Target/ethernetif.c **** /* USER CODE BEGIN low_level_init Code 1 for User BSP */
 192:LWIP/Target/ethernetif.c **** 
 193:LWIP/Target/ethernetif.c **** /* USER CODE END low_level_init Code 1 for User BSP */
 194:LWIP/Target/ethernetif.c **** 
 195:LWIP/Target/ethernetif.c ****   if (hal_eth_init_status == HAL_OK)
 196:LWIP/Target/ethernetif.c ****   {
 197:LWIP/Target/ethernetif.c ****   /* Get link state */
 198:LWIP/Target/ethernetif.c ****   ethernet_link_check_state(netif);
 199:LWIP/Target/ethernetif.c ****   }
 200:LWIP/Target/ethernetif.c ****   else
 201:LWIP/Target/ethernetif.c ****   {
ARM GAS  /tmp/ccuMBXbt.s 			page 5


 202:LWIP/Target/ethernetif.c ****     Error_Handler();
 203:LWIP/Target/ethernetif.c ****   }
 204:LWIP/Target/ethernetif.c **** #endif /* LWIP_ARP || LWIP_ETHERNET */
 205:LWIP/Target/ethernetif.c **** 
 206:LWIP/Target/ethernetif.c **** /* USER CODE BEGIN LOW_LEVEL_INIT */
 207:LWIP/Target/ethernetif.c **** 
 208:LWIP/Target/ethernetif.c **** /* USER CODE END LOW_LEVEL_INIT */
 209:LWIP/Target/ethernetif.c **** }
 210:LWIP/Target/ethernetif.c **** 
 211:LWIP/Target/ethernetif.c **** /**
 212:LWIP/Target/ethernetif.c ****  * @brief This function should do the actual transmission of the packet. The packet is
 213:LWIP/Target/ethernetif.c ****  * contained in the pbuf that is passed to the function. This pbuf
 214:LWIP/Target/ethernetif.c ****  * might be chained.
 215:LWIP/Target/ethernetif.c ****  *
 216:LWIP/Target/ethernetif.c ****  * @param netif the lwip network interface structure for this ethernetif
 217:LWIP/Target/ethernetif.c ****  * @param p the MAC packet to send (e.g. IP packet including MAC addresses and type)
 218:LWIP/Target/ethernetif.c ****  * @return ERR_OK if the packet could be sent
 219:LWIP/Target/ethernetif.c ****  *         an err_t value if the packet couldn't be sent
 220:LWIP/Target/ethernetif.c ****  *
 221:LWIP/Target/ethernetif.c ****  * @note Returning ERR_MEM here if a DMA queue of your MAC is full can lead to
 222:LWIP/Target/ethernetif.c ****  *       strange results. You might consider waiting for space in the DMA queue
 223:LWIP/Target/ethernetif.c ****  *       to become available since the stack doesn't retry to send a packet
 224:LWIP/Target/ethernetif.c ****  *       dropped because of memory failure (except for the TCP timers).
 225:LWIP/Target/ethernetif.c ****  */
 226:LWIP/Target/ethernetif.c **** 
 227:LWIP/Target/ethernetif.c **** static err_t low_level_output(struct netif *netif, struct pbuf *p)
 228:LWIP/Target/ethernetif.c **** {
 229:LWIP/Target/ethernetif.c ****   uint32_t i = 0U;
 230:LWIP/Target/ethernetif.c ****   struct pbuf *q = NULL;
 231:LWIP/Target/ethernetif.c ****   err_t errval = ERR_OK;
 232:LWIP/Target/ethernetif.c ****   ETH_BufferTypeDef Txbuffer[ETH_TX_DESC_CNT] = {0};
 233:LWIP/Target/ethernetif.c **** 
 234:LWIP/Target/ethernetif.c ****   memset(Txbuffer, 0 , ETH_TX_DESC_CNT*sizeof(ETH_BufferTypeDef));
 235:LWIP/Target/ethernetif.c **** 
 236:LWIP/Target/ethernetif.c ****   for(q = p; q != NULL; q = q->next)
 237:LWIP/Target/ethernetif.c ****   {
 238:LWIP/Target/ethernetif.c ****     if(i >= ETH_TX_DESC_CNT)
 239:LWIP/Target/ethernetif.c ****       return ERR_IF;
 240:LWIP/Target/ethernetif.c **** 
 241:LWIP/Target/ethernetif.c ****     Txbuffer[i].buffer = q->payload;
 242:LWIP/Target/ethernetif.c ****     Txbuffer[i].len = q->len;
 243:LWIP/Target/ethernetif.c **** 
 244:LWIP/Target/ethernetif.c ****     if(i>0)
 245:LWIP/Target/ethernetif.c ****     {
 246:LWIP/Target/ethernetif.c ****       Txbuffer[i-1].next = &Txbuffer[i];
 247:LWIP/Target/ethernetif.c ****     }
 248:LWIP/Target/ethernetif.c **** 
 249:LWIP/Target/ethernetif.c ****     if(q->next == NULL)
 250:LWIP/Target/ethernetif.c ****     {
 251:LWIP/Target/ethernetif.c ****       Txbuffer[i].next = NULL;
 252:LWIP/Target/ethernetif.c ****     }
 253:LWIP/Target/ethernetif.c **** 
 254:LWIP/Target/ethernetif.c ****     i++;
 255:LWIP/Target/ethernetif.c ****   }
 256:LWIP/Target/ethernetif.c **** 
 257:LWIP/Target/ethernetif.c ****   TxConfig.Length = p->tot_len;
 258:LWIP/Target/ethernetif.c ****   TxConfig.TxBuffer = Txbuffer;
ARM GAS  /tmp/ccuMBXbt.s 			page 6


 259:LWIP/Target/ethernetif.c ****   TxConfig.pData = p;
 260:LWIP/Target/ethernetif.c **** 
 261:LWIP/Target/ethernetif.c ****   if (HAL_ETH_Transmit(&heth, &TxConfig, ETH_DMA_TRANSMIT_TIMEOUT) != HAL_OK)
 262:LWIP/Target/ethernetif.c ****   {
 263:LWIP/Target/ethernetif.c ****     errval = ERR_IF;
 264:LWIP/Target/ethernetif.c ****   }
 265:LWIP/Target/ethernetif.c **** 
 266:LWIP/Target/ethernetif.c ****   return errval;
 267:LWIP/Target/ethernetif.c **** }
 268:LWIP/Target/ethernetif.c **** 
 269:LWIP/Target/ethernetif.c **** /**
 270:LWIP/Target/ethernetif.c ****  * @brief Should allocate a pbuf and transfer the bytes of the incoming
 271:LWIP/Target/ethernetif.c ****  * packet from the interface into the pbuf.
 272:LWIP/Target/ethernetif.c ****  *
 273:LWIP/Target/ethernetif.c ****  * @param netif the lwip network interface structure for this ethernetif
 274:LWIP/Target/ethernetif.c ****  * @return a pbuf filled with the received packet (including MAC header)
 275:LWIP/Target/ethernetif.c ****  *         NULL on memory error
 276:LWIP/Target/ethernetif.c ****    */
 277:LWIP/Target/ethernetif.c **** static struct pbuf * low_level_input(struct netif *netif)
 278:LWIP/Target/ethernetif.c **** {
  29              		.loc 1 278 1 view -0
  30              		.cfi_startproc
  31              		@ args = 0, pretend = 0, frame = 8
  32              		@ frame_needed = 0, uses_anonymous_args = 0
  33              		.loc 1 278 1 is_stmt 0 view .LVU1
  34 0000 00B5     		push	{lr}
  35              	.LCFI0:
  36              		.cfi_def_cfa_offset 4
  37              		.cfi_offset 14, -4
  38 0002 83B0     		sub	sp, sp, #12
  39              	.LCFI1:
  40              		.cfi_def_cfa_offset 16
 279:LWIP/Target/ethernetif.c ****   struct pbuf *p = NULL;
  41              		.loc 1 279 3 is_stmt 1 view .LVU2
  42              		.loc 1 279 16 is_stmt 0 view .LVU3
  43 0004 0023     		movs	r3, #0
  44 0006 0193     		str	r3, [sp, #4]
 280:LWIP/Target/ethernetif.c **** 
 281:LWIP/Target/ethernetif.c ****   if(RxAllocStatus == RX_ALLOC_OK)
  45              		.loc 1 281 3 is_stmt 1 view .LVU4
  46              		.loc 1 281 20 is_stmt 0 view .LVU5
  47 0008 054B     		ldr	r3, .L5
  48 000a 1B78     		ldrb	r3, [r3]	@ zero_extendqisi2
  49              		.loc 1 281 5 view .LVU6
  50 000c 1BB1     		cbz	r3, .L4
  51              	.LVL1:
  52              	.L2:
 282:LWIP/Target/ethernetif.c ****   {
 283:LWIP/Target/ethernetif.c ****     HAL_ETH_ReadData(&heth, (void **)&p);
 284:LWIP/Target/ethernetif.c ****   }
 285:LWIP/Target/ethernetif.c **** 
 286:LWIP/Target/ethernetif.c ****   return p;
  53              		.loc 1 286 3 is_stmt 1 view .LVU7
 287:LWIP/Target/ethernetif.c **** }
  54              		.loc 1 287 1 is_stmt 0 view .LVU8
  55 000e 0198     		ldr	r0, [sp, #4]
  56 0010 03B0     		add	sp, sp, #12
ARM GAS  /tmp/ccuMBXbt.s 			page 7


  57              	.LCFI2:
  58              		.cfi_remember_state
  59              		.cfi_def_cfa_offset 4
  60              		@ sp needed
  61 0012 5DF804FB 		ldr	pc, [sp], #4
  62              	.LVL2:
  63              	.L4:
  64              	.LCFI3:
  65              		.cfi_restore_state
 283:LWIP/Target/ethernetif.c ****   }
  66              		.loc 1 283 5 is_stmt 1 view .LVU9
  67 0016 01A9     		add	r1, sp, #4
  68 0018 0248     		ldr	r0, .L5+4
  69              	.LVL3:
 283:LWIP/Target/ethernetif.c ****   }
  70              		.loc 1 283 5 is_stmt 0 view .LVU10
  71 001a FFF7FEFF 		bl	HAL_ETH_ReadData
  72              	.LVL4:
  73 001e F6E7     		b	.L2
  74              	.L6:
  75              		.align	2
  76              	.L5:
  77 0020 00000000 		.word	.LANCHOR0
  78 0024 00000000 		.word	heth
  79              		.cfi_endproc
  80              	.LFE161:
  82              		.section	.text.low_level_output,"ax",%progbits
  83              		.align	1
  84              		.syntax unified
  85              		.thumb
  86              		.thumb_func
  87              		.fpu fpv4-sp-d16
  89              	low_level_output:
  90              	.LVL5:
  91              	.LFB160:
 228:LWIP/Target/ethernetif.c ****   uint32_t i = 0U;
  92              		.loc 1 228 1 is_stmt 1 view -0
  93              		.cfi_startproc
  94              		@ args = 0, pretend = 0, frame = 48
  95              		@ frame_needed = 0, uses_anonymous_args = 0
 228:LWIP/Target/ethernetif.c ****   uint32_t i = 0U;
  96              		.loc 1 228 1 is_stmt 0 view .LVU12
  97 0000 10B5     		push	{r4, lr}
  98              	.LCFI4:
  99              		.cfi_def_cfa_offset 8
 100              		.cfi_offset 4, -8
 101              		.cfi_offset 14, -4
 102 0002 8CB0     		sub	sp, sp, #48
 103              	.LCFI5:
 104              		.cfi_def_cfa_offset 56
 105 0004 0C46     		mov	r4, r1
 229:LWIP/Target/ethernetif.c ****   struct pbuf *q = NULL;
 106              		.loc 1 229 3 is_stmt 1 view .LVU13
 107              	.LVL6:
 230:LWIP/Target/ethernetif.c ****   err_t errval = ERR_OK;
 108              		.loc 1 230 3 view .LVU14
 231:LWIP/Target/ethernetif.c ****   ETH_BufferTypeDef Txbuffer[ETH_TX_DESC_CNT] = {0};
ARM GAS  /tmp/ccuMBXbt.s 			page 8


 109              		.loc 1 231 3 view .LVU15
 232:LWIP/Target/ethernetif.c **** 
 110              		.loc 1 232 3 view .LVU16
 234:LWIP/Target/ethernetif.c **** 
 111              		.loc 1 234 3 view .LVU17
 112 0006 3022     		movs	r2, #48
 113 0008 0021     		movs	r1, #0
 114              	.LVL7:
 234:LWIP/Target/ethernetif.c **** 
 115              		.loc 1 234 3 is_stmt 0 view .LVU18
 116 000a 6846     		mov	r0, sp
 117              	.LVL8:
 234:LWIP/Target/ethernetif.c **** 
 118              		.loc 1 234 3 view .LVU19
 119 000c FFF7FEFF 		bl	memset
 120              	.LVL9:
 236:LWIP/Target/ethernetif.c ****   {
 121              		.loc 1 236 3 is_stmt 1 view .LVU20
 236:LWIP/Target/ethernetif.c ****   {
 122              		.loc 1 236 9 is_stmt 0 view .LVU21
 123 0010 2246     		mov	r2, r4
 229:LWIP/Target/ethernetif.c ****   struct pbuf *q = NULL;
 124              		.loc 1 229 12 view .LVU22
 125 0012 0023     		movs	r3, #0
 236:LWIP/Target/ethernetif.c ****   {
 126              		.loc 1 236 3 view .LVU23
 127 0014 03E0     		b	.L8
 128              	.LVL10:
 129              	.L10:
 249:LWIP/Target/ethernetif.c ****     {
 130              		.loc 1 249 5 is_stmt 1 view .LVU24
 249:LWIP/Target/ethernetif.c ****     {
 131              		.loc 1 249 9 is_stmt 0 view .LVU25
 132 0016 1168     		ldr	r1, [r2]
 249:LWIP/Target/ethernetif.c ****     {
 133              		.loc 1 249 7 view .LVU26
 134 0018 F1B1     		cbz	r1, .L16
 135              	.L11:
 254:LWIP/Target/ethernetif.c ****   }
 136              		.loc 1 254 5 is_stmt 1 discriminator 2 view .LVU27
 254:LWIP/Target/ethernetif.c ****   }
 137              		.loc 1 254 6 is_stmt 0 discriminator 2 view .LVU28
 138 001a 0133     		adds	r3, r3, #1
 139              	.LVL11:
 236:LWIP/Target/ethernetif.c ****   {
 140              		.loc 1 236 25 is_stmt 1 discriminator 2 view .LVU29
 236:LWIP/Target/ethernetif.c ****   {
 141              		.loc 1 236 27 is_stmt 0 discriminator 2 view .LVU30
 142 001c 1268     		ldr	r2, [r2]
 143              	.LVL12:
 144              	.L8:
 236:LWIP/Target/ethernetif.c ****   {
 145              		.loc 1 236 14 is_stmt 1 discriminator 1 view .LVU31
 236:LWIP/Target/ethernetif.c ****   {
 146              		.loc 1 236 3 is_stmt 0 discriminator 1 view .LVU32
 147 001e 22B3     		cbz	r2, .L17
 238:LWIP/Target/ethernetif.c ****       return ERR_IF;
ARM GAS  /tmp/ccuMBXbt.s 			page 9


 148              		.loc 1 238 5 is_stmt 1 view .LVU33
 238:LWIP/Target/ethernetif.c ****       return ERR_IF;
 149              		.loc 1 238 7 is_stmt 0 view .LVU34
 150 0020 032B     		cmp	r3, #3
 151 0022 30D8     		bhi	.L13
 241:LWIP/Target/ethernetif.c ****     Txbuffer[i].len = q->len;
 152              		.loc 1 241 5 is_stmt 1 view .LVU35
 241:LWIP/Target/ethernetif.c ****     Txbuffer[i].len = q->len;
 153              		.loc 1 241 27 is_stmt 0 view .LVU36
 154 0024 5168     		ldr	r1, [r2, #4]
 241:LWIP/Target/ethernetif.c ****     Txbuffer[i].len = q->len;
 155              		.loc 1 241 24 view .LVU37
 156 0026 03EB4300 		add	r0, r3, r3, lsl #1
 157 002a 0DF1300C 		add	ip, sp, #48
 158 002e 0CEB8000 		add	r0, ip, r0, lsl #2
 159 0032 40F8301C 		str	r1, [r0, #-48]
 242:LWIP/Target/ethernetif.c **** 
 160              		.loc 1 242 5 is_stmt 1 view .LVU38
 242:LWIP/Target/ethernetif.c **** 
 161              		.loc 1 242 24 is_stmt 0 view .LVU39
 162 0036 5189     		ldrh	r1, [r2, #10]
 242:LWIP/Target/ethernetif.c **** 
 163              		.loc 1 242 21 view .LVU40
 164 0038 40F82C1C 		str	r1, [r0, #-44]
 244:LWIP/Target/ethernetif.c ****     {
 165              		.loc 1 244 5 is_stmt 1 view .LVU41
 244:LWIP/Target/ethernetif.c ****     {
 166              		.loc 1 244 7 is_stmt 0 view .LVU42
 167 003c 002B     		cmp	r3, #0
 168 003e EAD0     		beq	.L10
 246:LWIP/Target/ethernetif.c ****     }
 169              		.loc 1 246 7 is_stmt 1 view .LVU43
 246:LWIP/Target/ethernetif.c ****     }
 170              		.loc 1 246 17 is_stmt 0 view .LVU44
 171 0040 581E     		subs	r0, r3, #1
 246:LWIP/Target/ethernetif.c ****     }
 172              		.loc 1 246 28 view .LVU45
 173 0042 03EB4301 		add	r1, r3, r3, lsl #1
 174 0046 0DEB8101 		add	r1, sp, r1, lsl #2
 246:LWIP/Target/ethernetif.c ****     }
 175              		.loc 1 246 26 view .LVU46
 176 004a 00EB4000 		add	r0, r0, r0, lsl #1
 177 004e 0CEB8000 		add	r0, ip, r0, lsl #2
 178 0052 40F8281C 		str	r1, [r0, #-40]
 179 0056 DEE7     		b	.L10
 180              	.L16:
 251:LWIP/Target/ethernetif.c ****     }
 181              		.loc 1 251 7 is_stmt 1 view .LVU47
 251:LWIP/Target/ethernetif.c ****     }
 182              		.loc 1 251 24 is_stmt 0 view .LVU48
 183 0058 03EB4301 		add	r1, r3, r3, lsl #1
 184 005c 0CA8     		add	r0, sp, #48
 185 005e 00EB8101 		add	r1, r0, r1, lsl #2
 186 0062 0020     		movs	r0, #0
 187 0064 41F8280C 		str	r0, [r1, #-40]
 188 0068 D7E7     		b	.L11
 189              	.L17:
ARM GAS  /tmp/ccuMBXbt.s 			page 10


 257:LWIP/Target/ethernetif.c ****   TxConfig.TxBuffer = Txbuffer;
 190              		.loc 1 257 3 is_stmt 1 view .LVU49
 257:LWIP/Target/ethernetif.c ****   TxConfig.TxBuffer = Txbuffer;
 191              		.loc 1 257 22 is_stmt 0 view .LVU50
 192 006a 2389     		ldrh	r3, [r4, #8]
 193              	.LVL13:
 257:LWIP/Target/ethernetif.c ****   TxConfig.TxBuffer = Txbuffer;
 194              		.loc 1 257 19 view .LVU51
 195 006c 0849     		ldr	r1, .L18
 196 006e 4B60     		str	r3, [r1, #4]
 258:LWIP/Target/ethernetif.c ****   TxConfig.pData = p;
 197              		.loc 1 258 3 is_stmt 1 view .LVU52
 258:LWIP/Target/ethernetif.c ****   TxConfig.pData = p;
 198              		.loc 1 258 21 is_stmt 0 view .LVU53
 199 0070 C1F808D0 		str	sp, [r1, #8]
 259:LWIP/Target/ethernetif.c **** 
 200              		.loc 1 259 3 is_stmt 1 view .LVU54
 259:LWIP/Target/ethernetif.c **** 
 201              		.loc 1 259 18 is_stmt 0 view .LVU55
 202 0074 4C63     		str	r4, [r1, #52]
 261:LWIP/Target/ethernetif.c ****   {
 203              		.loc 1 261 3 is_stmt 1 view .LVU56
 261:LWIP/Target/ethernetif.c ****   {
 204              		.loc 1 261 7 is_stmt 0 view .LVU57
 205 0076 1422     		movs	r2, #20
 206              	.LVL14:
 261:LWIP/Target/ethernetif.c ****   {
 207              		.loc 1 261 7 view .LVU58
 208 0078 0648     		ldr	r0, .L18+4
 209 007a FFF7FEFF 		bl	HAL_ETH_Transmit
 210              	.LVL15:
 261:LWIP/Target/ethernetif.c ****   {
 211              		.loc 1 261 6 view .LVU59
 212 007e 20B1     		cbz	r0, .L9
 263:LWIP/Target/ethernetif.c ****   }
 213              		.loc 1 263 12 view .LVU60
 214 0080 6FF00B00 		mvn	r0, #11
 215 0084 01E0     		b	.L9
 216              	.LVL16:
 217              	.L13:
 239:LWIP/Target/ethernetif.c **** 
 218              		.loc 1 239 14 view .LVU61
 219 0086 6FF00B00 		mvn	r0, #11
 220              	.LVL17:
 221              	.L9:
 267:LWIP/Target/ethernetif.c **** 
 222              		.loc 1 267 1 view .LVU62
 223 008a 0CB0     		add	sp, sp, #48
 224              	.LCFI6:
 225              		.cfi_def_cfa_offset 8
 226              		@ sp needed
 227 008c 10BD     		pop	{r4, pc}
 228              	.LVL18:
 229              	.L19:
 267:LWIP/Target/ethernetif.c **** 
 230              		.loc 1 267 1 view .LVU63
 231 008e 00BF     		.align	2
ARM GAS  /tmp/ccuMBXbt.s 			page 11


 232              	.L18:
 233 0090 00000000 		.word	TxConfig
 234 0094 00000000 		.word	heth
 235              		.cfi_endproc
 236              	.LFE160:
 238              		.section	.text.low_level_init,"ax",%progbits
 239              		.align	1
 240              		.syntax unified
 241              		.thumb
 242              		.thumb_func
 243              		.fpu fpv4-sp-d16
 245              	low_level_init:
 246              	.LVL19:
 247              	.LFB159:
 133:LWIP/Target/ethernetif.c ****   HAL_StatusTypeDef hal_eth_init_status = HAL_OK;
 248              		.loc 1 133 1 is_stmt 1 view -0
 249              		.cfi_startproc
 250              		@ args = 0, pretend = 0, frame = 8
 251              		@ frame_needed = 0, uses_anonymous_args = 0
 133:LWIP/Target/ethernetif.c ****   HAL_StatusTypeDef hal_eth_init_status = HAL_OK;
 252              		.loc 1 133 1 is_stmt 0 view .LVU65
 253 0000 2DE9F041 		push	{r4, r5, r6, r7, r8, lr}
 254              	.LCFI7:
 255              		.cfi_def_cfa_offset 24
 256              		.cfi_offset 4, -24
 257              		.cfi_offset 5, -20
 258              		.cfi_offset 6, -16
 259              		.cfi_offset 7, -12
 260              		.cfi_offset 8, -8
 261              		.cfi_offset 14, -4
 262 0004 82B0     		sub	sp, sp, #8
 263              	.LCFI8:
 264              		.cfi_def_cfa_offset 32
 265 0006 0446     		mov	r4, r0
 134:LWIP/Target/ethernetif.c ****   /* Start ETH HAL Init */
 266              		.loc 1 134 3 is_stmt 1 view .LVU66
 267              	.LVL20:
 137:LWIP/Target/ethernetif.c ****   heth.Instance = ETH;
 268              		.loc 1 137 4 view .LVU67
 138:LWIP/Target/ethernetif.c ****   MACAddr[0] = 0x00;
 269              		.loc 1 138 3 view .LVU68
 138:LWIP/Target/ethernetif.c ****   MACAddr[0] = 0x00;
 270              		.loc 1 138 17 is_stmt 0 view .LVU69
 271 0008 2C4D     		ldr	r5, .L24
 272 000a 2D4B     		ldr	r3, .L24+4
 273 000c 2B60     		str	r3, [r5]
 139:LWIP/Target/ethernetif.c ****   MACAddr[1] = 0x80;
 274              		.loc 1 139 3 is_stmt 1 view .LVU70
 139:LWIP/Target/ethernetif.c ****   MACAddr[1] = 0x80;
 275              		.loc 1 139 14 is_stmt 0 view .LVU71
 276 000e 0026     		movs	r6, #0
 277 0010 8DF80060 		strb	r6, [sp]
 140:LWIP/Target/ethernetif.c ****   MACAddr[2] = 0xE1;
 278              		.loc 1 140 3 is_stmt 1 view .LVU72
 140:LWIP/Target/ethernetif.c ****   MACAddr[2] = 0xE1;
 279              		.loc 1 140 14 is_stmt 0 view .LVU73
 280 0014 8023     		movs	r3, #128
ARM GAS  /tmp/ccuMBXbt.s 			page 12


 281 0016 8DF80130 		strb	r3, [sp, #1]
 141:LWIP/Target/ethernetif.c ****   MACAddr[3] = 0x00;
 282              		.loc 1 141 3 is_stmt 1 view .LVU74
 141:LWIP/Target/ethernetif.c ****   MACAddr[3] = 0x00;
 283              		.loc 1 141 14 is_stmt 0 view .LVU75
 284 001a E123     		movs	r3, #225
 285 001c 8DF80230 		strb	r3, [sp, #2]
 142:LWIP/Target/ethernetif.c ****   MACAddr[4] = 0x00;
 286              		.loc 1 142 3 is_stmt 1 view .LVU76
 142:LWIP/Target/ethernetif.c ****   MACAddr[4] = 0x00;
 287              		.loc 1 142 14 is_stmt 0 view .LVU77
 288 0020 8DF80360 		strb	r6, [sp, #3]
 143:LWIP/Target/ethernetif.c ****   MACAddr[5] = 0x00;
 289              		.loc 1 143 3 is_stmt 1 view .LVU78
 143:LWIP/Target/ethernetif.c ****   MACAddr[5] = 0x00;
 290              		.loc 1 143 14 is_stmt 0 view .LVU79
 291 0024 8DF80460 		strb	r6, [sp, #4]
 144:LWIP/Target/ethernetif.c ****   heth.Init.MACAddr = &MACAddr[0];
 292              		.loc 1 144 3 is_stmt 1 view .LVU80
 144:LWIP/Target/ethernetif.c ****   heth.Init.MACAddr = &MACAddr[0];
 293              		.loc 1 144 14 is_stmt 0 view .LVU81
 294 0028 8DF80560 		strb	r6, [sp, #5]
 145:LWIP/Target/ethernetif.c ****   heth.Init.MediaInterface = HAL_ETH_RMII_MODE;
 295              		.loc 1 145 3 is_stmt 1 view .LVU82
 145:LWIP/Target/ethernetif.c ****   heth.Init.MediaInterface = HAL_ETH_RMII_MODE;
 296              		.loc 1 145 21 is_stmt 0 view .LVU83
 297 002c C5F804D0 		str	sp, [r5, #4]
 146:LWIP/Target/ethernetif.c ****   heth.Init.TxDesc = DMATxDscrTab;
 298              		.loc 1 146 3 is_stmt 1 view .LVU84
 146:LWIP/Target/ethernetif.c ****   heth.Init.TxDesc = DMATxDscrTab;
 299              		.loc 1 146 28 is_stmt 0 view .LVU85
 300 0030 4FF40003 		mov	r3, #8388608
 301 0034 AB60     		str	r3, [r5, #8]
 147:LWIP/Target/ethernetif.c ****   heth.Init.RxDesc = DMARxDscrTab;
 302              		.loc 1 147 3 is_stmt 1 view .LVU86
 147:LWIP/Target/ethernetif.c ****   heth.Init.RxDesc = DMARxDscrTab;
 303              		.loc 1 147 20 is_stmt 0 view .LVU87
 304 0036 234B     		ldr	r3, .L24+8
 305 0038 EB60     		str	r3, [r5, #12]
 148:LWIP/Target/ethernetif.c ****   heth.Init.RxBuffLen = 1536;
 306              		.loc 1 148 3 is_stmt 1 view .LVU88
 148:LWIP/Target/ethernetif.c ****   heth.Init.RxBuffLen = 1536;
 307              		.loc 1 148 20 is_stmt 0 view .LVU89
 308 003a 234B     		ldr	r3, .L24+12
 309 003c 2B61     		str	r3, [r5, #16]
 149:LWIP/Target/ethernetif.c **** 
 310              		.loc 1 149 3 is_stmt 1 view .LVU90
 149:LWIP/Target/ethernetif.c **** 
 311              		.loc 1 149 23 is_stmt 0 view .LVU91
 312 003e 4FF4C063 		mov	r3, #1536
 313 0042 6B61     		str	r3, [r5, #20]
 155:LWIP/Target/ethernetif.c **** 
 314              		.loc 1 155 3 is_stmt 1 view .LVU92
 155:LWIP/Target/ethernetif.c **** 
 315              		.loc 1 155 25 is_stmt 0 view .LVU93
 316 0044 2846     		mov	r0, r5
 317              	.LVL21:
ARM GAS  /tmp/ccuMBXbt.s 			page 13


 155:LWIP/Target/ethernetif.c **** 
 318              		.loc 1 155 25 view .LVU94
 319 0046 FFF7FEFF 		bl	HAL_ETH_Init
 320              	.LVL22:
 321 004a 0746     		mov	r7, r0
 322              	.LVL23:
 157:LWIP/Target/ethernetif.c ****   TxConfig.Attributes = ETH_TX_PACKETS_FEATURES_CSUM | ETH_TX_PACKETS_FEATURES_CRCPAD;
 323              		.loc 1 157 3 is_stmt 1 view .LVU95
 324 004c DFF88080 		ldr	r8, .L24+20
 325 0050 3422     		movs	r2, #52
 326 0052 3146     		mov	r1, r6
 327 0054 4046     		mov	r0, r8
 328 0056 FFF7FEFF 		bl	memset
 329              	.LVL24:
 158:LWIP/Target/ethernetif.c ****   TxConfig.ChecksumCtrl = ETH_CHECKSUM_IPHDR_PAYLOAD_INSERT_PHDR_CALC;
 330              		.loc 1 158 3 view .LVU96
 158:LWIP/Target/ethernetif.c ****   TxConfig.ChecksumCtrl = ETH_CHECKSUM_IPHDR_PAYLOAD_INSERT_PHDR_CALC;
 331              		.loc 1 158 23 is_stmt 0 view .LVU97
 332 005a 2123     		movs	r3, #33
 333 005c 48F8043C 		str	r3, [r8, #-4]
 159:LWIP/Target/ethernetif.c ****   TxConfig.CRCPadCtrl = ETH_CRC_PAD_INSERT;
 334              		.loc 1 159 3 is_stmt 1 view .LVU98
 159:LWIP/Target/ethernetif.c ****   TxConfig.CRCPadCtrl = ETH_CRC_PAD_INSERT;
 335              		.loc 1 159 25 is_stmt 0 view .LVU99
 336 0060 4FF44003 		mov	r3, #12582912
 337 0064 C8F81030 		str	r3, [r8, #16]
 160:LWIP/Target/ethernetif.c **** 
 338              		.loc 1 160 3 is_stmt 1 view .LVU100
 165:LWIP/Target/ethernetif.c **** 
 339              		.loc 1 165 3 view .LVU101
 340 0068 1848     		ldr	r0, .L24+16
 341 006a FFF7FEFF 		bl	memp_init_pool
 342              	.LVL25:
 170:LWIP/Target/ethernetif.c **** 
 343              		.loc 1 170 3 view .LVU102
 170:LWIP/Target/ethernetif.c **** 
 344              		.loc 1 170 21 is_stmt 0 view .LVU103
 345 006e 0623     		movs	r3, #6
 346 0070 84F82C30 		strb	r3, [r4, #44]
 173:LWIP/Target/ethernetif.c ****   netif->hwaddr[1] =  heth.Init.MACAddr[1];
 347              		.loc 1 173 3 is_stmt 1 view .LVU104
 173:LWIP/Target/ethernetif.c ****   netif->hwaddr[1] =  heth.Init.MACAddr[1];
 348              		.loc 1 173 32 is_stmt 0 view .LVU105
 349 0074 6B68     		ldr	r3, [r5, #4]
 173:LWIP/Target/ethernetif.c ****   netif->hwaddr[1] =  heth.Init.MACAddr[1];
 350              		.loc 1 173 40 view .LVU106
 351 0076 1A78     		ldrb	r2, [r3]	@ zero_extendqisi2
 173:LWIP/Target/ethernetif.c ****   netif->hwaddr[1] =  heth.Init.MACAddr[1];
 352              		.loc 1 173 20 view .LVU107
 353 0078 84F82620 		strb	r2, [r4, #38]
 174:LWIP/Target/ethernetif.c ****   netif->hwaddr[2] =  heth.Init.MACAddr[2];
 354              		.loc 1 174 3 is_stmt 1 view .LVU108
 174:LWIP/Target/ethernetif.c ****   netif->hwaddr[2] =  heth.Init.MACAddr[2];
 355              		.loc 1 174 20 is_stmt 0 view .LVU109
 356 007c 5A78     		ldrb	r2, [r3, #1]	@ zero_extendqisi2
 357 007e 84F82720 		strb	r2, [r4, #39]
 175:LWIP/Target/ethernetif.c ****   netif->hwaddr[3] =  heth.Init.MACAddr[3];
ARM GAS  /tmp/ccuMBXbt.s 			page 14


 358              		.loc 1 175 3 is_stmt 1 view .LVU110
 175:LWIP/Target/ethernetif.c ****   netif->hwaddr[3] =  heth.Init.MACAddr[3];
 359              		.loc 1 175 20 is_stmt 0 view .LVU111
 360 0082 9A78     		ldrb	r2, [r3, #2]	@ zero_extendqisi2
 361 0084 84F82820 		strb	r2, [r4, #40]
 176:LWIP/Target/ethernetif.c ****   netif->hwaddr[4] =  heth.Init.MACAddr[4];
 362              		.loc 1 176 3 is_stmt 1 view .LVU112
 176:LWIP/Target/ethernetif.c ****   netif->hwaddr[4] =  heth.Init.MACAddr[4];
 363              		.loc 1 176 20 is_stmt 0 view .LVU113
 364 0088 DA78     		ldrb	r2, [r3, #3]	@ zero_extendqisi2
 365 008a 84F82920 		strb	r2, [r4, #41]
 177:LWIP/Target/ethernetif.c ****   netif->hwaddr[5] =  heth.Init.MACAddr[5];
 366              		.loc 1 177 3 is_stmt 1 view .LVU114
 177:LWIP/Target/ethernetif.c ****   netif->hwaddr[5] =  heth.Init.MACAddr[5];
 367              		.loc 1 177 20 is_stmt 0 view .LVU115
 368 008e 1A79     		ldrb	r2, [r3, #4]	@ zero_extendqisi2
 369 0090 84F82A20 		strb	r2, [r4, #42]
 178:LWIP/Target/ethernetif.c **** 
 370              		.loc 1 178 3 is_stmt 1 view .LVU116
 178:LWIP/Target/ethernetif.c **** 
 371              		.loc 1 178 20 is_stmt 0 view .LVU117
 372 0094 5B79     		ldrb	r3, [r3, #5]	@ zero_extendqisi2
 373 0096 84F82B30 		strb	r3, [r4, #43]
 181:LWIP/Target/ethernetif.c **** 
 374              		.loc 1 181 3 is_stmt 1 view .LVU118
 181:LWIP/Target/ethernetif.c **** 
 375              		.loc 1 181 14 is_stmt 0 view .LVU119
 376 009a 4FF4A063 		mov	r3, #1280
 377 009e A384     		strh	r3, [r4, #36]	@ movhi
 186:LWIP/Target/ethernetif.c ****   #else
 378              		.loc 1 186 5 is_stmt 1 view .LVU120
 186:LWIP/Target/ethernetif.c ****   #else
 379              		.loc 1 186 18 is_stmt 0 view .LVU121
 380 00a0 94F82D30 		ldrb	r3, [r4, #45]	@ zero_extendqisi2
 381 00a4 43F00A03 		orr	r3, r3, #10
 382 00a8 84F82D30 		strb	r3, [r4, #45]
 195:LWIP/Target/ethernetif.c ****   {
 383              		.loc 1 195 3 is_stmt 1 view .LVU122
 195:LWIP/Target/ethernetif.c ****   {
 384              		.loc 1 195 6 is_stmt 0 view .LVU123
 385 00ac 17B9     		cbnz	r7, .L23
 386              	.L20:
 209:LWIP/Target/ethernetif.c **** 
 387              		.loc 1 209 1 view .LVU124
 388 00ae 02B0     		add	sp, sp, #8
 389              	.LCFI9:
 390              		.cfi_remember_state
 391              		.cfi_def_cfa_offset 24
 392              		@ sp needed
 393 00b0 BDE8F081 		pop	{r4, r5, r6, r7, r8, pc}
 394              	.LVL26:
 395              	.L23:
 396              	.LCFI10:
 397              		.cfi_restore_state
 202:LWIP/Target/ethernetif.c ****   }
 398              		.loc 1 202 5 is_stmt 1 view .LVU125
 399 00b4 FFF7FEFF 		bl	Error_Handler
ARM GAS  /tmp/ccuMBXbt.s 			page 15


 400              	.LVL27:
 209:LWIP/Target/ethernetif.c **** 
 401              		.loc 1 209 1 is_stmt 0 view .LVU126
 402 00b8 F9E7     		b	.L20
 403              	.L25:
 404 00ba 00BF     		.align	2
 405              	.L24:
 406 00bc 00000000 		.word	heth
 407 00c0 00800240 		.word	1073905664
 408 00c4 00000000 		.word	DMATxDscrTab
 409 00c8 00000000 		.word	DMARxDscrTab
 410 00cc 00000000 		.word	.LANCHOR1
 411 00d0 04000000 		.word	TxConfig+4
 412              		.cfi_endproc
 413              	.LFE159:
 415              		.section	.text.pbuf_free_custom,"ax",%progbits
 416              		.align	1
 417              		.global	pbuf_free_custom
 418              		.syntax unified
 419              		.thumb
 420              		.thumb_func
 421              		.fpu fpv4-sp-d16
 423              	pbuf_free_custom:
 424              	.LVL28:
 425              	.LFB164:
 288:LWIP/Target/ethernetif.c **** 
 289:LWIP/Target/ethernetif.c **** /**
 290:LWIP/Target/ethernetif.c ****  * @brief This function should be called when a packet is ready to be read
 291:LWIP/Target/ethernetif.c ****  * from the interface. It uses the function low_level_input() that
 292:LWIP/Target/ethernetif.c ****  * should handle the actual reception of bytes from the network
 293:LWIP/Target/ethernetif.c ****  * interface. Then the type of the received packet is determined and
 294:LWIP/Target/ethernetif.c ****  * the appropriate input function is called.
 295:LWIP/Target/ethernetif.c ****  *
 296:LWIP/Target/ethernetif.c ****  * @param netif the lwip network interface structure for this ethernetif
 297:LWIP/Target/ethernetif.c ****  */
 298:LWIP/Target/ethernetif.c **** void ethernetif_input(struct netif *netif)
 299:LWIP/Target/ethernetif.c **** {
 300:LWIP/Target/ethernetif.c ****   struct pbuf *p = NULL;
 301:LWIP/Target/ethernetif.c **** 
 302:LWIP/Target/ethernetif.c ****   do
 303:LWIP/Target/ethernetif.c ****   {
 304:LWIP/Target/ethernetif.c ****     p = low_level_input( netif );
 305:LWIP/Target/ethernetif.c ****     if (p != NULL)
 306:LWIP/Target/ethernetif.c ****     {
 307:LWIP/Target/ethernetif.c ****       if (netif->input( p, netif) != ERR_OK )
 308:LWIP/Target/ethernetif.c ****       {
 309:LWIP/Target/ethernetif.c ****         pbuf_free(p);
 310:LWIP/Target/ethernetif.c ****       }
 311:LWIP/Target/ethernetif.c ****     }
 312:LWIP/Target/ethernetif.c ****   } while(p!=NULL);
 313:LWIP/Target/ethernetif.c **** }
 314:LWIP/Target/ethernetif.c **** 
 315:LWIP/Target/ethernetif.c **** #if !LWIP_ARP
 316:LWIP/Target/ethernetif.c **** /**
 317:LWIP/Target/ethernetif.c ****  * This function has to be completed by user in case of ARP OFF.
 318:LWIP/Target/ethernetif.c ****  *
 319:LWIP/Target/ethernetif.c ****  * @param netif the lwip network interface structure for this ethernetif
ARM GAS  /tmp/ccuMBXbt.s 			page 16


 320:LWIP/Target/ethernetif.c ****  * @return ERR_OK if ...
 321:LWIP/Target/ethernetif.c ****  */
 322:LWIP/Target/ethernetif.c **** static err_t low_level_output_arp_off(struct netif *netif, struct pbuf *q, const ip4_addr_t *ipaddr
 323:LWIP/Target/ethernetif.c **** {
 324:LWIP/Target/ethernetif.c ****   err_t errval;
 325:LWIP/Target/ethernetif.c ****   errval = ERR_OK;
 326:LWIP/Target/ethernetif.c **** 
 327:LWIP/Target/ethernetif.c **** /* USER CODE BEGIN 5 */
 328:LWIP/Target/ethernetif.c **** 
 329:LWIP/Target/ethernetif.c **** /* USER CODE END 5 */
 330:LWIP/Target/ethernetif.c **** 
 331:LWIP/Target/ethernetif.c ****   return errval;
 332:LWIP/Target/ethernetif.c **** 
 333:LWIP/Target/ethernetif.c **** }
 334:LWIP/Target/ethernetif.c **** #endif /* LWIP_ARP */
 335:LWIP/Target/ethernetif.c **** 
 336:LWIP/Target/ethernetif.c **** /**
 337:LWIP/Target/ethernetif.c ****  * @brief Should be called at the beginning of the program to set up the
 338:LWIP/Target/ethernetif.c ****  * network interface. It calls the function low_level_init() to do the
 339:LWIP/Target/ethernetif.c ****  * actual setup of the hardware.
 340:LWIP/Target/ethernetif.c ****  *
 341:LWIP/Target/ethernetif.c ****  * This function should be passed as a parameter to netif_add().
 342:LWIP/Target/ethernetif.c ****  *
 343:LWIP/Target/ethernetif.c ****  * @param netif the lwip network interface structure for this ethernetif
 344:LWIP/Target/ethernetif.c ****  * @return ERR_OK if the loopif is initialized
 345:LWIP/Target/ethernetif.c ****  *         ERR_MEM if private data couldn't be allocated
 346:LWIP/Target/ethernetif.c ****  *         any other err_t on error
 347:LWIP/Target/ethernetif.c ****  */
 348:LWIP/Target/ethernetif.c **** err_t ethernetif_init(struct netif *netif)
 349:LWIP/Target/ethernetif.c **** {
 350:LWIP/Target/ethernetif.c ****   LWIP_ASSERT("netif != NULL", (netif != NULL));
 351:LWIP/Target/ethernetif.c **** 
 352:LWIP/Target/ethernetif.c **** #if LWIP_NETIF_HOSTNAME
 353:LWIP/Target/ethernetif.c ****   /* Initialize interface hostname */
 354:LWIP/Target/ethernetif.c ****   netif->hostname = "lwip";
 355:LWIP/Target/ethernetif.c **** #endif /* LWIP_NETIF_HOSTNAME */
 356:LWIP/Target/ethernetif.c **** 
 357:LWIP/Target/ethernetif.c ****   /*
 358:LWIP/Target/ethernetif.c ****    * Initialize the snmp variables and counters inside the struct netif.
 359:LWIP/Target/ethernetif.c ****    * The last argument should be replaced with your link speed, in units
 360:LWIP/Target/ethernetif.c ****    * of bits per second.
 361:LWIP/Target/ethernetif.c ****    */
 362:LWIP/Target/ethernetif.c ****   // MIB2_INIT_NETIF(netif, snmp_ifType_ethernet_csmacd, LINK_SPEED_OF_YOUR_NETIF_IN_BPS);
 363:LWIP/Target/ethernetif.c **** 
 364:LWIP/Target/ethernetif.c ****   netif->name[0] = IFNAME0;
 365:LWIP/Target/ethernetif.c ****   netif->name[1] = IFNAME1;
 366:LWIP/Target/ethernetif.c ****   /* We directly use etharp_output() here to save a function call.
 367:LWIP/Target/ethernetif.c ****    * You can instead declare your own function an call etharp_output()
 368:LWIP/Target/ethernetif.c ****    * from it if you have to do some checks before sending (e.g. if link
 369:LWIP/Target/ethernetif.c ****    * is available...) */
 370:LWIP/Target/ethernetif.c **** 
 371:LWIP/Target/ethernetif.c **** #if LWIP_IPV4
 372:LWIP/Target/ethernetif.c **** #if LWIP_ARP || LWIP_ETHERNET
 373:LWIP/Target/ethernetif.c **** #if LWIP_ARP
 374:LWIP/Target/ethernetif.c ****   netif->output = etharp_output;
 375:LWIP/Target/ethernetif.c **** #else
 376:LWIP/Target/ethernetif.c ****   /* The user should write its own code in low_level_output_arp_off function */
ARM GAS  /tmp/ccuMBXbt.s 			page 17


 377:LWIP/Target/ethernetif.c ****   netif->output = low_level_output_arp_off;
 378:LWIP/Target/ethernetif.c **** #endif /* LWIP_ARP */
 379:LWIP/Target/ethernetif.c **** #endif /* LWIP_ARP || LWIP_ETHERNET */
 380:LWIP/Target/ethernetif.c **** #endif /* LWIP_IPV4 */
 381:LWIP/Target/ethernetif.c **** 
 382:LWIP/Target/ethernetif.c **** #if LWIP_IPV6
 383:LWIP/Target/ethernetif.c ****   netif->output_ip6 = ethip6_output;
 384:LWIP/Target/ethernetif.c **** #endif /* LWIP_IPV6 */
 385:LWIP/Target/ethernetif.c **** 
 386:LWIP/Target/ethernetif.c ****   netif->linkoutput = low_level_output;
 387:LWIP/Target/ethernetif.c **** 
 388:LWIP/Target/ethernetif.c ****   /* initialize the hardware */
 389:LWIP/Target/ethernetif.c ****   low_level_init(netif);
 390:LWIP/Target/ethernetif.c **** 
 391:LWIP/Target/ethernetif.c ****   return ERR_OK;
 392:LWIP/Target/ethernetif.c **** }
 393:LWIP/Target/ethernetif.c **** 
 394:LWIP/Target/ethernetif.c **** /**
 395:LWIP/Target/ethernetif.c ****   * @brief  Custom Rx pbuf free callback
 396:LWIP/Target/ethernetif.c ****   * @param  pbuf: pbuf to be freed
 397:LWIP/Target/ethernetif.c ****   * @retval None
 398:LWIP/Target/ethernetif.c ****   */
 399:LWIP/Target/ethernetif.c **** void pbuf_free_custom(struct pbuf *p)
 400:LWIP/Target/ethernetif.c **** {
 426              		.loc 1 400 1 is_stmt 1 view -0
 427              		.cfi_startproc
 428              		@ args = 0, pretend = 0, frame = 0
 429              		@ frame_needed = 0, uses_anonymous_args = 0
 430              		.loc 1 400 1 is_stmt 0 view .LVU128
 431 0000 08B5     		push	{r3, lr}
 432              	.LCFI11:
 433              		.cfi_def_cfa_offset 8
 434              		.cfi_offset 3, -8
 435              		.cfi_offset 14, -4
 436 0002 0146     		mov	r1, r0
 401:LWIP/Target/ethernetif.c ****   struct pbuf_custom* custom_pbuf = (struct pbuf_custom*)p;
 437              		.loc 1 401 3 is_stmt 1 view .LVU129
 438              	.LVL29:
 402:LWIP/Target/ethernetif.c ****   LWIP_MEMPOOL_FREE(RX_POOL, custom_pbuf);
 439              		.loc 1 402 3 view .LVU130
 440 0004 0548     		ldr	r0, .L30
 441              	.LVL30:
 442              		.loc 1 402 3 is_stmt 0 view .LVU131
 443 0006 FFF7FEFF 		bl	memp_free_pool
 444              	.LVL31:
 403:LWIP/Target/ethernetif.c **** 
 404:LWIP/Target/ethernetif.c ****   /* If the Rx Buffer Pool was exhausted, signal the ethernetif_input task to
 405:LWIP/Target/ethernetif.c ****    * call HAL_ETH_GetRxDataBuffer to rebuild the Rx descriptors. */
 406:LWIP/Target/ethernetif.c **** 
 407:LWIP/Target/ethernetif.c ****   if (RxAllocStatus == RX_ALLOC_ERROR)
 445              		.loc 1 407 3 is_stmt 1 view .LVU132
 446              		.loc 1 407 21 is_stmt 0 view .LVU133
 447 000a 054B     		ldr	r3, .L30+4
 448 000c 1B78     		ldrb	r3, [r3]	@ zero_extendqisi2
 449              		.loc 1 407 6 view .LVU134
 450 000e 012B     		cmp	r3, #1
 451 0010 00D0     		beq	.L29
ARM GAS  /tmp/ccuMBXbt.s 			page 18


 452              	.L26:
 408:LWIP/Target/ethernetif.c ****   {
 409:LWIP/Target/ethernetif.c ****     RxAllocStatus = RX_ALLOC_OK;
 410:LWIP/Target/ethernetif.c ****   }
 411:LWIP/Target/ethernetif.c **** }
 453              		.loc 1 411 1 view .LVU135
 454 0012 08BD     		pop	{r3, pc}
 455              	.L29:
 409:LWIP/Target/ethernetif.c ****   }
 456              		.loc 1 409 5 is_stmt 1 view .LVU136
 409:LWIP/Target/ethernetif.c ****   }
 457              		.loc 1 409 19 is_stmt 0 view .LVU137
 458 0014 024B     		ldr	r3, .L30+4
 459 0016 0022     		movs	r2, #0
 460 0018 1A70     		strb	r2, [r3]
 461              		.loc 1 411 1 view .LVU138
 462 001a FAE7     		b	.L26
 463              	.L31:
 464              		.align	2
 465              	.L30:
 466 001c 00000000 		.word	.LANCHOR1
 467 0020 00000000 		.word	.LANCHOR0
 468              		.cfi_endproc
 469              	.LFE164:
 471              		.section	.text.ethernetif_input,"ax",%progbits
 472              		.align	1
 473              		.global	ethernetif_input
 474              		.syntax unified
 475              		.thumb
 476              		.thumb_func
 477              		.fpu fpv4-sp-d16
 479              	ethernetif_input:
 480              	.LVL32:
 481              	.LFB162:
 299:LWIP/Target/ethernetif.c ****   struct pbuf *p = NULL;
 482              		.loc 1 299 1 is_stmt 1 view -0
 483              		.cfi_startproc
 484              		@ args = 0, pretend = 0, frame = 0
 485              		@ frame_needed = 0, uses_anonymous_args = 0
 299:LWIP/Target/ethernetif.c ****   struct pbuf *p = NULL;
 486              		.loc 1 299 1 is_stmt 0 view .LVU140
 487 0000 38B5     		push	{r3, r4, r5, lr}
 488              	.LCFI12:
 489              		.cfi_def_cfa_offset 16
 490              		.cfi_offset 3, -16
 491              		.cfi_offset 4, -12
 492              		.cfi_offset 5, -8
 493              		.cfi_offset 14, -4
 494 0002 0546     		mov	r5, r0
 300:LWIP/Target/ethernetif.c **** 
 495              		.loc 1 300 3 is_stmt 1 view .LVU141
 496              	.LVL33:
 300:LWIP/Target/ethernetif.c **** 
 497              		.loc 1 300 3 is_stmt 0 view .LVU142
 498 0004 03E0     		b	.L34
 499              	.LVL34:
 500              	.L37:
ARM GAS  /tmp/ccuMBXbt.s 			page 19


 309:LWIP/Target/ethernetif.c ****       }
 501              		.loc 1 309 9 is_stmt 1 view .LVU143
 502 0006 2046     		mov	r0, r4
 503 0008 FFF7FEFF 		bl	pbuf_free
 504              	.LVL35:
 505              	.L33:
 312:LWIP/Target/ethernetif.c **** }
 506              		.loc 1 312 10 view .LVU144
 312:LWIP/Target/ethernetif.c **** }
 507              		.loc 1 312 3 is_stmt 0 view .LVU145
 508 000c 5CB1     		cbz	r4, .L36
 509              	.LVL36:
 510              	.L34:
 302:LWIP/Target/ethernetif.c ****   {
 511              		.loc 1 302 3 is_stmt 1 view .LVU146
 304:LWIP/Target/ethernetif.c ****     if (p != NULL)
 512              		.loc 1 304 5 view .LVU147
 304:LWIP/Target/ethernetif.c ****     if (p != NULL)
 513              		.loc 1 304 9 is_stmt 0 view .LVU148
 514 000e 2846     		mov	r0, r5
 515 0010 FFF7FEFF 		bl	low_level_input
 516              	.LVL37:
 305:LWIP/Target/ethernetif.c ****     {
 517              		.loc 1 305 5 is_stmt 1 view .LVU149
 305:LWIP/Target/ethernetif.c ****     {
 518              		.loc 1 305 8 is_stmt 0 view .LVU150
 519 0014 0446     		mov	r4, r0
 520 0016 0028     		cmp	r0, #0
 521 0018 F8D0     		beq	.L33
 307:LWIP/Target/ethernetif.c ****       {
 522              		.loc 1 307 7 is_stmt 1 view .LVU151
 307:LWIP/Target/ethernetif.c ****       {
 523              		.loc 1 307 16 is_stmt 0 view .LVU152
 524 001a 2B69     		ldr	r3, [r5, #16]
 307:LWIP/Target/ethernetif.c ****       {
 525              		.loc 1 307 11 view .LVU153
 526 001c 2946     		mov	r1, r5
 527 001e 9847     		blx	r3
 528              	.LVL38:
 307:LWIP/Target/ethernetif.c ****       {
 529              		.loc 1 307 10 view .LVU154
 530 0020 0028     		cmp	r0, #0
 531 0022 F3D0     		beq	.L33
 532 0024 EFE7     		b	.L37
 533              	.L36:
 313:LWIP/Target/ethernetif.c **** 
 534              		.loc 1 313 1 view .LVU155
 535 0026 38BD     		pop	{r3, r4, r5, pc}
 313:LWIP/Target/ethernetif.c **** 
 536              		.loc 1 313 1 view .LVU156
 537              		.cfi_endproc
 538              	.LFE162:
 540              		.section	.rodata.ethernetif_init.str1.4,"aMS",%progbits,1
 541              		.align	2
 542              	.LC0:
 543 0000 4C574950 		.ascii	"LWIP/Target/ethernetif.c\000"
 543      2F546172 
ARM GAS  /tmp/ccuMBXbt.s 			page 20


 543      6765742F 
 543      65746865 
 543      726E6574 
 544 0019 000000   		.align	2
 545              	.LC1:
 546 001c 6E657469 		.ascii	"netif != NULL\000"
 546      6620213D 
 546      204E554C 
 546      4C00
 547 002a 0000     		.align	2
 548              	.LC2:
 549 002c 41737365 		.ascii	"Assertion \"%s\" failed at line %d in %s\012\000"
 549      7274696F 
 549      6E202225 
 549      73222066 
 549      61696C65 
 550              		.section	.text.ethernetif_init,"ax",%progbits
 551              		.align	1
 552              		.global	ethernetif_init
 553              		.syntax unified
 554              		.thumb
 555              		.thumb_func
 556              		.fpu fpv4-sp-d16
 558              	ethernetif_init:
 559              	.LVL39:
 560              	.LFB163:
 349:LWIP/Target/ethernetif.c ****   LWIP_ASSERT("netif != NULL", (netif != NULL));
 561              		.loc 1 349 1 is_stmt 1 view -0
 562              		.cfi_startproc
 563              		@ args = 0, pretend = 0, frame = 0
 564              		@ frame_needed = 0, uses_anonymous_args = 0
 349:LWIP/Target/ethernetif.c ****   LWIP_ASSERT("netif != NULL", (netif != NULL));
 565              		.loc 1 349 1 is_stmt 0 view .LVU158
 566 0000 10B5     		push	{r4, lr}
 567              	.LCFI13:
 568              		.cfi_def_cfa_offset 8
 569              		.cfi_offset 4, -8
 570              		.cfi_offset 14, -4
 350:LWIP/Target/ethernetif.c **** 
 571              		.loc 1 350 3 is_stmt 1 view .LVU159
 350:LWIP/Target/ethernetif.c **** 
 572              		.loc 1 350 3 view .LVU160
 573 0002 0446     		mov	r4, r0
 574 0004 70B1     		cbz	r0, .L41
 575              	.LVL40:
 576              	.L39:
 350:LWIP/Target/ethernetif.c **** 
 577              		.loc 1 350 3 discriminator 3 view .LVU161
 350:LWIP/Target/ethernetif.c **** 
 578              		.loc 1 350 3 discriminator 3 view .LVU162
 364:LWIP/Target/ethernetif.c ****   netif->name[1] = IFNAME1;
 579              		.loc 1 364 3 discriminator 3 view .LVU163
 364:LWIP/Target/ethernetif.c ****   netif->name[1] = IFNAME1;
 580              		.loc 1 364 18 is_stmt 0 discriminator 3 view .LVU164
 581 0006 7323     		movs	r3, #115
 582 0008 84F82E30 		strb	r3, [r4, #46]
 365:LWIP/Target/ethernetif.c ****   /* We directly use etharp_output() here to save a function call.
ARM GAS  /tmp/ccuMBXbt.s 			page 21


 583              		.loc 1 365 3 is_stmt 1 discriminator 3 view .LVU165
 365:LWIP/Target/ethernetif.c ****   /* We directly use etharp_output() here to save a function call.
 584              		.loc 1 365 18 is_stmt 0 discriminator 3 view .LVU166
 585 000c 7423     		movs	r3, #116
 586 000e 84F82F30 		strb	r3, [r4, #47]
 374:LWIP/Target/ethernetif.c **** #else
 587              		.loc 1 374 3 is_stmt 1 discriminator 3 view .LVU167
 374:LWIP/Target/ethernetif.c **** #else
 588              		.loc 1 374 17 is_stmt 0 discriminator 3 view .LVU168
 589 0012 084B     		ldr	r3, .L42
 590 0014 6361     		str	r3, [r4, #20]
 386:LWIP/Target/ethernetif.c **** 
 591              		.loc 1 386 3 is_stmt 1 discriminator 3 view .LVU169
 386:LWIP/Target/ethernetif.c **** 
 592              		.loc 1 386 21 is_stmt 0 discriminator 3 view .LVU170
 593 0016 084B     		ldr	r3, .L42+4
 594 0018 A361     		str	r3, [r4, #24]
 389:LWIP/Target/ethernetif.c **** 
 595              		.loc 1 389 3 is_stmt 1 discriminator 3 view .LVU171
 596 001a 2046     		mov	r0, r4
 597 001c FFF7FEFF 		bl	low_level_init
 598              	.LVL41:
 391:LWIP/Target/ethernetif.c **** }
 599              		.loc 1 391 3 discriminator 3 view .LVU172
 392:LWIP/Target/ethernetif.c **** 
 600              		.loc 1 392 1 is_stmt 0 discriminator 3 view .LVU173
 601 0020 0020     		movs	r0, #0
 602 0022 10BD     		pop	{r4, pc}
 603              	.LVL42:
 604              	.L41:
 350:LWIP/Target/ethernetif.c **** 
 605              		.loc 1 350 3 is_stmt 1 discriminator 1 view .LVU174
 350:LWIP/Target/ethernetif.c **** 
 606              		.loc 1 350 3 discriminator 1 view .LVU175
 607 0024 054B     		ldr	r3, .L42+8
 608 0026 4FF4AF72 		mov	r2, #350
 609 002a 0549     		ldr	r1, .L42+12
 610 002c 0548     		ldr	r0, .L42+16
 611              	.LVL43:
 350:LWIP/Target/ethernetif.c **** 
 612              		.loc 1 350 3 is_stmt 0 discriminator 1 view .LVU176
 613 002e FFF7FEFF 		bl	printf
 614              	.LVL44:
 615 0032 E8E7     		b	.L39
 616              	.L43:
 617              		.align	2
 618              	.L42:
 619 0034 00000000 		.word	etharp_output
 620 0038 00000000 		.word	low_level_output
 621 003c 00000000 		.word	.LC0
 622 0040 1C000000 		.word	.LC1
 623 0044 2C000000 		.word	.LC2
 624              		.cfi_endproc
 625              	.LFE163:
 627              		.section	.text.sys_now,"ax",%progbits
 628              		.align	1
 629              		.global	sys_now
ARM GAS  /tmp/ccuMBXbt.s 			page 22


 630              		.syntax unified
 631              		.thumb
 632              		.thumb_func
 633              		.fpu fpv4-sp-d16
 635              	sys_now:
 636              	.LFB165:
 412:LWIP/Target/ethernetif.c **** 
 413:LWIP/Target/ethernetif.c **** /* USER CODE BEGIN 6 */
 414:LWIP/Target/ethernetif.c **** 
 415:LWIP/Target/ethernetif.c **** /**
 416:LWIP/Target/ethernetif.c **** * @brief  Returns the current time in milliseconds
 417:LWIP/Target/ethernetif.c **** *         when LWIP_TIMERS == 1 and NO_SYS == 1
 418:LWIP/Target/ethernetif.c **** * @param  None
 419:LWIP/Target/ethernetif.c **** * @retval Current Time value
 420:LWIP/Target/ethernetif.c **** */
 421:LWIP/Target/ethernetif.c **** u32_t sys_now(void)
 422:LWIP/Target/ethernetif.c **** {
 637              		.loc 1 422 1 is_stmt 1 view -0
 638              		.cfi_startproc
 639              		@ args = 0, pretend = 0, frame = 0
 640              		@ frame_needed = 0, uses_anonymous_args = 0
 641 0000 08B5     		push	{r3, lr}
 642              	.LCFI14:
 643              		.cfi_def_cfa_offset 8
 644              		.cfi_offset 3, -8
 645              		.cfi_offset 14, -4
 423:LWIP/Target/ethernetif.c ****   return HAL_GetTick();
 646              		.loc 1 423 3 view .LVU178
 647              		.loc 1 423 10 is_stmt 0 view .LVU179
 648 0002 FFF7FEFF 		bl	HAL_GetTick
 649              	.LVL45:
 424:LWIP/Target/ethernetif.c **** }
 650              		.loc 1 424 1 view .LVU180
 651 0006 08BD     		pop	{r3, pc}
 652              		.cfi_endproc
 653              	.LFE165:
 655              		.section	.text.ethernet_link_check_state,"ax",%progbits
 656              		.align	1
 657              		.global	ethernet_link_check_state
 658              		.syntax unified
 659              		.thumb
 660              		.thumb_func
 661              		.fpu fpv4-sp-d16
 663              	ethernet_link_check_state:
 664              	.LVL46:
 665              	.LFB166:
 425:LWIP/Target/ethernetif.c **** 
 426:LWIP/Target/ethernetif.c **** /* USER CODE END 6 */
 427:LWIP/Target/ethernetif.c **** 
 428:LWIP/Target/ethernetif.c **** /* USER CODE BEGIN PHI IO Functions for User BSP */
 429:LWIP/Target/ethernetif.c **** 
 430:LWIP/Target/ethernetif.c **** /* USER CODE END PHI IO Functions for User BSP */
 431:LWIP/Target/ethernetif.c **** 
 432:LWIP/Target/ethernetif.c **** /**
 433:LWIP/Target/ethernetif.c ****   * @brief  Check the ETH link state then update ETH driver and netif link accordingly.
 434:LWIP/Target/ethernetif.c ****   * @retval None
 435:LWIP/Target/ethernetif.c ****   */
ARM GAS  /tmp/ccuMBXbt.s 			page 23


 436:LWIP/Target/ethernetif.c **** void ethernet_link_check_state(struct netif *netif)
 437:LWIP/Target/ethernetif.c **** {
 666              		.loc 1 437 1 is_stmt 1 view -0
 667              		.cfi_startproc
 668              		@ args = 0, pretend = 0, frame = 0
 669              		@ frame_needed = 0, uses_anonymous_args = 0
 670              		@ link register save eliminated.
 438:LWIP/Target/ethernetif.c **** 
 439:LWIP/Target/ethernetif.c **** }
 671              		.loc 1 439 1 view .LVU182
 672 0000 7047     		bx	lr
 673              		.cfi_endproc
 674              	.LFE166:
 676              		.section	.text.HAL_ETH_RxAllocateCallback,"ax",%progbits
 677              		.align	1
 678              		.global	HAL_ETH_RxAllocateCallback
 679              		.syntax unified
 680              		.thumb
 681              		.thumb_func
 682              		.fpu fpv4-sp-d16
 684              	HAL_ETH_RxAllocateCallback:
 685              	.LVL47:
 686              	.LFB167:
 440:LWIP/Target/ethernetif.c **** 
 441:LWIP/Target/ethernetif.c **** void HAL_ETH_RxAllocateCallback(uint8_t **buff)
 442:LWIP/Target/ethernetif.c **** {
 687              		.loc 1 442 1 view -0
 688              		.cfi_startproc
 689              		@ args = 0, pretend = 0, frame = 0
 690              		@ frame_needed = 0, uses_anonymous_args = 0
 691              		.loc 1 442 1 is_stmt 0 view .LVU184
 692 0000 10B5     		push	{r4, lr}
 693              	.LCFI15:
 694              		.cfi_def_cfa_offset 8
 695              		.cfi_offset 4, -8
 696              		.cfi_offset 14, -4
 697 0002 82B0     		sub	sp, sp, #8
 698              	.LCFI16:
 699              		.cfi_def_cfa_offset 16
 700 0004 0446     		mov	r4, r0
 443:LWIP/Target/ethernetif.c **** /* USER CODE BEGIN HAL ETH RxAllocateCallback */
 444:LWIP/Target/ethernetif.c ****   struct pbuf_custom *p = LWIP_MEMPOOL_ALLOC(RX_POOL);
 701              		.loc 1 444 3 is_stmt 1 view .LVU185
 702              		.loc 1 444 27 is_stmt 0 view .LVU186
 703 0006 0E48     		ldr	r0, .L51
 704              	.LVL48:
 705              		.loc 1 444 27 view .LVU187
 706 0008 FFF7FEFF 		bl	memp_malloc_pool
 707              	.LVL49:
 445:LWIP/Target/ethernetif.c ****   if (p)
 708              		.loc 1 445 3 is_stmt 1 view .LVU188
 709              		.loc 1 445 6 is_stmt 0 view .LVU189
 710 000c 88B1     		cbz	r0, .L48
 711 000e 0346     		mov	r3, r0
 446:LWIP/Target/ethernetif.c ****   {
 447:LWIP/Target/ethernetif.c ****     /* Get the buff from the struct pbuf address. */
 448:LWIP/Target/ethernetif.c ****     *buff = (uint8_t *)p + offsetof(RxBuff_t, buff);
ARM GAS  /tmp/ccuMBXbt.s 			page 24


 712              		.loc 1 448 5 is_stmt 1 view .LVU190
 713              		.loc 1 448 26 is_stmt 0 view .LVU191
 714 0010 00F12002 		add	r2, r0, #32
 715              		.loc 1 448 11 view .LVU192
 716 0014 2260     		str	r2, [r4]
 449:LWIP/Target/ethernetif.c ****     p->custom_free_function = pbuf_free_custom;
 717              		.loc 1 449 5 is_stmt 1 view .LVU193
 718              		.loc 1 449 29 is_stmt 0 view .LVU194
 719 0016 0B4A     		ldr	r2, .L51+4
 720 0018 0261     		str	r2, [r0, #16]
 450:LWIP/Target/ethernetif.c ****     /* Initialize the struct pbuf.
 451:LWIP/Target/ethernetif.c ****     * This must be performed whenever a buffer's allocated because it may be
 452:LWIP/Target/ethernetif.c ****     * changed by lwIP or the app, e.g., pbuf_free decrements ref. */
 453:LWIP/Target/ethernetif.c ****     pbuf_alloced_custom(PBUF_RAW, 0, PBUF_REF, p, *buff, ETH_RX_BUF_SIZE);
 721              		.loc 1 453 5 is_stmt 1 view .LVU195
 722 001a 4FF4C062 		mov	r2, #1536
 723 001e 0192     		str	r2, [sp, #4]
 724 0020 2268     		ldr	r2, [r4]
 725 0022 0092     		str	r2, [sp]
 726 0024 4122     		movs	r2, #65
 727 0026 0021     		movs	r1, #0
 728 0028 0846     		mov	r0, r1
 729              	.LVL50:
 730              		.loc 1 453 5 is_stmt 0 view .LVU196
 731 002a FFF7FEFF 		bl	pbuf_alloced_custom
 732              	.LVL51:
 733              	.L47:
 454:LWIP/Target/ethernetif.c ****   }
 455:LWIP/Target/ethernetif.c ****   else
 456:LWIP/Target/ethernetif.c ****   {
 457:LWIP/Target/ethernetif.c ****     RxAllocStatus = RX_ALLOC_ERROR;
 458:LWIP/Target/ethernetif.c ****     *buff = NULL;
 459:LWIP/Target/ethernetif.c ****   }
 460:LWIP/Target/ethernetif.c **** /* USER CODE END HAL ETH RxAllocateCallback */
 461:LWIP/Target/ethernetif.c **** }
 734              		.loc 1 461 1 view .LVU197
 735 002e 02B0     		add	sp, sp, #8
 736              	.LCFI17:
 737              		.cfi_remember_state
 738              		.cfi_def_cfa_offset 8
 739              		@ sp needed
 740 0030 10BD     		pop	{r4, pc}
 741              	.LVL52:
 742              	.L48:
 743              	.LCFI18:
 744              		.cfi_restore_state
 457:LWIP/Target/ethernetif.c ****     *buff = NULL;
 745              		.loc 1 457 5 is_stmt 1 view .LVU198
 457:LWIP/Target/ethernetif.c ****     *buff = NULL;
 746              		.loc 1 457 19 is_stmt 0 view .LVU199
 747 0032 054B     		ldr	r3, .L51+8
 748 0034 0122     		movs	r2, #1
 749 0036 1A70     		strb	r2, [r3]
 458:LWIP/Target/ethernetif.c ****   }
 750              		.loc 1 458 5 is_stmt 1 view .LVU200
 458:LWIP/Target/ethernetif.c ****   }
 751              		.loc 1 458 11 is_stmt 0 view .LVU201
ARM GAS  /tmp/ccuMBXbt.s 			page 25


 752 0038 0023     		movs	r3, #0
 753 003a 2360     		str	r3, [r4]
 754              		.loc 1 461 1 view .LVU202
 755 003c F7E7     		b	.L47
 756              	.L52:
 757 003e 00BF     		.align	2
 758              	.L51:
 759 0040 00000000 		.word	.LANCHOR1
 760 0044 00000000 		.word	pbuf_free_custom
 761 0048 00000000 		.word	.LANCHOR0
 762              		.cfi_endproc
 763              	.LFE167:
 765              		.section	.text.HAL_ETH_RxLinkCallback,"ax",%progbits
 766              		.align	1
 767              		.global	HAL_ETH_RxLinkCallback
 768              		.syntax unified
 769              		.thumb
 770              		.thumb_func
 771              		.fpu fpv4-sp-d16
 773              	HAL_ETH_RxLinkCallback:
 774              	.LVL53:
 775              	.LFB168:
 462:LWIP/Target/ethernetif.c **** 
 463:LWIP/Target/ethernetif.c **** void HAL_ETH_RxLinkCallback(void **pStart, void **pEnd, uint8_t *buff, uint16_t Length)
 464:LWIP/Target/ethernetif.c **** {
 776              		.loc 1 464 1 is_stmt 1 view -0
 777              		.cfi_startproc
 778              		@ args = 0, pretend = 0, frame = 0
 779              		@ frame_needed = 0, uses_anonymous_args = 0
 780              		@ link register save eliminated.
 781              		.loc 1 464 1 is_stmt 0 view .LVU204
 782 0000 30B4     		push	{r4, r5}
 783              	.LCFI19:
 784              		.cfi_def_cfa_offset 8
 785              		.cfi_offset 4, -8
 786              		.cfi_offset 5, -4
 465:LWIP/Target/ethernetif.c **** /* USER CODE BEGIN HAL ETH RxLinkCallback */
 466:LWIP/Target/ethernetif.c **** 
 467:LWIP/Target/ethernetif.c ****   struct pbuf **ppStart = (struct pbuf **)pStart;
 787              		.loc 1 467 3 is_stmt 1 view .LVU205
 788              	.LVL54:
 468:LWIP/Target/ethernetif.c ****   struct pbuf **ppEnd = (struct pbuf **)pEnd;
 789              		.loc 1 468 3 view .LVU206
 469:LWIP/Target/ethernetif.c ****   struct pbuf *p = NULL;
 790              		.loc 1 469 3 view .LVU207
 470:LWIP/Target/ethernetif.c **** 
 471:LWIP/Target/ethernetif.c ****   /* Get the struct pbuf from the buff address. */
 472:LWIP/Target/ethernetif.c ****   p = (struct pbuf *)(buff - offsetof(RxBuff_t, buff));
 791              		.loc 1 472 3 view .LVU208
 792              		.loc 1 472 5 is_stmt 0 view .LVU209
 793 0002 A2F12004 		sub	r4, r2, #32
 794              	.LVL55:
 473:LWIP/Target/ethernetif.c ****   p->next = NULL;
 795              		.loc 1 473 3 is_stmt 1 view .LVU210
 796              		.loc 1 473 11 is_stmt 0 view .LVU211
 797 0006 0025     		movs	r5, #0
 798 0008 42F8205C 		str	r5, [r2, #-32]
ARM GAS  /tmp/ccuMBXbt.s 			page 26


 474:LWIP/Target/ethernetif.c ****   p->tot_len = 0;
 799              		.loc 1 474 3 is_stmt 1 view .LVU212
 800              		.loc 1 474 14 is_stmt 0 view .LVU213
 801 000c 22F8185C 		strh	r5, [r2, #-24]	@ movhi
 475:LWIP/Target/ethernetif.c ****   p->len = Length;
 802              		.loc 1 475 3 is_stmt 1 view .LVU214
 803              		.loc 1 475 10 is_stmt 0 view .LVU215
 804 0010 22F8163C 		strh	r3, [r2, #-22]	@ movhi
 476:LWIP/Target/ethernetif.c **** 
 477:LWIP/Target/ethernetif.c ****   /* Chain the buffer. */
 478:LWIP/Target/ethernetif.c ****   if (!*ppStart)
 805              		.loc 1 478 3 is_stmt 1 view .LVU216
 806              		.loc 1 478 8 is_stmt 0 view .LVU217
 807 0014 0268     		ldr	r2, [r0]
 808              	.LVL56:
 809              		.loc 1 478 6 view .LVU218
 810 0016 4AB1     		cbz	r2, .L59
 479:LWIP/Target/ethernetif.c ****   {
 480:LWIP/Target/ethernetif.c ****     /* The first buffer of the packet. */
 481:LWIP/Target/ethernetif.c ****     *ppStart = p;
 482:LWIP/Target/ethernetif.c ****   }
 483:LWIP/Target/ethernetif.c ****   else
 484:LWIP/Target/ethernetif.c ****   {
 485:LWIP/Target/ethernetif.c ****     /* Chain the buffer to the end of the packet. */
 486:LWIP/Target/ethernetif.c ****     (*ppEnd)->next = p;
 811              		.loc 1 486 5 is_stmt 1 view .LVU219
 812              		.loc 1 486 6 is_stmt 0 view .LVU220
 813 0018 0A68     		ldr	r2, [r1]
 814              		.loc 1 486 20 view .LVU221
 815 001a 1460     		str	r4, [r2]
 816              	.L55:
 487:LWIP/Target/ethernetif.c ****   }
 488:LWIP/Target/ethernetif.c ****   *ppEnd  = p;
 817              		.loc 1 488 3 is_stmt 1 view .LVU222
 818              		.loc 1 488 11 is_stmt 0 view .LVU223
 819 001c 0C60     		str	r4, [r1]
 489:LWIP/Target/ethernetif.c **** 
 490:LWIP/Target/ethernetif.c ****   /* Update the total length of all the buffers of the chain. Each pbuf in the chain should have it
 491:LWIP/Target/ethernetif.c ****    * set to its own length, plus the length of all the following pbufs in the chain. */
 492:LWIP/Target/ethernetif.c ****   for (p = *ppStart; p != NULL; p = p->next)
 820              		.loc 1 492 3 is_stmt 1 view .LVU224
 821              		.loc 1 492 10 is_stmt 0 view .LVU225
 822 001e 0268     		ldr	r2, [r0]
 823              	.LVL57:
 824              	.L56:
 825              		.loc 1 492 22 is_stmt 1 discriminator 1 view .LVU226
 826              		.loc 1 492 3 is_stmt 0 discriminator 1 view .LVU227
 827 0020 32B1     		cbz	r2, .L60
 493:LWIP/Target/ethernetif.c ****   {
 494:LWIP/Target/ethernetif.c ****     p->tot_len += Length;
 828              		.loc 1 494 5 is_stmt 1 discriminator 3 view .LVU228
 829              		.loc 1 494 16 is_stmt 0 discriminator 3 view .LVU229
 830 0022 1189     		ldrh	r1, [r2, #8]
 831 0024 1944     		add	r1, r1, r3
 832 0026 1181     		strh	r1, [r2, #8]	@ movhi
 492:LWIP/Target/ethernetif.c ****   {
 833              		.loc 1 492 33 is_stmt 1 discriminator 3 view .LVU230
ARM GAS  /tmp/ccuMBXbt.s 			page 27


 492:LWIP/Target/ethernetif.c ****   {
 834              		.loc 1 492 35 is_stmt 0 discriminator 3 view .LVU231
 835 0028 1268     		ldr	r2, [r2]
 836              	.LVL58:
 492:LWIP/Target/ethernetif.c ****   {
 837              		.loc 1 492 35 discriminator 3 view .LVU232
 838 002a F9E7     		b	.L56
 839              	.LVL59:
 840              	.L59:
 481:LWIP/Target/ethernetif.c ****   }
 841              		.loc 1 481 5 is_stmt 1 view .LVU233
 481:LWIP/Target/ethernetif.c ****   }
 842              		.loc 1 481 14 is_stmt 0 view .LVU234
 843 002c 0460     		str	r4, [r0]
 844 002e F5E7     		b	.L55
 845              	.LVL60:
 846              	.L60:
 495:LWIP/Target/ethernetif.c ****   }
 496:LWIP/Target/ethernetif.c **** 
 497:LWIP/Target/ethernetif.c **** /* USER CODE END HAL ETH RxLinkCallback */
 498:LWIP/Target/ethernetif.c **** }
 847              		.loc 1 498 1 view .LVU235
 848 0030 30BC     		pop	{r4, r5}
 849              	.LCFI20:
 850              		.cfi_restore 5
 851              		.cfi_restore 4
 852              		.cfi_def_cfa_offset 0
 853              	.LVL61:
 854              		.loc 1 498 1 view .LVU236
 855 0032 7047     		bx	lr
 856              		.cfi_endproc
 857              	.LFE168:
 859              		.section	.text.HAL_ETH_TxFreeCallback,"ax",%progbits
 860              		.align	1
 861              		.global	HAL_ETH_TxFreeCallback
 862              		.syntax unified
 863              		.thumb
 864              		.thumb_func
 865              		.fpu fpv4-sp-d16
 867              	HAL_ETH_TxFreeCallback:
 868              	.LVL62:
 869              	.LFB169:
 499:LWIP/Target/ethernetif.c **** 
 500:LWIP/Target/ethernetif.c **** void HAL_ETH_TxFreeCallback(uint32_t * buff)
 501:LWIP/Target/ethernetif.c **** {
 870              		.loc 1 501 1 is_stmt 1 view -0
 871              		.cfi_startproc
 872              		@ args = 0, pretend = 0, frame = 0
 873              		@ frame_needed = 0, uses_anonymous_args = 0
 874              		.loc 1 501 1 is_stmt 0 view .LVU238
 875 0000 08B5     		push	{r3, lr}
 876              	.LCFI21:
 877              		.cfi_def_cfa_offset 8
 878              		.cfi_offset 3, -8
 879              		.cfi_offset 14, -4
 502:LWIP/Target/ethernetif.c **** /* USER CODE BEGIN HAL ETH TxFreeCallback */
 503:LWIP/Target/ethernetif.c **** 
ARM GAS  /tmp/ccuMBXbt.s 			page 28


 504:LWIP/Target/ethernetif.c ****   pbuf_free((struct pbuf *)buff);
 880              		.loc 1 504 3 is_stmt 1 view .LVU239
 881 0002 FFF7FEFF 		bl	pbuf_free
 882              	.LVL63:
 505:LWIP/Target/ethernetif.c **** 
 506:LWIP/Target/ethernetif.c **** /* USER CODE END HAL ETH TxFreeCallback */
 507:LWIP/Target/ethernetif.c **** }
 883              		.loc 1 507 1 is_stmt 0 view .LVU240
 884 0006 08BD     		pop	{r3, pc}
 885              		.cfi_endproc
 886              	.LFE169:
 888              		.comm	TxConfig,56,4
 889              		.comm	heth,176,4
 890              		.comm	DMATxDscrTab,160,4
 891              		.comm	DMARxDscrTab,160,4
 892              		.global	memp_RX_POOL
 893              		.comm	memp_memory_RX_POOL_base,18819,4
 894              		.section	.bss.RxAllocStatus,"aw",%nobits
 895              		.set	.LANCHOR0,. + 0
 898              	RxAllocStatus:
 899 0000 00       		.space	1
 900              		.section	.bss.memp_tab_RX_POOL,"aw",%nobits
 901              		.align	2
 904              	memp_tab_RX_POOL:
 905 0000 00000000 		.space	4
 906              		.section	.rodata.memp_RX_POOL,"a"
 907              		.align	2
 908              		.set	.LANCHOR1,. + 0
 911              	memp_RX_POOL:
 912 0000 2006     		.short	1568
 913 0002 0C00     		.short	12
 914 0004 00000000 		.word	memp_memory_RX_POOL_base
 915 0008 00000000 		.word	memp_tab_RX_POOL
 916              		.text
 917              	.Letext0:
 918              		.file 2 "/opt/gcc-arm-none-eabi-9-2020-q2-update/arm-none-eabi/include/machine/_default_types.h"
 919              		.file 3 "/opt/gcc-arm-none-eabi-9-2020-q2-update/arm-none-eabi/include/sys/_stdint.h"
 920              		.file 4 "Drivers/CMSIS/Include/core_cm4.h"
 921              		.file 5 "Drivers/CMSIS/Device/ST/STM32F4xx/Include/system_stm32f4xx.h"
 922              		.file 6 "Drivers/CMSIS/Device/ST/STM32F4xx/Include/stm32f427xx.h"
 923              		.file 7 "Drivers/STM32F4xx_HAL_Driver/Inc/stm32f4xx_hal_def.h"
 924              		.file 8 "Drivers/STM32F4xx_HAL_Driver/Inc/stm32f4xx_hal_eth.h"
 925              		.file 9 "Drivers/STM32F4xx_HAL_Driver/Inc/stm32f4xx_hal.h"
 926              		.file 10 "/opt/gcc-arm-none-eabi-9-2020-q2-update/lib/gcc/arm-none-eabi/9.3.1/include/stddef.h"
 927              		.file 11 "/opt/gcc-arm-none-eabi-9-2020-q2-update/arm-none-eabi/include/sys/_types.h"
 928              		.file 12 "/opt/gcc-arm-none-eabi-9-2020-q2-update/arm-none-eabi/include/sys/reent.h"
 929              		.file 13 "/opt/gcc-arm-none-eabi-9-2020-q2-update/arm-none-eabi/include/sys/lock.h"
 930              		.file 14 "/opt/gcc-arm-none-eabi-9-2020-q2-update/arm-none-eabi/include/stdlib.h"
 931              		.file 15 "/opt/gcc-arm-none-eabi-9-2020-q2-update/arm-none-eabi/include/time.h"
 932              		.file 16 "Middlewares/Third_Party/LwIP/src/include/lwip/arch.h"
 933              		.file 17 "/opt/gcc-arm-none-eabi-9-2020-q2-update/arm-none-eabi/include/ctype.h"
 934              		.file 18 "Middlewares/Third_Party/LwIP/src/include/lwip/memp.h"
 935              		.file 19 "Middlewares/Third_Party/LwIP/src/include/lwip/priv/memp_priv.h"
 936              		.file 20 "Middlewares/Third_Party/LwIP/src/include/lwip/err.h"
 937              		.file 21 "Middlewares/Third_Party/LwIP/src/include/lwip/timeouts.h"
 938              		.file 22 "Middlewares/Third_Party/LwIP/src/include/lwip/pbuf.h"
 939              		.file 23 "Middlewares/Third_Party/LwIP/src/include/lwip/ip4_addr.h"
ARM GAS  /tmp/ccuMBXbt.s 			page 29


 940              		.file 24 "Middlewares/Third_Party/LwIP/src/include/lwip/ip_addr.h"
 941              		.file 25 "Middlewares/Third_Party/LwIP/src/include/lwip/netif.h"
 942              		.file 26 "Middlewares/Third_Party/LwIP/src/include/lwip/prot/ethernet.h"
 943              		.file 27 "Middlewares/Third_Party/LwIP/src/include/netif/ethernet.h"
 944              		.file 28 "/opt/gcc-arm-none-eabi-9-2020-q2-update/arm-none-eabi/include/stdio.h"
 945              		.file 29 "LWIP/Target/ethernetif.h"
 946              		.file 30 "<built-in>"
ARM GAS  /tmp/ccuMBXbt.s 			page 30


DEFINED SYMBOLS
                            *ABS*:0000000000000000 ethernetif.c
     /tmp/ccuMBXbt.s:18     .text.low_level_input:0000000000000000 $t
     /tmp/ccuMBXbt.s:25     .text.low_level_input:0000000000000000 low_level_input
     /tmp/ccuMBXbt.s:77     .text.low_level_input:0000000000000020 $d
                            *COM*:00000000000000b0 heth
     /tmp/ccuMBXbt.s:83     .text.low_level_output:0000000000000000 $t
     /tmp/ccuMBXbt.s:89     .text.low_level_output:0000000000000000 low_level_output
     /tmp/ccuMBXbt.s:233    .text.low_level_output:0000000000000090 $d
                            *COM*:0000000000000038 TxConfig
     /tmp/ccuMBXbt.s:239    .text.low_level_init:0000000000000000 $t
     /tmp/ccuMBXbt.s:245    .text.low_level_init:0000000000000000 low_level_init
     /tmp/ccuMBXbt.s:406    .text.low_level_init:00000000000000bc $d
                            *COM*:00000000000000a0 DMATxDscrTab
                            *COM*:00000000000000a0 DMARxDscrTab
     /tmp/ccuMBXbt.s:416    .text.pbuf_free_custom:0000000000000000 $t
     /tmp/ccuMBXbt.s:423    .text.pbuf_free_custom:0000000000000000 pbuf_free_custom
     /tmp/ccuMBXbt.s:466    .text.pbuf_free_custom:000000000000001c $d
     /tmp/ccuMBXbt.s:472    .text.ethernetif_input:0000000000000000 $t
     /tmp/ccuMBXbt.s:479    .text.ethernetif_input:0000000000000000 ethernetif_input
     /tmp/ccuMBXbt.s:541    .rodata.ethernetif_init.str1.4:0000000000000000 $d
     /tmp/ccuMBXbt.s:551    .text.ethernetif_init:0000000000000000 $t
     /tmp/ccuMBXbt.s:558    .text.ethernetif_init:0000000000000000 ethernetif_init
     /tmp/ccuMBXbt.s:619    .text.ethernetif_init:0000000000000034 $d
     /tmp/ccuMBXbt.s:628    .text.sys_now:0000000000000000 $t
     /tmp/ccuMBXbt.s:635    .text.sys_now:0000000000000000 sys_now
     /tmp/ccuMBXbt.s:656    .text.ethernet_link_check_state:0000000000000000 $t
     /tmp/ccuMBXbt.s:663    .text.ethernet_link_check_state:0000000000000000 ethernet_link_check_state
     /tmp/ccuMBXbt.s:677    .text.HAL_ETH_RxAllocateCallback:0000000000000000 $t
     /tmp/ccuMBXbt.s:684    .text.HAL_ETH_RxAllocateCallback:0000000000000000 HAL_ETH_RxAllocateCallback
     /tmp/ccuMBXbt.s:759    .text.HAL_ETH_RxAllocateCallback:0000000000000040 $d
     /tmp/ccuMBXbt.s:766    .text.HAL_ETH_RxLinkCallback:0000000000000000 $t
     /tmp/ccuMBXbt.s:773    .text.HAL_ETH_RxLinkCallback:0000000000000000 HAL_ETH_RxLinkCallback
     /tmp/ccuMBXbt.s:860    .text.HAL_ETH_TxFreeCallback:0000000000000000 $t
     /tmp/ccuMBXbt.s:867    .text.HAL_ETH_TxFreeCallback:0000000000000000 HAL_ETH_TxFreeCallback
     /tmp/ccuMBXbt.s:911    .rodata.memp_RX_POOL:0000000000000000 memp_RX_POOL
                            *COM*:0000000000004983 memp_memory_RX_POOL_base
     /tmp/ccuMBXbt.s:898    .bss.RxAllocStatus:0000000000000000 RxAllocStatus
     /tmp/ccuMBXbt.s:899    .bss.RxAllocStatus:0000000000000000 $d
     /tmp/ccuMBXbt.s:901    .bss.memp_tab_RX_POOL:0000000000000000 $d
     /tmp/ccuMBXbt.s:904    .bss.memp_tab_RX_POOL:0000000000000000 memp_tab_RX_POOL
     /tmp/ccuMBXbt.s:907    .rodata.memp_RX_POOL:0000000000000000 $d

UNDEFINED SYMBOLS
HAL_ETH_ReadData
memset
HAL_ETH_Transmit
HAL_ETH_Init
memp_init_pool
Error_Handler
memp_free_pool
pbuf_free
printf
etharp_output
HAL_GetTick
memp_malloc_pool
pbuf_alloced_custom
ARM GAS  /tmp/ccuMBXbt.s 			page 31


