ARM GAS  /tmp/cca9T2Zg.s 			page 1


   1              		.cpu cortex-m4
   2              		.eabi_attribute 27, 1
   3              		.eabi_attribute 28, 1
   4              		.eabi_attribute 20, 1
   5              		.eabi_attribute 21, 1
   6              		.eabi_attribute 23, 3
   7              		.eabi_attribute 24, 1
   8              		.eabi_attribute 25, 1
   9              		.eabi_attribute 26, 1
  10              		.eabi_attribute 30, 1
  11              		.eabi_attribute 34, 1
  12              		.eabi_attribute 18, 4
  13              		.file	"icmp.c"
  14              		.text
  15              	.Ltext0:
  16              		.cfi_sections	.debug_frame
  17              		.section	.rodata.icmp_send_response.str1.4,"aMS",%progbits,1
  18              		.align	2
  19              	.LC0:
  20 0000 4D696464 		.ascii	"Middlewares/Third_Party/LwIP/src/core/ipv4/icmp.c\000"
  20      6C657761 
  20      7265732F 
  20      54686972 
  20      645F5061 
  21 0032 0000     		.align	2
  22              	.LC1:
  23 0034 63686563 		.ascii	"check that first pbuf can hold icmp message\000"
  23      6B207468 
  23      61742066 
  23      69727374 
  23      20706275 
  24              		.align	2
  25              	.LC2:
  26 0060 41737365 		.ascii	"Assertion \"%s\" failed at line %d in %s\012\000"
  26      7274696F 
  26      6E202225 
  26      73222066 
  26      61696C65 
  27              		.section	.text.icmp_send_response,"ax",%progbits
  28              		.align	1
  29              		.arch armv7e-m
  30              		.syntax unified
  31              		.thumb
  32              		.thumb_func
  33              		.fpu fpv4-sp-d16
  35              	icmp_send_response:
  36              	.LVL0:
  37              	.LFB162:
  38              		.file 1 "Middlewares/Third_Party/LwIP/src/core/ipv4/icmp.c"
   1:Middlewares/Third_Party/LwIP/src/core/ipv4/icmp.c **** /**
   2:Middlewares/Third_Party/LwIP/src/core/ipv4/icmp.c ****  * @file
   3:Middlewares/Third_Party/LwIP/src/core/ipv4/icmp.c ****  * ICMP - Internet Control Message Protocol
   4:Middlewares/Third_Party/LwIP/src/core/ipv4/icmp.c ****  *
   5:Middlewares/Third_Party/LwIP/src/core/ipv4/icmp.c ****  */
   6:Middlewares/Third_Party/LwIP/src/core/ipv4/icmp.c **** 
   7:Middlewares/Third_Party/LwIP/src/core/ipv4/icmp.c **** /*
   8:Middlewares/Third_Party/LwIP/src/core/ipv4/icmp.c ****  * Copyright (c) 2001-2004 Swedish Institute of Computer Science.
ARM GAS  /tmp/cca9T2Zg.s 			page 2


   9:Middlewares/Third_Party/LwIP/src/core/ipv4/icmp.c ****  * All rights reserved.
  10:Middlewares/Third_Party/LwIP/src/core/ipv4/icmp.c ****  *
  11:Middlewares/Third_Party/LwIP/src/core/ipv4/icmp.c ****  * Redistribution and use in source and binary forms, with or without modification,
  12:Middlewares/Third_Party/LwIP/src/core/ipv4/icmp.c ****  * are permitted provided that the following conditions are met:
  13:Middlewares/Third_Party/LwIP/src/core/ipv4/icmp.c ****  *
  14:Middlewares/Third_Party/LwIP/src/core/ipv4/icmp.c ****  * 1. Redistributions of source code must retain the above copyright notice,
  15:Middlewares/Third_Party/LwIP/src/core/ipv4/icmp.c ****  *    this list of conditions and the following disclaimer.
  16:Middlewares/Third_Party/LwIP/src/core/ipv4/icmp.c ****  * 2. Redistributions in binary form must reproduce the above copyright notice,
  17:Middlewares/Third_Party/LwIP/src/core/ipv4/icmp.c ****  *    this list of conditions and the following disclaimer in the documentation
  18:Middlewares/Third_Party/LwIP/src/core/ipv4/icmp.c ****  *    and/or other materials provided with the distribution.
  19:Middlewares/Third_Party/LwIP/src/core/ipv4/icmp.c ****  * 3. The name of the author may not be used to endorse or promote products
  20:Middlewares/Third_Party/LwIP/src/core/ipv4/icmp.c ****  *    derived from this software without specific prior written permission.
  21:Middlewares/Third_Party/LwIP/src/core/ipv4/icmp.c ****  *
  22:Middlewares/Third_Party/LwIP/src/core/ipv4/icmp.c ****  * THIS SOFTWARE IS PROVIDED BY THE AUTHOR ``AS IS'' AND ANY EXPRESS OR IMPLIED
  23:Middlewares/Third_Party/LwIP/src/core/ipv4/icmp.c ****  * WARRANTIES, INCLUDING, BUT NOT LIMITED TO, THE IMPLIED WARRANTIES OF
  24:Middlewares/Third_Party/LwIP/src/core/ipv4/icmp.c ****  * MERCHANTABILITY AND FITNESS FOR A PARTICULAR PURPOSE ARE DISCLAIMED. IN NO EVENT
  25:Middlewares/Third_Party/LwIP/src/core/ipv4/icmp.c ****  * SHALL THE AUTHOR BE LIABLE FOR ANY DIRECT, INDIRECT, INCIDENTAL, SPECIAL,
  26:Middlewares/Third_Party/LwIP/src/core/ipv4/icmp.c ****  * EXEMPLARY, OR CONSEQUENTIAL DAMAGES (INCLUDING, BUT NOT LIMITED TO, PROCUREMENT
  27:Middlewares/Third_Party/LwIP/src/core/ipv4/icmp.c ****  * OF SUBSTITUTE GOODS OR SERVICES; LOSS OF USE, DATA, OR PROFITS; OR BUSINESS
  28:Middlewares/Third_Party/LwIP/src/core/ipv4/icmp.c ****  * INTERRUPTION) HOWEVER CAUSED AND ON ANY THEORY OF LIABILITY, WHETHER IN
  29:Middlewares/Third_Party/LwIP/src/core/ipv4/icmp.c ****  * CONTRACT, STRICT LIABILITY, OR TORT (INCLUDING NEGLIGENCE OR OTHERWISE) ARISING
  30:Middlewares/Third_Party/LwIP/src/core/ipv4/icmp.c ****  * IN ANY WAY OUT OF THE USE OF THIS SOFTWARE, EVEN IF ADVISED OF THE POSSIBILITY
  31:Middlewares/Third_Party/LwIP/src/core/ipv4/icmp.c ****  * OF SUCH DAMAGE.
  32:Middlewares/Third_Party/LwIP/src/core/ipv4/icmp.c ****  *
  33:Middlewares/Third_Party/LwIP/src/core/ipv4/icmp.c ****  * This file is part of the lwIP TCP/IP stack.
  34:Middlewares/Third_Party/LwIP/src/core/ipv4/icmp.c ****  *
  35:Middlewares/Third_Party/LwIP/src/core/ipv4/icmp.c ****  * Author: Adam Dunkels <adam@sics.se>
  36:Middlewares/Third_Party/LwIP/src/core/ipv4/icmp.c ****  *
  37:Middlewares/Third_Party/LwIP/src/core/ipv4/icmp.c ****  */
  38:Middlewares/Third_Party/LwIP/src/core/ipv4/icmp.c **** 
  39:Middlewares/Third_Party/LwIP/src/core/ipv4/icmp.c **** /* Some ICMP messages should be passed to the transport protocols. This
  40:Middlewares/Third_Party/LwIP/src/core/ipv4/icmp.c ****    is not implemented. */
  41:Middlewares/Third_Party/LwIP/src/core/ipv4/icmp.c **** 
  42:Middlewares/Third_Party/LwIP/src/core/ipv4/icmp.c **** #include "lwip/opt.h"
  43:Middlewares/Third_Party/LwIP/src/core/ipv4/icmp.c **** 
  44:Middlewares/Third_Party/LwIP/src/core/ipv4/icmp.c **** #if LWIP_IPV4 && LWIP_ICMP /* don't build if not configured for use in lwipopts.h */
  45:Middlewares/Third_Party/LwIP/src/core/ipv4/icmp.c **** 
  46:Middlewares/Third_Party/LwIP/src/core/ipv4/icmp.c **** #include "lwip/icmp.h"
  47:Middlewares/Third_Party/LwIP/src/core/ipv4/icmp.c **** #include "lwip/inet_chksum.h"
  48:Middlewares/Third_Party/LwIP/src/core/ipv4/icmp.c **** #include "lwip/ip.h"
  49:Middlewares/Third_Party/LwIP/src/core/ipv4/icmp.c **** #include "lwip/def.h"
  50:Middlewares/Third_Party/LwIP/src/core/ipv4/icmp.c **** #include "lwip/stats.h"
  51:Middlewares/Third_Party/LwIP/src/core/ipv4/icmp.c **** 
  52:Middlewares/Third_Party/LwIP/src/core/ipv4/icmp.c **** #include <string.h>
  53:Middlewares/Third_Party/LwIP/src/core/ipv4/icmp.c **** 
  54:Middlewares/Third_Party/LwIP/src/core/ipv4/icmp.c **** #ifdef LWIP_HOOK_FILENAME
  55:Middlewares/Third_Party/LwIP/src/core/ipv4/icmp.c **** #include LWIP_HOOK_FILENAME
  56:Middlewares/Third_Party/LwIP/src/core/ipv4/icmp.c **** #endif
  57:Middlewares/Third_Party/LwIP/src/core/ipv4/icmp.c **** 
  58:Middlewares/Third_Party/LwIP/src/core/ipv4/icmp.c **** /** Small optimization: set to 0 if incoming PBUF_POOL pbuf always can be
  59:Middlewares/Third_Party/LwIP/src/core/ipv4/icmp.c ****  * used to modify and send a response packet (and to 1 if this is not the case,
  60:Middlewares/Third_Party/LwIP/src/core/ipv4/icmp.c ****  * e.g. when link header is stripped off when receiving) */
  61:Middlewares/Third_Party/LwIP/src/core/ipv4/icmp.c **** #ifndef LWIP_ICMP_ECHO_CHECK_INPUT_PBUF_LEN
  62:Middlewares/Third_Party/LwIP/src/core/ipv4/icmp.c **** #define LWIP_ICMP_ECHO_CHECK_INPUT_PBUF_LEN 1
  63:Middlewares/Third_Party/LwIP/src/core/ipv4/icmp.c **** #endif /* LWIP_ICMP_ECHO_CHECK_INPUT_PBUF_LEN */
  64:Middlewares/Third_Party/LwIP/src/core/ipv4/icmp.c **** 
  65:Middlewares/Third_Party/LwIP/src/core/ipv4/icmp.c **** /* The amount of data from the original packet to return in a dest-unreachable */
ARM GAS  /tmp/cca9T2Zg.s 			page 3


  66:Middlewares/Third_Party/LwIP/src/core/ipv4/icmp.c **** #define ICMP_DEST_UNREACH_DATASIZE 8
  67:Middlewares/Third_Party/LwIP/src/core/ipv4/icmp.c **** 
  68:Middlewares/Third_Party/LwIP/src/core/ipv4/icmp.c **** static void icmp_send_response(struct pbuf *p, u8_t type, u8_t code);
  69:Middlewares/Third_Party/LwIP/src/core/ipv4/icmp.c **** 
  70:Middlewares/Third_Party/LwIP/src/core/ipv4/icmp.c **** /**
  71:Middlewares/Third_Party/LwIP/src/core/ipv4/icmp.c ****  * Processes ICMP input packets, called from ip_input().
  72:Middlewares/Third_Party/LwIP/src/core/ipv4/icmp.c ****  *
  73:Middlewares/Third_Party/LwIP/src/core/ipv4/icmp.c ****  * Currently only processes icmp echo requests and sends
  74:Middlewares/Third_Party/LwIP/src/core/ipv4/icmp.c ****  * out the echo response.
  75:Middlewares/Third_Party/LwIP/src/core/ipv4/icmp.c ****  *
  76:Middlewares/Third_Party/LwIP/src/core/ipv4/icmp.c ****  * @param p the icmp echo request packet, p->payload pointing to the icmp header
  77:Middlewares/Third_Party/LwIP/src/core/ipv4/icmp.c ****  * @param inp the netif on which this packet was received
  78:Middlewares/Third_Party/LwIP/src/core/ipv4/icmp.c ****  */
  79:Middlewares/Third_Party/LwIP/src/core/ipv4/icmp.c **** void
  80:Middlewares/Third_Party/LwIP/src/core/ipv4/icmp.c **** icmp_input(struct pbuf *p, struct netif *inp)
  81:Middlewares/Third_Party/LwIP/src/core/ipv4/icmp.c **** {
  82:Middlewares/Third_Party/LwIP/src/core/ipv4/icmp.c ****   u8_t type;
  83:Middlewares/Third_Party/LwIP/src/core/ipv4/icmp.c **** #ifdef LWIP_DEBUG
  84:Middlewares/Third_Party/LwIP/src/core/ipv4/icmp.c ****   u8_t code;
  85:Middlewares/Third_Party/LwIP/src/core/ipv4/icmp.c **** #endif /* LWIP_DEBUG */
  86:Middlewares/Third_Party/LwIP/src/core/ipv4/icmp.c ****   struct icmp_echo_hdr *iecho;
  87:Middlewares/Third_Party/LwIP/src/core/ipv4/icmp.c ****   const struct ip_hdr *iphdr_in;
  88:Middlewares/Third_Party/LwIP/src/core/ipv4/icmp.c ****   u16_t hlen;
  89:Middlewares/Third_Party/LwIP/src/core/ipv4/icmp.c ****   const ip4_addr_t *src;
  90:Middlewares/Third_Party/LwIP/src/core/ipv4/icmp.c **** 
  91:Middlewares/Third_Party/LwIP/src/core/ipv4/icmp.c ****   ICMP_STATS_INC(icmp.recv);
  92:Middlewares/Third_Party/LwIP/src/core/ipv4/icmp.c ****   MIB2_STATS_INC(mib2.icmpinmsgs);
  93:Middlewares/Third_Party/LwIP/src/core/ipv4/icmp.c **** 
  94:Middlewares/Third_Party/LwIP/src/core/ipv4/icmp.c ****   iphdr_in = ip4_current_header();
  95:Middlewares/Third_Party/LwIP/src/core/ipv4/icmp.c ****   hlen = IPH_HL_BYTES(iphdr_in);
  96:Middlewares/Third_Party/LwIP/src/core/ipv4/icmp.c ****   if (hlen < IP_HLEN) {
  97:Middlewares/Third_Party/LwIP/src/core/ipv4/icmp.c ****     LWIP_DEBUGF(ICMP_DEBUG, ("icmp_input: short IP header (%"S16_F" bytes) received\n", hlen));
  98:Middlewares/Third_Party/LwIP/src/core/ipv4/icmp.c ****     goto lenerr;
  99:Middlewares/Third_Party/LwIP/src/core/ipv4/icmp.c ****   }
 100:Middlewares/Third_Party/LwIP/src/core/ipv4/icmp.c ****   if (p->len < sizeof(u16_t) * 2) {
 101:Middlewares/Third_Party/LwIP/src/core/ipv4/icmp.c ****     LWIP_DEBUGF(ICMP_DEBUG, ("icmp_input: short ICMP (%"U16_F" bytes) received\n", p->tot_len));
 102:Middlewares/Third_Party/LwIP/src/core/ipv4/icmp.c ****     goto lenerr;
 103:Middlewares/Third_Party/LwIP/src/core/ipv4/icmp.c ****   }
 104:Middlewares/Third_Party/LwIP/src/core/ipv4/icmp.c **** 
 105:Middlewares/Third_Party/LwIP/src/core/ipv4/icmp.c ****   type = *((u8_t *)p->payload);
 106:Middlewares/Third_Party/LwIP/src/core/ipv4/icmp.c **** #ifdef LWIP_DEBUG
 107:Middlewares/Third_Party/LwIP/src/core/ipv4/icmp.c ****   code = *(((u8_t *)p->payload) + 1);
 108:Middlewares/Third_Party/LwIP/src/core/ipv4/icmp.c ****   /* if debug is enabled but debug statement below is somehow disabled: */
 109:Middlewares/Third_Party/LwIP/src/core/ipv4/icmp.c ****   LWIP_UNUSED_ARG(code);
 110:Middlewares/Third_Party/LwIP/src/core/ipv4/icmp.c **** #endif /* LWIP_DEBUG */
 111:Middlewares/Third_Party/LwIP/src/core/ipv4/icmp.c ****   switch (type) {
 112:Middlewares/Third_Party/LwIP/src/core/ipv4/icmp.c ****     case ICMP_ER:
 113:Middlewares/Third_Party/LwIP/src/core/ipv4/icmp.c ****       /* This is OK, echo reply might have been parsed by a raw PCB
 114:Middlewares/Third_Party/LwIP/src/core/ipv4/icmp.c ****          (as obviously, an echo request has been sent, too). */
 115:Middlewares/Third_Party/LwIP/src/core/ipv4/icmp.c ****       MIB2_STATS_INC(mib2.icmpinechoreps);
 116:Middlewares/Third_Party/LwIP/src/core/ipv4/icmp.c ****       break;
 117:Middlewares/Third_Party/LwIP/src/core/ipv4/icmp.c ****     case ICMP_ECHO:
 118:Middlewares/Third_Party/LwIP/src/core/ipv4/icmp.c ****       MIB2_STATS_INC(mib2.icmpinechos);
 119:Middlewares/Third_Party/LwIP/src/core/ipv4/icmp.c ****       src = ip4_current_dest_addr();
 120:Middlewares/Third_Party/LwIP/src/core/ipv4/icmp.c ****       /* multicast destination address? */
 121:Middlewares/Third_Party/LwIP/src/core/ipv4/icmp.c ****       if (ip4_addr_ismulticast(ip4_current_dest_addr())) {
 122:Middlewares/Third_Party/LwIP/src/core/ipv4/icmp.c **** #if LWIP_MULTICAST_PING
ARM GAS  /tmp/cca9T2Zg.s 			page 4


 123:Middlewares/Third_Party/LwIP/src/core/ipv4/icmp.c ****         /* For multicast, use address of receiving interface as source address */
 124:Middlewares/Third_Party/LwIP/src/core/ipv4/icmp.c ****         src = netif_ip4_addr(inp);
 125:Middlewares/Third_Party/LwIP/src/core/ipv4/icmp.c **** #else /* LWIP_MULTICAST_PING */
 126:Middlewares/Third_Party/LwIP/src/core/ipv4/icmp.c ****         LWIP_DEBUGF(ICMP_DEBUG, ("icmp_input: Not echoing to multicast pings\n"));
 127:Middlewares/Third_Party/LwIP/src/core/ipv4/icmp.c ****         goto icmperr;
 128:Middlewares/Third_Party/LwIP/src/core/ipv4/icmp.c **** #endif /* LWIP_MULTICAST_PING */
 129:Middlewares/Third_Party/LwIP/src/core/ipv4/icmp.c ****       }
 130:Middlewares/Third_Party/LwIP/src/core/ipv4/icmp.c ****       /* broadcast destination address? */
 131:Middlewares/Third_Party/LwIP/src/core/ipv4/icmp.c ****       if (ip4_addr_isbroadcast(ip4_current_dest_addr(), ip_current_netif())) {
 132:Middlewares/Third_Party/LwIP/src/core/ipv4/icmp.c **** #if LWIP_BROADCAST_PING
 133:Middlewares/Third_Party/LwIP/src/core/ipv4/icmp.c ****         /* For broadcast, use address of receiving interface as source address */
 134:Middlewares/Third_Party/LwIP/src/core/ipv4/icmp.c ****         src = netif_ip4_addr(inp);
 135:Middlewares/Third_Party/LwIP/src/core/ipv4/icmp.c **** #else /* LWIP_BROADCAST_PING */
 136:Middlewares/Third_Party/LwIP/src/core/ipv4/icmp.c ****         LWIP_DEBUGF(ICMP_DEBUG, ("icmp_input: Not echoing to broadcast pings\n"));
 137:Middlewares/Third_Party/LwIP/src/core/ipv4/icmp.c ****         goto icmperr;
 138:Middlewares/Third_Party/LwIP/src/core/ipv4/icmp.c **** #endif /* LWIP_BROADCAST_PING */
 139:Middlewares/Third_Party/LwIP/src/core/ipv4/icmp.c ****       }
 140:Middlewares/Third_Party/LwIP/src/core/ipv4/icmp.c ****       LWIP_DEBUGF(ICMP_DEBUG, ("icmp_input: ping\n"));
 141:Middlewares/Third_Party/LwIP/src/core/ipv4/icmp.c ****       if (p->tot_len < sizeof(struct icmp_echo_hdr)) {
 142:Middlewares/Third_Party/LwIP/src/core/ipv4/icmp.c ****         LWIP_DEBUGF(ICMP_DEBUG, ("icmp_input: bad ICMP echo received\n"));
 143:Middlewares/Third_Party/LwIP/src/core/ipv4/icmp.c ****         goto lenerr;
 144:Middlewares/Third_Party/LwIP/src/core/ipv4/icmp.c ****       }
 145:Middlewares/Third_Party/LwIP/src/core/ipv4/icmp.c **** #if CHECKSUM_CHECK_ICMP
 146:Middlewares/Third_Party/LwIP/src/core/ipv4/icmp.c ****       IF__NETIF_CHECKSUM_ENABLED(inp, NETIF_CHECKSUM_CHECK_ICMP) {
 147:Middlewares/Third_Party/LwIP/src/core/ipv4/icmp.c ****         if (inet_chksum_pbuf(p) != 0) {
 148:Middlewares/Third_Party/LwIP/src/core/ipv4/icmp.c ****           LWIP_DEBUGF(ICMP_DEBUG, ("icmp_input: checksum failed for received ICMP echo\n"));
 149:Middlewares/Third_Party/LwIP/src/core/ipv4/icmp.c ****           pbuf_free(p);
 150:Middlewares/Third_Party/LwIP/src/core/ipv4/icmp.c ****           ICMP_STATS_INC(icmp.chkerr);
 151:Middlewares/Third_Party/LwIP/src/core/ipv4/icmp.c ****           MIB2_STATS_INC(mib2.icmpinerrors);
 152:Middlewares/Third_Party/LwIP/src/core/ipv4/icmp.c ****           return;
 153:Middlewares/Third_Party/LwIP/src/core/ipv4/icmp.c ****         }
 154:Middlewares/Third_Party/LwIP/src/core/ipv4/icmp.c ****       }
 155:Middlewares/Third_Party/LwIP/src/core/ipv4/icmp.c **** #endif
 156:Middlewares/Third_Party/LwIP/src/core/ipv4/icmp.c **** #if LWIP_ICMP_ECHO_CHECK_INPUT_PBUF_LEN
 157:Middlewares/Third_Party/LwIP/src/core/ipv4/icmp.c ****       if (pbuf_add_header(p, hlen + PBUF_LINK_HLEN + PBUF_LINK_ENCAPSULATION_HLEN)) {
 158:Middlewares/Third_Party/LwIP/src/core/ipv4/icmp.c ****         /* p is not big enough to contain link headers
 159:Middlewares/Third_Party/LwIP/src/core/ipv4/icmp.c ****          * allocate a new one and copy p into it
 160:Middlewares/Third_Party/LwIP/src/core/ipv4/icmp.c ****          */
 161:Middlewares/Third_Party/LwIP/src/core/ipv4/icmp.c ****         struct pbuf *r;
 162:Middlewares/Third_Party/LwIP/src/core/ipv4/icmp.c ****         u16_t alloc_len = (u16_t)(p->tot_len + hlen);
 163:Middlewares/Third_Party/LwIP/src/core/ipv4/icmp.c ****         if (alloc_len < p->tot_len) {
 164:Middlewares/Third_Party/LwIP/src/core/ipv4/icmp.c ****           LWIP_DEBUGF(ICMP_DEBUG, ("icmp_input: allocating new pbuf failed (tot_len overflow)\n"));
 165:Middlewares/Third_Party/LwIP/src/core/ipv4/icmp.c ****           goto icmperr;
 166:Middlewares/Third_Party/LwIP/src/core/ipv4/icmp.c ****         }
 167:Middlewares/Third_Party/LwIP/src/core/ipv4/icmp.c ****         /* allocate new packet buffer with space for link headers */
 168:Middlewares/Third_Party/LwIP/src/core/ipv4/icmp.c ****         r = pbuf_alloc(PBUF_LINK, alloc_len, PBUF_RAM);
 169:Middlewares/Third_Party/LwIP/src/core/ipv4/icmp.c ****         if (r == NULL) {
 170:Middlewares/Third_Party/LwIP/src/core/ipv4/icmp.c ****           LWIP_DEBUGF(ICMP_DEBUG, ("icmp_input: allocating new pbuf failed\n"));
 171:Middlewares/Third_Party/LwIP/src/core/ipv4/icmp.c ****           goto icmperr;
 172:Middlewares/Third_Party/LwIP/src/core/ipv4/icmp.c ****         }
 173:Middlewares/Third_Party/LwIP/src/core/ipv4/icmp.c ****         if (r->len < hlen + sizeof(struct icmp_echo_hdr)) {
 174:Middlewares/Third_Party/LwIP/src/core/ipv4/icmp.c ****           LWIP_DEBUGF(ICMP_DEBUG | LWIP_DBG_LEVEL_SERIOUS, ("first pbuf cannot hold the ICMP header
 175:Middlewares/Third_Party/LwIP/src/core/ipv4/icmp.c ****           pbuf_free(r);
 176:Middlewares/Third_Party/LwIP/src/core/ipv4/icmp.c ****           goto icmperr;
 177:Middlewares/Third_Party/LwIP/src/core/ipv4/icmp.c ****         }
 178:Middlewares/Third_Party/LwIP/src/core/ipv4/icmp.c ****         /* copy the ip header */
 179:Middlewares/Third_Party/LwIP/src/core/ipv4/icmp.c ****         MEMCPY(r->payload, iphdr_in, hlen);
ARM GAS  /tmp/cca9T2Zg.s 			page 5


 180:Middlewares/Third_Party/LwIP/src/core/ipv4/icmp.c ****         /* switch r->payload back to icmp header (cannot fail) */
 181:Middlewares/Third_Party/LwIP/src/core/ipv4/icmp.c ****         if (pbuf_remove_header(r, hlen)) {
 182:Middlewares/Third_Party/LwIP/src/core/ipv4/icmp.c ****           LWIP_ASSERT("icmp_input: moving r->payload to icmp header failed\n", 0);
 183:Middlewares/Third_Party/LwIP/src/core/ipv4/icmp.c ****           pbuf_free(r);
 184:Middlewares/Third_Party/LwIP/src/core/ipv4/icmp.c ****           goto icmperr;
 185:Middlewares/Third_Party/LwIP/src/core/ipv4/icmp.c ****         }
 186:Middlewares/Third_Party/LwIP/src/core/ipv4/icmp.c ****         /* copy the rest of the packet without ip header */
 187:Middlewares/Third_Party/LwIP/src/core/ipv4/icmp.c ****         if (pbuf_copy(r, p) != ERR_OK) {
 188:Middlewares/Third_Party/LwIP/src/core/ipv4/icmp.c ****           LWIP_DEBUGF(ICMP_DEBUG | LWIP_DBG_LEVEL_SERIOUS, ("icmp_input: copying to new pbuf failed
 189:Middlewares/Third_Party/LwIP/src/core/ipv4/icmp.c ****           pbuf_free(r);
 190:Middlewares/Third_Party/LwIP/src/core/ipv4/icmp.c ****           goto icmperr;
 191:Middlewares/Third_Party/LwIP/src/core/ipv4/icmp.c ****         }
 192:Middlewares/Third_Party/LwIP/src/core/ipv4/icmp.c ****         /* free the original p */
 193:Middlewares/Third_Party/LwIP/src/core/ipv4/icmp.c ****         pbuf_free(p);
 194:Middlewares/Third_Party/LwIP/src/core/ipv4/icmp.c ****         /* we now have an identical copy of p that has room for link headers */
 195:Middlewares/Third_Party/LwIP/src/core/ipv4/icmp.c ****         p = r;
 196:Middlewares/Third_Party/LwIP/src/core/ipv4/icmp.c ****       } else {
 197:Middlewares/Third_Party/LwIP/src/core/ipv4/icmp.c ****         /* restore p->payload to point to icmp header (cannot fail) */
 198:Middlewares/Third_Party/LwIP/src/core/ipv4/icmp.c ****         if (pbuf_remove_header(p, hlen + PBUF_LINK_HLEN + PBUF_LINK_ENCAPSULATION_HLEN)) {
 199:Middlewares/Third_Party/LwIP/src/core/ipv4/icmp.c ****           LWIP_ASSERT("icmp_input: restoring original p->payload failed\n", 0);
 200:Middlewares/Third_Party/LwIP/src/core/ipv4/icmp.c ****           goto icmperr;
 201:Middlewares/Third_Party/LwIP/src/core/ipv4/icmp.c ****         }
 202:Middlewares/Third_Party/LwIP/src/core/ipv4/icmp.c ****       }
 203:Middlewares/Third_Party/LwIP/src/core/ipv4/icmp.c **** #endif /* LWIP_ICMP_ECHO_CHECK_INPUT_PBUF_LEN */
 204:Middlewares/Third_Party/LwIP/src/core/ipv4/icmp.c ****       /* At this point, all checks are OK. */
 205:Middlewares/Third_Party/LwIP/src/core/ipv4/icmp.c ****       /* We generate an answer by switching the dest and src ip addresses,
 206:Middlewares/Third_Party/LwIP/src/core/ipv4/icmp.c ****        * setting the icmp type to ECHO_RESPONSE and updating the checksum. */
 207:Middlewares/Third_Party/LwIP/src/core/ipv4/icmp.c ****       iecho = (struct icmp_echo_hdr *)p->payload;
 208:Middlewares/Third_Party/LwIP/src/core/ipv4/icmp.c ****       if (pbuf_add_header(p, hlen)) {
 209:Middlewares/Third_Party/LwIP/src/core/ipv4/icmp.c ****         LWIP_DEBUGF(ICMP_DEBUG | LWIP_DBG_LEVEL_SERIOUS, ("Can't move over header in packet"));
 210:Middlewares/Third_Party/LwIP/src/core/ipv4/icmp.c ****       } else {
 211:Middlewares/Third_Party/LwIP/src/core/ipv4/icmp.c ****         err_t ret;
 212:Middlewares/Third_Party/LwIP/src/core/ipv4/icmp.c ****         struct ip_hdr *iphdr = (struct ip_hdr *)p->payload;
 213:Middlewares/Third_Party/LwIP/src/core/ipv4/icmp.c ****         ip4_addr_copy(iphdr->src, *src);
 214:Middlewares/Third_Party/LwIP/src/core/ipv4/icmp.c ****         ip4_addr_copy(iphdr->dest, *ip4_current_src_addr());
 215:Middlewares/Third_Party/LwIP/src/core/ipv4/icmp.c ****         ICMPH_TYPE_SET(iecho, ICMP_ER);
 216:Middlewares/Third_Party/LwIP/src/core/ipv4/icmp.c **** #if CHECKSUM_GEN_ICMP
 217:Middlewares/Third_Party/LwIP/src/core/ipv4/icmp.c ****         IF__NETIF_CHECKSUM_ENABLED(inp, NETIF_CHECKSUM_GEN_ICMP) {
 218:Middlewares/Third_Party/LwIP/src/core/ipv4/icmp.c ****           /* adjust the checksum */
 219:Middlewares/Third_Party/LwIP/src/core/ipv4/icmp.c ****           if (iecho->chksum > PP_HTONS(0xffffU - (ICMP_ECHO << 8))) {
 220:Middlewares/Third_Party/LwIP/src/core/ipv4/icmp.c ****             iecho->chksum = (u16_t)(iecho->chksum + PP_HTONS((u16_t)(ICMP_ECHO << 8)) + 1);
 221:Middlewares/Third_Party/LwIP/src/core/ipv4/icmp.c ****           } else {
 222:Middlewares/Third_Party/LwIP/src/core/ipv4/icmp.c ****             iecho->chksum = (u16_t)(iecho->chksum + PP_HTONS(ICMP_ECHO << 8));
 223:Middlewares/Third_Party/LwIP/src/core/ipv4/icmp.c ****           }
 224:Middlewares/Third_Party/LwIP/src/core/ipv4/icmp.c ****         }
 225:Middlewares/Third_Party/LwIP/src/core/ipv4/icmp.c **** #if LWIP_CHECKSUM_CTRL_PER_NETIF
 226:Middlewares/Third_Party/LwIP/src/core/ipv4/icmp.c ****         else {
 227:Middlewares/Third_Party/LwIP/src/core/ipv4/icmp.c ****           iecho->chksum = 0;
 228:Middlewares/Third_Party/LwIP/src/core/ipv4/icmp.c ****         }
 229:Middlewares/Third_Party/LwIP/src/core/ipv4/icmp.c **** #endif /* LWIP_CHECKSUM_CTRL_PER_NETIF */
 230:Middlewares/Third_Party/LwIP/src/core/ipv4/icmp.c **** #else /* CHECKSUM_GEN_ICMP */
 231:Middlewares/Third_Party/LwIP/src/core/ipv4/icmp.c ****         iecho->chksum = 0;
 232:Middlewares/Third_Party/LwIP/src/core/ipv4/icmp.c **** #endif /* CHECKSUM_GEN_ICMP */
 233:Middlewares/Third_Party/LwIP/src/core/ipv4/icmp.c **** 
 234:Middlewares/Third_Party/LwIP/src/core/ipv4/icmp.c ****         /* Set the correct TTL and recalculate the header checksum. */
 235:Middlewares/Third_Party/LwIP/src/core/ipv4/icmp.c ****         IPH_TTL_SET(iphdr, ICMP_TTL);
 236:Middlewares/Third_Party/LwIP/src/core/ipv4/icmp.c ****         IPH_CHKSUM_SET(iphdr, 0);
ARM GAS  /tmp/cca9T2Zg.s 			page 6


 237:Middlewares/Third_Party/LwIP/src/core/ipv4/icmp.c **** #if CHECKSUM_GEN_IP
 238:Middlewares/Third_Party/LwIP/src/core/ipv4/icmp.c ****         IF__NETIF_CHECKSUM_ENABLED(inp, NETIF_CHECKSUM_GEN_IP) {
 239:Middlewares/Third_Party/LwIP/src/core/ipv4/icmp.c ****           IPH_CHKSUM_SET(iphdr, inet_chksum(iphdr, hlen));
 240:Middlewares/Third_Party/LwIP/src/core/ipv4/icmp.c ****         }
 241:Middlewares/Third_Party/LwIP/src/core/ipv4/icmp.c **** #endif /* CHECKSUM_GEN_IP */
 242:Middlewares/Third_Party/LwIP/src/core/ipv4/icmp.c **** 
 243:Middlewares/Third_Party/LwIP/src/core/ipv4/icmp.c ****         ICMP_STATS_INC(icmp.xmit);
 244:Middlewares/Third_Party/LwIP/src/core/ipv4/icmp.c ****         /* increase number of messages attempted to send */
 245:Middlewares/Third_Party/LwIP/src/core/ipv4/icmp.c ****         MIB2_STATS_INC(mib2.icmpoutmsgs);
 246:Middlewares/Third_Party/LwIP/src/core/ipv4/icmp.c ****         /* increase number of echo replies attempted to send */
 247:Middlewares/Third_Party/LwIP/src/core/ipv4/icmp.c ****         MIB2_STATS_INC(mib2.icmpoutechoreps);
 248:Middlewares/Third_Party/LwIP/src/core/ipv4/icmp.c **** 
 249:Middlewares/Third_Party/LwIP/src/core/ipv4/icmp.c ****         /* send an ICMP packet */
 250:Middlewares/Third_Party/LwIP/src/core/ipv4/icmp.c ****         ret = ip4_output_if(p, src, LWIP_IP_HDRINCL,
 251:Middlewares/Third_Party/LwIP/src/core/ipv4/icmp.c ****                             ICMP_TTL, 0, IP_PROTO_ICMP, inp);
 252:Middlewares/Third_Party/LwIP/src/core/ipv4/icmp.c ****         if (ret != ERR_OK) {
 253:Middlewares/Third_Party/LwIP/src/core/ipv4/icmp.c ****           LWIP_DEBUGF(ICMP_DEBUG, ("icmp_input: ip_output_if returned an error: %s\n", lwip_strerr(
 254:Middlewares/Third_Party/LwIP/src/core/ipv4/icmp.c ****         }
 255:Middlewares/Third_Party/LwIP/src/core/ipv4/icmp.c ****       }
 256:Middlewares/Third_Party/LwIP/src/core/ipv4/icmp.c ****       break;
 257:Middlewares/Third_Party/LwIP/src/core/ipv4/icmp.c ****     default:
 258:Middlewares/Third_Party/LwIP/src/core/ipv4/icmp.c ****       if (type == ICMP_DUR) {
 259:Middlewares/Third_Party/LwIP/src/core/ipv4/icmp.c ****         MIB2_STATS_INC(mib2.icmpindestunreachs);
 260:Middlewares/Third_Party/LwIP/src/core/ipv4/icmp.c ****       } else if (type == ICMP_TE) {
 261:Middlewares/Third_Party/LwIP/src/core/ipv4/icmp.c ****         MIB2_STATS_INC(mib2.icmpintimeexcds);
 262:Middlewares/Third_Party/LwIP/src/core/ipv4/icmp.c ****       } else if (type == ICMP_PP) {
 263:Middlewares/Third_Party/LwIP/src/core/ipv4/icmp.c ****         MIB2_STATS_INC(mib2.icmpinparmprobs);
 264:Middlewares/Third_Party/LwIP/src/core/ipv4/icmp.c ****       } else if (type == ICMP_SQ) {
 265:Middlewares/Third_Party/LwIP/src/core/ipv4/icmp.c ****         MIB2_STATS_INC(mib2.icmpinsrcquenchs);
 266:Middlewares/Third_Party/LwIP/src/core/ipv4/icmp.c ****       } else if (type == ICMP_RD) {
 267:Middlewares/Third_Party/LwIP/src/core/ipv4/icmp.c ****         MIB2_STATS_INC(mib2.icmpinredirects);
 268:Middlewares/Third_Party/LwIP/src/core/ipv4/icmp.c ****       } else if (type == ICMP_TS) {
 269:Middlewares/Third_Party/LwIP/src/core/ipv4/icmp.c ****         MIB2_STATS_INC(mib2.icmpintimestamps);
 270:Middlewares/Third_Party/LwIP/src/core/ipv4/icmp.c ****       } else if (type == ICMP_TSR) {
 271:Middlewares/Third_Party/LwIP/src/core/ipv4/icmp.c ****         MIB2_STATS_INC(mib2.icmpintimestampreps);
 272:Middlewares/Third_Party/LwIP/src/core/ipv4/icmp.c ****       } else if (type == ICMP_AM) {
 273:Middlewares/Third_Party/LwIP/src/core/ipv4/icmp.c ****         MIB2_STATS_INC(mib2.icmpinaddrmasks);
 274:Middlewares/Third_Party/LwIP/src/core/ipv4/icmp.c ****       } else if (type == ICMP_AMR) {
 275:Middlewares/Third_Party/LwIP/src/core/ipv4/icmp.c ****         MIB2_STATS_INC(mib2.icmpinaddrmaskreps);
 276:Middlewares/Third_Party/LwIP/src/core/ipv4/icmp.c ****       }
 277:Middlewares/Third_Party/LwIP/src/core/ipv4/icmp.c ****       LWIP_DEBUGF(ICMP_DEBUG, ("icmp_input: ICMP type %"S16_F" code %"S16_F" not supported.\n",
 278:Middlewares/Third_Party/LwIP/src/core/ipv4/icmp.c ****                                (s16_t)type, (s16_t)code));
 279:Middlewares/Third_Party/LwIP/src/core/ipv4/icmp.c ****       ICMP_STATS_INC(icmp.proterr);
 280:Middlewares/Third_Party/LwIP/src/core/ipv4/icmp.c ****       ICMP_STATS_INC(icmp.drop);
 281:Middlewares/Third_Party/LwIP/src/core/ipv4/icmp.c ****   }
 282:Middlewares/Third_Party/LwIP/src/core/ipv4/icmp.c ****   pbuf_free(p);
 283:Middlewares/Third_Party/LwIP/src/core/ipv4/icmp.c ****   return;
 284:Middlewares/Third_Party/LwIP/src/core/ipv4/icmp.c **** lenerr:
 285:Middlewares/Third_Party/LwIP/src/core/ipv4/icmp.c ****   pbuf_free(p);
 286:Middlewares/Third_Party/LwIP/src/core/ipv4/icmp.c ****   ICMP_STATS_INC(icmp.lenerr);
 287:Middlewares/Third_Party/LwIP/src/core/ipv4/icmp.c ****   MIB2_STATS_INC(mib2.icmpinerrors);
 288:Middlewares/Third_Party/LwIP/src/core/ipv4/icmp.c ****   return;
 289:Middlewares/Third_Party/LwIP/src/core/ipv4/icmp.c **** #if LWIP_ICMP_ECHO_CHECK_INPUT_PBUF_LEN || !LWIP_MULTICAST_PING || !LWIP_BROADCAST_PING
 290:Middlewares/Third_Party/LwIP/src/core/ipv4/icmp.c **** icmperr:
 291:Middlewares/Third_Party/LwIP/src/core/ipv4/icmp.c ****   pbuf_free(p);
 292:Middlewares/Third_Party/LwIP/src/core/ipv4/icmp.c ****   ICMP_STATS_INC(icmp.err);
 293:Middlewares/Third_Party/LwIP/src/core/ipv4/icmp.c ****   MIB2_STATS_INC(mib2.icmpinerrors);
ARM GAS  /tmp/cca9T2Zg.s 			page 7


 294:Middlewares/Third_Party/LwIP/src/core/ipv4/icmp.c ****   return;
 295:Middlewares/Third_Party/LwIP/src/core/ipv4/icmp.c **** #endif /* LWIP_ICMP_ECHO_CHECK_INPUT_PBUF_LEN || !LWIP_MULTICAST_PING || !LWIP_BROADCAST_PING */
 296:Middlewares/Third_Party/LwIP/src/core/ipv4/icmp.c **** }
 297:Middlewares/Third_Party/LwIP/src/core/ipv4/icmp.c **** 
 298:Middlewares/Third_Party/LwIP/src/core/ipv4/icmp.c **** /**
 299:Middlewares/Third_Party/LwIP/src/core/ipv4/icmp.c ****  * Send an icmp 'destination unreachable' packet, called from ip_input() if
 300:Middlewares/Third_Party/LwIP/src/core/ipv4/icmp.c ****  * the transport layer protocol is unknown and from udp_input() if the local
 301:Middlewares/Third_Party/LwIP/src/core/ipv4/icmp.c ****  * port is not bound.
 302:Middlewares/Third_Party/LwIP/src/core/ipv4/icmp.c ****  *
 303:Middlewares/Third_Party/LwIP/src/core/ipv4/icmp.c ****  * @param p the input packet for which the 'unreachable' should be sent,
 304:Middlewares/Third_Party/LwIP/src/core/ipv4/icmp.c ****  *          p->payload pointing to the IP header
 305:Middlewares/Third_Party/LwIP/src/core/ipv4/icmp.c ****  * @param t type of the 'unreachable' packet
 306:Middlewares/Third_Party/LwIP/src/core/ipv4/icmp.c ****  */
 307:Middlewares/Third_Party/LwIP/src/core/ipv4/icmp.c **** void
 308:Middlewares/Third_Party/LwIP/src/core/ipv4/icmp.c **** icmp_dest_unreach(struct pbuf *p, enum icmp_dur_type t)
 309:Middlewares/Third_Party/LwIP/src/core/ipv4/icmp.c **** {
 310:Middlewares/Third_Party/LwIP/src/core/ipv4/icmp.c ****   MIB2_STATS_INC(mib2.icmpoutdestunreachs);
 311:Middlewares/Third_Party/LwIP/src/core/ipv4/icmp.c ****   icmp_send_response(p, ICMP_DUR, t);
 312:Middlewares/Third_Party/LwIP/src/core/ipv4/icmp.c **** }
 313:Middlewares/Third_Party/LwIP/src/core/ipv4/icmp.c **** 
 314:Middlewares/Third_Party/LwIP/src/core/ipv4/icmp.c **** #if IP_FORWARD || IP_REASSEMBLY
 315:Middlewares/Third_Party/LwIP/src/core/ipv4/icmp.c **** /**
 316:Middlewares/Third_Party/LwIP/src/core/ipv4/icmp.c ****  * Send a 'time exceeded' packet, called from ip_forward() if TTL is 0.
 317:Middlewares/Third_Party/LwIP/src/core/ipv4/icmp.c ****  *
 318:Middlewares/Third_Party/LwIP/src/core/ipv4/icmp.c ****  * @param p the input packet for which the 'time exceeded' should be sent,
 319:Middlewares/Third_Party/LwIP/src/core/ipv4/icmp.c ****  *          p->payload pointing to the IP header
 320:Middlewares/Third_Party/LwIP/src/core/ipv4/icmp.c ****  * @param t type of the 'time exceeded' packet
 321:Middlewares/Third_Party/LwIP/src/core/ipv4/icmp.c ****  */
 322:Middlewares/Third_Party/LwIP/src/core/ipv4/icmp.c **** void
 323:Middlewares/Third_Party/LwIP/src/core/ipv4/icmp.c **** icmp_time_exceeded(struct pbuf *p, enum icmp_te_type t)
 324:Middlewares/Third_Party/LwIP/src/core/ipv4/icmp.c **** {
 325:Middlewares/Third_Party/LwIP/src/core/ipv4/icmp.c ****   MIB2_STATS_INC(mib2.icmpouttimeexcds);
 326:Middlewares/Third_Party/LwIP/src/core/ipv4/icmp.c ****   icmp_send_response(p, ICMP_TE, t);
 327:Middlewares/Third_Party/LwIP/src/core/ipv4/icmp.c **** }
 328:Middlewares/Third_Party/LwIP/src/core/ipv4/icmp.c **** 
 329:Middlewares/Third_Party/LwIP/src/core/ipv4/icmp.c **** #endif /* IP_FORWARD || IP_REASSEMBLY */
 330:Middlewares/Third_Party/LwIP/src/core/ipv4/icmp.c **** 
 331:Middlewares/Third_Party/LwIP/src/core/ipv4/icmp.c **** /**
 332:Middlewares/Third_Party/LwIP/src/core/ipv4/icmp.c ****  * Send an icmp packet in response to an incoming packet.
 333:Middlewares/Third_Party/LwIP/src/core/ipv4/icmp.c ****  *
 334:Middlewares/Third_Party/LwIP/src/core/ipv4/icmp.c ****  * @param p the input packet for which the 'unreachable' should be sent,
 335:Middlewares/Third_Party/LwIP/src/core/ipv4/icmp.c ****  *          p->payload pointing to the IP header
 336:Middlewares/Third_Party/LwIP/src/core/ipv4/icmp.c ****  * @param type Type of the ICMP header
 337:Middlewares/Third_Party/LwIP/src/core/ipv4/icmp.c ****  * @param code Code of the ICMP header
 338:Middlewares/Third_Party/LwIP/src/core/ipv4/icmp.c ****  */
 339:Middlewares/Third_Party/LwIP/src/core/ipv4/icmp.c **** static void
 340:Middlewares/Third_Party/LwIP/src/core/ipv4/icmp.c **** icmp_send_response(struct pbuf *p, u8_t type, u8_t code)
 341:Middlewares/Third_Party/LwIP/src/core/ipv4/icmp.c **** {
  39              		.loc 1 341 1 view -0
  40              		.cfi_startproc
  41              		@ args = 0, pretend = 0, frame = 8
  42              		@ frame_needed = 0, uses_anonymous_args = 0
  43              		.loc 1 341 1 is_stmt 0 view .LVU1
  44 0000 2DE9F041 		push	{r4, r5, r6, r7, r8, lr}
  45              	.LCFI0:
  46              		.cfi_def_cfa_offset 24
  47              		.cfi_offset 4, -24
ARM GAS  /tmp/cca9T2Zg.s 			page 8


  48              		.cfi_offset 5, -20
  49              		.cfi_offset 6, -16
  50              		.cfi_offset 7, -12
  51              		.cfi_offset 8, -8
  52              		.cfi_offset 14, -4
  53 0004 86B0     		sub	sp, sp, #24
  54              	.LCFI1:
  55              		.cfi_def_cfa_offset 48
  56 0006 0646     		mov	r6, r0
  57 0008 8846     		mov	r8, r1
  58 000a 1746     		mov	r7, r2
 342:Middlewares/Third_Party/LwIP/src/core/ipv4/icmp.c ****   struct pbuf *q;
  59              		.loc 1 342 3 is_stmt 1 view .LVU2
 343:Middlewares/Third_Party/LwIP/src/core/ipv4/icmp.c ****   struct ip_hdr *iphdr;
  60              		.loc 1 343 3 view .LVU3
 344:Middlewares/Third_Party/LwIP/src/core/ipv4/icmp.c ****   /* we can use the echo header here */
 345:Middlewares/Third_Party/LwIP/src/core/ipv4/icmp.c ****   struct icmp_echo_hdr *icmphdr;
  61              		.loc 1 345 3 view .LVU4
 346:Middlewares/Third_Party/LwIP/src/core/ipv4/icmp.c ****   ip4_addr_t iphdr_src;
  62              		.loc 1 346 3 view .LVU5
 347:Middlewares/Third_Party/LwIP/src/core/ipv4/icmp.c ****   struct netif *netif;
  63              		.loc 1 347 3 view .LVU6
 348:Middlewares/Third_Party/LwIP/src/core/ipv4/icmp.c **** 
 349:Middlewares/Third_Party/LwIP/src/core/ipv4/icmp.c ****   /* increase number of messages attempted to send */
 350:Middlewares/Third_Party/LwIP/src/core/ipv4/icmp.c ****   MIB2_STATS_INC(mib2.icmpoutmsgs);
  64              		.loc 1 350 35 view .LVU7
 351:Middlewares/Third_Party/LwIP/src/core/ipv4/icmp.c **** 
 352:Middlewares/Third_Party/LwIP/src/core/ipv4/icmp.c ****   /* ICMP header + IP header + 8 bytes of data */
 353:Middlewares/Third_Party/LwIP/src/core/ipv4/icmp.c ****   q = pbuf_alloc(PBUF_IP, sizeof(struct icmp_echo_hdr) + IP_HLEN + ICMP_DEST_UNREACH_DATASIZE,
  65              		.loc 1 353 3 view .LVU8
  66              		.loc 1 353 7 is_stmt 0 view .LVU9
  67 000c 4FF42072 		mov	r2, #640
  68              	.LVL1:
  69              		.loc 1 353 7 view .LVU10
  70 0010 2421     		movs	r1, #36
  71              	.LVL2:
  72              		.loc 1 353 7 view .LVU11
  73 0012 2220     		movs	r0, #34
  74              	.LVL3:
  75              		.loc 1 353 7 view .LVU12
  76 0014 FFF7FEFF 		bl	pbuf_alloc
  77              	.LVL4:
 354:Middlewares/Third_Party/LwIP/src/core/ipv4/icmp.c ****                  PBUF_RAM);
 355:Middlewares/Third_Party/LwIP/src/core/ipv4/icmp.c ****   if (q == NULL) {
  78              		.loc 1 355 3 is_stmt 1 view .LVU13
  79              		.loc 1 355 6 is_stmt 0 view .LVU14
  80 0018 A0B3     		cbz	r0, .L1
  81 001a 0546     		mov	r5, r0
 356:Middlewares/Third_Party/LwIP/src/core/ipv4/icmp.c ****     LWIP_DEBUGF(ICMP_DEBUG, ("icmp_time_exceeded: failed to allocate pbuf for ICMP packet.\n"));
 357:Middlewares/Third_Party/LwIP/src/core/ipv4/icmp.c ****     MIB2_STATS_INC(mib2.icmpouterrors);
 358:Middlewares/Third_Party/LwIP/src/core/ipv4/icmp.c ****     return;
 359:Middlewares/Third_Party/LwIP/src/core/ipv4/icmp.c ****   }
 360:Middlewares/Third_Party/LwIP/src/core/ipv4/icmp.c ****   LWIP_ASSERT("check that first pbuf can hold icmp message",
  82              		.loc 1 360 3 is_stmt 1 view .LVU15
  83              		.loc 1 360 3 view .LVU16
  84 001c 4389     		ldrh	r3, [r0, #10]
  85 001e 232B     		cmp	r3, #35
ARM GAS  /tmp/cca9T2Zg.s 			page 9


  86 0020 33D9     		bls	.L7
  87              	.LVL5:
  88              	.L4:
  89              		.loc 1 360 3 discriminator 3 view .LVU17
  90              		.loc 1 360 3 discriminator 3 view .LVU18
 361:Middlewares/Third_Party/LwIP/src/core/ipv4/icmp.c ****               (q->len >= (sizeof(struct icmp_echo_hdr) + IP_HLEN + ICMP_DEST_UNREACH_DATASIZE)));
 362:Middlewares/Third_Party/LwIP/src/core/ipv4/icmp.c **** 
 363:Middlewares/Third_Party/LwIP/src/core/ipv4/icmp.c ****   iphdr = (struct ip_hdr *)p->payload;
  91              		.loc 1 363 3 discriminator 3 view .LVU19
  92              		.loc 1 363 9 is_stmt 0 discriminator 3 view .LVU20
  93 0022 D6F804C0 		ldr	ip, [r6, #4]
  94              	.LVL6:
 364:Middlewares/Third_Party/LwIP/src/core/ipv4/icmp.c ****   LWIP_DEBUGF(ICMP_DEBUG, ("icmp_time_exceeded from "));
  95              		.loc 1 364 3 is_stmt 1 discriminator 3 view .LVU21
  96              		.loc 1 364 3 discriminator 3 view .LVU22
  97              		.loc 1 364 3 discriminator 3 view .LVU23
 365:Middlewares/Third_Party/LwIP/src/core/ipv4/icmp.c ****   ip4_addr_debug_print_val(ICMP_DEBUG, iphdr->src);
  98              		.loc 1 365 3 discriminator 3 view .LVU24
  99              		.loc 1 365 3 discriminator 3 view .LVU25
 100              		.loc 1 365 3 discriminator 3 view .LVU26
 366:Middlewares/Third_Party/LwIP/src/core/ipv4/icmp.c ****   LWIP_DEBUGF(ICMP_DEBUG, (" to "));
 101              		.loc 1 366 3 discriminator 3 view .LVU27
 102              		.loc 1 366 3 discriminator 3 view .LVU28
 103              		.loc 1 366 3 discriminator 3 view .LVU29
 367:Middlewares/Third_Party/LwIP/src/core/ipv4/icmp.c ****   ip4_addr_debug_print_val(ICMP_DEBUG, iphdr->dest);
 104              		.loc 1 367 3 discriminator 3 view .LVU30
 105              		.loc 1 367 3 discriminator 3 view .LVU31
 106              		.loc 1 367 3 discriminator 3 view .LVU32
 368:Middlewares/Third_Party/LwIP/src/core/ipv4/icmp.c ****   LWIP_DEBUGF(ICMP_DEBUG, ("\n"));
 107              		.loc 1 368 3 discriminator 3 view .LVU33
 108              		.loc 1 368 3 discriminator 3 view .LVU34
 109              		.loc 1 368 3 discriminator 3 view .LVU35
 369:Middlewares/Third_Party/LwIP/src/core/ipv4/icmp.c **** 
 370:Middlewares/Third_Party/LwIP/src/core/ipv4/icmp.c ****   icmphdr = (struct icmp_echo_hdr *)q->payload;
 110              		.loc 1 370 3 discriminator 3 view .LVU36
 111              		.loc 1 370 11 is_stmt 0 discriminator 3 view .LVU37
 112 0026 6C68     		ldr	r4, [r5, #4]
 113              	.LVL7:
 371:Middlewares/Third_Party/LwIP/src/core/ipv4/icmp.c ****   icmphdr->type = type;
 114              		.loc 1 371 3 is_stmt 1 discriminator 3 view .LVU38
 115              		.loc 1 371 17 is_stmt 0 discriminator 3 view .LVU39
 116 0028 84F80080 		strb	r8, [r4]
 372:Middlewares/Third_Party/LwIP/src/core/ipv4/icmp.c ****   icmphdr->code = code;
 117              		.loc 1 372 3 is_stmt 1 discriminator 3 view .LVU40
 118              		.loc 1 372 17 is_stmt 0 discriminator 3 view .LVU41
 119 002c 6770     		strb	r7, [r4, #1]
 373:Middlewares/Third_Party/LwIP/src/core/ipv4/icmp.c ****   icmphdr->id = 0;
 120              		.loc 1 373 3 is_stmt 1 discriminator 3 view .LVU42
 121              		.loc 1 373 15 is_stmt 0 discriminator 3 view .LVU43
 122 002e 0023     		movs	r3, #0
 123 0030 2371     		strb	r3, [r4, #4]
 124 0032 6371     		strb	r3, [r4, #5]
 374:Middlewares/Third_Party/LwIP/src/core/ipv4/icmp.c ****   icmphdr->seqno = 0;
 125              		.loc 1 374 3 is_stmt 1 discriminator 3 view .LVU44
 126              		.loc 1 374 18 is_stmt 0 discriminator 3 view .LVU45
 127 0034 A371     		strb	r3, [r4, #6]
 128 0036 E371     		strb	r3, [r4, #7]
ARM GAS  /tmp/cca9T2Zg.s 			page 10


 375:Middlewares/Third_Party/LwIP/src/core/ipv4/icmp.c **** 
 376:Middlewares/Third_Party/LwIP/src/core/ipv4/icmp.c ****   /* copy fields from original packet */
 377:Middlewares/Third_Party/LwIP/src/core/ipv4/icmp.c ****   SMEMCPY((u8_t *)q->payload + sizeof(struct icmp_echo_hdr), (u8_t *)p->payload,
 129              		.loc 1 377 3 is_stmt 1 discriminator 3 view .LVU46
 130 0038 6B68     		ldr	r3, [r5, #4]
 131 003a 7268     		ldr	r2, [r6, #4]
 132 003c 1668     		ldr	r6, [r2]	@ unaligned
 133              	.LVL8:
 134              		.loc 1 377 3 is_stmt 0 discriminator 3 view .LVU47
 135 003e 5068     		ldr	r0, [r2, #4]	@ unaligned
 136 0040 9168     		ldr	r1, [r2, #8]	@ unaligned
 137 0042 D768     		ldr	r7, [r2, #12]	@ unaligned
 138 0044 9E60     		str	r6, [r3, #8]	@ unaligned
 139 0046 D860     		str	r0, [r3, #12]	@ unaligned
 140 0048 1961     		str	r1, [r3, #16]	@ unaligned
 141 004a 5F61     		str	r7, [r3, #20]	@ unaligned
 142 004c 1669     		ldr	r6, [r2, #16]	@ unaligned
 143 004e 5069     		ldr	r0, [r2, #20]	@ unaligned
 144 0050 9169     		ldr	r1, [r2, #24]	@ unaligned
 145 0052 9E61     		str	r6, [r3, #24]	@ unaligned
 146 0054 D861     		str	r0, [r3, #28]	@ unaligned
 147 0056 1962     		str	r1, [r3, #32]	@ unaligned
 378:Middlewares/Third_Party/LwIP/src/core/ipv4/icmp.c ****           IP_HLEN + ICMP_DEST_UNREACH_DATASIZE);
 379:Middlewares/Third_Party/LwIP/src/core/ipv4/icmp.c **** 
 380:Middlewares/Third_Party/LwIP/src/core/ipv4/icmp.c ****   ip4_addr_copy(iphdr_src, iphdr->src);
 148              		.loc 1 380 3 is_stmt 1 discriminator 3 view .LVU48
 149 0058 DCF80C30 		ldr	r3, [ip, #12]	@ unaligned
 150 005c 0593     		str	r3, [sp, #20]
 381:Middlewares/Third_Party/LwIP/src/core/ipv4/icmp.c **** #ifdef LWIP_HOOK_IP4_ROUTE_SRC
 382:Middlewares/Third_Party/LwIP/src/core/ipv4/icmp.c ****   {
 383:Middlewares/Third_Party/LwIP/src/core/ipv4/icmp.c ****     ip4_addr_t iphdr_dst;
 384:Middlewares/Third_Party/LwIP/src/core/ipv4/icmp.c ****     ip4_addr_copy(iphdr_dst, iphdr->dest);
 385:Middlewares/Third_Party/LwIP/src/core/ipv4/icmp.c ****     netif = ip4_route_src(&iphdr_dst, &iphdr_src);
 386:Middlewares/Third_Party/LwIP/src/core/ipv4/icmp.c ****   }
 387:Middlewares/Third_Party/LwIP/src/core/ipv4/icmp.c **** #else
 388:Middlewares/Third_Party/LwIP/src/core/ipv4/icmp.c ****   netif = ip4_route(&iphdr_src);
 151              		.loc 1 388 3 discriminator 3 view .LVU49
 152              		.loc 1 388 11 is_stmt 0 discriminator 3 view .LVU50
 153 005e 05A8     		add	r0, sp, #20
 154 0060 FFF7FEFF 		bl	ip4_route
 155              	.LVL9:
 389:Middlewares/Third_Party/LwIP/src/core/ipv4/icmp.c **** #endif
 390:Middlewares/Third_Party/LwIP/src/core/ipv4/icmp.c ****   if (netif != NULL) {
 156              		.loc 1 390 3 is_stmt 1 discriminator 3 view .LVU51
 157              		.loc 1 390 6 is_stmt 0 discriminator 3 view .LVU52
 158 0064 58B1     		cbz	r0, .L5
 391:Middlewares/Third_Party/LwIP/src/core/ipv4/icmp.c ****     /* calculate checksum */
 392:Middlewares/Third_Party/LwIP/src/core/ipv4/icmp.c ****     icmphdr->chksum = 0;
 159              		.loc 1 392 5 is_stmt 1 view .LVU53
 160              		.loc 1 392 21 is_stmt 0 view .LVU54
 161 0066 0021     		movs	r1, #0
 162 0068 A170     		strb	r1, [r4, #2]
 163 006a E170     		strb	r1, [r4, #3]
 393:Middlewares/Third_Party/LwIP/src/core/ipv4/icmp.c **** #if CHECKSUM_GEN_ICMP
 394:Middlewares/Third_Party/LwIP/src/core/ipv4/icmp.c ****     IF__NETIF_CHECKSUM_ENABLED(netif, NETIF_CHECKSUM_GEN_ICMP) {
 395:Middlewares/Third_Party/LwIP/src/core/ipv4/icmp.c ****       icmphdr->chksum = inet_chksum(icmphdr, q->len);
 396:Middlewares/Third_Party/LwIP/src/core/ipv4/icmp.c ****     }
ARM GAS  /tmp/cca9T2Zg.s 			page 11


 397:Middlewares/Third_Party/LwIP/src/core/ipv4/icmp.c **** #endif
 398:Middlewares/Third_Party/LwIP/src/core/ipv4/icmp.c ****     ICMP_STATS_INC(icmp.xmit);
 164              		.loc 1 398 30 is_stmt 1 view .LVU55
 399:Middlewares/Third_Party/LwIP/src/core/ipv4/icmp.c ****     ip4_output_if(q, NULL, &iphdr_src, ICMP_TTL, 0, IP_PROTO_ICMP, netif);
 165              		.loc 1 399 5 view .LVU56
 166 006c 0290     		str	r0, [sp, #8]
 167 006e 0123     		movs	r3, #1
 168 0070 0193     		str	r3, [sp, #4]
 169 0072 0091     		str	r1, [sp]
 170 0074 FF23     		movs	r3, #255
 171 0076 05AA     		add	r2, sp, #20
 172 0078 2846     		mov	r0, r5
 173              	.LVL10:
 174              		.loc 1 399 5 is_stmt 0 view .LVU57
 175 007a FFF7FEFF 		bl	ip4_output_if
 176              	.LVL11:
 177              	.L5:
 400:Middlewares/Third_Party/LwIP/src/core/ipv4/icmp.c ****   }
 401:Middlewares/Third_Party/LwIP/src/core/ipv4/icmp.c ****   pbuf_free(q);
 178              		.loc 1 401 3 is_stmt 1 view .LVU58
 179 007e 2846     		mov	r0, r5
 180 0080 FFF7FEFF 		bl	pbuf_free
 181              	.LVL12:
 182              	.L1:
 402:Middlewares/Third_Party/LwIP/src/core/ipv4/icmp.c **** }
 183              		.loc 1 402 1 is_stmt 0 view .LVU59
 184 0084 06B0     		add	sp, sp, #24
 185              	.LCFI2:
 186              		.cfi_remember_state
 187              		.cfi_def_cfa_offset 24
 188              		@ sp needed
 189 0086 BDE8F081 		pop	{r4, r5, r6, r7, r8, pc}
 190              	.LVL13:
 191              	.L7:
 192              	.LCFI3:
 193              		.cfi_restore_state
 360:Middlewares/Third_Party/LwIP/src/core/ipv4/icmp.c ****               (q->len >= (sizeof(struct icmp_echo_hdr) + IP_HLEN + ICMP_DEST_UNREACH_DATASIZE)));
 194              		.loc 1 360 3 is_stmt 1 discriminator 1 view .LVU60
 360:Middlewares/Third_Party/LwIP/src/core/ipv4/icmp.c ****               (q->len >= (sizeof(struct icmp_echo_hdr) + IP_HLEN + ICMP_DEST_UNREACH_DATASIZE)));
 195              		.loc 1 360 3 discriminator 1 view .LVU61
 196 008a 044B     		ldr	r3, .L8
 197 008c 4FF4B472 		mov	r2, #360
 198 0090 0349     		ldr	r1, .L8+4
 199 0092 0448     		ldr	r0, .L8+8
 200              	.LVL14:
 360:Middlewares/Third_Party/LwIP/src/core/ipv4/icmp.c ****               (q->len >= (sizeof(struct icmp_echo_hdr) + IP_HLEN + ICMP_DEST_UNREACH_DATASIZE)));
 201              		.loc 1 360 3 is_stmt 0 discriminator 1 view .LVU62
 202 0094 FFF7FEFF 		bl	printf
 203              	.LVL15:
 204 0098 C3E7     		b	.L4
 205              	.L9:
 206 009a 00BF     		.align	2
 207              	.L8:
 208 009c 00000000 		.word	.LC0
 209 00a0 34000000 		.word	.LC1
 210 00a4 60000000 		.word	.LC2
 211              		.cfi_endproc
ARM GAS  /tmp/cca9T2Zg.s 			page 12


 212              	.LFE162:
 214              		.section	.rodata.icmp_input.str1.4,"aMS",%progbits,1
 215              		.align	2
 216              	.LC3:
 217 0000 69636D70 		.ascii	"icmp_input: moving r->payload to icmp header failed"
 217      5F696E70 
 217      75743A20 
 217      6D6F7669 
 217      6E672072 
 218 0033 0A00     		.ascii	"\012\000"
 219 0035 000000   		.align	2
 220              	.LC4:
 221 0038 69636D70 		.ascii	"icmp_input: restoring original p->payload failed\012"
 221      5F696E70 
 221      75743A20 
 221      72657374 
 221      6F72696E 
 222 0069 00       		.ascii	"\000"
 223              		.section	.text.icmp_input,"ax",%progbits
 224              		.align	1
 225              		.global	icmp_input
 226              		.syntax unified
 227              		.thumb
 228              		.thumb_func
 229              		.fpu fpv4-sp-d16
 231              	icmp_input:
 232              	.LVL16:
 233              	.LFB159:
  81:Middlewares/Third_Party/LwIP/src/core/ipv4/icmp.c ****   u8_t type;
 234              		.loc 1 81 1 is_stmt 1 view -0
 235              		.cfi_startproc
 236              		@ args = 0, pretend = 0, frame = 0
 237              		@ frame_needed = 0, uses_anonymous_args = 0
  81:Middlewares/Third_Party/LwIP/src/core/ipv4/icmp.c ****   u8_t type;
 238              		.loc 1 81 1 is_stmt 0 view .LVU64
 239 0000 2DE9F043 		push	{r4, r5, r6, r7, r8, r9, lr}
 240              	.LCFI4:
 241              		.cfi_def_cfa_offset 28
 242              		.cfi_offset 4, -28
 243              		.cfi_offset 5, -24
 244              		.cfi_offset 6, -20
 245              		.cfi_offset 7, -16
 246              		.cfi_offset 8, -12
 247              		.cfi_offset 9, -8
 248              		.cfi_offset 14, -4
 249 0004 85B0     		sub	sp, sp, #20
 250              	.LCFI5:
 251              		.cfi_def_cfa_offset 48
 252 0006 0546     		mov	r5, r0
  82:Middlewares/Third_Party/LwIP/src/core/ipv4/icmp.c **** #ifdef LWIP_DEBUG
 253              		.loc 1 82 3 is_stmt 1 view .LVU65
  84:Middlewares/Third_Party/LwIP/src/core/ipv4/icmp.c **** #endif /* LWIP_DEBUG */
 254              		.loc 1 84 3 view .LVU66
  86:Middlewares/Third_Party/LwIP/src/core/ipv4/icmp.c ****   const struct ip_hdr *iphdr_in;
 255              		.loc 1 86 3 view .LVU67
  87:Middlewares/Third_Party/LwIP/src/core/ipv4/icmp.c ****   u16_t hlen;
 256              		.loc 1 87 3 view .LVU68
ARM GAS  /tmp/cca9T2Zg.s 			page 13


  88:Middlewares/Third_Party/LwIP/src/core/ipv4/icmp.c ****   const ip4_addr_t *src;
 257              		.loc 1 88 3 view .LVU69
  89:Middlewares/Third_Party/LwIP/src/core/ipv4/icmp.c **** 
 258              		.loc 1 89 3 view .LVU70
  91:Middlewares/Third_Party/LwIP/src/core/ipv4/icmp.c ****   MIB2_STATS_INC(mib2.icmpinmsgs);
 259              		.loc 1 91 28 view .LVU71
  92:Middlewares/Third_Party/LwIP/src/core/ipv4/icmp.c **** 
 260              		.loc 1 92 34 view .LVU72
  94:Middlewares/Third_Party/LwIP/src/core/ipv4/icmp.c ****   hlen = IPH_HL_BYTES(iphdr_in);
 261              		.loc 1 94 3 view .LVU73
  94:Middlewares/Third_Party/LwIP/src/core/ipv4/icmp.c ****   hlen = IPH_HL_BYTES(iphdr_in);
 262              		.loc 1 94 12 is_stmt 0 view .LVU74
 263 0008 4A4B     		ldr	r3, .L28
 264 000a 9F68     		ldr	r7, [r3, #8]
 265              	.LVL17:
  95:Middlewares/Third_Party/LwIP/src/core/ipv4/icmp.c ****   if (hlen < IP_HLEN) {
 266              		.loc 1 95 3 is_stmt 1 view .LVU75
  95:Middlewares/Third_Party/LwIP/src/core/ipv4/icmp.c ****   if (hlen < IP_HLEN) {
 267              		.loc 1 95 10 is_stmt 0 view .LVU76
 268 000c 3B78     		ldrb	r3, [r7]	@ zero_extendqisi2
 269 000e 03F00F03 		and	r3, r3, #15
 270 0012 4FEA8308 		lsl	r8, r3, #2
  95:Middlewares/Third_Party/LwIP/src/core/ipv4/icmp.c ****   if (hlen < IP_HLEN) {
 271              		.loc 1 95 8 view .LVU77
 272 0016 4446     		mov	r4, r8
 273              	.LVL18:
  96:Middlewares/Third_Party/LwIP/src/core/ipv4/icmp.c ****     LWIP_DEBUGF(ICMP_DEBUG, ("icmp_input: short IP header (%"S16_F" bytes) received\n", hlen));
 274              		.loc 1 96 3 is_stmt 1 view .LVU78
  96:Middlewares/Third_Party/LwIP/src/core/ipv4/icmp.c ****     LWIP_DEBUGF(ICMP_DEBUG, ("icmp_input: short IP header (%"S16_F" bytes) received\n", hlen));
 275              		.loc 1 96 6 is_stmt 0 view .LVU79
 276 0018 132C     		cmp	r4, #19
 277 001a 15D9     		bls	.L11
 278 001c 0E46     		mov	r6, r1
 100:Middlewares/Third_Party/LwIP/src/core/ipv4/icmp.c ****     LWIP_DEBUGF(ICMP_DEBUG, ("icmp_input: short ICMP (%"U16_F" bytes) received\n", p->tot_len));
 279              		.loc 1 100 3 is_stmt 1 view .LVU80
 100:Middlewares/Third_Party/LwIP/src/core/ipv4/icmp.c ****     LWIP_DEBUGF(ICMP_DEBUG, ("icmp_input: short ICMP (%"U16_F" bytes) received\n", p->tot_len));
 280              		.loc 1 100 8 is_stmt 0 view .LVU81
 281 001e 4389     		ldrh	r3, [r0, #10]
 100:Middlewares/Third_Party/LwIP/src/core/ipv4/icmp.c ****     LWIP_DEBUGF(ICMP_DEBUG, ("icmp_input: short ICMP (%"U16_F" bytes) received\n", p->tot_len));
 282              		.loc 1 100 6 view .LVU82
 283 0020 032B     		cmp	r3, #3
 284 0022 11D9     		bls	.L11
 105:Middlewares/Third_Party/LwIP/src/core/ipv4/icmp.c **** #ifdef LWIP_DEBUG
 285              		.loc 1 105 3 is_stmt 1 view .LVU83
 105:Middlewares/Third_Party/LwIP/src/core/ipv4/icmp.c **** #ifdef LWIP_DEBUG
 286              		.loc 1 105 21 is_stmt 0 view .LVU84
 287 0024 4368     		ldr	r3, [r0, #4]
 105:Middlewares/Third_Party/LwIP/src/core/ipv4/icmp.c **** #ifdef LWIP_DEBUG
 288              		.loc 1 105 8 view .LVU85
 289 0026 1B78     		ldrb	r3, [r3]	@ zero_extendqisi2
 290              	.LVL19:
 107:Middlewares/Third_Party/LwIP/src/core/ipv4/icmp.c ****   /* if debug is enabled but debug statement below is somehow disabled: */
 291              		.loc 1 107 3 is_stmt 1 view .LVU86
 109:Middlewares/Third_Party/LwIP/src/core/ipv4/icmp.c **** #endif /* LWIP_DEBUG */
 292              		.loc 1 109 3 view .LVU87
 111:Middlewares/Third_Party/LwIP/src/core/ipv4/icmp.c ****     case ICMP_ER:
 293              		.loc 1 111 3 view .LVU88
ARM GAS  /tmp/cca9T2Zg.s 			page 14


 294 0028 082B     		cmp	r3, #8
 295 002a 61D1     		bne	.L12
 118:Middlewares/Third_Party/LwIP/src/core/ipv4/icmp.c ****       src = ip4_current_dest_addr();
 296              		.loc 1 118 39 view .LVU89
 119:Middlewares/Third_Party/LwIP/src/core/ipv4/icmp.c ****       /* multicast destination address? */
 297              		.loc 1 119 7 view .LVU90
 298              	.LVL20:
 121:Middlewares/Third_Party/LwIP/src/core/ipv4/icmp.c **** #if LWIP_MULTICAST_PING
 299              		.loc 1 121 7 view .LVU91
 121:Middlewares/Third_Party/LwIP/src/core/ipv4/icmp.c **** #if LWIP_MULTICAST_PING
 300              		.loc 1 121 11 is_stmt 0 view .LVU92
 301 002c 414B     		ldr	r3, .L28
 302              	.LVL21:
 121:Middlewares/Third_Party/LwIP/src/core/ipv4/icmp.c **** #if LWIP_MULTICAST_PING
 303              		.loc 1 121 11 view .LVU93
 304 002e 5869     		ldr	r0, [r3, #20]
 305              	.LVL22:
 121:Middlewares/Third_Party/LwIP/src/core/ipv4/icmp.c **** #if LWIP_MULTICAST_PING
 306              		.loc 1 121 11 view .LVU94
 307 0030 00F0F003 		and	r3, r0, #240
 121:Middlewares/Third_Party/LwIP/src/core/ipv4/icmp.c **** #if LWIP_MULTICAST_PING
 308              		.loc 1 121 10 view .LVU95
 309 0034 E02B     		cmp	r3, #224
 310 0036 1AD0     		beq	.L13
 131:Middlewares/Third_Party/LwIP/src/core/ipv4/icmp.c **** #if LWIP_BROADCAST_PING
 311              		.loc 1 131 7 is_stmt 1 view .LVU96
 131:Middlewares/Third_Party/LwIP/src/core/ipv4/icmp.c **** #if LWIP_BROADCAST_PING
 312              		.loc 1 131 11 is_stmt 0 view .LVU97
 313 0038 3E4B     		ldr	r3, .L28
 314 003a 1968     		ldr	r1, [r3]
 315              	.LVL23:
 131:Middlewares/Third_Party/LwIP/src/core/ipv4/icmp.c **** #if LWIP_BROADCAST_PING
 316              		.loc 1 131 11 view .LVU98
 317 003c FFF7FEFF 		bl	ip4_addr_isbroadcast_u32
 318              	.LVL24:
 131:Middlewares/Third_Party/LwIP/src/core/ipv4/icmp.c **** #if LWIP_BROADCAST_PING
 319              		.loc 1 131 10 view .LVU99
 320 0040 A8B9     		cbnz	r0, .L13
 140:Middlewares/Third_Party/LwIP/src/core/ipv4/icmp.c ****       if (p->tot_len < sizeof(struct icmp_echo_hdr)) {
 321              		.loc 1 140 7 is_stmt 1 discriminator 4 view .LVU100
 140:Middlewares/Third_Party/LwIP/src/core/ipv4/icmp.c ****       if (p->tot_len < sizeof(struct icmp_echo_hdr)) {
 322              		.loc 1 140 7 discriminator 4 view .LVU101
 140:Middlewares/Third_Party/LwIP/src/core/ipv4/icmp.c ****       if (p->tot_len < sizeof(struct icmp_echo_hdr)) {
 323              		.loc 1 140 7 discriminator 4 view .LVU102
 141:Middlewares/Third_Party/LwIP/src/core/ipv4/icmp.c ****         LWIP_DEBUGF(ICMP_DEBUG, ("icmp_input: bad ICMP echo received\n"));
 324              		.loc 1 141 7 discriminator 4 view .LVU103
 141:Middlewares/Third_Party/LwIP/src/core/ipv4/icmp.c ****         LWIP_DEBUGF(ICMP_DEBUG, ("icmp_input: bad ICMP echo received\n"));
 325              		.loc 1 141 12 is_stmt 0 discriminator 4 view .LVU104
 326 0042 2B89     		ldrh	r3, [r5, #8]
 141:Middlewares/Third_Party/LwIP/src/core/ipv4/icmp.c ****         LWIP_DEBUGF(ICMP_DEBUG, ("icmp_input: bad ICMP echo received\n"));
 327              		.loc 1 141 10 discriminator 4 view .LVU105
 328 0044 072B     		cmp	r3, #7
 329 0046 05D8     		bhi	.L21
 330              	.LVL25:
 331              	.L11:
 285:Middlewares/Third_Party/LwIP/src/core/ipv4/icmp.c ****   ICMP_STATS_INC(icmp.lenerr);
 332              		.loc 1 285 3 is_stmt 1 view .LVU106
ARM GAS  /tmp/cca9T2Zg.s 			page 15


 333 0048 2846     		mov	r0, r5
 334 004a FFF7FEFF 		bl	pbuf_free
 335              	.LVL26:
 286:Middlewares/Third_Party/LwIP/src/core/ipv4/icmp.c ****   MIB2_STATS_INC(mib2.icmpinerrors);
 336              		.loc 1 286 30 view .LVU107
 287:Middlewares/Third_Party/LwIP/src/core/ipv4/icmp.c ****   return;
 337              		.loc 1 287 36 view .LVU108
 288:Middlewares/Third_Party/LwIP/src/core/ipv4/icmp.c **** #if LWIP_ICMP_ECHO_CHECK_INPUT_PBUF_LEN || !LWIP_MULTICAST_PING || !LWIP_BROADCAST_PING
 338              		.loc 1 288 3 view .LVU109
 339              	.L10:
 296:Middlewares/Third_Party/LwIP/src/core/ipv4/icmp.c **** 
 340              		.loc 1 296 1 is_stmt 0 view .LVU110
 341 004e 05B0     		add	sp, sp, #20
 342              	.LCFI6:
 343              		.cfi_remember_state
 344              		.cfi_def_cfa_offset 28
 345              		@ sp needed
 346 0050 BDE8F083 		pop	{r4, r5, r6, r7, r8, r9, pc}
 347              	.LVL27:
 348              	.L21:
 349              	.LCFI7:
 350              		.cfi_restore_state
 157:Middlewares/Third_Party/LwIP/src/core/ipv4/icmp.c ****         /* p is not big enough to contain link headers
 351              		.loc 1 157 7 is_stmt 1 view .LVU111
 157:Middlewares/Third_Party/LwIP/src/core/ipv4/icmp.c ****         /* p is not big enough to contain link headers
 352              		.loc 1 157 52 is_stmt 0 view .LVU112
 353 0054 08F10E09 		add	r9, r8, #14
 157:Middlewares/Third_Party/LwIP/src/core/ipv4/icmp.c ****         /* p is not big enough to contain link headers
 354              		.loc 1 157 11 view .LVU113
 355 0058 4946     		mov	r1, r9
 356 005a 2846     		mov	r0, r5
 357 005c FFF7FEFF 		bl	pbuf_add_header
 358              	.LVL28:
 157:Middlewares/Third_Party/LwIP/src/core/ipv4/icmp.c ****         /* p is not big enough to contain link headers
 359              		.loc 1 157 10 view .LVU114
 360 0060 0028     		cmp	r0, #0
 361 0062 3AD0     		beq	.L14
 362              	.LBB2:
 161:Middlewares/Third_Party/LwIP/src/core/ipv4/icmp.c ****         u16_t alloc_len = (u16_t)(p->tot_len + hlen);
 363              		.loc 1 161 9 is_stmt 1 view .LVU115
 162:Middlewares/Third_Party/LwIP/src/core/ipv4/icmp.c ****         if (alloc_len < p->tot_len) {
 364              		.loc 1 162 9 view .LVU116
 162:Middlewares/Third_Party/LwIP/src/core/ipv4/icmp.c ****         if (alloc_len < p->tot_len) {
 365              		.loc 1 162 36 is_stmt 0 view .LVU117
 366 0064 2A89     		ldrh	r2, [r5, #8]
 162:Middlewares/Third_Party/LwIP/src/core/ipv4/icmp.c ****         if (alloc_len < p->tot_len) {
 367              		.loc 1 162 15 view .LVU118
 368 0066 1319     		adds	r3, r2, r4
 369 0068 99B2     		uxth	r1, r3
 370              	.LVL29:
 163:Middlewares/Third_Party/LwIP/src/core/ipv4/icmp.c ****           LWIP_DEBUGF(ICMP_DEBUG, ("icmp_input: allocating new pbuf failed (tot_len overflow)\n"));
 371              		.loc 1 163 9 is_stmt 1 view .LVU119
 163:Middlewares/Third_Party/LwIP/src/core/ipv4/icmp.c ****           LWIP_DEBUGF(ICMP_DEBUG, ("icmp_input: allocating new pbuf failed (tot_len overflow)\n"));
 372              		.loc 1 163 12 is_stmt 0 view .LVU120
 373 006a 8A42     		cmp	r2, r1
 374 006c 03D9     		bls	.L22
 375              	.LVL30:
ARM GAS  /tmp/cca9T2Zg.s 			page 16


 376              	.L13:
 163:Middlewares/Third_Party/LwIP/src/core/ipv4/icmp.c ****           LWIP_DEBUGF(ICMP_DEBUG, ("icmp_input: allocating new pbuf failed (tot_len overflow)\n"));
 377              		.loc 1 163 12 view .LVU121
 378              	.LBE2:
 291:Middlewares/Third_Party/LwIP/src/core/ipv4/icmp.c ****   ICMP_STATS_INC(icmp.err);
 379              		.loc 1 291 3 is_stmt 1 view .LVU122
 380 006e 2846     		mov	r0, r5
 381 0070 FFF7FEFF 		bl	pbuf_free
 382              	.LVL31:
 292:Middlewares/Third_Party/LwIP/src/core/ipv4/icmp.c ****   MIB2_STATS_INC(mib2.icmpinerrors);
 383              		.loc 1 292 27 view .LVU123
 293:Middlewares/Third_Party/LwIP/src/core/ipv4/icmp.c ****   return;
 384              		.loc 1 293 36 view .LVU124
 294:Middlewares/Third_Party/LwIP/src/core/ipv4/icmp.c **** #endif /* LWIP_ICMP_ECHO_CHECK_INPUT_PBUF_LEN || !LWIP_MULTICAST_PING || !LWIP_BROADCAST_PING */
 385              		.loc 1 294 3 view .LVU125
 386 0074 EBE7     		b	.L10
 387              	.LVL32:
 388              	.L22:
 389              	.LBB3:
 168:Middlewares/Third_Party/LwIP/src/core/ipv4/icmp.c ****         if (r == NULL) {
 390              		.loc 1 168 9 view .LVU126
 168:Middlewares/Third_Party/LwIP/src/core/ipv4/icmp.c ****         if (r == NULL) {
 391              		.loc 1 168 13 is_stmt 0 view .LVU127
 392 0076 4FF42072 		mov	r2, #640
 393 007a 0E20     		movs	r0, #14
 394 007c FFF7FEFF 		bl	pbuf_alloc
 395              	.LVL33:
 169:Middlewares/Third_Party/LwIP/src/core/ipv4/icmp.c ****           LWIP_DEBUGF(ICMP_DEBUG, ("icmp_input: allocating new pbuf failed\n"));
 396              		.loc 1 169 9 is_stmt 1 view .LVU128
 169:Middlewares/Third_Party/LwIP/src/core/ipv4/icmp.c ****           LWIP_DEBUGF(ICMP_DEBUG, ("icmp_input: allocating new pbuf failed\n"));
 397              		.loc 1 169 12 is_stmt 0 view .LVU129
 398 0080 0446     		mov	r4, r0
 399 0082 0028     		cmp	r0, #0
 400 0084 F3D0     		beq	.L13
 173:Middlewares/Third_Party/LwIP/src/core/ipv4/icmp.c ****           LWIP_DEBUGF(ICMP_DEBUG | LWIP_DBG_LEVEL_SERIOUS, ("first pbuf cannot hold the ICMP header
 401              		.loc 1 173 9 is_stmt 1 view .LVU130
 173:Middlewares/Third_Party/LwIP/src/core/ipv4/icmp.c ****           LWIP_DEBUGF(ICMP_DEBUG | LWIP_DBG_LEVEL_SERIOUS, ("first pbuf cannot hold the ICMP header
 402              		.loc 1 173 14 is_stmt 0 view .LVU131
 403 0086 4289     		ldrh	r2, [r0, #10]
 173:Middlewares/Third_Party/LwIP/src/core/ipv4/icmp.c ****           LWIP_DEBUGF(ICMP_DEBUG | LWIP_DBG_LEVEL_SERIOUS, ("first pbuf cannot hold the ICMP header
 404              		.loc 1 173 27 view .LVU132
 405 0088 08F10803 		add	r3, r8, #8
 173:Middlewares/Third_Party/LwIP/src/core/ipv4/icmp.c ****           LWIP_DEBUGF(ICMP_DEBUG | LWIP_DBG_LEVEL_SERIOUS, ("first pbuf cannot hold the ICMP header
 406              		.loc 1 173 12 view .LVU133
 407 008c 9A42     		cmp	r2, r3
 408 008e 13D3     		bcc	.L23
 179:Middlewares/Third_Party/LwIP/src/core/ipv4/icmp.c ****         /* switch r->payload back to icmp header (cannot fail) */
 409              		.loc 1 179 9 is_stmt 1 view .LVU134
 410 0090 4246     		mov	r2, r8
 411 0092 3946     		mov	r1, r7
 412 0094 4068     		ldr	r0, [r0, #4]
 413              	.LVL34:
 179:Middlewares/Third_Party/LwIP/src/core/ipv4/icmp.c ****         /* switch r->payload back to icmp header (cannot fail) */
 414              		.loc 1 179 9 is_stmt 0 view .LVU135
 415 0096 FFF7FEFF 		bl	memcpy
 416              	.LVL35:
 181:Middlewares/Third_Party/LwIP/src/core/ipv4/icmp.c ****           LWIP_ASSERT("icmp_input: moving r->payload to icmp header failed\n", 0);
ARM GAS  /tmp/cca9T2Zg.s 			page 17


 417              		.loc 1 181 9 is_stmt 1 view .LVU136
 181:Middlewares/Third_Party/LwIP/src/core/ipv4/icmp.c ****           LWIP_ASSERT("icmp_input: moving r->payload to icmp header failed\n", 0);
 418              		.loc 1 181 13 is_stmt 0 view .LVU137
 419 009a 4146     		mov	r1, r8
 420 009c 2046     		mov	r0, r4
 421 009e FFF7FEFF 		bl	pbuf_remove_header
 422              	.LVL36:
 181:Middlewares/Third_Party/LwIP/src/core/ipv4/icmp.c ****           LWIP_ASSERT("icmp_input: moving r->payload to icmp header failed\n", 0);
 423              		.loc 1 181 12 view .LVU138
 424 00a2 60B9     		cbnz	r0, .L24
 187:Middlewares/Third_Party/LwIP/src/core/ipv4/icmp.c ****           LWIP_DEBUGF(ICMP_DEBUG | LWIP_DBG_LEVEL_SERIOUS, ("icmp_input: copying to new pbuf failed
 425              		.loc 1 187 9 is_stmt 1 view .LVU139
 187:Middlewares/Third_Party/LwIP/src/core/ipv4/icmp.c ****           LWIP_DEBUGF(ICMP_DEBUG | LWIP_DBG_LEVEL_SERIOUS, ("icmp_input: copying to new pbuf failed
 426              		.loc 1 187 13 is_stmt 0 view .LVU140
 427 00a4 2946     		mov	r1, r5
 428 00a6 2046     		mov	r0, r4
 429 00a8 FFF7FEFF 		bl	pbuf_copy
 430              	.LVL37:
 187:Middlewares/Third_Party/LwIP/src/core/ipv4/icmp.c ****           LWIP_DEBUGF(ICMP_DEBUG | LWIP_DBG_LEVEL_SERIOUS, ("icmp_input: copying to new pbuf failed
 431              		.loc 1 187 12 view .LVU141
 432 00ac 88B9     		cbnz	r0, .L25
 193:Middlewares/Third_Party/LwIP/src/core/ipv4/icmp.c ****         /* we now have an identical copy of p that has room for link headers */
 433              		.loc 1 193 9 is_stmt 1 view .LVU142
 434 00ae 2846     		mov	r0, r5
 435 00b0 FFF7FEFF 		bl	pbuf_free
 436              	.LVL38:
 195:Middlewares/Third_Party/LwIP/src/core/ipv4/icmp.c ****       } else {
 437              		.loc 1 195 9 view .LVU143
 195:Middlewares/Third_Party/LwIP/src/core/ipv4/icmp.c ****       } else {
 438              		.loc 1 195 11 is_stmt 0 view .LVU144
 439 00b4 2546     		mov	r5, r4
 440              	.LBE3:
 441 00b6 15E0     		b	.L18
 442              	.LVL39:
 443              	.L23:
 444              	.LBB4:
 174:Middlewares/Third_Party/LwIP/src/core/ipv4/icmp.c ****           pbuf_free(r);
 445              		.loc 1 174 11 is_stmt 1 discriminator 4 view .LVU145
 174:Middlewares/Third_Party/LwIP/src/core/ipv4/icmp.c ****           pbuf_free(r);
 446              		.loc 1 174 11 discriminator 4 view .LVU146
 174:Middlewares/Third_Party/LwIP/src/core/ipv4/icmp.c ****           pbuf_free(r);
 447              		.loc 1 174 11 discriminator 4 view .LVU147
 175:Middlewares/Third_Party/LwIP/src/core/ipv4/icmp.c ****           goto icmperr;
 448              		.loc 1 175 11 discriminator 4 view .LVU148
 449 00b8 FFF7FEFF 		bl	pbuf_free
 450              	.LVL40:
 176:Middlewares/Third_Party/LwIP/src/core/ipv4/icmp.c ****         }
 451              		.loc 1 176 11 discriminator 4 view .LVU149
 452 00bc D7E7     		b	.L13
 453              	.L24:
 182:Middlewares/Third_Party/LwIP/src/core/ipv4/icmp.c ****           pbuf_free(r);
 454              		.loc 1 182 11 discriminator 1 view .LVU150
 182:Middlewares/Third_Party/LwIP/src/core/ipv4/icmp.c ****           pbuf_free(r);
 455              		.loc 1 182 11 discriminator 1 view .LVU151
 182:Middlewares/Third_Party/LwIP/src/core/ipv4/icmp.c ****           pbuf_free(r);
 456              		.loc 1 182 11 discriminator 1 view .LVU152
 182:Middlewares/Third_Party/LwIP/src/core/ipv4/icmp.c ****           pbuf_free(r);
ARM GAS  /tmp/cca9T2Zg.s 			page 18


 457              		.loc 1 182 11 discriminator 1 view .LVU153
 458 00be 1E4B     		ldr	r3, .L28+4
 459 00c0 B622     		movs	r2, #182
 460 00c2 1E49     		ldr	r1, .L28+8
 461 00c4 1E48     		ldr	r0, .L28+12
 462 00c6 FFF7FEFF 		bl	printf
 463              	.LVL41:
 182:Middlewares/Third_Party/LwIP/src/core/ipv4/icmp.c ****           pbuf_free(r);
 464              		.loc 1 182 11 discriminator 1 view .LVU154
 182:Middlewares/Third_Party/LwIP/src/core/ipv4/icmp.c ****           pbuf_free(r);
 465              		.loc 1 182 11 discriminator 1 view .LVU155
 183:Middlewares/Third_Party/LwIP/src/core/ipv4/icmp.c ****           goto icmperr;
 466              		.loc 1 183 11 discriminator 1 view .LVU156
 467 00ca 2046     		mov	r0, r4
 468 00cc FFF7FEFF 		bl	pbuf_free
 469              	.LVL42:
 184:Middlewares/Third_Party/LwIP/src/core/ipv4/icmp.c ****         }
 470              		.loc 1 184 11 discriminator 1 view .LVU157
 471 00d0 CDE7     		b	.L13
 472              	.L25:
 188:Middlewares/Third_Party/LwIP/src/core/ipv4/icmp.c ****           pbuf_free(r);
 473              		.loc 1 188 11 discriminator 4 view .LVU158
 188:Middlewares/Third_Party/LwIP/src/core/ipv4/icmp.c ****           pbuf_free(r);
 474              		.loc 1 188 11 discriminator 4 view .LVU159
 188:Middlewares/Third_Party/LwIP/src/core/ipv4/icmp.c ****           pbuf_free(r);
 475              		.loc 1 188 11 discriminator 4 view .LVU160
 189:Middlewares/Third_Party/LwIP/src/core/ipv4/icmp.c ****           goto icmperr;
 476              		.loc 1 189 11 discriminator 4 view .LVU161
 477 00d2 2046     		mov	r0, r4
 478 00d4 FFF7FEFF 		bl	pbuf_free
 479              	.LVL43:
 190:Middlewares/Third_Party/LwIP/src/core/ipv4/icmp.c ****         }
 480              		.loc 1 190 11 discriminator 4 view .LVU162
 481 00d8 C9E7     		b	.L13
 482              	.LVL44:
 483              	.L14:
 190:Middlewares/Third_Party/LwIP/src/core/ipv4/icmp.c ****         }
 484              		.loc 1 190 11 is_stmt 0 discriminator 4 view .LVU163
 485              	.LBE4:
 198:Middlewares/Third_Party/LwIP/src/core/ipv4/icmp.c ****           LWIP_ASSERT("icmp_input: restoring original p->payload failed\n", 0);
 486              		.loc 1 198 9 is_stmt 1 view .LVU164
 198:Middlewares/Third_Party/LwIP/src/core/ipv4/icmp.c ****           LWIP_ASSERT("icmp_input: restoring original p->payload failed\n", 0);
 487              		.loc 1 198 13 is_stmt 0 view .LVU165
 488 00da 4946     		mov	r1, r9
 489 00dc 2846     		mov	r0, r5
 490 00de FFF7FEFF 		bl	pbuf_remove_header
 491              	.LVL45:
 198:Middlewares/Third_Party/LwIP/src/core/ipv4/icmp.c ****           LWIP_ASSERT("icmp_input: restoring original p->payload failed\n", 0);
 492              		.loc 1 198 12 view .LVU166
 493 00e2 48B9     		cbnz	r0, .L26
 494              	.L18:
 207:Middlewares/Third_Party/LwIP/src/core/ipv4/icmp.c ****       if (pbuf_add_header(p, hlen)) {
 495              		.loc 1 207 7 is_stmt 1 view .LVU167
 207:Middlewares/Third_Party/LwIP/src/core/ipv4/icmp.c ****       if (pbuf_add_header(p, hlen)) {
 496              		.loc 1 207 13 is_stmt 0 view .LVU168
 497 00e4 6C68     		ldr	r4, [r5, #4]
 498              	.LVL46:
ARM GAS  /tmp/cca9T2Zg.s 			page 19


 208:Middlewares/Third_Party/LwIP/src/core/ipv4/icmp.c ****         LWIP_DEBUGF(ICMP_DEBUG | LWIP_DBG_LEVEL_SERIOUS, ("Can't move over header in packet"));
 499              		.loc 1 208 7 is_stmt 1 view .LVU169
 208:Middlewares/Third_Party/LwIP/src/core/ipv4/icmp.c ****         LWIP_DEBUGF(ICMP_DEBUG | LWIP_DBG_LEVEL_SERIOUS, ("Can't move over header in packet"));
 500              		.loc 1 208 11 is_stmt 0 view .LVU170
 501 00e6 4146     		mov	r1, r8
 502 00e8 2846     		mov	r0, r5
 503 00ea FFF7FEFF 		bl	pbuf_add_header
 504              	.LVL47:
 208:Middlewares/Third_Party/LwIP/src/core/ipv4/icmp.c ****         LWIP_DEBUGF(ICMP_DEBUG | LWIP_DBG_LEVEL_SERIOUS, ("Can't move over header in packet"));
 505              		.loc 1 208 10 view .LVU171
 506 00ee 50B1     		cbz	r0, .L27
 507              	.LVL48:
 508              	.L12:
 277:Middlewares/Third_Party/LwIP/src/core/ipv4/icmp.c ****                                (s16_t)type, (s16_t)code));
 509              		.loc 1 277 7 is_stmt 1 discriminator 4 view .LVU172
 279:Middlewares/Third_Party/LwIP/src/core/ipv4/icmp.c ****       ICMP_STATS_INC(icmp.drop);
 510              		.loc 1 279 35 discriminator 4 view .LVU173
 280:Middlewares/Third_Party/LwIP/src/core/ipv4/icmp.c ****   }
 511              		.loc 1 280 32 discriminator 4 view .LVU174
 282:Middlewares/Third_Party/LwIP/src/core/ipv4/icmp.c ****   return;
 512              		.loc 1 282 3 discriminator 4 view .LVU175
 513 00f0 2846     		mov	r0, r5
 514 00f2 FFF7FEFF 		bl	pbuf_free
 515              	.LVL49:
 283:Middlewares/Third_Party/LwIP/src/core/ipv4/icmp.c **** lenerr:
 516              		.loc 1 283 3 discriminator 4 view .LVU176
 517 00f6 AAE7     		b	.L10
 518              	.LVL50:
 519              	.L26:
 199:Middlewares/Third_Party/LwIP/src/core/ipv4/icmp.c ****           goto icmperr;
 520              		.loc 1 199 11 discriminator 1 view .LVU177
 199:Middlewares/Third_Party/LwIP/src/core/ipv4/icmp.c ****           goto icmperr;
 521              		.loc 1 199 11 discriminator 1 view .LVU178
 199:Middlewares/Third_Party/LwIP/src/core/ipv4/icmp.c ****           goto icmperr;
 522              		.loc 1 199 11 discriminator 1 view .LVU179
 199:Middlewares/Third_Party/LwIP/src/core/ipv4/icmp.c ****           goto icmperr;
 523              		.loc 1 199 11 discriminator 1 view .LVU180
 524 00f8 0F4B     		ldr	r3, .L28+4
 525 00fa C722     		movs	r2, #199
 526 00fc 1149     		ldr	r1, .L28+16
 527 00fe 1048     		ldr	r0, .L28+12
 528 0100 FFF7FEFF 		bl	printf
 529              	.LVL51:
 199:Middlewares/Third_Party/LwIP/src/core/ipv4/icmp.c ****           goto icmperr;
 530              		.loc 1 199 11 discriminator 1 view .LVU181
 199:Middlewares/Third_Party/LwIP/src/core/ipv4/icmp.c ****           goto icmperr;
 531              		.loc 1 199 11 discriminator 1 view .LVU182
 200:Middlewares/Third_Party/LwIP/src/core/ipv4/icmp.c ****         }
 532              		.loc 1 200 11 discriminator 1 view .LVU183
 533 0104 B3E7     		b	.L13
 534              	.LVL52:
 535              	.L27:
 536              	.LBB5:
 211:Middlewares/Third_Party/LwIP/src/core/ipv4/icmp.c ****         struct ip_hdr *iphdr = (struct ip_hdr *)p->payload;
 537              		.loc 1 211 9 view .LVU184
 212:Middlewares/Third_Party/LwIP/src/core/ipv4/icmp.c ****         ip4_addr_copy(iphdr->src, *src);
 538              		.loc 1 212 9 view .LVU185
ARM GAS  /tmp/cca9T2Zg.s 			page 20


 212:Middlewares/Third_Party/LwIP/src/core/ipv4/icmp.c ****         ip4_addr_copy(iphdr->src, *src);
 539              		.loc 1 212 24 is_stmt 0 view .LVU186
 540 0106 6868     		ldr	r0, [r5, #4]
 541              	.LVL53:
 213:Middlewares/Third_Party/LwIP/src/core/ipv4/icmp.c ****         ip4_addr_copy(iphdr->dest, *ip4_current_src_addr());
 542              		.loc 1 213 9 is_stmt 1 view .LVU187
 543 0108 0A49     		ldr	r1, .L28
 544 010a 4B69     		ldr	r3, [r1, #20]
 545 010c C360     		str	r3, [r0, #12]	@ unaligned
 214:Middlewares/Third_Party/LwIP/src/core/ipv4/icmp.c ****         ICMPH_TYPE_SET(iecho, ICMP_ER);
 546              		.loc 1 214 9 view .LVU188
 547 010e 0B69     		ldr	r3, [r1, #16]
 548 0110 0361     		str	r3, [r0, #16]	@ unaligned
 215:Middlewares/Third_Party/LwIP/src/core/ipv4/icmp.c **** #if CHECKSUM_GEN_ICMP
 549              		.loc 1 215 9 view .LVU189
 550 0112 0022     		movs	r2, #0
 551 0114 2270     		strb	r2, [r4]
 231:Middlewares/Third_Party/LwIP/src/core/ipv4/icmp.c **** #endif /* CHECKSUM_GEN_ICMP */
 552              		.loc 1 231 9 view .LVU190
 231:Middlewares/Third_Party/LwIP/src/core/ipv4/icmp.c **** #endif /* CHECKSUM_GEN_ICMP */
 553              		.loc 1 231 23 is_stmt 0 view .LVU191
 554 0116 A270     		strb	r2, [r4, #2]
 555 0118 E270     		strb	r2, [r4, #3]
 235:Middlewares/Third_Party/LwIP/src/core/ipv4/icmp.c ****         IPH_CHKSUM_SET(iphdr, 0);
 556              		.loc 1 235 9 is_stmt 1 view .LVU192
 557 011a FF23     		movs	r3, #255
 558 011c 0372     		strb	r3, [r0, #8]
 236:Middlewares/Third_Party/LwIP/src/core/ipv4/icmp.c **** #if CHECKSUM_GEN_IP
 559              		.loc 1 236 9 view .LVU193
 560 011e 8272     		strb	r2, [r0, #10]
 561 0120 C272     		strb	r2, [r0, #11]
 243:Middlewares/Third_Party/LwIP/src/core/ipv4/icmp.c ****         /* increase number of messages attempted to send */
 562              		.loc 1 243 34 view .LVU194
 245:Middlewares/Third_Party/LwIP/src/core/ipv4/icmp.c ****         /* increase number of echo replies attempted to send */
 563              		.loc 1 245 41 view .LVU195
 247:Middlewares/Third_Party/LwIP/src/core/ipv4/icmp.c **** 
 564              		.loc 1 247 45 view .LVU196
 250:Middlewares/Third_Party/LwIP/src/core/ipv4/icmp.c ****                             ICMP_TTL, 0, IP_PROTO_ICMP, inp);
 565              		.loc 1 250 9 view .LVU197
 250:Middlewares/Third_Party/LwIP/src/core/ipv4/icmp.c ****                             ICMP_TTL, 0, IP_PROTO_ICMP, inp);
 566              		.loc 1 250 15 is_stmt 0 view .LVU198
 567 0122 0296     		str	r6, [sp, #8]
 568 0124 0120     		movs	r0, #1
 569              	.LVL54:
 250:Middlewares/Third_Party/LwIP/src/core/ipv4/icmp.c ****                             ICMP_TTL, 0, IP_PROTO_ICMP, inp);
 570              		.loc 1 250 15 view .LVU199
 571 0126 0190     		str	r0, [sp, #4]
 572 0128 0092     		str	r2, [sp]
 573 012a 1431     		adds	r1, r1, #20
 574 012c 2846     		mov	r0, r5
 575 012e FFF7FEFF 		bl	ip4_output_if
 576              	.LVL55:
 252:Middlewares/Third_Party/LwIP/src/core/ipv4/icmp.c ****           LWIP_DEBUGF(ICMP_DEBUG, ("icmp_input: ip_output_if returned an error: %s\n", lwip_strerr(
 577              		.loc 1 252 9 is_stmt 1 view .LVU200
 578 0132 DDE7     		b	.L12
 579              	.L29:
 580              		.align	2
ARM GAS  /tmp/cca9T2Zg.s 			page 21


 581              	.L28:
 582 0134 00000000 		.word	ip_data
 583 0138 00000000 		.word	.LC0
 584 013c 00000000 		.word	.LC3
 585 0140 60000000 		.word	.LC2
 586 0144 38000000 		.word	.LC4
 587              	.LBE5:
 588              		.cfi_endproc
 589              	.LFE159:
 591              		.section	.text.icmp_dest_unreach,"ax",%progbits
 592              		.align	1
 593              		.global	icmp_dest_unreach
 594              		.syntax unified
 595              		.thumb
 596              		.thumb_func
 597              		.fpu fpv4-sp-d16
 599              	icmp_dest_unreach:
 600              	.LVL56:
 601              	.LFB160:
 309:Middlewares/Third_Party/LwIP/src/core/ipv4/icmp.c ****   MIB2_STATS_INC(mib2.icmpoutdestunreachs);
 602              		.loc 1 309 1 view -0
 603              		.cfi_startproc
 604              		@ args = 0, pretend = 0, frame = 0
 605              		@ frame_needed = 0, uses_anonymous_args = 0
 309:Middlewares/Third_Party/LwIP/src/core/ipv4/icmp.c ****   MIB2_STATS_INC(mib2.icmpoutdestunreachs);
 606              		.loc 1 309 1 is_stmt 0 view .LVU202
 607 0000 08B5     		push	{r3, lr}
 608              	.LCFI8:
 609              		.cfi_def_cfa_offset 8
 610              		.cfi_offset 3, -8
 611              		.cfi_offset 14, -4
 612 0002 0A46     		mov	r2, r1
 310:Middlewares/Third_Party/LwIP/src/core/ipv4/icmp.c ****   icmp_send_response(p, ICMP_DUR, t);
 613              		.loc 1 310 43 is_stmt 1 view .LVU203
 311:Middlewares/Third_Party/LwIP/src/core/ipv4/icmp.c **** }
 614              		.loc 1 311 3 view .LVU204
 615 0004 0321     		movs	r1, #3
 616              	.LVL57:
 311:Middlewares/Third_Party/LwIP/src/core/ipv4/icmp.c **** }
 617              		.loc 1 311 3 is_stmt 0 view .LVU205
 618 0006 FFF7FEFF 		bl	icmp_send_response
 619              	.LVL58:
 312:Middlewares/Third_Party/LwIP/src/core/ipv4/icmp.c **** 
 620              		.loc 1 312 1 view .LVU206
 621 000a 08BD     		pop	{r3, pc}
 622              		.cfi_endproc
 623              	.LFE160:
 625              		.section	.text.icmp_time_exceeded,"ax",%progbits
 626              		.align	1
 627              		.global	icmp_time_exceeded
 628              		.syntax unified
 629              		.thumb
 630              		.thumb_func
 631              		.fpu fpv4-sp-d16
 633              	icmp_time_exceeded:
 634              	.LVL59:
 635              	.LFB161:
ARM GAS  /tmp/cca9T2Zg.s 			page 22


 324:Middlewares/Third_Party/LwIP/src/core/ipv4/icmp.c ****   MIB2_STATS_INC(mib2.icmpouttimeexcds);
 636              		.loc 1 324 1 is_stmt 1 view -0
 637              		.cfi_startproc
 638              		@ args = 0, pretend = 0, frame = 0
 639              		@ frame_needed = 0, uses_anonymous_args = 0
 324:Middlewares/Third_Party/LwIP/src/core/ipv4/icmp.c ****   MIB2_STATS_INC(mib2.icmpouttimeexcds);
 640              		.loc 1 324 1 is_stmt 0 view .LVU208
 641 0000 08B5     		push	{r3, lr}
 642              	.LCFI9:
 643              		.cfi_def_cfa_offset 8
 644              		.cfi_offset 3, -8
 645              		.cfi_offset 14, -4
 646 0002 0A46     		mov	r2, r1
 325:Middlewares/Third_Party/LwIP/src/core/ipv4/icmp.c ****   icmp_send_response(p, ICMP_TE, t);
 647              		.loc 1 325 40 is_stmt 1 view .LVU209
 326:Middlewares/Third_Party/LwIP/src/core/ipv4/icmp.c **** }
 648              		.loc 1 326 3 view .LVU210
 649 0004 0B21     		movs	r1, #11
 650              	.LVL60:
 326:Middlewares/Third_Party/LwIP/src/core/ipv4/icmp.c **** }
 651              		.loc 1 326 3 is_stmt 0 view .LVU211
 652 0006 FFF7FEFF 		bl	icmp_send_response
 653              	.LVL61:
 327:Middlewares/Third_Party/LwIP/src/core/ipv4/icmp.c **** 
 654              		.loc 1 327 1 view .LVU212
 655 000a 08BD     		pop	{r3, pc}
 656              		.cfi_endproc
 657              	.LFE161:
 659              		.text
 660              	.Letext0:
 661              		.file 2 "/opt/gcc-arm-none-eabi-9-2020-q2-update/arm-none-eabi/include/machine/_default_types.h"
 662              		.file 3 "/opt/gcc-arm-none-eabi-9-2020-q2-update/arm-none-eabi/include/sys/_stdint.h"
 663              		.file 4 "Drivers/CMSIS/Include/core_cm4.h"
 664              		.file 5 "Drivers/CMSIS/Device/ST/STM32F4xx/Include/system_stm32f4xx.h"
 665              		.file 6 "Drivers/STM32F4xx_HAL_Driver/Inc/stm32f4xx_hal.h"
 666              		.file 7 "/opt/gcc-arm-none-eabi-9-2020-q2-update/lib/gcc/arm-none-eabi/9.3.1/include/stddef.h"
 667              		.file 8 "/opt/gcc-arm-none-eabi-9-2020-q2-update/arm-none-eabi/include/sys/_types.h"
 668              		.file 9 "/opt/gcc-arm-none-eabi-9-2020-q2-update/arm-none-eabi/include/sys/reent.h"
 669              		.file 10 "/opt/gcc-arm-none-eabi-9-2020-q2-update/arm-none-eabi/include/sys/lock.h"
 670              		.file 11 "/opt/gcc-arm-none-eabi-9-2020-q2-update/arm-none-eabi/include/stdlib.h"
 671              		.file 12 "/opt/gcc-arm-none-eabi-9-2020-q2-update/arm-none-eabi/include/time.h"
 672              		.file 13 "Middlewares/Third_Party/LwIP/src/include/lwip/arch.h"
 673              		.file 14 "/opt/gcc-arm-none-eabi-9-2020-q2-update/arm-none-eabi/include/ctype.h"
 674              		.file 15 "Middlewares/Third_Party/LwIP/src/include/lwip/err.h"
 675              		.file 16 "Middlewares/Third_Party/LwIP/src/include/lwip/pbuf.h"
 676              		.file 17 "Middlewares/Third_Party/LwIP/src/include/lwip/ip4_addr.h"
 677              		.file 18 "Middlewares/Third_Party/LwIP/src/include/lwip/ip_addr.h"
 678              		.file 19 "Middlewares/Third_Party/LwIP/src/include/lwip/priv/memp_priv.h"
 679              		.file 20 "Middlewares/Third_Party/LwIP/src/include/lwip/memp.h"
 680              		.file 21 "Middlewares/Third_Party/LwIP/src/include/lwip/netif.h"
 681              		.file 22 "Middlewares/Third_Party/LwIP/src/include/lwip/prot/icmp.h"
 682              		.file 23 "Middlewares/Third_Party/LwIP/src/include/lwip/icmp.h"
 683              		.file 24 "Middlewares/Third_Party/LwIP/src/include/lwip/prot/ip4.h"
 684              		.file 25 "Middlewares/Third_Party/LwIP/src/include/lwip/ip.h"
 685              		.file 26 "Middlewares/Third_Party/LwIP/src/include/lwip/ip4.h"
 686              		.file 27 "/opt/gcc-arm-none-eabi-9-2020-q2-update/arm-none-eabi/include/stdio.h"
 687              		.file 28 "<built-in>"
ARM GAS  /tmp/cca9T2Zg.s 			page 23


ARM GAS  /tmp/cca9T2Zg.s 			page 24


DEFINED SYMBOLS
                            *ABS*:0000000000000000 icmp.c
     /tmp/cca9T2Zg.s:18     .rodata.icmp_send_response.str1.4:0000000000000000 $d
     /tmp/cca9T2Zg.s:28     .text.icmp_send_response:0000000000000000 $t
     /tmp/cca9T2Zg.s:35     .text.icmp_send_response:0000000000000000 icmp_send_response
     /tmp/cca9T2Zg.s:208    .text.icmp_send_response:000000000000009c $d
     /tmp/cca9T2Zg.s:215    .rodata.icmp_input.str1.4:0000000000000000 $d
     /tmp/cca9T2Zg.s:224    .text.icmp_input:0000000000000000 $t
     /tmp/cca9T2Zg.s:231    .text.icmp_input:0000000000000000 icmp_input
     /tmp/cca9T2Zg.s:582    .text.icmp_input:0000000000000134 $d
     /tmp/cca9T2Zg.s:592    .text.icmp_dest_unreach:0000000000000000 $t
     /tmp/cca9T2Zg.s:599    .text.icmp_dest_unreach:0000000000000000 icmp_dest_unreach
     /tmp/cca9T2Zg.s:626    .text.icmp_time_exceeded:0000000000000000 $t
     /tmp/cca9T2Zg.s:633    .text.icmp_time_exceeded:0000000000000000 icmp_time_exceeded

UNDEFINED SYMBOLS
pbuf_alloc
ip4_route
ip4_output_if
pbuf_free
printf
ip4_addr_isbroadcast_u32
pbuf_add_header
memcpy
pbuf_remove_header
pbuf_copy
ip_data
