ARM GAS  C:\msys64\tmp\cc444t66.s 			page 1


   1              		.cpu cortex-m4
   2              		.arch armv7e-m
   3              		.fpu fpv4-sp-d16
   4              		.eabi_attribute 27, 1
   5              		.eabi_attribute 28, 1
   6              		.eabi_attribute 20, 1
   7              		.eabi_attribute 21, 1
   8              		.eabi_attribute 23, 3
   9              		.eabi_attribute 24, 1
  10              		.eabi_attribute 25, 1
  11              		.eabi_attribute 26, 1
  12              		.eabi_attribute 30, 1
  13              		.eabi_attribute 34, 1
  14              		.eabi_attribute 18, 4
  15              		.file	"ip.c"
  16              		.text
  17              	.Ltext0:
  18              		.cfi_sections	.debug_frame
  19              		.global	ip_data
  20              		.section	.bss.ip_data,"aw",%nobits
  21              		.align	2
  24              	ip_data:
  25 0000 00000000 		.space	24
  25      00000000 
  25      00000000 
  25      00000000 
  25      00000000 
  26              		.text
  27              	.Letext0:
  28              		.file 1 "c:\\tools\\gcc-arm-11.2-2022.02-mingw-w64-i686-arm-none-eabi\\arm-none-eabi\\include\\mac
  29              		.file 2 "c:\\tools\\gcc-arm-11.2-2022.02-mingw-w64-i686-arm-none-eabi\\arm-none-eabi\\include\\sys
  30              		.file 3 "Middlewares/Third_Party/LwIP/src/include/lwip/arch.h"
  31              		.file 4 "Middlewares/Third_Party/LwIP/src/include/lwip/ip4_addr.h"
  32              		.file 5 "Middlewares/Third_Party/LwIP/src/include/lwip/ip_addr.h"
  33              		.file 6 "Middlewares/Third_Party/LwIP/src/include/lwip/err.h"
  34              		.file 7 "Middlewares/Third_Party/LwIP/src/include/lwip/pbuf.h"
  35              		.file 8 "Middlewares/Third_Party/LwIP/src/include/lwip/netif.h"
  36              		.file 9 "Middlewares/Third_Party/LwIP/src/include/lwip/prot/ip4.h"
  37              		.file 10 "Middlewares/Third_Party/LwIP/src/include/lwip/ip.h"
  38              		.file 11 "Middlewares/Third_Party/LwIP/src/include/lwip/memp.h"
  39              		.file 12 "Middlewares/Third_Party/LwIP/src/core/ip.c"
ARM GAS  C:\msys64\tmp\cc444t66.s 			page 2


DEFINED SYMBOLS
                            *ABS*:00000000 ip.c
C:\msys64\tmp\cc444t66.s:24     .bss.ip_data:00000000 ip_data
C:\msys64\tmp\cc444t66.s:21     .bss.ip_data:00000000 $d

NO UNDEFINED SYMBOLS
