ARM GAS  C:\msys64\tmp\cc7jpXlk.s 			page 1


   1              		.cpu cortex-m4
   2              		.arch armv7e-m
   3              		.fpu fpv4-sp-d16
   4              		.eabi_attribute 27, 1
   5              		.eabi_attribute 28, 1
   6              		.eabi_attribute 20, 1
   7              		.eabi_attribute 21, 1
   8              		.eabi_attribute 23, 3
   9              		.eabi_attribute 24, 1
  10              		.eabi_attribute 25, 1
  11              		.eabi_attribute 26, 1
  12              		.eabi_attribute 30, 1
  13              		.eabi_attribute 34, 1
  14              		.eabi_attribute 18, 4
  15              		.file	"ip4_addr.c"
  16              		.text
  17              	.Ltext0:
  18              		.cfi_sections	.debug_frame
  19              		.section	.text.ip4_addr_isbroadcast_u32,"ax",%progbits
  20              		.align	1
  21              		.global	ip4_addr_isbroadcast_u32
  22              		.syntax unified
  23              		.thumb
  24              		.thumb_func
  26              	ip4_addr_isbroadcast_u32:
  27              	.LVL0:
  28              	.LFB160:
  29              		.file 1 "Middlewares/Third_Party/LwIP/src/core/ipv4/ip4_addr.c"
   1:Middlewares/Third_Party/LwIP/src/core/ipv4/ip4_addr.c **** /**
   2:Middlewares/Third_Party/LwIP/src/core/ipv4/ip4_addr.c ****  * @file
   3:Middlewares/Third_Party/LwIP/src/core/ipv4/ip4_addr.c ****  * This is the IPv4 address tools implementation.
   4:Middlewares/Third_Party/LwIP/src/core/ipv4/ip4_addr.c ****  *
   5:Middlewares/Third_Party/LwIP/src/core/ipv4/ip4_addr.c ****  */
   6:Middlewares/Third_Party/LwIP/src/core/ipv4/ip4_addr.c **** 
   7:Middlewares/Third_Party/LwIP/src/core/ipv4/ip4_addr.c **** /*
   8:Middlewares/Third_Party/LwIP/src/core/ipv4/ip4_addr.c ****  * Copyright (c) 2001-2004 Swedish Institute of Computer Science.
   9:Middlewares/Third_Party/LwIP/src/core/ipv4/ip4_addr.c ****  * All rights reserved.
  10:Middlewares/Third_Party/LwIP/src/core/ipv4/ip4_addr.c ****  *
  11:Middlewares/Third_Party/LwIP/src/core/ipv4/ip4_addr.c ****  * Redistribution and use in source and binary forms, with or without modification,
  12:Middlewares/Third_Party/LwIP/src/core/ipv4/ip4_addr.c ****  * are permitted provided that the following conditions are met:
  13:Middlewares/Third_Party/LwIP/src/core/ipv4/ip4_addr.c ****  *
  14:Middlewares/Third_Party/LwIP/src/core/ipv4/ip4_addr.c ****  * 1. Redistributions of source code must retain the above copyright notice,
  15:Middlewares/Third_Party/LwIP/src/core/ipv4/ip4_addr.c ****  *    this list of conditions and the following disclaimer.
  16:Middlewares/Third_Party/LwIP/src/core/ipv4/ip4_addr.c ****  * 2. Redistributions in binary form must reproduce the above copyright notice,
  17:Middlewares/Third_Party/LwIP/src/core/ipv4/ip4_addr.c ****  *    this list of conditions and the following disclaimer in the documentation
  18:Middlewares/Third_Party/LwIP/src/core/ipv4/ip4_addr.c ****  *    and/or other materials provided with the distribution.
  19:Middlewares/Third_Party/LwIP/src/core/ipv4/ip4_addr.c ****  * 3. The name of the author may not be used to endorse or promote products
  20:Middlewares/Third_Party/LwIP/src/core/ipv4/ip4_addr.c ****  *    derived from this software without specific prior written permission.
  21:Middlewares/Third_Party/LwIP/src/core/ipv4/ip4_addr.c ****  *
  22:Middlewares/Third_Party/LwIP/src/core/ipv4/ip4_addr.c ****  * THIS SOFTWARE IS PROVIDED BY THE AUTHOR ``AS IS'' AND ANY EXPRESS OR IMPLIED
  23:Middlewares/Third_Party/LwIP/src/core/ipv4/ip4_addr.c ****  * WARRANTIES, INCLUDING, BUT NOT LIMITED TO, THE IMPLIED WARRANTIES OF
  24:Middlewares/Third_Party/LwIP/src/core/ipv4/ip4_addr.c ****  * MERCHANTABILITY AND FITNESS FOR A PARTICULAR PURPOSE ARE DISCLAIMED. IN NO EVENT
  25:Middlewares/Third_Party/LwIP/src/core/ipv4/ip4_addr.c ****  * SHALL THE AUTHOR BE LIABLE FOR ANY DIRECT, INDIRECT, INCIDENTAL, SPECIAL,
  26:Middlewares/Third_Party/LwIP/src/core/ipv4/ip4_addr.c ****  * EXEMPLARY, OR CONSEQUENTIAL DAMAGES (INCLUDING, BUT NOT LIMITED TO, PROCUREMENT
  27:Middlewares/Third_Party/LwIP/src/core/ipv4/ip4_addr.c ****  * OF SUBSTITUTE GOODS OR SERVICES; LOSS OF USE, DATA, OR PROFITS; OR BUSINESS
  28:Middlewares/Third_Party/LwIP/src/core/ipv4/ip4_addr.c ****  * INTERRUPTION) HOWEVER CAUSED AND ON ANY THEORY OF LIABILITY, WHETHER IN
  29:Middlewares/Third_Party/LwIP/src/core/ipv4/ip4_addr.c ****  * CONTRACT, STRICT LIABILITY, OR TORT (INCLUDING NEGLIGENCE OR OTHERWISE) ARISING
ARM GAS  C:\msys64\tmp\cc7jpXlk.s 			page 2


  30:Middlewares/Third_Party/LwIP/src/core/ipv4/ip4_addr.c ****  * IN ANY WAY OUT OF THE USE OF THIS SOFTWARE, EVEN IF ADVISED OF THE POSSIBILITY
  31:Middlewares/Third_Party/LwIP/src/core/ipv4/ip4_addr.c ****  * OF SUCH DAMAGE.
  32:Middlewares/Third_Party/LwIP/src/core/ipv4/ip4_addr.c ****  *
  33:Middlewares/Third_Party/LwIP/src/core/ipv4/ip4_addr.c ****  * This file is part of the lwIP TCP/IP stack.
  34:Middlewares/Third_Party/LwIP/src/core/ipv4/ip4_addr.c ****  *
  35:Middlewares/Third_Party/LwIP/src/core/ipv4/ip4_addr.c ****  * Author: Adam Dunkels <adam@sics.se>
  36:Middlewares/Third_Party/LwIP/src/core/ipv4/ip4_addr.c ****  *
  37:Middlewares/Third_Party/LwIP/src/core/ipv4/ip4_addr.c ****  */
  38:Middlewares/Third_Party/LwIP/src/core/ipv4/ip4_addr.c **** 
  39:Middlewares/Third_Party/LwIP/src/core/ipv4/ip4_addr.c **** #include "lwip/opt.h"
  40:Middlewares/Third_Party/LwIP/src/core/ipv4/ip4_addr.c **** 
  41:Middlewares/Third_Party/LwIP/src/core/ipv4/ip4_addr.c **** #if LWIP_IPV4
  42:Middlewares/Third_Party/LwIP/src/core/ipv4/ip4_addr.c **** 
  43:Middlewares/Third_Party/LwIP/src/core/ipv4/ip4_addr.c **** #include "lwip/ip_addr.h"
  44:Middlewares/Third_Party/LwIP/src/core/ipv4/ip4_addr.c **** #include "lwip/netif.h"
  45:Middlewares/Third_Party/LwIP/src/core/ipv4/ip4_addr.c **** 
  46:Middlewares/Third_Party/LwIP/src/core/ipv4/ip4_addr.c **** /* used by IP4_ADDR_ANY and IP_ADDR_BROADCAST in ip_addr.h */
  47:Middlewares/Third_Party/LwIP/src/core/ipv4/ip4_addr.c **** const ip_addr_t ip_addr_any = IPADDR4_INIT(IPADDR_ANY);
  48:Middlewares/Third_Party/LwIP/src/core/ipv4/ip4_addr.c **** const ip_addr_t ip_addr_broadcast = IPADDR4_INIT(IPADDR_BROADCAST);
  49:Middlewares/Third_Party/LwIP/src/core/ipv4/ip4_addr.c **** 
  50:Middlewares/Third_Party/LwIP/src/core/ipv4/ip4_addr.c **** /**
  51:Middlewares/Third_Party/LwIP/src/core/ipv4/ip4_addr.c ****  * Determine if an address is a broadcast address on a network interface
  52:Middlewares/Third_Party/LwIP/src/core/ipv4/ip4_addr.c ****  *
  53:Middlewares/Third_Party/LwIP/src/core/ipv4/ip4_addr.c ****  * @param addr address to be checked
  54:Middlewares/Third_Party/LwIP/src/core/ipv4/ip4_addr.c ****  * @param netif the network interface against which the address is checked
  55:Middlewares/Third_Party/LwIP/src/core/ipv4/ip4_addr.c ****  * @return returns non-zero if the address is a broadcast address
  56:Middlewares/Third_Party/LwIP/src/core/ipv4/ip4_addr.c ****  */
  57:Middlewares/Third_Party/LwIP/src/core/ipv4/ip4_addr.c **** u8_t
  58:Middlewares/Third_Party/LwIP/src/core/ipv4/ip4_addr.c **** ip4_addr_isbroadcast_u32(u32_t addr, const struct netif *netif)
  59:Middlewares/Third_Party/LwIP/src/core/ipv4/ip4_addr.c **** {
  30              		.loc 1 59 1 view -0
  31              		.cfi_startproc
  32              		@ args = 0, pretend = 0, frame = 0
  33              		@ frame_needed = 0, uses_anonymous_args = 0
  34              		@ link register save eliminated.
  35              		.loc 1 59 1 is_stmt 0 view .LVU1
  36 0000 0346     		mov	r3, r0
  60:Middlewares/Third_Party/LwIP/src/core/ipv4/ip4_addr.c ****   ip4_addr_t ipaddr;
  37              		.loc 1 60 3 is_stmt 1 view .LVU2
  61:Middlewares/Third_Party/LwIP/src/core/ipv4/ip4_addr.c ****   ip4_addr_set_u32(&ipaddr, addr);
  38              		.loc 1 61 3 view .LVU3
  62:Middlewares/Third_Party/LwIP/src/core/ipv4/ip4_addr.c **** 
  63:Middlewares/Third_Party/LwIP/src/core/ipv4/ip4_addr.c ****   /* all ones (broadcast) or all zeroes (old skool broadcast) */
  64:Middlewares/Third_Party/LwIP/src/core/ipv4/ip4_addr.c ****   if ((~addr == IPADDR_ANY) ||
  39              		.loc 1 64 3 view .LVU4
  40              		.loc 1 64 29 is_stmt 0 view .LVU5
  41 0002 421E     		subs	r2, r0, #1
  42              		.loc 1 64 6 view .LVU6
  43 0004 12F1030F 		cmn	r2, #3
  44 0008 12D8     		bhi	.L3
  65:Middlewares/Third_Party/LwIP/src/core/ipv4/ip4_addr.c ****       (addr == IPADDR_ANY)) {
  66:Middlewares/Third_Party/LwIP/src/core/ipv4/ip4_addr.c ****     return 1;
  67:Middlewares/Third_Party/LwIP/src/core/ipv4/ip4_addr.c ****     /* no broadcast support on this network interface? */
  68:Middlewares/Third_Party/LwIP/src/core/ipv4/ip4_addr.c ****   } else if ((netif->flags & NETIF_FLAG_BROADCAST) == 0) {
  45              		.loc 1 68 10 is_stmt 1 view .LVU7
  46              		.loc 1 68 20 is_stmt 0 view .LVU8
  47 000a 91F82D00 		ldrb	r0, [r1, #45]	@ zero_extendqisi2
ARM GAS  C:\msys64\tmp\cc7jpXlk.s 			page 3


  48              	.LVL1:
  49              		.loc 1 68 13 view .LVU9
  50 000e 10F00200 		ands	r0, r0, #2
  51 0012 14D0     		beq	.L2
  69:Middlewares/Third_Party/LwIP/src/core/ipv4/ip4_addr.c ****     /* the given address cannot be a broadcast address
  70:Middlewares/Third_Party/LwIP/src/core/ipv4/ip4_addr.c ****      * nor can we check against any broadcast addresses */
  71:Middlewares/Third_Party/LwIP/src/core/ipv4/ip4_addr.c ****     return 0;
  72:Middlewares/Third_Party/LwIP/src/core/ipv4/ip4_addr.c ****     /* address matches network interface address exactly? => no broadcast */
  73:Middlewares/Third_Party/LwIP/src/core/ipv4/ip4_addr.c ****   } else if (addr == ip4_addr_get_u32(netif_ip4_addr(netif))) {
  52              		.loc 1 73 10 is_stmt 1 view .LVU10
  53              		.loc 1 73 22 is_stmt 0 view .LVU11
  54 0014 4A68     		ldr	r2, [r1, #4]
  55              		.loc 1 73 13 view .LVU12
  56 0016 9A42     		cmp	r2, r3
  57 0018 0CD0     		beq	.L4
  74:Middlewares/Third_Party/LwIP/src/core/ipv4/ip4_addr.c ****     return 0;
  75:Middlewares/Third_Party/LwIP/src/core/ipv4/ip4_addr.c ****     /*  on the same (sub) network... */
  76:Middlewares/Third_Party/LwIP/src/core/ipv4/ip4_addr.c ****   } else if (ip4_addr_netcmp(&ipaddr, netif_ip4_addr(netif), netif_ip4_netmask(netif))
  58              		.loc 1 76 10 is_stmt 1 view .LVU13
  59              		.loc 1 76 14 is_stmt 0 view .LVU14
  60 001a 8968     		ldr	r1, [r1, #8]
  61              	.LVL2:
  62              		.loc 1 76 14 view .LVU15
  63 001c 5A40     		eors	r2, r2, r3
  64              		.loc 1 76 13 view .LVU16
  65 001e 0A42     		tst	r2, r1
  66 0020 0AD1     		bne	.L5
  77:Middlewares/Third_Party/LwIP/src/core/ipv4/ip4_addr.c ****              /* ...and host identifier bits are all ones? =>... */
  78:Middlewares/Third_Party/LwIP/src/core/ipv4/ip4_addr.c ****              && ((addr & ~ip4_addr_get_u32(netif_ip4_netmask(netif))) ==
  67              		.loc 1 78 26 view .LVU17
  68 0022 CA43     		mvns	r2, r1
  69              		.loc 1 78 24 view .LVU18
  70 0024 23EA0103 		bic	r3, r3, r1
  71              	.LVL3:
  72              		.loc 1 78 14 view .LVU19
  73 0028 9A42     		cmp	r2, r3
  74 002a 07D0     		beq	.L6
  79:Middlewares/Third_Party/LwIP/src/core/ipv4/ip4_addr.c ****                  (IPADDR_BROADCAST & ~ip4_addr_get_u32(netif_ip4_netmask(netif))))) {
  80:Middlewares/Third_Party/LwIP/src/core/ipv4/ip4_addr.c ****     /* => network broadcast address */
  81:Middlewares/Third_Party/LwIP/src/core/ipv4/ip4_addr.c ****     return 1;
  82:Middlewares/Third_Party/LwIP/src/core/ipv4/ip4_addr.c ****   } else {
  83:Middlewares/Third_Party/LwIP/src/core/ipv4/ip4_addr.c ****     return 0;
  75              		.loc 1 83 12 view .LVU20
  76 002c 0020     		movs	r0, #0
  77 002e 7047     		bx	lr
  78              	.LVL4:
  79              	.L3:
  66:Middlewares/Third_Party/LwIP/src/core/ipv4/ip4_addr.c ****     /* no broadcast support on this network interface? */
  80              		.loc 1 66 12 view .LVU21
  81 0030 0120     		movs	r0, #1
  82              	.LVL5:
  66:Middlewares/Third_Party/LwIP/src/core/ipv4/ip4_addr.c ****     /* no broadcast support on this network interface? */
  83              		.loc 1 66 12 view .LVU22
  84 0032 7047     		bx	lr
  85              	.L4:
  74:Middlewares/Third_Party/LwIP/src/core/ipv4/ip4_addr.c ****     /*  on the same (sub) network... */
  86              		.loc 1 74 12 view .LVU23
ARM GAS  C:\msys64\tmp\cc7jpXlk.s 			page 4


  87 0034 0020     		movs	r0, #0
  88 0036 7047     		bx	lr
  89              	.LVL6:
  90              	.L5:
  91              		.loc 1 83 12 view .LVU24
  92 0038 0020     		movs	r0, #0
  93 003a 7047     		bx	lr
  94              	.LVL7:
  95              	.L6:
  81:Middlewares/Third_Party/LwIP/src/core/ipv4/ip4_addr.c ****   } else {
  96              		.loc 1 81 12 view .LVU25
  97 003c 0120     		movs	r0, #1
  98              	.L2:
  84:Middlewares/Third_Party/LwIP/src/core/ipv4/ip4_addr.c ****   }
  85:Middlewares/Third_Party/LwIP/src/core/ipv4/ip4_addr.c **** }
  99              		.loc 1 85 1 view .LVU26
 100 003e 7047     		bx	lr
 101              		.cfi_endproc
 102              	.LFE160:
 104              		.section	.text.ip4_addr_netmask_valid,"ax",%progbits
 105              		.align	1
 106              		.global	ip4_addr_netmask_valid
 107              		.syntax unified
 108              		.thumb
 109              		.thumb_func
 111              	ip4_addr_netmask_valid:
 112              	.LVL8:
 113              	.LFB161:
  86:Middlewares/Third_Party/LwIP/src/core/ipv4/ip4_addr.c **** 
  87:Middlewares/Third_Party/LwIP/src/core/ipv4/ip4_addr.c **** /** Checks if a netmask is valid (starting with ones, then only zeros)
  88:Middlewares/Third_Party/LwIP/src/core/ipv4/ip4_addr.c ****  *
  89:Middlewares/Third_Party/LwIP/src/core/ipv4/ip4_addr.c ****  * @param netmask the IPv4 netmask to check (in network byte order!)
  90:Middlewares/Third_Party/LwIP/src/core/ipv4/ip4_addr.c ****  * @return 1 if the netmask is valid, 0 if it is not
  91:Middlewares/Third_Party/LwIP/src/core/ipv4/ip4_addr.c ****  */
  92:Middlewares/Third_Party/LwIP/src/core/ipv4/ip4_addr.c **** u8_t
  93:Middlewares/Third_Party/LwIP/src/core/ipv4/ip4_addr.c **** ip4_addr_netmask_valid(u32_t netmask)
  94:Middlewares/Third_Party/LwIP/src/core/ipv4/ip4_addr.c **** {
 114              		.loc 1 94 1 is_stmt 1 view -0
 115              		.cfi_startproc
 116              		@ args = 0, pretend = 0, frame = 0
 117              		@ frame_needed = 0, uses_anonymous_args = 0
 118              		.loc 1 94 1 is_stmt 0 view .LVU28
 119 0000 08B5     		push	{r3, lr}
 120              	.LCFI0:
 121              		.cfi_def_cfa_offset 8
 122              		.cfi_offset 3, -8
 123              		.cfi_offset 14, -4
  95:Middlewares/Third_Party/LwIP/src/core/ipv4/ip4_addr.c ****   u32_t mask;
 124              		.loc 1 95 3 is_stmt 1 view .LVU29
  96:Middlewares/Third_Party/LwIP/src/core/ipv4/ip4_addr.c ****   u32_t nm_hostorder = lwip_htonl(netmask);
 125              		.loc 1 96 3 view .LVU30
 126              		.loc 1 96 24 is_stmt 0 view .LVU31
 127 0002 FFF7FEFF 		bl	lwip_htonl
 128              	.LVL9:
  97:Middlewares/Third_Party/LwIP/src/core/ipv4/ip4_addr.c **** 
  98:Middlewares/Third_Party/LwIP/src/core/ipv4/ip4_addr.c ****   /* first, check for the first zero */
  99:Middlewares/Third_Party/LwIP/src/core/ipv4/ip4_addr.c ****   for (mask = 1UL << 31 ; mask != 0; mask >>= 1) {
ARM GAS  C:\msys64\tmp\cc7jpXlk.s 			page 5


 129              		.loc 1 99 3 is_stmt 1 view .LVU32
 130              		.loc 1 99 13 is_stmt 0 view .LVU33
 131 0006 4FF00043 		mov	r3, #-2147483648
 132              	.LVL10:
 133              	.L8:
 134              		.loc 1 99 32 is_stmt 1 discriminator 1 view .LVU34
 135 000a 1BB1     		cbz	r3, .L12
 100:Middlewares/Third_Party/LwIP/src/core/ipv4/ip4_addr.c ****     if ((nm_hostorder & mask) == 0) {
 136              		.loc 1 100 5 view .LVU35
 137              		.loc 1 100 8 is_stmt 0 view .LVU36
 138 000c 0342     		tst	r3, r0
 139 000e 01D0     		beq	.L12
  99:Middlewares/Third_Party/LwIP/src/core/ipv4/ip4_addr.c ****     if ((nm_hostorder & mask) == 0) {
 140              		.loc 1 99 43 is_stmt 1 discriminator 2 view .LVU37
 141 0010 5B08     		lsrs	r3, r3, #1
 142              	.LVL11:
  99:Middlewares/Third_Party/LwIP/src/core/ipv4/ip4_addr.c ****     if ((nm_hostorder & mask) == 0) {
 143              		.loc 1 99 43 is_stmt 0 discriminator 2 view .LVU38
 144 0012 FAE7     		b	.L8
 145              	.L12:
 101:Middlewares/Third_Party/LwIP/src/core/ipv4/ip4_addr.c ****       break;
 102:Middlewares/Third_Party/LwIP/src/core/ipv4/ip4_addr.c ****     }
 103:Middlewares/Third_Party/LwIP/src/core/ipv4/ip4_addr.c ****   }
 104:Middlewares/Third_Party/LwIP/src/core/ipv4/ip4_addr.c ****   /* then check that there is no one */
 105:Middlewares/Third_Party/LwIP/src/core/ipv4/ip4_addr.c ****   for (; mask != 0; mask >>= 1) {
 146              		.loc 1 105 15 is_stmt 1 discriminator 1 view .LVU39
 147 0014 1BB1     		cbz	r3, .L16
 106:Middlewares/Third_Party/LwIP/src/core/ipv4/ip4_addr.c ****     if ((nm_hostorder & mask) != 0) {
 148              		.loc 1 106 5 view .LVU40
 149              		.loc 1 106 8 is_stmt 0 view .LVU41
 150 0016 0342     		tst	r3, r0
 151 0018 03D1     		bne	.L14
 105:Middlewares/Third_Party/LwIP/src/core/ipv4/ip4_addr.c ****     if ((nm_hostorder & mask) != 0) {
 152              		.loc 1 105 26 is_stmt 1 view .LVU42
 153 001a 5B08     		lsrs	r3, r3, #1
 154              	.LVL12:
 105:Middlewares/Third_Party/LwIP/src/core/ipv4/ip4_addr.c ****     if ((nm_hostorder & mask) != 0) {
 155              		.loc 1 105 26 is_stmt 0 view .LVU43
 156 001c FAE7     		b	.L12
 157              	.L16:
 107:Middlewares/Third_Party/LwIP/src/core/ipv4/ip4_addr.c ****       /* there is a one after the first zero -> invalid */
 108:Middlewares/Third_Party/LwIP/src/core/ipv4/ip4_addr.c ****       return 0;
 109:Middlewares/Third_Party/LwIP/src/core/ipv4/ip4_addr.c ****     }
 110:Middlewares/Third_Party/LwIP/src/core/ipv4/ip4_addr.c ****   }
 111:Middlewares/Third_Party/LwIP/src/core/ipv4/ip4_addr.c ****   /* no one after the first zero -> valid */
 112:Middlewares/Third_Party/LwIP/src/core/ipv4/ip4_addr.c ****   return 1;
 158              		.loc 1 112 10 view .LVU44
 159 001e 0120     		movs	r0, #1
 160              	.LVL13:
 161              	.L11:
 113:Middlewares/Third_Party/LwIP/src/core/ipv4/ip4_addr.c **** }
 162              		.loc 1 113 1 view .LVU45
 163 0020 08BD     		pop	{r3, pc}
 164              	.LVL14:
 165              	.L14:
 108:Middlewares/Third_Party/LwIP/src/core/ipv4/ip4_addr.c ****     }
 166              		.loc 1 108 14 view .LVU46
ARM GAS  C:\msys64\tmp\cc7jpXlk.s 			page 6


 167 0022 0020     		movs	r0, #0
 168              	.LVL15:
 108:Middlewares/Third_Party/LwIP/src/core/ipv4/ip4_addr.c ****     }
 169              		.loc 1 108 14 view .LVU47
 170 0024 FCE7     		b	.L11
 171              		.cfi_endproc
 172              	.LFE161:
 174              		.section	.rodata.ip4addr_aton.str1.4,"aMS",%progbits,1
 175              		.align	2
 176              	.LC0:
 177 0000 4D696464 		.ascii	"Middlewares/Third_Party/LwIP/src/core/ipv4/ip4_addr"
 177      6C657761 
 177      7265732F 
 177      54686972 
 177      645F5061 
 178 0033 2E6300   		.ascii	".c\000"
 179 0036 0000     		.align	2
 180              	.LC1:
 181 0038 756E6861 		.ascii	"unhandled\000"
 181      6E646C65 
 181      6400
 182 0042 0000     		.align	2
 183              	.LC2:
 184 0044 41737365 		.ascii	"Assertion \"%s\" failed at line %d in %s\012\000"
 184      7274696F 
 184      6E202225 
 184      73222066 
 184      61696C65 
 185              		.section	.text.ip4addr_aton,"ax",%progbits
 186              		.align	1
 187              		.global	ip4addr_aton
 188              		.syntax unified
 189              		.thumb
 190              		.thumb_func
 192              	ip4addr_aton:
 193              	.LVL16:
 194              	.LFB163:
 114:Middlewares/Third_Party/LwIP/src/core/ipv4/ip4_addr.c **** 
 115:Middlewares/Third_Party/LwIP/src/core/ipv4/ip4_addr.c **** /**
 116:Middlewares/Third_Party/LwIP/src/core/ipv4/ip4_addr.c ****  * Ascii internet address interpretation routine.
 117:Middlewares/Third_Party/LwIP/src/core/ipv4/ip4_addr.c ****  * The value returned is in network order.
 118:Middlewares/Third_Party/LwIP/src/core/ipv4/ip4_addr.c ****  *
 119:Middlewares/Third_Party/LwIP/src/core/ipv4/ip4_addr.c ****  * @param cp IP address in ascii representation (e.g. "127.0.0.1")
 120:Middlewares/Third_Party/LwIP/src/core/ipv4/ip4_addr.c ****  * @return ip address in network order
 121:Middlewares/Third_Party/LwIP/src/core/ipv4/ip4_addr.c ****  */
 122:Middlewares/Third_Party/LwIP/src/core/ipv4/ip4_addr.c **** u32_t
 123:Middlewares/Third_Party/LwIP/src/core/ipv4/ip4_addr.c **** ipaddr_addr(const char *cp)
 124:Middlewares/Third_Party/LwIP/src/core/ipv4/ip4_addr.c **** {
 125:Middlewares/Third_Party/LwIP/src/core/ipv4/ip4_addr.c ****   ip4_addr_t val;
 126:Middlewares/Third_Party/LwIP/src/core/ipv4/ip4_addr.c **** 
 127:Middlewares/Third_Party/LwIP/src/core/ipv4/ip4_addr.c ****   if (ip4addr_aton(cp, &val)) {
 128:Middlewares/Third_Party/LwIP/src/core/ipv4/ip4_addr.c ****     return ip4_addr_get_u32(&val);
 129:Middlewares/Third_Party/LwIP/src/core/ipv4/ip4_addr.c ****   }
 130:Middlewares/Third_Party/LwIP/src/core/ipv4/ip4_addr.c ****   return (IPADDR_NONE);
 131:Middlewares/Third_Party/LwIP/src/core/ipv4/ip4_addr.c **** }
 132:Middlewares/Third_Party/LwIP/src/core/ipv4/ip4_addr.c **** 
 133:Middlewares/Third_Party/LwIP/src/core/ipv4/ip4_addr.c **** /**
ARM GAS  C:\msys64\tmp\cc7jpXlk.s 			page 7


 134:Middlewares/Third_Party/LwIP/src/core/ipv4/ip4_addr.c ****  * Check whether "cp" is a valid ascii representation
 135:Middlewares/Third_Party/LwIP/src/core/ipv4/ip4_addr.c ****  * of an Internet address and convert to a binary address.
 136:Middlewares/Third_Party/LwIP/src/core/ipv4/ip4_addr.c ****  * Returns 1 if the address is valid, 0 if not.
 137:Middlewares/Third_Party/LwIP/src/core/ipv4/ip4_addr.c ****  * This replaces inet_addr, the return value from which
 138:Middlewares/Third_Party/LwIP/src/core/ipv4/ip4_addr.c ****  * cannot distinguish between failure and a local broadcast address.
 139:Middlewares/Third_Party/LwIP/src/core/ipv4/ip4_addr.c ****  *
 140:Middlewares/Third_Party/LwIP/src/core/ipv4/ip4_addr.c ****  * @param cp IP address in ascii representation (e.g. "127.0.0.1")
 141:Middlewares/Third_Party/LwIP/src/core/ipv4/ip4_addr.c ****  * @param addr pointer to which to save the ip address in network order
 142:Middlewares/Third_Party/LwIP/src/core/ipv4/ip4_addr.c ****  * @return 1 if cp could be converted to addr, 0 on failure
 143:Middlewares/Third_Party/LwIP/src/core/ipv4/ip4_addr.c ****  */
 144:Middlewares/Third_Party/LwIP/src/core/ipv4/ip4_addr.c **** int
 145:Middlewares/Third_Party/LwIP/src/core/ipv4/ip4_addr.c **** ip4addr_aton(const char *cp, ip4_addr_t *addr)
 146:Middlewares/Third_Party/LwIP/src/core/ipv4/ip4_addr.c **** {
 195              		.loc 1 146 1 is_stmt 1 view -0
 196              		.cfi_startproc
 197              		@ args = 0, pretend = 0, frame = 16
 198              		@ frame_needed = 0, uses_anonymous_args = 0
 199              		.loc 1 146 1 is_stmt 0 view .LVU49
 200 0000 30B5     		push	{r4, r5, lr}
 201              	.LCFI1:
 202              		.cfi_def_cfa_offset 12
 203              		.cfi_offset 4, -12
 204              		.cfi_offset 5, -8
 205              		.cfi_offset 14, -4
 206 0002 85B0     		sub	sp, sp, #20
 207              	.LCFI2:
 208              		.cfi_def_cfa_offset 32
 209 0004 0D46     		mov	r5, r1
 147:Middlewares/Third_Party/LwIP/src/core/ipv4/ip4_addr.c ****   u32_t val;
 210              		.loc 1 147 3 is_stmt 1 view .LVU50
 148:Middlewares/Third_Party/LwIP/src/core/ipv4/ip4_addr.c ****   u8_t base;
 211              		.loc 1 148 3 view .LVU51
 149:Middlewares/Third_Party/LwIP/src/core/ipv4/ip4_addr.c ****   char c;
 212              		.loc 1 149 3 view .LVU52
 150:Middlewares/Third_Party/LwIP/src/core/ipv4/ip4_addr.c ****   u32_t parts[4];
 213              		.loc 1 150 3 view .LVU53
 151:Middlewares/Third_Party/LwIP/src/core/ipv4/ip4_addr.c ****   u32_t *pp = parts;
 214              		.loc 1 151 3 view .LVU54
 215              	.LVL17:
 152:Middlewares/Third_Party/LwIP/src/core/ipv4/ip4_addr.c **** 
 153:Middlewares/Third_Party/LwIP/src/core/ipv4/ip4_addr.c ****   c = *cp;
 216              		.loc 1 153 3 view .LVU55
 217              		.loc 1 153 5 is_stmt 0 view .LVU56
 218 0006 0378     		ldrb	r3, [r0]	@ zero_extendqisi2
 219              	.LVL18:
 151:Middlewares/Third_Party/LwIP/src/core/ipv4/ip4_addr.c ****   u32_t *pp = parts;
 220              		.loc 1 151 10 view .LVU57
 221 0008 EC46     		mov	ip, sp
 222 000a 35E0     		b	.L27
 223              	.LVL19:
 224              	.L55:
 154:Middlewares/Third_Party/LwIP/src/core/ipv4/ip4_addr.c ****   for (;;) {
 155:Middlewares/Third_Party/LwIP/src/core/ipv4/ip4_addr.c ****     /*
 156:Middlewares/Third_Party/LwIP/src/core/ipv4/ip4_addr.c ****      * Collect number up to ``.''.
 157:Middlewares/Third_Party/LwIP/src/core/ipv4/ip4_addr.c ****      * Values are specified as for C:
 158:Middlewares/Third_Party/LwIP/src/core/ipv4/ip4_addr.c ****      * 0x=hex, 0=octal, 1-9=decimal.
 159:Middlewares/Third_Party/LwIP/src/core/ipv4/ip4_addr.c ****      */
ARM GAS  C:\msys64\tmp\cc7jpXlk.s 			page 8


 160:Middlewares/Third_Party/LwIP/src/core/ipv4/ip4_addr.c ****     if (!lwip_isdigit(c)) {
 161:Middlewares/Third_Party/LwIP/src/core/ipv4/ip4_addr.c ****       return 0;
 162:Middlewares/Third_Party/LwIP/src/core/ipv4/ip4_addr.c ****     }
 163:Middlewares/Third_Party/LwIP/src/core/ipv4/ip4_addr.c ****     val = 0;
 164:Middlewares/Third_Party/LwIP/src/core/ipv4/ip4_addr.c ****     base = 10;
 165:Middlewares/Third_Party/LwIP/src/core/ipv4/ip4_addr.c ****     if (c == '0') {
 166:Middlewares/Third_Party/LwIP/src/core/ipv4/ip4_addr.c ****       c = *++cp;
 225              		.loc 1 166 7 is_stmt 1 view .LVU58
 226              		.loc 1 166 9 is_stmt 0 view .LVU59
 227 000c 421C     		adds	r2, r0, #1
 228              	.LVL20:
 229              		.loc 1 166 9 view .LVU60
 230 000e 4378     		ldrb	r3, [r0, #1]	@ zero_extendqisi2
 231              	.LVL21:
 167:Middlewares/Third_Party/LwIP/src/core/ipv4/ip4_addr.c ****       if (c == 'x' || c == 'X') {
 232              		.loc 1 167 7 is_stmt 1 view .LVU61
 233              		.loc 1 167 10 is_stmt 0 view .LVU62
 234 0010 782B     		cmp	r3, #120
 235 0012 04D0     		beq	.L20
 236              		.loc 1 167 20 discriminator 1 view .LVU63
 237 0014 582B     		cmp	r3, #88
 238 0016 02D0     		beq	.L20
 166:Middlewares/Third_Party/LwIP/src/core/ipv4/ip4_addr.c ****       if (c == 'x' || c == 'X') {
 239              		.loc 1 166 9 view .LVU64
 240 0018 1046     		mov	r0, r2
 168:Middlewares/Third_Party/LwIP/src/core/ipv4/ip4_addr.c ****         base = 16;
 169:Middlewares/Third_Party/LwIP/src/core/ipv4/ip4_addr.c ****         c = *++cp;
 170:Middlewares/Third_Party/LwIP/src/core/ipv4/ip4_addr.c ****       } else {
 171:Middlewares/Third_Party/LwIP/src/core/ipv4/ip4_addr.c ****         base = 8;
 241              		.loc 1 171 14 view .LVU65
 242 001a 0821     		movs	r1, #8
 243 001c 34E0     		b	.L19
 244              	.L20:
 168:Middlewares/Third_Party/LwIP/src/core/ipv4/ip4_addr.c ****         base = 16;
 245              		.loc 1 168 9 is_stmt 1 view .LVU66
 246              	.LVL22:
 169:Middlewares/Third_Party/LwIP/src/core/ipv4/ip4_addr.c ****       } else {
 247              		.loc 1 169 9 view .LVU67
 169:Middlewares/Third_Party/LwIP/src/core/ipv4/ip4_addr.c ****       } else {
 248              		.loc 1 169 11 is_stmt 0 view .LVU68
 249 001e 8378     		ldrb	r3, [r0, #2]	@ zero_extendqisi2
 250              	.LVL23:
 169:Middlewares/Third_Party/LwIP/src/core/ipv4/ip4_addr.c ****       } else {
 251              		.loc 1 169 11 view .LVU69
 252 0020 0230     		adds	r0, r0, #2
 253              	.LVL24:
 168:Middlewares/Third_Party/LwIP/src/core/ipv4/ip4_addr.c ****         base = 16;
 254              		.loc 1 168 14 view .LVU70
 255 0022 1021     		movs	r1, #16
 169:Middlewares/Third_Party/LwIP/src/core/ipv4/ip4_addr.c ****       } else {
 256              		.loc 1 169 11 view .LVU71
 257 0024 30E0     		b	.L19
 258              	.LVL25:
 259              	.L22:
 172:Middlewares/Third_Party/LwIP/src/core/ipv4/ip4_addr.c ****       }
 173:Middlewares/Third_Party/LwIP/src/core/ipv4/ip4_addr.c ****     }
 174:Middlewares/Third_Party/LwIP/src/core/ipv4/ip4_addr.c ****     for (;;) {
ARM GAS  C:\msys64\tmp\cc7jpXlk.s 			page 9


 175:Middlewares/Third_Party/LwIP/src/core/ipv4/ip4_addr.c ****       if (lwip_isdigit(c)) {
 176:Middlewares/Third_Party/LwIP/src/core/ipv4/ip4_addr.c ****         val = (val * base) + (u32_t)(c - '0');
 177:Middlewares/Third_Party/LwIP/src/core/ipv4/ip4_addr.c ****         c = *++cp;
 178:Middlewares/Third_Party/LwIP/src/core/ipv4/ip4_addr.c ****       } else if (base == 16 && lwip_isxdigit(c)) {
 260              		.loc 1 178 14 is_stmt 1 view .LVU72
 261              		.loc 1 178 17 is_stmt 0 view .LVU73
 262 0026 1029     		cmp	r1, #16
 263 0028 1BD1     		bne	.L24
 264              		.loc 1 178 29 discriminator 1 view .LVU74
 265 002a 12F0440F 		tst	r2, #68
 266 002e 18D0     		beq	.L24
 179:Middlewares/Third_Party/LwIP/src/core/ipv4/ip4_addr.c ****         val = (val << 4) | (u32_t)(c + 10 - (lwip_islower(c) ? 'a' : 'A'));
 267              		.loc 1 179 9 is_stmt 1 view .LVU75
 268              		.loc 1 179 20 is_stmt 0 view .LVU76
 269 0030 2401     		lsls	r4, r4, #4
 270              	.LVL26:
 271              		.loc 1 179 38 view .LVU77
 272 0032 0A33     		adds	r3, r3, #10
 273              	.LVL27:
 274              		.loc 1 179 68 view .LVU78
 275 0034 02F00302 		and	r2, r2, #3
 276 0038 022A     		cmp	r2, #2
 277 003a 10D0     		beq	.L54
 278 003c 4122     		movs	r2, #65
 279              	.L25:
 280              		.loc 1 179 43 discriminator 4 view .LVU79
 281 003e 9B1A     		subs	r3, r3, r2
 282              		.loc 1 179 13 discriminator 4 view .LVU80
 283 0040 1C43     		orrs	r4, r4, r3
 284              	.LVL28:
 180:Middlewares/Third_Party/LwIP/src/core/ipv4/ip4_addr.c ****         c = *++cp;
 285              		.loc 1 180 9 is_stmt 1 discriminator 4 view .LVU81
 286              		.loc 1 180 11 is_stmt 0 discriminator 4 view .LVU82
 287 0042 10F8013F 		ldrb	r3, [r0, #1]!	@ zero_extendqisi2
 288              	.LVL29:
 289              	.L21:
 174:Middlewares/Third_Party/LwIP/src/core/ipv4/ip4_addr.c ****       if (lwip_isdigit(c)) {
 290              		.loc 1 174 5 is_stmt 1 view .LVU83
 175:Middlewares/Third_Party/LwIP/src/core/ipv4/ip4_addr.c ****         val = (val * base) + (u32_t)(c - '0');
 291              		.loc 1 175 7 view .LVU84
 175:Middlewares/Third_Party/LwIP/src/core/ipv4/ip4_addr.c ****         val = (val * base) + (u32_t)(c - '0');
 292              		.loc 1 175 11 is_stmt 0 view .LVU85
 293 0046 424A     		ldr	r2, .L56
 294 0048 D25C     		ldrb	r2, [r2, r3]	@ zero_extendqisi2
 175:Middlewares/Third_Party/LwIP/src/core/ipv4/ip4_addr.c ****         val = (val * base) + (u32_t)(c - '0');
 295              		.loc 1 175 10 view .LVU86
 296 004a 12F0040F 		tst	r2, #4
 297 004e EAD0     		beq	.L22
 176:Middlewares/Third_Party/LwIP/src/core/ipv4/ip4_addr.c ****         c = *++cp;
 298              		.loc 1 176 9 is_stmt 1 view .LVU87
 176:Middlewares/Third_Party/LwIP/src/core/ipv4/ip4_addr.c ****         c = *++cp;
 299              		.loc 1 176 28 is_stmt 0 view .LVU88
 300 0050 04FB0133 		mla	r3, r4, r1, r3
 301              	.LVL30:
 176:Middlewares/Third_Party/LwIP/src/core/ipv4/ip4_addr.c ****         c = *++cp;
 302              		.loc 1 176 13 view .LVU89
 303 0054 A3F13004 		sub	r4, r3, #48
ARM GAS  C:\msys64\tmp\cc7jpXlk.s 			page 10


 304              	.LVL31:
 177:Middlewares/Third_Party/LwIP/src/core/ipv4/ip4_addr.c ****       } else if (base == 16 && lwip_isxdigit(c)) {
 305              		.loc 1 177 9 is_stmt 1 view .LVU90
 177:Middlewares/Third_Party/LwIP/src/core/ipv4/ip4_addr.c ****       } else if (base == 16 && lwip_isxdigit(c)) {
 306              		.loc 1 177 11 is_stmt 0 view .LVU91
 307 0058 10F8013F 		ldrb	r3, [r0, #1]!	@ zero_extendqisi2
 308              	.LVL32:
 177:Middlewares/Third_Party/LwIP/src/core/ipv4/ip4_addr.c ****       } else if (base == 16 && lwip_isxdigit(c)) {
 309              		.loc 1 177 11 view .LVU92
 310 005c F3E7     		b	.L21
 311              	.LVL33:
 312              	.L54:
 179:Middlewares/Third_Party/LwIP/src/core/ipv4/ip4_addr.c ****         c = *++cp;
 313              		.loc 1 179 68 view .LVU93
 314 005e 6122     		movs	r2, #97
 315 0060 EDE7     		b	.L25
 316              	.LVL34:
 317              	.L24:
 181:Middlewares/Third_Party/LwIP/src/core/ipv4/ip4_addr.c ****       } else {
 182:Middlewares/Third_Party/LwIP/src/core/ipv4/ip4_addr.c ****         break;
 183:Middlewares/Third_Party/LwIP/src/core/ipv4/ip4_addr.c ****       }
 184:Middlewares/Third_Party/LwIP/src/core/ipv4/ip4_addr.c ****     }
 185:Middlewares/Third_Party/LwIP/src/core/ipv4/ip4_addr.c ****     if (c == '.') {
 318              		.loc 1 185 5 is_stmt 1 view .LVU94
 319              		.loc 1 185 8 is_stmt 0 view .LVU95
 320 0062 2E2B     		cmp	r3, #46
 321 0064 12D1     		bne	.L26
 186:Middlewares/Third_Party/LwIP/src/core/ipv4/ip4_addr.c ****       /*
 187:Middlewares/Third_Party/LwIP/src/core/ipv4/ip4_addr.c ****        * Internet format:
 188:Middlewares/Third_Party/LwIP/src/core/ipv4/ip4_addr.c ****        *  a.b.c.d
 189:Middlewares/Third_Party/LwIP/src/core/ipv4/ip4_addr.c ****        *  a.b.c   (with c treated as 16 bits)
 190:Middlewares/Third_Party/LwIP/src/core/ipv4/ip4_addr.c ****        *  a.b (with b treated as 24 bits)
 191:Middlewares/Third_Party/LwIP/src/core/ipv4/ip4_addr.c ****        */
 192:Middlewares/Third_Party/LwIP/src/core/ipv4/ip4_addr.c ****       if (pp >= parts + 3) {
 322              		.loc 1 192 7 is_stmt 1 view .LVU96
 323              		.loc 1 192 10 is_stmt 0 view .LVU97
 324 0066 03AB     		add	r3, sp, #12
 325              	.LVL35:
 326              		.loc 1 192 10 view .LVU98
 327 0068 9C45     		cmp	ip, r3
 328 006a 58D2     		bcs	.L39
 193:Middlewares/Third_Party/LwIP/src/core/ipv4/ip4_addr.c ****         return 0;
 194:Middlewares/Third_Party/LwIP/src/core/ipv4/ip4_addr.c ****       }
 195:Middlewares/Third_Party/LwIP/src/core/ipv4/ip4_addr.c ****       *pp++ = val;
 329              		.loc 1 195 7 is_stmt 1 view .LVU99
 330              		.loc 1 195 10 is_stmt 0 view .LVU100
 331 006c 6246     		mov	r2, ip
 332              	.LVL36:
 333              		.loc 1 195 13 view .LVU101
 334 006e 42F8044B 		str	r4, [r2], #4
 335              	.LVL37:
 196:Middlewares/Third_Party/LwIP/src/core/ipv4/ip4_addr.c ****       c = *++cp;
 336              		.loc 1 196 7 is_stmt 1 view .LVU102
 337              		.loc 1 196 9 is_stmt 0 view .LVU103
 338 0072 4378     		ldrb	r3, [r0, #1]	@ zero_extendqisi2
 339              	.LVL38:
 154:Middlewares/Third_Party/LwIP/src/core/ipv4/ip4_addr.c ****     /*
ARM GAS  C:\msys64\tmp\cc7jpXlk.s 			page 11


 340              		.loc 1 154 3 is_stmt 1 view .LVU104
 195:Middlewares/Third_Party/LwIP/src/core/ipv4/ip4_addr.c ****       c = *++cp;
 341              		.loc 1 195 10 is_stmt 0 view .LVU105
 342 0074 9446     		mov	ip, r2
 343              		.loc 1 196 9 view .LVU106
 344 0076 0130     		adds	r0, r0, #1
 345              	.LVL39:
 346              	.L27:
 154:Middlewares/Third_Party/LwIP/src/core/ipv4/ip4_addr.c ****     /*
 347              		.loc 1 154 3 is_stmt 1 view .LVU107
 160:Middlewares/Third_Party/LwIP/src/core/ipv4/ip4_addr.c ****       return 0;
 348              		.loc 1 160 5 view .LVU108
 160:Middlewares/Third_Party/LwIP/src/core/ipv4/ip4_addr.c ****       return 0;
 349              		.loc 1 160 10 is_stmt 0 view .LVU109
 350 0078 354A     		ldr	r2, .L56
 351 007a D25C     		ldrb	r2, [r2, r3]	@ zero_extendqisi2
 160:Middlewares/Third_Party/LwIP/src/core/ipv4/ip4_addr.c ****       return 0;
 352              		.loc 1 160 8 view .LVU110
 353 007c 12F0040F 		tst	r2, #4
 354 0080 4BD0     		beq	.L35
 163:Middlewares/Third_Party/LwIP/src/core/ipv4/ip4_addr.c ****     base = 10;
 355              		.loc 1 163 5 is_stmt 1 view .LVU111
 356              	.LVL40:
 164:Middlewares/Third_Party/LwIP/src/core/ipv4/ip4_addr.c ****     if (c == '0') {
 357              		.loc 1 164 5 view .LVU112
 165:Middlewares/Third_Party/LwIP/src/core/ipv4/ip4_addr.c ****       c = *++cp;
 358              		.loc 1 165 5 view .LVU113
 165:Middlewares/Third_Party/LwIP/src/core/ipv4/ip4_addr.c ****       c = *++cp;
 359              		.loc 1 165 8 is_stmt 0 view .LVU114
 360 0082 302B     		cmp	r3, #48
 361 0084 C2D0     		beq	.L55
 164:Middlewares/Third_Party/LwIP/src/core/ipv4/ip4_addr.c ****     if (c == '0') {
 362              		.loc 1 164 10 view .LVU115
 363 0086 0A21     		movs	r1, #10
 364              	.LVL41:
 365              	.L19:
 171:Middlewares/Third_Party/LwIP/src/core/ipv4/ip4_addr.c ****       }
 366              		.loc 1 171 14 view .LVU116
 367 0088 0024     		movs	r4, #0
 368 008a DCE7     		b	.L21
 369              	.LVL42:
 370              	.L26:
 197:Middlewares/Third_Party/LwIP/src/core/ipv4/ip4_addr.c ****     } else {
 198:Middlewares/Third_Party/LwIP/src/core/ipv4/ip4_addr.c ****       break;
 199:Middlewares/Third_Party/LwIP/src/core/ipv4/ip4_addr.c ****     }
 200:Middlewares/Third_Party/LwIP/src/core/ipv4/ip4_addr.c ****   }
 201:Middlewares/Third_Party/LwIP/src/core/ipv4/ip4_addr.c ****   /*
 202:Middlewares/Third_Party/LwIP/src/core/ipv4/ip4_addr.c ****    * Check for trailing characters.
 203:Middlewares/Third_Party/LwIP/src/core/ipv4/ip4_addr.c ****    */
 204:Middlewares/Third_Party/LwIP/src/core/ipv4/ip4_addr.c ****   if (c != '\0' && !lwip_isspace(c)) {
 371              		.loc 1 204 3 is_stmt 1 view .LVU117
 372              		.loc 1 204 6 is_stmt 0 view .LVU118
 373 008c 13B1     		cbz	r3, .L28
 374              		.loc 1 204 17 discriminator 1 view .LVU119
 375 008e 12F0080F 		tst	r2, #8
 376 0092 47D0     		beq	.L40
 377              	.L28:
ARM GAS  C:\msys64\tmp\cc7jpXlk.s 			page 12


 205:Middlewares/Third_Party/LwIP/src/core/ipv4/ip4_addr.c ****     return 0;
 206:Middlewares/Third_Party/LwIP/src/core/ipv4/ip4_addr.c ****   }
 207:Middlewares/Third_Party/LwIP/src/core/ipv4/ip4_addr.c ****   /*
 208:Middlewares/Third_Party/LwIP/src/core/ipv4/ip4_addr.c ****    * Concoct the address according to
 209:Middlewares/Third_Party/LwIP/src/core/ipv4/ip4_addr.c ****    * the number of parts specified.
 210:Middlewares/Third_Party/LwIP/src/core/ipv4/ip4_addr.c ****    */
 211:Middlewares/Third_Party/LwIP/src/core/ipv4/ip4_addr.c ****   switch (pp - parts + 1) {
 378              		.loc 1 211 3 is_stmt 1 view .LVU120
 379              		.loc 1 211 14 is_stmt 0 view .LVU121
 380 0094 6B46     		mov	r3, sp
 381              	.LVL43:
 382              		.loc 1 211 14 view .LVU122
 383 0096 ACEB0300 		sub	r0, ip, r3
 384              	.LVL44:
 385              		.loc 1 211 14 view .LVU123
 386 009a 8010     		asrs	r0, r0, #2
 387              		.loc 1 211 22 view .LVU124
 388 009c 0130     		adds	r0, r0, #1
 389              		.loc 1 211 3 view .LVU125
 390 009e 0428     		cmp	r0, #4
 391 00a0 34D8     		bhi	.L29
 392 00a2 DFE800F0 		tbb	[pc, r0]
 393              	.L31:
 394 00a6 3D       		.byte	(.L17-.L31)/2
 395 00a7 0B       		.byte	(.L34-.L31)/2
 396 00a8 03       		.byte	(.L33-.L31)/2
 397 00a9 13       		.byte	(.L32-.L31)/2
 398 00aa 21       		.byte	(.L30-.L31)/2
 399 00ab 00       		.p2align 1
 400              	.L33:
 212:Middlewares/Third_Party/LwIP/src/core/ipv4/ip4_addr.c **** 
 213:Middlewares/Third_Party/LwIP/src/core/ipv4/ip4_addr.c ****     case 0:
 214:Middlewares/Third_Party/LwIP/src/core/ipv4/ip4_addr.c ****       return 0;       /* initial nondigit */
 215:Middlewares/Third_Party/LwIP/src/core/ipv4/ip4_addr.c **** 
 216:Middlewares/Third_Party/LwIP/src/core/ipv4/ip4_addr.c ****     case 1:             /* a -- 32 bits */
 217:Middlewares/Third_Party/LwIP/src/core/ipv4/ip4_addr.c ****       break;
 218:Middlewares/Third_Party/LwIP/src/core/ipv4/ip4_addr.c **** 
 219:Middlewares/Third_Party/LwIP/src/core/ipv4/ip4_addr.c ****     case 2:             /* a.b -- 8.24 bits */
 220:Middlewares/Third_Party/LwIP/src/core/ipv4/ip4_addr.c ****       if (val > 0xffffffUL) {
 401              		.loc 1 220 7 is_stmt 1 view .LVU126
 402              		.loc 1 220 10 is_stmt 0 view .LVU127
 403 00ac B4F1807F 		cmp	r4, #16777216
 404 00b0 3AD2     		bcs	.L41
 221:Middlewares/Third_Party/LwIP/src/core/ipv4/ip4_addr.c ****         return 0;
 222:Middlewares/Third_Party/LwIP/src/core/ipv4/ip4_addr.c ****       }
 223:Middlewares/Third_Party/LwIP/src/core/ipv4/ip4_addr.c ****       if (parts[0] > 0xff) {
 405              		.loc 1 223 7 is_stmt 1 view .LVU128
 406              		.loc 1 223 16 is_stmt 0 view .LVU129
 407 00b2 009B     		ldr	r3, [sp]
 408              		.loc 1 223 10 view .LVU130
 409 00b4 FF2B     		cmp	r3, #255
 410 00b6 39D8     		bhi	.L42
 224:Middlewares/Third_Party/LwIP/src/core/ipv4/ip4_addr.c ****         return 0;
 225:Middlewares/Third_Party/LwIP/src/core/ipv4/ip4_addr.c ****       }
 226:Middlewares/Third_Party/LwIP/src/core/ipv4/ip4_addr.c ****       val |= parts[0] << 24;
 411              		.loc 1 226 7 is_stmt 1 view .LVU131
 412              		.loc 1 226 11 is_stmt 0 view .LVU132
ARM GAS  C:\msys64\tmp\cc7jpXlk.s 			page 13


 413 00b8 44EA0364 		orr	r4, r4, r3, lsl #24
 414              	.LVL45:
 227:Middlewares/Third_Party/LwIP/src/core/ipv4/ip4_addr.c ****       break;
 415              		.loc 1 227 7 is_stmt 1 view .LVU133
 416              	.L34:
 228:Middlewares/Third_Party/LwIP/src/core/ipv4/ip4_addr.c **** 
 229:Middlewares/Third_Party/LwIP/src/core/ipv4/ip4_addr.c ****     case 3:             /* a.b.c -- 8.8.16 bits */
 230:Middlewares/Third_Party/LwIP/src/core/ipv4/ip4_addr.c ****       if (val > 0xffff) {
 231:Middlewares/Third_Party/LwIP/src/core/ipv4/ip4_addr.c ****         return 0;
 232:Middlewares/Third_Party/LwIP/src/core/ipv4/ip4_addr.c ****       }
 233:Middlewares/Third_Party/LwIP/src/core/ipv4/ip4_addr.c ****       if ((parts[0] > 0xff) || (parts[1] > 0xff)) {
 234:Middlewares/Third_Party/LwIP/src/core/ipv4/ip4_addr.c ****         return 0;
 235:Middlewares/Third_Party/LwIP/src/core/ipv4/ip4_addr.c ****       }
 236:Middlewares/Third_Party/LwIP/src/core/ipv4/ip4_addr.c ****       val |= (parts[0] << 24) | (parts[1] << 16);
 237:Middlewares/Third_Party/LwIP/src/core/ipv4/ip4_addr.c ****       break;
 238:Middlewares/Third_Party/LwIP/src/core/ipv4/ip4_addr.c **** 
 239:Middlewares/Third_Party/LwIP/src/core/ipv4/ip4_addr.c ****     case 4:             /* a.b.c.d -- 8.8.8.8 bits */
 240:Middlewares/Third_Party/LwIP/src/core/ipv4/ip4_addr.c ****       if (val > 0xff) {
 241:Middlewares/Third_Party/LwIP/src/core/ipv4/ip4_addr.c ****         return 0;
 242:Middlewares/Third_Party/LwIP/src/core/ipv4/ip4_addr.c ****       }
 243:Middlewares/Third_Party/LwIP/src/core/ipv4/ip4_addr.c ****       if ((parts[0] > 0xff) || (parts[1] > 0xff) || (parts[2] > 0xff)) {
 244:Middlewares/Third_Party/LwIP/src/core/ipv4/ip4_addr.c ****         return 0;
 245:Middlewares/Third_Party/LwIP/src/core/ipv4/ip4_addr.c ****       }
 246:Middlewares/Third_Party/LwIP/src/core/ipv4/ip4_addr.c ****       val |= (parts[0] << 24) | (parts[1] << 16) | (parts[2] << 8);
 247:Middlewares/Third_Party/LwIP/src/core/ipv4/ip4_addr.c ****       break;
 248:Middlewares/Third_Party/LwIP/src/core/ipv4/ip4_addr.c ****     default:
 249:Middlewares/Third_Party/LwIP/src/core/ipv4/ip4_addr.c ****       LWIP_ASSERT("unhandled", 0);
 250:Middlewares/Third_Party/LwIP/src/core/ipv4/ip4_addr.c ****       break;
 251:Middlewares/Third_Party/LwIP/src/core/ipv4/ip4_addr.c ****   }
 252:Middlewares/Third_Party/LwIP/src/core/ipv4/ip4_addr.c ****   if (addr) {
 417              		.loc 1 252 3 view .LVU134
 418              		.loc 1 252 6 is_stmt 0 view .LVU135
 419 00bc 002D     		cmp	r5, #0
 420 00be 45D0     		beq	.L50
 253:Middlewares/Third_Party/LwIP/src/core/ipv4/ip4_addr.c ****     ip4_addr_set_u32(addr, lwip_htonl(val));
 421              		.loc 1 253 5 is_stmt 1 view .LVU136
 422 00c0 2046     		mov	r0, r4
 423 00c2 FFF7FEFF 		bl	lwip_htonl
 424              	.LVL46:
 425 00c6 2860     		str	r0, [r5]
 254:Middlewares/Third_Party/LwIP/src/core/ipv4/ip4_addr.c ****   }
 255:Middlewares/Third_Party/LwIP/src/core/ipv4/ip4_addr.c ****   return 1;
 426              		.loc 1 255 10 is_stmt 0 view .LVU137
 427 00c8 0120     		movs	r0, #1
 428 00ca 29E0     		b	.L17
 429              	.LVL47:
 430              	.L32:
 230:Middlewares/Third_Party/LwIP/src/core/ipv4/ip4_addr.c ****         return 0;
 431              		.loc 1 230 7 is_stmt 1 view .LVU138
 230:Middlewares/Third_Party/LwIP/src/core/ipv4/ip4_addr.c ****         return 0;
 432              		.loc 1 230 10 is_stmt 0 view .LVU139
 433 00cc B4F5803F 		cmp	r4, #65536
 434 00d0 2ED2     		bcs	.L43
 233:Middlewares/Third_Party/LwIP/src/core/ipv4/ip4_addr.c ****         return 0;
 435              		.loc 1 233 7 is_stmt 1 view .LVU140
 233:Middlewares/Third_Party/LwIP/src/core/ipv4/ip4_addr.c ****         return 0;
 436              		.loc 1 233 17 is_stmt 0 view .LVU141
ARM GAS  C:\msys64\tmp\cc7jpXlk.s 			page 14


 437 00d2 009A     		ldr	r2, [sp]
 233:Middlewares/Third_Party/LwIP/src/core/ipv4/ip4_addr.c ****         return 0;
 438              		.loc 1 233 10 view .LVU142
 439 00d4 FF2A     		cmp	r2, #255
 440 00d6 2DD8     		bhi	.L44
 233:Middlewares/Third_Party/LwIP/src/core/ipv4/ip4_addr.c ****         return 0;
 441              		.loc 1 233 38 discriminator 1 view .LVU143
 442 00d8 019B     		ldr	r3, [sp, #4]
 233:Middlewares/Third_Party/LwIP/src/core/ipv4/ip4_addr.c ****         return 0;
 443              		.loc 1 233 29 discriminator 1 view .LVU144
 444 00da FF2B     		cmp	r3, #255
 445 00dc 2CD8     		bhi	.L45
 236:Middlewares/Third_Party/LwIP/src/core/ipv4/ip4_addr.c ****       break;
 446              		.loc 1 236 7 is_stmt 1 view .LVU145
 236:Middlewares/Third_Party/LwIP/src/core/ipv4/ip4_addr.c ****       break;
 447              		.loc 1 236 43 is_stmt 0 view .LVU146
 448 00de 1B04     		lsls	r3, r3, #16
 236:Middlewares/Third_Party/LwIP/src/core/ipv4/ip4_addr.c ****       break;
 449              		.loc 1 236 31 view .LVU147
 450 00e0 43EA0263 		orr	r3, r3, r2, lsl #24
 236:Middlewares/Third_Party/LwIP/src/core/ipv4/ip4_addr.c ****       break;
 451              		.loc 1 236 11 view .LVU148
 452 00e4 1C43     		orrs	r4, r4, r3
 453              	.LVL48:
 237:Middlewares/Third_Party/LwIP/src/core/ipv4/ip4_addr.c **** 
 454              		.loc 1 237 7 is_stmt 1 view .LVU149
 455 00e6 E9E7     		b	.L34
 456              	.L30:
 240:Middlewares/Third_Party/LwIP/src/core/ipv4/ip4_addr.c ****         return 0;
 457              		.loc 1 240 7 view .LVU150
 240:Middlewares/Third_Party/LwIP/src/core/ipv4/ip4_addr.c ****         return 0;
 458              		.loc 1 240 10 is_stmt 0 view .LVU151
 459 00e8 FF2C     		cmp	r4, #255
 460 00ea 27D8     		bhi	.L46
 243:Middlewares/Third_Party/LwIP/src/core/ipv4/ip4_addr.c ****         return 0;
 461              		.loc 1 243 7 is_stmt 1 view .LVU152
 243:Middlewares/Third_Party/LwIP/src/core/ipv4/ip4_addr.c ****         return 0;
 462              		.loc 1 243 17 is_stmt 0 view .LVU153
 463 00ec 0099     		ldr	r1, [sp]
 464              	.LVL49:
 243:Middlewares/Third_Party/LwIP/src/core/ipv4/ip4_addr.c ****         return 0;
 465              		.loc 1 243 10 view .LVU154
 466 00ee FF29     		cmp	r1, #255
 467 00f0 26D8     		bhi	.L47
 243:Middlewares/Third_Party/LwIP/src/core/ipv4/ip4_addr.c ****         return 0;
 468              		.loc 1 243 38 discriminator 1 view .LVU155
 469 00f2 019B     		ldr	r3, [sp, #4]
 243:Middlewares/Third_Party/LwIP/src/core/ipv4/ip4_addr.c ****         return 0;
 470              		.loc 1 243 29 discriminator 1 view .LVU156
 471 00f4 FF2B     		cmp	r3, #255
 472 00f6 25D8     		bhi	.L48
 243:Middlewares/Third_Party/LwIP/src/core/ipv4/ip4_addr.c ****         return 0;
 473              		.loc 1 243 59 discriminator 2 view .LVU157
 474 00f8 029A     		ldr	r2, [sp, #8]
 243:Middlewares/Third_Party/LwIP/src/core/ipv4/ip4_addr.c ****         return 0;
 475              		.loc 1 243 50 discriminator 2 view .LVU158
 476 00fa FF2A     		cmp	r2, #255
ARM GAS  C:\msys64\tmp\cc7jpXlk.s 			page 15


 477 00fc 24D8     		bhi	.L49
 246:Middlewares/Third_Party/LwIP/src/core/ipv4/ip4_addr.c ****       break;
 478              		.loc 1 246 7 is_stmt 1 view .LVU159
 246:Middlewares/Third_Party/LwIP/src/core/ipv4/ip4_addr.c ****       break;
 479              		.loc 1 246 43 is_stmt 0 view .LVU160
 480 00fe 1B04     		lsls	r3, r3, #16
 246:Middlewares/Third_Party/LwIP/src/core/ipv4/ip4_addr.c ****       break;
 481              		.loc 1 246 31 view .LVU161
 482 0100 43EA0163 		orr	r3, r3, r1, lsl #24
 246:Middlewares/Third_Party/LwIP/src/core/ipv4/ip4_addr.c ****       break;
 483              		.loc 1 246 50 view .LVU162
 484 0104 43EA0223 		orr	r3, r3, r2, lsl #8
 246:Middlewares/Third_Party/LwIP/src/core/ipv4/ip4_addr.c ****       break;
 485              		.loc 1 246 11 view .LVU163
 486 0108 1C43     		orrs	r4, r4, r3
 487              	.LVL50:
 247:Middlewares/Third_Party/LwIP/src/core/ipv4/ip4_addr.c ****     default:
 488              		.loc 1 247 7 is_stmt 1 view .LVU164
 489 010a D7E7     		b	.L34
 490              	.LVL51:
 491              	.L29:
 249:Middlewares/Third_Party/LwIP/src/core/ipv4/ip4_addr.c ****       break;
 492              		.loc 1 249 7 discriminator 1 view .LVU165
 249:Middlewares/Third_Party/LwIP/src/core/ipv4/ip4_addr.c ****       break;
 493              		.loc 1 249 7 discriminator 1 view .LVU166
 249:Middlewares/Third_Party/LwIP/src/core/ipv4/ip4_addr.c ****       break;
 494              		.loc 1 249 7 discriminator 1 view .LVU167
 249:Middlewares/Third_Party/LwIP/src/core/ipv4/ip4_addr.c ****       break;
 495              		.loc 1 249 7 discriminator 1 view .LVU168
 496 010c 114B     		ldr	r3, .L56+4
 497 010e F922     		movs	r2, #249
 498 0110 1149     		ldr	r1, .L56+8
 499              	.LVL52:
 249:Middlewares/Third_Party/LwIP/src/core/ipv4/ip4_addr.c ****       break;
 500              		.loc 1 249 7 is_stmt 0 discriminator 1 view .LVU169
 501 0112 1248     		ldr	r0, .L56+12
 502 0114 FFF7FEFF 		bl	printf
 503              	.LVL53:
 249:Middlewares/Third_Party/LwIP/src/core/ipv4/ip4_addr.c ****       break;
 504              		.loc 1 249 7 is_stmt 1 discriminator 1 view .LVU170
 249:Middlewares/Third_Party/LwIP/src/core/ipv4/ip4_addr.c ****       break;
 505              		.loc 1 249 7 discriminator 1 view .LVU171
 250:Middlewares/Third_Party/LwIP/src/core/ipv4/ip4_addr.c ****   }
 506              		.loc 1 250 7 discriminator 1 view .LVU172
 507 0118 D0E7     		b	.L34
 508              	.LVL54:
 509              	.L35:
 161:Middlewares/Third_Party/LwIP/src/core/ipv4/ip4_addr.c ****     }
 510              		.loc 1 161 14 is_stmt 0 view .LVU173
 511 011a 0020     		movs	r0, #0
 512              	.LVL55:
 161:Middlewares/Third_Party/LwIP/src/core/ipv4/ip4_addr.c ****     }
 513              		.loc 1 161 14 view .LVU174
 514 011c 00E0     		b	.L17
 515              	.LVL56:
 516              	.L39:
 193:Middlewares/Third_Party/LwIP/src/core/ipv4/ip4_addr.c ****       }
ARM GAS  C:\msys64\tmp\cc7jpXlk.s 			page 16


 517              		.loc 1 193 16 view .LVU175
 518 011e 0020     		movs	r0, #0
 519              	.LVL57:
 520              	.L17:
 256:Middlewares/Third_Party/LwIP/src/core/ipv4/ip4_addr.c **** }
 521              		.loc 1 256 1 view .LVU176
 522 0120 05B0     		add	sp, sp, #20
 523              	.LCFI3:
 524              		.cfi_remember_state
 525              		.cfi_def_cfa_offset 12
 526              		@ sp needed
 527 0122 30BD     		pop	{r4, r5, pc}
 528              	.LVL58:
 529              	.L40:
 530              	.LCFI4:
 531              		.cfi_restore_state
 205:Middlewares/Third_Party/LwIP/src/core/ipv4/ip4_addr.c ****   }
 532              		.loc 1 205 12 view .LVU177
 533 0124 0020     		movs	r0, #0
 534              	.LVL59:
 205:Middlewares/Third_Party/LwIP/src/core/ipv4/ip4_addr.c ****   }
 535              		.loc 1 205 12 view .LVU178
 536 0126 FBE7     		b	.L17
 537              	.LVL60:
 538              	.L41:
 221:Middlewares/Third_Party/LwIP/src/core/ipv4/ip4_addr.c ****       }
 539              		.loc 1 221 16 view .LVU179
 540 0128 0020     		movs	r0, #0
 541 012a F9E7     		b	.L17
 542              	.L42:
 224:Middlewares/Third_Party/LwIP/src/core/ipv4/ip4_addr.c ****       }
 543              		.loc 1 224 16 view .LVU180
 544 012c 0020     		movs	r0, #0
 545 012e F7E7     		b	.L17
 546              	.L43:
 231:Middlewares/Third_Party/LwIP/src/core/ipv4/ip4_addr.c ****       }
 547              		.loc 1 231 16 view .LVU181
 548 0130 0020     		movs	r0, #0
 549 0132 F5E7     		b	.L17
 550              	.L44:
 234:Middlewares/Third_Party/LwIP/src/core/ipv4/ip4_addr.c ****       }
 551              		.loc 1 234 16 view .LVU182
 552 0134 0020     		movs	r0, #0
 553 0136 F3E7     		b	.L17
 554              	.L45:
 555 0138 0020     		movs	r0, #0
 556 013a F1E7     		b	.L17
 557              	.L46:
 241:Middlewares/Third_Party/LwIP/src/core/ipv4/ip4_addr.c ****       }
 558              		.loc 1 241 16 view .LVU183
 559 013c 0020     		movs	r0, #0
 560 013e EFE7     		b	.L17
 561              	.LVL61:
 562              	.L47:
 244:Middlewares/Third_Party/LwIP/src/core/ipv4/ip4_addr.c ****       }
 563              		.loc 1 244 16 view .LVU184
 564 0140 0020     		movs	r0, #0
ARM GAS  C:\msys64\tmp\cc7jpXlk.s 			page 17


 565 0142 EDE7     		b	.L17
 566              	.L48:
 567 0144 0020     		movs	r0, #0
 568 0146 EBE7     		b	.L17
 569              	.L49:
 570 0148 0020     		movs	r0, #0
 571 014a E9E7     		b	.L17
 572              	.LVL62:
 573              	.L50:
 255:Middlewares/Third_Party/LwIP/src/core/ipv4/ip4_addr.c **** }
 574              		.loc 1 255 10 view .LVU185
 575 014c 0120     		movs	r0, #1
 576 014e E7E7     		b	.L17
 577              	.L57:
 578              		.align	2
 579              	.L56:
 580 0150 01000000 		.word	_ctype_+1
 581 0154 00000000 		.word	.LC0
 582 0158 38000000 		.word	.LC1
 583 015c 44000000 		.word	.LC2
 584              		.cfi_endproc
 585              	.LFE163:
 587              		.section	.text.ipaddr_addr,"ax",%progbits
 588              		.align	1
 589              		.global	ipaddr_addr
 590              		.syntax unified
 591              		.thumb
 592              		.thumb_func
 594              	ipaddr_addr:
 595              	.LVL63:
 596              	.LFB162:
 124:Middlewares/Third_Party/LwIP/src/core/ipv4/ip4_addr.c ****   ip4_addr_t val;
 597              		.loc 1 124 1 is_stmt 1 view -0
 598              		.cfi_startproc
 599              		@ args = 0, pretend = 0, frame = 8
 600              		@ frame_needed = 0, uses_anonymous_args = 0
 124:Middlewares/Third_Party/LwIP/src/core/ipv4/ip4_addr.c ****   ip4_addr_t val;
 601              		.loc 1 124 1 is_stmt 0 view .LVU187
 602 0000 00B5     		push	{lr}
 603              	.LCFI5:
 604              		.cfi_def_cfa_offset 4
 605              		.cfi_offset 14, -4
 606 0002 83B0     		sub	sp, sp, #12
 607              	.LCFI6:
 608              		.cfi_def_cfa_offset 16
 125:Middlewares/Third_Party/LwIP/src/core/ipv4/ip4_addr.c **** 
 609              		.loc 1 125 3 is_stmt 1 view .LVU188
 127:Middlewares/Third_Party/LwIP/src/core/ipv4/ip4_addr.c ****     return ip4_addr_get_u32(&val);
 610              		.loc 1 127 3 view .LVU189
 127:Middlewares/Third_Party/LwIP/src/core/ipv4/ip4_addr.c ****     return ip4_addr_get_u32(&val);
 611              		.loc 1 127 7 is_stmt 0 view .LVU190
 612 0004 01A9     		add	r1, sp, #4
 613 0006 FFF7FEFF 		bl	ip4addr_aton
 614              	.LVL64:
 127:Middlewares/Third_Party/LwIP/src/core/ipv4/ip4_addr.c ****     return ip4_addr_get_u32(&val);
 615              		.loc 1 127 6 view .LVU191
 616 000a 20B9     		cbnz	r0, .L62
ARM GAS  C:\msys64\tmp\cc7jpXlk.s 			page 18


 130:Middlewares/Third_Party/LwIP/src/core/ipv4/ip4_addr.c **** }
 617              		.loc 1 130 10 view .LVU192
 618 000c 4FF0FF30 		mov	r0, #-1
 619              	.L58:
 131:Middlewares/Third_Party/LwIP/src/core/ipv4/ip4_addr.c **** 
 620              		.loc 1 131 1 view .LVU193
 621 0010 03B0     		add	sp, sp, #12
 622              	.LCFI7:
 623              		.cfi_remember_state
 624              		.cfi_def_cfa_offset 4
 625              		@ sp needed
 626 0012 5DF804FB 		ldr	pc, [sp], #4
 627              	.L62:
 628              	.LCFI8:
 629              		.cfi_restore_state
 128:Middlewares/Third_Party/LwIP/src/core/ipv4/ip4_addr.c ****   }
 630              		.loc 1 128 5 is_stmt 1 view .LVU194
 128:Middlewares/Third_Party/LwIP/src/core/ipv4/ip4_addr.c ****   }
 631              		.loc 1 128 12 is_stmt 0 view .LVU195
 632 0016 0198     		ldr	r0, [sp, #4]
 633 0018 FAE7     		b	.L58
 634              		.cfi_endproc
 635              	.LFE162:
 637              		.section	.text.ip4addr_ntoa_r,"ax",%progbits
 638              		.align	1
 639              		.global	ip4addr_ntoa_r
 640              		.syntax unified
 641              		.thumb
 642              		.thumb_func
 644              	ip4addr_ntoa_r:
 645              	.LVL65:
 646              	.LFB165:
 257:Middlewares/Third_Party/LwIP/src/core/ipv4/ip4_addr.c **** 
 258:Middlewares/Third_Party/LwIP/src/core/ipv4/ip4_addr.c **** /**
 259:Middlewares/Third_Party/LwIP/src/core/ipv4/ip4_addr.c ****  * Convert numeric IP address into decimal dotted ASCII representation.
 260:Middlewares/Third_Party/LwIP/src/core/ipv4/ip4_addr.c ****  * returns ptr to static buffer; not reentrant!
 261:Middlewares/Third_Party/LwIP/src/core/ipv4/ip4_addr.c ****  *
 262:Middlewares/Third_Party/LwIP/src/core/ipv4/ip4_addr.c ****  * @param addr ip address in network order to convert
 263:Middlewares/Third_Party/LwIP/src/core/ipv4/ip4_addr.c ****  * @return pointer to a global static (!) buffer that holds the ASCII
 264:Middlewares/Third_Party/LwIP/src/core/ipv4/ip4_addr.c ****  *         representation of addr
 265:Middlewares/Third_Party/LwIP/src/core/ipv4/ip4_addr.c ****  */
 266:Middlewares/Third_Party/LwIP/src/core/ipv4/ip4_addr.c **** char *
 267:Middlewares/Third_Party/LwIP/src/core/ipv4/ip4_addr.c **** ip4addr_ntoa(const ip4_addr_t *addr)
 268:Middlewares/Third_Party/LwIP/src/core/ipv4/ip4_addr.c **** {
 269:Middlewares/Third_Party/LwIP/src/core/ipv4/ip4_addr.c ****   static char str[IP4ADDR_STRLEN_MAX];
 270:Middlewares/Third_Party/LwIP/src/core/ipv4/ip4_addr.c ****   return ip4addr_ntoa_r(addr, str, IP4ADDR_STRLEN_MAX);
 271:Middlewares/Third_Party/LwIP/src/core/ipv4/ip4_addr.c **** }
 272:Middlewares/Third_Party/LwIP/src/core/ipv4/ip4_addr.c **** 
 273:Middlewares/Third_Party/LwIP/src/core/ipv4/ip4_addr.c **** /**
 274:Middlewares/Third_Party/LwIP/src/core/ipv4/ip4_addr.c ****  * Same as ip4addr_ntoa, but reentrant since a user-supplied buffer is used.
 275:Middlewares/Third_Party/LwIP/src/core/ipv4/ip4_addr.c ****  *
 276:Middlewares/Third_Party/LwIP/src/core/ipv4/ip4_addr.c ****  * @param addr ip address in network order to convert
 277:Middlewares/Third_Party/LwIP/src/core/ipv4/ip4_addr.c ****  * @param buf target buffer where the string is stored
 278:Middlewares/Third_Party/LwIP/src/core/ipv4/ip4_addr.c ****  * @param buflen length of buf
 279:Middlewares/Third_Party/LwIP/src/core/ipv4/ip4_addr.c ****  * @return either pointer to buf which now holds the ASCII
 280:Middlewares/Third_Party/LwIP/src/core/ipv4/ip4_addr.c ****  *         representation of addr or NULL if buf was too small
 281:Middlewares/Third_Party/LwIP/src/core/ipv4/ip4_addr.c ****  */
ARM GAS  C:\msys64\tmp\cc7jpXlk.s 			page 19


 282:Middlewares/Third_Party/LwIP/src/core/ipv4/ip4_addr.c **** char *
 283:Middlewares/Third_Party/LwIP/src/core/ipv4/ip4_addr.c **** ip4addr_ntoa_r(const ip4_addr_t *addr, char *buf, int buflen)
 284:Middlewares/Third_Party/LwIP/src/core/ipv4/ip4_addr.c **** {
 647              		.loc 1 284 1 is_stmt 1 view -0
 648              		.cfi_startproc
 649              		@ args = 0, pretend = 0, frame = 8
 650              		@ frame_needed = 0, uses_anonymous_args = 0
 651              		.loc 1 284 1 is_stmt 0 view .LVU197
 652 0000 F0B5     		push	{r4, r5, r6, r7, lr}
 653              	.LCFI9:
 654              		.cfi_def_cfa_offset 20
 655              		.cfi_offset 4, -20
 656              		.cfi_offset 5, -16
 657              		.cfi_offset 6, -12
 658              		.cfi_offset 7, -8
 659              		.cfi_offset 14, -4
 660 0002 83B0     		sub	sp, sp, #12
 661              	.LCFI10:
 662              		.cfi_def_cfa_offset 32
 285:Middlewares/Third_Party/LwIP/src/core/ipv4/ip4_addr.c ****   u32_t s_addr;
 663              		.loc 1 285 3 is_stmt 1 view .LVU198
 286:Middlewares/Third_Party/LwIP/src/core/ipv4/ip4_addr.c ****   char inv[3];
 664              		.loc 1 286 3 view .LVU199
 287:Middlewares/Third_Party/LwIP/src/core/ipv4/ip4_addr.c ****   char *rp;
 665              		.loc 1 287 3 view .LVU200
 288:Middlewares/Third_Party/LwIP/src/core/ipv4/ip4_addr.c ****   u8_t *ap;
 666              		.loc 1 288 3 view .LVU201
 289:Middlewares/Third_Party/LwIP/src/core/ipv4/ip4_addr.c ****   u8_t rem;
 667              		.loc 1 289 3 view .LVU202
 290:Middlewares/Third_Party/LwIP/src/core/ipv4/ip4_addr.c ****   u8_t n;
 668              		.loc 1 290 3 view .LVU203
 291:Middlewares/Third_Party/LwIP/src/core/ipv4/ip4_addr.c ****   u8_t i;
 669              		.loc 1 291 3 view .LVU204
 292:Middlewares/Third_Party/LwIP/src/core/ipv4/ip4_addr.c ****   int len = 0;
 670              		.loc 1 292 3 view .LVU205
 671              	.LVL66:
 293:Middlewares/Third_Party/LwIP/src/core/ipv4/ip4_addr.c **** 
 294:Middlewares/Third_Party/LwIP/src/core/ipv4/ip4_addr.c ****   s_addr = ip4_addr_get_u32(addr);
 672              		.loc 1 294 3 view .LVU206
 673              		.loc 1 294 12 is_stmt 0 view .LVU207
 674 0004 0368     		ldr	r3, [r0]
 675              		.loc 1 294 10 view .LVU208
 676 0006 0193     		str	r3, [sp, #4]
 295:Middlewares/Third_Party/LwIP/src/core/ipv4/ip4_addr.c **** 
 296:Middlewares/Third_Party/LwIP/src/core/ipv4/ip4_addr.c ****   rp = buf;
 677              		.loc 1 296 3 is_stmt 1 view .LVU209
 678              	.LVL67:
 297:Middlewares/Third_Party/LwIP/src/core/ipv4/ip4_addr.c ****   ap = (u8_t *)&s_addr;
 679              		.loc 1 297 3 view .LVU210
 298:Middlewares/Third_Party/LwIP/src/core/ipv4/ip4_addr.c ****   for (n = 0; n < 4; n++) {
 680              		.loc 1 298 3 view .LVU211
 296:Middlewares/Third_Party/LwIP/src/core/ipv4/ip4_addr.c ****   ap = (u8_t *)&s_addr;
 681              		.loc 1 296 6 is_stmt 0 view .LVU212
 682 0008 8E46     		mov	lr, r1
 292:Middlewares/Third_Party/LwIP/src/core/ipv4/ip4_addr.c **** 
 683              		.loc 1 292 7 view .LVU213
 684 000a 0025     		movs	r5, #0
ARM GAS  C:\msys64\tmp\cc7jpXlk.s 			page 20


 685              		.loc 1 298 10 view .LVU214
 686 000c 2846     		mov	r0, r5
 687              	.LVL68:
 297:Middlewares/Third_Party/LwIP/src/core/ipv4/ip4_addr.c ****   for (n = 0; n < 4; n++) {
 688              		.loc 1 297 6 view .LVU215
 689 000e 01AE     		add	r6, sp, #4
 690              	.LVL69:
 691              	.L64:
 692              		.loc 1 298 17 is_stmt 1 discriminator 1 view .LVU216
 693 0010 0328     		cmp	r0, #3
 694 0012 37D8     		bhi	.L73
 299:Middlewares/Third_Party/LwIP/src/core/ipv4/ip4_addr.c ****     i = 0;
 695              		.loc 1 299 7 is_stmt 0 view .LVU217
 696 0014 0024     		movs	r4, #0
 697              	.L65:
 698              	.LVL70:
 300:Middlewares/Third_Party/LwIP/src/core/ipv4/ip4_addr.c ****     do {
 699              		.loc 1 300 5 is_stmt 1 discriminator 1 view .LVU218
 301:Middlewares/Third_Party/LwIP/src/core/ipv4/ip4_addr.c ****       rem = *ap % (u8_t)10;
 700              		.loc 1 301 7 discriminator 1 view .LVU219
 701              		.loc 1 301 13 is_stmt 0 discriminator 1 view .LVU220
 702 0016 96F800C0 		ldrb	ip, [r6]	@ zero_extendqisi2
 703              		.loc 1 301 11 discriminator 1 view .LVU221
 704 001a 1E4B     		ldr	r3, .L76
 705 001c A3FB0C73 		umull	r7, r3, r3, ip
 706 0020 DB08     		lsrs	r3, r3, #3
 707 0022 03EB8307 		add	r7, r3, r3, lsl #2
 708 0026 ACEB470C 		sub	ip, ip, r7, lsl #1
 709 002a 5FFA8CFC 		uxtb	ip, ip
 710              	.LVL71:
 302:Middlewares/Third_Party/LwIP/src/core/ipv4/ip4_addr.c ****       *ap /= (u8_t)10;
 711              		.loc 1 302 7 is_stmt 1 discriminator 1 view .LVU222
 712              		.loc 1 302 11 is_stmt 0 discriminator 1 view .LVU223
 713 002e DBB2     		uxtb	r3, r3
 714 0030 3370     		strb	r3, [r6]
 303:Middlewares/Third_Party/LwIP/src/core/ipv4/ip4_addr.c ****       inv[i++] = (char)('0' + rem);
 715              		.loc 1 303 7 is_stmt 1 discriminator 1 view .LVU224
 716 0032 2746     		mov	r7, r4
 717              		.loc 1 303 12 is_stmt 0 discriminator 1 view .LVU225
 718 0034 0134     		adds	r4, r4, #1
 719              	.LVL72:
 720              		.loc 1 303 12 discriminator 1 view .LVU226
 721 0036 E4B2     		uxtb	r4, r4
 722              	.LVL73:
 723              		.loc 1 303 18 discriminator 1 view .LVU227
 724 0038 0CF1300C 		add	ip, ip, #48
 725              	.LVL74:
 726              		.loc 1 303 16 discriminator 1 view .LVU228
 727 003c 0837     		adds	r7, r7, #8
 728 003e 6F44     		add	r7, sp, r7
 729 0040 07F808CC 		strb	ip, [r7, #-8]
 304:Middlewares/Third_Party/LwIP/src/core/ipv4/ip4_addr.c ****     } while (*ap);
 730              		.loc 1 304 14 is_stmt 1 discriminator 1 view .LVU229
 731 0044 002B     		cmp	r3, #0
 732 0046 E6D1     		bne	.L65
 733 0048 08E0     		b	.L66
 734              	.LVL75:
ARM GAS  C:\msys64\tmp\cc7jpXlk.s 			page 21


 735              	.L75:
 305:Middlewares/Third_Party/LwIP/src/core/ipv4/ip4_addr.c ****     while (i--) {
 306:Middlewares/Third_Party/LwIP/src/core/ipv4/ip4_addr.c ****       if (len++ >= buflen) {
 307:Middlewares/Third_Party/LwIP/src/core/ipv4/ip4_addr.c ****         return NULL;
 308:Middlewares/Third_Party/LwIP/src/core/ipv4/ip4_addr.c ****       }
 309:Middlewares/Third_Party/LwIP/src/core/ipv4/ip4_addr.c ****       *rp++ = inv[i];
 736              		.loc 1 309 7 view .LVU230
 737              		.loc 1 309 18 is_stmt 0 view .LVU231
 738 004a 03F10805 		add	r5, r3, #8
 739 004e 6D44     		add	r5, sp, r5
 740 0050 15F8085C 		ldrb	r5, [r5, #-8]	@ zero_extendqisi2
 741              		.loc 1 309 13 view .LVU232
 742 0054 0EF8015B 		strb	r5, [lr], #1
 743              	.LVL76:
 306:Middlewares/Third_Party/LwIP/src/core/ipv4/ip4_addr.c ****         return NULL;
 744              		.loc 1 306 14 view .LVU233
 745 0058 2546     		mov	r5, r4
 305:Middlewares/Third_Party/LwIP/src/core/ipv4/ip4_addr.c ****     while (i--) {
 746              		.loc 1 305 13 view .LVU234
 747 005a 1C46     		mov	r4, r3
 748              	.LVL77:
 749              	.L66:
 305:Middlewares/Third_Party/LwIP/src/core/ipv4/ip4_addr.c ****     while (i--) {
 750              		.loc 1 305 12 is_stmt 1 view .LVU235
 305:Middlewares/Third_Party/LwIP/src/core/ipv4/ip4_addr.c ****     while (i--) {
 751              		.loc 1 305 13 is_stmt 0 view .LVU236
 752 005c 631E     		subs	r3, r4, #1
 753 005e DBB2     		uxtb	r3, r3
 754              	.LVL78:
 305:Middlewares/Third_Party/LwIP/src/core/ipv4/ip4_addr.c ****     while (i--) {
 755              		.loc 1 305 12 view .LVU237
 756 0060 2CB1     		cbz	r4, .L74
 306:Middlewares/Third_Party/LwIP/src/core/ipv4/ip4_addr.c ****         return NULL;
 757              		.loc 1 306 7 is_stmt 1 view .LVU238
 306:Middlewares/Third_Party/LwIP/src/core/ipv4/ip4_addr.c ****         return NULL;
 758              		.loc 1 306 14 is_stmt 0 view .LVU239
 759 0062 6C1C     		adds	r4, r5, #1
 760              	.LVL79:
 306:Middlewares/Third_Party/LwIP/src/core/ipv4/ip4_addr.c ****         return NULL;
 761              		.loc 1 306 10 view .LVU240
 762 0064 9542     		cmp	r5, r2
 763 0066 F0DB     		blt	.L75
 307:Middlewares/Third_Party/LwIP/src/core/ipv4/ip4_addr.c ****       }
 764              		.loc 1 307 16 view .LVU241
 765 0068 0020     		movs	r0, #0
 766              	.LVL80:
 767              	.L63:
 310:Middlewares/Third_Party/LwIP/src/core/ipv4/ip4_addr.c ****     }
 311:Middlewares/Third_Party/LwIP/src/core/ipv4/ip4_addr.c ****     if (len++ >= buflen) {
 312:Middlewares/Third_Party/LwIP/src/core/ipv4/ip4_addr.c ****       return NULL;
 313:Middlewares/Third_Party/LwIP/src/core/ipv4/ip4_addr.c ****     }
 314:Middlewares/Third_Party/LwIP/src/core/ipv4/ip4_addr.c ****     *rp++ = '.';
 315:Middlewares/Third_Party/LwIP/src/core/ipv4/ip4_addr.c ****     ap++;
 316:Middlewares/Third_Party/LwIP/src/core/ipv4/ip4_addr.c ****   }
 317:Middlewares/Third_Party/LwIP/src/core/ipv4/ip4_addr.c ****   *--rp = 0;
 318:Middlewares/Third_Party/LwIP/src/core/ipv4/ip4_addr.c ****   return buf;
 319:Middlewares/Third_Party/LwIP/src/core/ipv4/ip4_addr.c **** }
ARM GAS  C:\msys64\tmp\cc7jpXlk.s 			page 22


 768              		.loc 1 319 1 view .LVU242
 769 006a 03B0     		add	sp, sp, #12
 770              	.LCFI11:
 771              		.cfi_remember_state
 772              		.cfi_def_cfa_offset 20
 773              		@ sp needed
 774 006c F0BD     		pop	{r4, r5, r6, r7, pc}
 775              	.LVL81:
 776              	.L74:
 777              	.LCFI12:
 778              		.cfi_restore_state
 311:Middlewares/Third_Party/LwIP/src/core/ipv4/ip4_addr.c ****       return NULL;
 779              		.loc 1 311 5 is_stmt 1 view .LVU243
 311:Middlewares/Third_Party/LwIP/src/core/ipv4/ip4_addr.c ****       return NULL;
 780              		.loc 1 311 12 is_stmt 0 view .LVU244
 781 006e 6B1C     		adds	r3, r5, #1
 782              	.LVL82:
 311:Middlewares/Third_Party/LwIP/src/core/ipv4/ip4_addr.c ****       return NULL;
 783              		.loc 1 311 8 view .LVU245
 784 0070 9542     		cmp	r5, r2
 785 0072 0CDA     		bge	.L70
 314:Middlewares/Third_Party/LwIP/src/core/ipv4/ip4_addr.c ****     ap++;
 786              		.loc 1 314 5 is_stmt 1 discriminator 2 view .LVU246
 787              	.LVL83:
 314:Middlewares/Third_Party/LwIP/src/core/ipv4/ip4_addr.c ****     ap++;
 788              		.loc 1 314 11 is_stmt 0 discriminator 2 view .LVU247
 789 0074 2E24     		movs	r4, #46
 790              	.LVL84:
 314:Middlewares/Third_Party/LwIP/src/core/ipv4/ip4_addr.c ****     ap++;
 791              		.loc 1 314 11 discriminator 2 view .LVU248
 792 0076 0EF8014B 		strb	r4, [lr], #1
 793              	.LVL85:
 315:Middlewares/Third_Party/LwIP/src/core/ipv4/ip4_addr.c ****   }
 794              		.loc 1 315 5 is_stmt 1 discriminator 2 view .LVU249
 315:Middlewares/Third_Party/LwIP/src/core/ipv4/ip4_addr.c ****   }
 795              		.loc 1 315 7 is_stmt 0 discriminator 2 view .LVU250
 796 007a 0136     		adds	r6, r6, #1
 797              	.LVL86:
 298:Middlewares/Third_Party/LwIP/src/core/ipv4/ip4_addr.c ****     i = 0;
 798              		.loc 1 298 23 is_stmt 1 discriminator 2 view .LVU251
 799 007c 0130     		adds	r0, r0, #1
 800              	.LVL87:
 298:Middlewares/Third_Party/LwIP/src/core/ipv4/ip4_addr.c ****     i = 0;
 801              		.loc 1 298 23 is_stmt 0 discriminator 2 view .LVU252
 802 007e C0B2     		uxtb	r0, r0
 803              	.LVL88:
 311:Middlewares/Third_Party/LwIP/src/core/ipv4/ip4_addr.c ****       return NULL;
 804              		.loc 1 311 12 discriminator 2 view .LVU253
 805 0080 1D46     		mov	r5, r3
 806 0082 C5E7     		b	.L64
 807              	.LVL89:
 808              	.L73:
 317:Middlewares/Third_Party/LwIP/src/core/ipv4/ip4_addr.c ****   return buf;
 809              		.loc 1 317 3 is_stmt 1 view .LVU254
 317:Middlewares/Third_Party/LwIP/src/core/ipv4/ip4_addr.c ****   return buf;
 810              		.loc 1 317 9 is_stmt 0 view .LVU255
 811 0084 0023     		movs	r3, #0
ARM GAS  C:\msys64\tmp\cc7jpXlk.s 			page 23


 812 0086 0EF8013C 		strb	r3, [lr, #-1]
 318:Middlewares/Third_Party/LwIP/src/core/ipv4/ip4_addr.c **** }
 813              		.loc 1 318 3 is_stmt 1 view .LVU256
 318:Middlewares/Third_Party/LwIP/src/core/ipv4/ip4_addr.c **** }
 814              		.loc 1 318 10 is_stmt 0 view .LVU257
 815 008a 0846     		mov	r0, r1
 816              	.LVL90:
 318:Middlewares/Third_Party/LwIP/src/core/ipv4/ip4_addr.c **** }
 817              		.loc 1 318 10 view .LVU258
 818 008c EDE7     		b	.L63
 819              	.LVL91:
 820              	.L70:
 312:Middlewares/Third_Party/LwIP/src/core/ipv4/ip4_addr.c ****     }
 821              		.loc 1 312 14 view .LVU259
 822 008e 0020     		movs	r0, #0
 823              	.LVL92:
 312:Middlewares/Third_Party/LwIP/src/core/ipv4/ip4_addr.c ****     }
 824              		.loc 1 312 14 view .LVU260
 825 0090 EBE7     		b	.L63
 826              	.L77:
 827 0092 00BF     		.align	2
 828              	.L76:
 829 0094 CDCCCCCC 		.word	-858993459
 830              		.cfi_endproc
 831              	.LFE165:
 833              		.section	.text.ip4addr_ntoa,"ax",%progbits
 834              		.align	1
 835              		.global	ip4addr_ntoa
 836              		.syntax unified
 837              		.thumb
 838              		.thumb_func
 840              	ip4addr_ntoa:
 841              	.LVL93:
 842              	.LFB164:
 268:Middlewares/Third_Party/LwIP/src/core/ipv4/ip4_addr.c ****   static char str[IP4ADDR_STRLEN_MAX];
 843              		.loc 1 268 1 is_stmt 1 view -0
 844              		.cfi_startproc
 845              		@ args = 0, pretend = 0, frame = 0
 846              		@ frame_needed = 0, uses_anonymous_args = 0
 268:Middlewares/Third_Party/LwIP/src/core/ipv4/ip4_addr.c ****   static char str[IP4ADDR_STRLEN_MAX];
 847              		.loc 1 268 1 is_stmt 0 view .LVU262
 848 0000 08B5     		push	{r3, lr}
 849              	.LCFI13:
 850              		.cfi_def_cfa_offset 8
 851              		.cfi_offset 3, -8
 852              		.cfi_offset 14, -4
 269:Middlewares/Third_Party/LwIP/src/core/ipv4/ip4_addr.c ****   return ip4addr_ntoa_r(addr, str, IP4ADDR_STRLEN_MAX);
 853              		.loc 1 269 3 is_stmt 1 view .LVU263
 270:Middlewares/Third_Party/LwIP/src/core/ipv4/ip4_addr.c **** }
 854              		.loc 1 270 3 view .LVU264
 270:Middlewares/Third_Party/LwIP/src/core/ipv4/ip4_addr.c **** }
 855              		.loc 1 270 10 is_stmt 0 view .LVU265
 856 0002 1022     		movs	r2, #16
 857 0004 0149     		ldr	r1, .L80
 858 0006 FFF7FEFF 		bl	ip4addr_ntoa_r
 859              	.LVL94:
 271:Middlewares/Third_Party/LwIP/src/core/ipv4/ip4_addr.c **** 
ARM GAS  C:\msys64\tmp\cc7jpXlk.s 			page 24


 860              		.loc 1 271 1 view .LVU266
 861 000a 08BD     		pop	{r3, pc}
 862              	.L81:
 863              		.align	2
 864              	.L80:
 865 000c 00000000 		.word	.LANCHOR0
 866              		.cfi_endproc
 867              	.LFE164:
 869              		.global	ip_addr_broadcast
 870              		.global	ip_addr_any
 871              		.section	.bss.str.0,"aw",%nobits
 872              		.align	2
 873              		.set	.LANCHOR0,. + 0
 876              	str.0:
 877 0000 00000000 		.space	16
 877      00000000 
 877      00000000 
 877      00000000 
 878              		.section	.rodata.ip_addr_any,"a"
 879              		.align	2
 882              	ip_addr_any:
 883 0000 00000000 		.space	4
 884              		.section	.rodata.ip_addr_broadcast,"a"
 885              		.align	2
 888              	ip_addr_broadcast:
 889 0000 FFFFFFFF 		.word	-1
 890              		.text
 891              	.Letext0:
 892              		.file 2 "c:\\tools\\gcc-arm-11.2-2022.02-mingw-w64-i686-arm-none-eabi\\arm-none-eabi\\include\\mac
 893              		.file 3 "c:\\tools\\gcc-arm-11.2-2022.02-mingw-w64-i686-arm-none-eabi\\arm-none-eabi\\include\\sys
 894              		.file 4 "Middlewares/Third_Party/LwIP/src/include/lwip/arch.h"
 895              		.file 5 "Middlewares/Third_Party/LwIP/src/include/lwip/ip4_addr.h"
 896              		.file 6 "Middlewares/Third_Party/LwIP/src/include/lwip/ip_addr.h"
 897              		.file 7 "c:\\tools\\gcc-arm-11.2-2022.02-mingw-w64-i686-arm-none-eabi\\arm-none-eabi\\include\\cty
 898              		.file 8 "Middlewares/Third_Party/LwIP/src/include/lwip/err.h"
 899              		.file 9 "Middlewares/Third_Party/LwIP/src/include/lwip/pbuf.h"
 900              		.file 10 "Middlewares/Third_Party/LwIP/src/include/lwip/netif.h"
 901              		.file 11 "c:\\tools\\gcc-arm-11.2-2022.02-mingw-w64-i686-arm-none-eabi\\arm-none-eabi\\include\\st
 902              		.file 12 "Middlewares/Third_Party/LwIP/src/include/lwip/def.h"
 903              		.file 13 "Middlewares/Third_Party/LwIP/src/include/lwip/memp.h"
ARM GAS  C:\msys64\tmp\cc7jpXlk.s 			page 25


DEFINED SYMBOLS
                            *ABS*:00000000 ip4_addr.c
C:\msys64\tmp\cc7jpXlk.s:20     .text.ip4_addr_isbroadcast_u32:00000000 $t
C:\msys64\tmp\cc7jpXlk.s:26     .text.ip4_addr_isbroadcast_u32:00000000 ip4_addr_isbroadcast_u32
C:\msys64\tmp\cc7jpXlk.s:105    .text.ip4_addr_netmask_valid:00000000 $t
C:\msys64\tmp\cc7jpXlk.s:111    .text.ip4_addr_netmask_valid:00000000 ip4_addr_netmask_valid
C:\msys64\tmp\cc7jpXlk.s:175    .rodata.ip4addr_aton.str1.4:00000000 $d
C:\msys64\tmp\cc7jpXlk.s:186    .text.ip4addr_aton:00000000 $t
C:\msys64\tmp\cc7jpXlk.s:192    .text.ip4addr_aton:00000000 ip4addr_aton
C:\msys64\tmp\cc7jpXlk.s:394    .text.ip4addr_aton:000000a6 $d
C:\msys64\tmp\cc7jpXlk.s:580    .text.ip4addr_aton:00000150 $d
C:\msys64\tmp\cc7jpXlk.s:588    .text.ipaddr_addr:00000000 $t
C:\msys64\tmp\cc7jpXlk.s:594    .text.ipaddr_addr:00000000 ipaddr_addr
C:\msys64\tmp\cc7jpXlk.s:638    .text.ip4addr_ntoa_r:00000000 $t
C:\msys64\tmp\cc7jpXlk.s:644    .text.ip4addr_ntoa_r:00000000 ip4addr_ntoa_r
C:\msys64\tmp\cc7jpXlk.s:829    .text.ip4addr_ntoa_r:00000094 $d
C:\msys64\tmp\cc7jpXlk.s:834    .text.ip4addr_ntoa:00000000 $t
C:\msys64\tmp\cc7jpXlk.s:840    .text.ip4addr_ntoa:00000000 ip4addr_ntoa
C:\msys64\tmp\cc7jpXlk.s:865    .text.ip4addr_ntoa:0000000c $d
C:\msys64\tmp\cc7jpXlk.s:888    .rodata.ip_addr_broadcast:00000000 ip_addr_broadcast
C:\msys64\tmp\cc7jpXlk.s:882    .rodata.ip_addr_any:00000000 ip_addr_any
C:\msys64\tmp\cc7jpXlk.s:872    .bss.str.0:00000000 $d
C:\msys64\tmp\cc7jpXlk.s:876    .bss.str.0:00000000 str.0
C:\msys64\tmp\cc7jpXlk.s:879    .rodata.ip_addr_any:00000000 $d
C:\msys64\tmp\cc7jpXlk.s:885    .rodata.ip_addr_broadcast:00000000 $d
C:\msys64\tmp\cc7jpXlk.s:399    .text.ip4addr_aton:000000ab $d
C:\msys64\tmp\cc7jpXlk.s:399    .text.ip4addr_aton:000000ac $t

UNDEFINED SYMBOLS
lwip_htonl
printf
_ctype_
