ARM GAS  /tmp/ccLSOBPm.s 			page 1


   1              		.cpu cortex-m4
   2              		.eabi_attribute 27, 1
   3              		.eabi_attribute 28, 1
   4              		.eabi_attribute 20, 1
   5              		.eabi_attribute 21, 1
   6              		.eabi_attribute 23, 3
   7              		.eabi_attribute 24, 1
   8              		.eabi_attribute 25, 1
   9              		.eabi_attribute 26, 1
  10              		.eabi_attribute 30, 1
  11              		.eabi_attribute 34, 1
  12              		.eabi_attribute 18, 4
  13              		.file	"memp.c"
  14              		.text
  15              	.Ltext0:
  16              		.cfi_sections	.debug_frame
  17              		.section	.rodata.do_memp_malloc_pool.str1.4,"aMS",%progbits,1
  18              		.align	2
  19              	.LC0:
  20 0000 4D696464 		.ascii	"Middlewares/Third_Party/LwIP/src/core/memp.c\000"
  20      6C657761 
  20      7265732F 
  20      54686972 
  20      645F5061 
  21 002d 000000   		.align	2
  22              	.LC1:
  23 0030 6D656D70 		.ascii	"memp_malloc: memp properly aligned\000"
  23      5F6D616C 
  23      6C6F633A 
  23      206D656D 
  23      70207072 
  24 0053 00       		.align	2
  25              	.LC2:
  26 0054 41737365 		.ascii	"Assertion \"%s\" failed at line %d in %s\012\000"
  26      7274696F 
  26      6E202225 
  26      73222066 
  26      61696C65 
  27              		.section	.text.do_memp_malloc_pool,"ax",%progbits
  28              		.align	1
  29              		.arch armv7e-m
  30              		.syntax unified
  31              		.thumb
  32              		.thumb_func
  33              		.fpu fpv4-sp-d16
  35              	do_memp_malloc_pool:
  36              	.LVL0:
  37              	.LFB161:
  38              		.file 1 "Middlewares/Third_Party/LwIP/src/core/memp.c"
   1:Middlewares/Third_Party/LwIP/src/core/memp.c **** /**
   2:Middlewares/Third_Party/LwIP/src/core/memp.c ****  * @file
   3:Middlewares/Third_Party/LwIP/src/core/memp.c ****  * Dynamic pool memory manager
   4:Middlewares/Third_Party/LwIP/src/core/memp.c ****  *
   5:Middlewares/Third_Party/LwIP/src/core/memp.c ****  * lwIP has dedicated pools for many structures (netconn, protocol control blocks,
   6:Middlewares/Third_Party/LwIP/src/core/memp.c ****  * packet buffers, ...). All these pools are managed here.
   7:Middlewares/Third_Party/LwIP/src/core/memp.c ****  *
   8:Middlewares/Third_Party/LwIP/src/core/memp.c ****  * @defgroup mempool Memory pools
ARM GAS  /tmp/ccLSOBPm.s 			page 2


   9:Middlewares/Third_Party/LwIP/src/core/memp.c ****  * @ingroup infrastructure
  10:Middlewares/Third_Party/LwIP/src/core/memp.c ****  * Custom memory pools
  11:Middlewares/Third_Party/LwIP/src/core/memp.c **** 
  12:Middlewares/Third_Party/LwIP/src/core/memp.c ****  */
  13:Middlewares/Third_Party/LwIP/src/core/memp.c **** 
  14:Middlewares/Third_Party/LwIP/src/core/memp.c **** /*
  15:Middlewares/Third_Party/LwIP/src/core/memp.c ****  * Copyright (c) 2001-2004 Swedish Institute of Computer Science.
  16:Middlewares/Third_Party/LwIP/src/core/memp.c ****  * All rights reserved.
  17:Middlewares/Third_Party/LwIP/src/core/memp.c ****  *
  18:Middlewares/Third_Party/LwIP/src/core/memp.c ****  * Redistribution and use in source and binary forms, with or without modification,
  19:Middlewares/Third_Party/LwIP/src/core/memp.c ****  * are permitted provided that the following conditions are met:
  20:Middlewares/Third_Party/LwIP/src/core/memp.c ****  *
  21:Middlewares/Third_Party/LwIP/src/core/memp.c ****  * 1. Redistributions of source code must retain the above copyright notice,
  22:Middlewares/Third_Party/LwIP/src/core/memp.c ****  *    this list of conditions and the following disclaimer.
  23:Middlewares/Third_Party/LwIP/src/core/memp.c ****  * 2. Redistributions in binary form must reproduce the above copyright notice,
  24:Middlewares/Third_Party/LwIP/src/core/memp.c ****  *    this list of conditions and the following disclaimer in the documentation
  25:Middlewares/Third_Party/LwIP/src/core/memp.c ****  *    and/or other materials provided with the distribution.
  26:Middlewares/Third_Party/LwIP/src/core/memp.c ****  * 3. The name of the author may not be used to endorse or promote products
  27:Middlewares/Third_Party/LwIP/src/core/memp.c ****  *    derived from this software without specific prior written permission.
  28:Middlewares/Third_Party/LwIP/src/core/memp.c ****  *
  29:Middlewares/Third_Party/LwIP/src/core/memp.c ****  * THIS SOFTWARE IS PROVIDED BY THE AUTHOR ``AS IS'' AND ANY EXPRESS OR IMPLIED
  30:Middlewares/Third_Party/LwIP/src/core/memp.c ****  * WARRANTIES, INCLUDING, BUT NOT LIMITED TO, THE IMPLIED WARRANTIES OF
  31:Middlewares/Third_Party/LwIP/src/core/memp.c ****  * MERCHANTABILITY AND FITNESS FOR A PARTICULAR PURPOSE ARE DISCLAIMED. IN NO EVENT
  32:Middlewares/Third_Party/LwIP/src/core/memp.c ****  * SHALL THE AUTHOR BE LIABLE FOR ANY DIRECT, INDIRECT, INCIDENTAL, SPECIAL,
  33:Middlewares/Third_Party/LwIP/src/core/memp.c ****  * EXEMPLARY, OR CONSEQUENTIAL DAMAGES (INCLUDING, BUT NOT LIMITED TO, PROCUREMENT
  34:Middlewares/Third_Party/LwIP/src/core/memp.c ****  * OF SUBSTITUTE GOODS OR SERVICES; LOSS OF USE, DATA, OR PROFITS; OR BUSINESS
  35:Middlewares/Third_Party/LwIP/src/core/memp.c ****  * INTERRUPTION) HOWEVER CAUSED AND ON ANY THEORY OF LIABILITY, WHETHER IN
  36:Middlewares/Third_Party/LwIP/src/core/memp.c ****  * CONTRACT, STRICT LIABILITY, OR TORT (INCLUDING NEGLIGENCE OR OTHERWISE) ARISING
  37:Middlewares/Third_Party/LwIP/src/core/memp.c ****  * IN ANY WAY OUT OF THE USE OF THIS SOFTWARE, EVEN IF ADVISED OF THE POSSIBILITY
  38:Middlewares/Third_Party/LwIP/src/core/memp.c ****  * OF SUCH DAMAGE.
  39:Middlewares/Third_Party/LwIP/src/core/memp.c ****  *
  40:Middlewares/Third_Party/LwIP/src/core/memp.c ****  * This file is part of the lwIP TCP/IP stack.
  41:Middlewares/Third_Party/LwIP/src/core/memp.c ****  *
  42:Middlewares/Third_Party/LwIP/src/core/memp.c ****  * Author: Adam Dunkels <adam@sics.se>
  43:Middlewares/Third_Party/LwIP/src/core/memp.c ****  *
  44:Middlewares/Third_Party/LwIP/src/core/memp.c ****  */
  45:Middlewares/Third_Party/LwIP/src/core/memp.c **** 
  46:Middlewares/Third_Party/LwIP/src/core/memp.c **** #include "lwip/opt.h"
  47:Middlewares/Third_Party/LwIP/src/core/memp.c **** 
  48:Middlewares/Third_Party/LwIP/src/core/memp.c **** #include "lwip/memp.h"
  49:Middlewares/Third_Party/LwIP/src/core/memp.c **** #include "lwip/sys.h"
  50:Middlewares/Third_Party/LwIP/src/core/memp.c **** #include "lwip/stats.h"
  51:Middlewares/Third_Party/LwIP/src/core/memp.c **** 
  52:Middlewares/Third_Party/LwIP/src/core/memp.c **** #include <string.h>
  53:Middlewares/Third_Party/LwIP/src/core/memp.c **** 
  54:Middlewares/Third_Party/LwIP/src/core/memp.c **** /* Make sure we include everything we need for size calculation required by memp_std.h */
  55:Middlewares/Third_Party/LwIP/src/core/memp.c **** #include "lwip/pbuf.h"
  56:Middlewares/Third_Party/LwIP/src/core/memp.c **** #include "lwip/raw.h"
  57:Middlewares/Third_Party/LwIP/src/core/memp.c **** #include "lwip/udp.h"
  58:Middlewares/Third_Party/LwIP/src/core/memp.c **** #include "lwip/tcp.h"
  59:Middlewares/Third_Party/LwIP/src/core/memp.c **** #include "lwip/priv/tcp_priv.h"
  60:Middlewares/Third_Party/LwIP/src/core/memp.c **** #include "lwip/altcp.h"
  61:Middlewares/Third_Party/LwIP/src/core/memp.c **** #include "lwip/ip4_frag.h"
  62:Middlewares/Third_Party/LwIP/src/core/memp.c **** #include "lwip/netbuf.h"
  63:Middlewares/Third_Party/LwIP/src/core/memp.c **** #include "lwip/api.h"
  64:Middlewares/Third_Party/LwIP/src/core/memp.c **** #include "lwip/priv/tcpip_priv.h"
  65:Middlewares/Third_Party/LwIP/src/core/memp.c **** #include "lwip/priv/api_msg.h"
ARM GAS  /tmp/ccLSOBPm.s 			page 3


  66:Middlewares/Third_Party/LwIP/src/core/memp.c **** #include "lwip/priv/sockets_priv.h"
  67:Middlewares/Third_Party/LwIP/src/core/memp.c **** #include "lwip/etharp.h"
  68:Middlewares/Third_Party/LwIP/src/core/memp.c **** #include "lwip/igmp.h"
  69:Middlewares/Third_Party/LwIP/src/core/memp.c **** #include "lwip/timeouts.h"
  70:Middlewares/Third_Party/LwIP/src/core/memp.c **** /* needed by default MEMP_NUM_SYS_TIMEOUT */
  71:Middlewares/Third_Party/LwIP/src/core/memp.c **** #include "netif/ppp/ppp_opts.h"
  72:Middlewares/Third_Party/LwIP/src/core/memp.c **** #include "lwip/netdb.h"
  73:Middlewares/Third_Party/LwIP/src/core/memp.c **** #include "lwip/dns.h"
  74:Middlewares/Third_Party/LwIP/src/core/memp.c **** #include "lwip/priv/nd6_priv.h"
  75:Middlewares/Third_Party/LwIP/src/core/memp.c **** #include "lwip/ip6_frag.h"
  76:Middlewares/Third_Party/LwIP/src/core/memp.c **** #include "lwip/mld6.h"
  77:Middlewares/Third_Party/LwIP/src/core/memp.c **** 
  78:Middlewares/Third_Party/LwIP/src/core/memp.c **** #define LWIP_MEMPOOL(name,num,size,desc) LWIP_MEMPOOL_DECLARE(name,num,size,desc)
  79:Middlewares/Third_Party/LwIP/src/core/memp.c **** #include "lwip/priv/memp_std.h"
  80:Middlewares/Third_Party/LwIP/src/core/memp.c **** 
  81:Middlewares/Third_Party/LwIP/src/core/memp.c **** const struct memp_desc *const memp_pools[MEMP_MAX] = {
  82:Middlewares/Third_Party/LwIP/src/core/memp.c **** #define LWIP_MEMPOOL(name,num,size,desc) &memp_ ## name,
  83:Middlewares/Third_Party/LwIP/src/core/memp.c **** #include "lwip/priv/memp_std.h"
  84:Middlewares/Third_Party/LwIP/src/core/memp.c **** };
  85:Middlewares/Third_Party/LwIP/src/core/memp.c **** 
  86:Middlewares/Third_Party/LwIP/src/core/memp.c **** #ifdef LWIP_HOOK_FILENAME
  87:Middlewares/Third_Party/LwIP/src/core/memp.c **** #include LWIP_HOOK_FILENAME
  88:Middlewares/Third_Party/LwIP/src/core/memp.c **** #endif
  89:Middlewares/Third_Party/LwIP/src/core/memp.c **** 
  90:Middlewares/Third_Party/LwIP/src/core/memp.c **** #if MEMP_MEM_MALLOC && MEMP_OVERFLOW_CHECK >= 2
  91:Middlewares/Third_Party/LwIP/src/core/memp.c **** #undef MEMP_OVERFLOW_CHECK
  92:Middlewares/Third_Party/LwIP/src/core/memp.c **** /* MEMP_OVERFLOW_CHECK >= 2 does not work with MEMP_MEM_MALLOC, use 1 instead */
  93:Middlewares/Third_Party/LwIP/src/core/memp.c **** #define MEMP_OVERFLOW_CHECK 1
  94:Middlewares/Third_Party/LwIP/src/core/memp.c **** #endif
  95:Middlewares/Third_Party/LwIP/src/core/memp.c **** 
  96:Middlewares/Third_Party/LwIP/src/core/memp.c **** #if MEMP_SANITY_CHECK && !MEMP_MEM_MALLOC
  97:Middlewares/Third_Party/LwIP/src/core/memp.c **** /**
  98:Middlewares/Third_Party/LwIP/src/core/memp.c ****  * Check that memp-lists don't form a circle, using "Floyd's cycle-finding algorithm".
  99:Middlewares/Third_Party/LwIP/src/core/memp.c ****  */
 100:Middlewares/Third_Party/LwIP/src/core/memp.c **** static int
 101:Middlewares/Third_Party/LwIP/src/core/memp.c **** memp_sanity(const struct memp_desc *desc)
 102:Middlewares/Third_Party/LwIP/src/core/memp.c **** {
 103:Middlewares/Third_Party/LwIP/src/core/memp.c ****   struct memp *t, *h;
 104:Middlewares/Third_Party/LwIP/src/core/memp.c **** 
 105:Middlewares/Third_Party/LwIP/src/core/memp.c ****   t = *desc->tab;
 106:Middlewares/Third_Party/LwIP/src/core/memp.c ****   if (t != NULL) {
 107:Middlewares/Third_Party/LwIP/src/core/memp.c ****     for (h = t->next; (t != NULL) && (h != NULL); t = t->next,
 108:Middlewares/Third_Party/LwIP/src/core/memp.c ****          h = ((h->next != NULL) ? h->next->next : NULL)) {
 109:Middlewares/Third_Party/LwIP/src/core/memp.c ****       if (t == h) {
 110:Middlewares/Third_Party/LwIP/src/core/memp.c ****         return 0;
 111:Middlewares/Third_Party/LwIP/src/core/memp.c ****       }
 112:Middlewares/Third_Party/LwIP/src/core/memp.c ****     }
 113:Middlewares/Third_Party/LwIP/src/core/memp.c ****   }
 114:Middlewares/Third_Party/LwIP/src/core/memp.c **** 
 115:Middlewares/Third_Party/LwIP/src/core/memp.c ****   return 1;
 116:Middlewares/Third_Party/LwIP/src/core/memp.c **** }
 117:Middlewares/Third_Party/LwIP/src/core/memp.c **** #endif /* MEMP_SANITY_CHECK && !MEMP_MEM_MALLOC */
 118:Middlewares/Third_Party/LwIP/src/core/memp.c **** 
 119:Middlewares/Third_Party/LwIP/src/core/memp.c **** #if MEMP_OVERFLOW_CHECK
 120:Middlewares/Third_Party/LwIP/src/core/memp.c **** /**
 121:Middlewares/Third_Party/LwIP/src/core/memp.c ****  * Check if a memp element was victim of an overflow or underflow
 122:Middlewares/Third_Party/LwIP/src/core/memp.c ****  * (e.g. the restricted area after/before it has been altered)
ARM GAS  /tmp/ccLSOBPm.s 			page 4


 123:Middlewares/Third_Party/LwIP/src/core/memp.c ****  *
 124:Middlewares/Third_Party/LwIP/src/core/memp.c ****  * @param p the memp element to check
 125:Middlewares/Third_Party/LwIP/src/core/memp.c ****  * @param desc the pool p comes from
 126:Middlewares/Third_Party/LwIP/src/core/memp.c ****  */
 127:Middlewares/Third_Party/LwIP/src/core/memp.c **** static void
 128:Middlewares/Third_Party/LwIP/src/core/memp.c **** memp_overflow_check_element(struct memp *p, const struct memp_desc *desc)
 129:Middlewares/Third_Party/LwIP/src/core/memp.c **** {
 130:Middlewares/Third_Party/LwIP/src/core/memp.c ****   mem_overflow_check_raw((u8_t *)p + MEMP_SIZE, desc->size, "pool ", desc->desc);
 131:Middlewares/Third_Party/LwIP/src/core/memp.c **** }
 132:Middlewares/Third_Party/LwIP/src/core/memp.c **** 
 133:Middlewares/Third_Party/LwIP/src/core/memp.c **** /**
 134:Middlewares/Third_Party/LwIP/src/core/memp.c ****  * Initialize the restricted area of on memp element.
 135:Middlewares/Third_Party/LwIP/src/core/memp.c ****  */
 136:Middlewares/Third_Party/LwIP/src/core/memp.c **** static void
 137:Middlewares/Third_Party/LwIP/src/core/memp.c **** memp_overflow_init_element(struct memp *p, const struct memp_desc *desc)
 138:Middlewares/Third_Party/LwIP/src/core/memp.c **** {
 139:Middlewares/Third_Party/LwIP/src/core/memp.c ****   mem_overflow_init_raw((u8_t *)p + MEMP_SIZE, desc->size);
 140:Middlewares/Third_Party/LwIP/src/core/memp.c **** }
 141:Middlewares/Third_Party/LwIP/src/core/memp.c **** 
 142:Middlewares/Third_Party/LwIP/src/core/memp.c **** #if MEMP_OVERFLOW_CHECK >= 2
 143:Middlewares/Third_Party/LwIP/src/core/memp.c **** /**
 144:Middlewares/Third_Party/LwIP/src/core/memp.c ****  * Do an overflow check for all elements in every pool.
 145:Middlewares/Third_Party/LwIP/src/core/memp.c ****  *
 146:Middlewares/Third_Party/LwIP/src/core/memp.c ****  * @see memp_overflow_check_element for a description of the check
 147:Middlewares/Third_Party/LwIP/src/core/memp.c ****  */
 148:Middlewares/Third_Party/LwIP/src/core/memp.c **** static void
 149:Middlewares/Third_Party/LwIP/src/core/memp.c **** memp_overflow_check_all(void)
 150:Middlewares/Third_Party/LwIP/src/core/memp.c **** {
 151:Middlewares/Third_Party/LwIP/src/core/memp.c ****   u16_t i, j;
 152:Middlewares/Third_Party/LwIP/src/core/memp.c ****   struct memp *p;
 153:Middlewares/Third_Party/LwIP/src/core/memp.c ****   SYS_ARCH_DECL_PROTECT(old_level);
 154:Middlewares/Third_Party/LwIP/src/core/memp.c ****   SYS_ARCH_PROTECT(old_level);
 155:Middlewares/Third_Party/LwIP/src/core/memp.c **** 
 156:Middlewares/Third_Party/LwIP/src/core/memp.c ****   for (i = 0; i < MEMP_MAX; ++i) {
 157:Middlewares/Third_Party/LwIP/src/core/memp.c ****     p = (struct memp *)LWIP_MEM_ALIGN(memp_pools[i]->base);
 158:Middlewares/Third_Party/LwIP/src/core/memp.c ****     for (j = 0; j < memp_pools[i]->num; ++j) {
 159:Middlewares/Third_Party/LwIP/src/core/memp.c ****       memp_overflow_check_element(p, memp_pools[i]);
 160:Middlewares/Third_Party/LwIP/src/core/memp.c ****       p = LWIP_ALIGNMENT_CAST(struct memp *, ((u8_t *)p + MEMP_SIZE + memp_pools[i]->size + MEM_SAN
 161:Middlewares/Third_Party/LwIP/src/core/memp.c ****     }
 162:Middlewares/Third_Party/LwIP/src/core/memp.c ****   }
 163:Middlewares/Third_Party/LwIP/src/core/memp.c ****   SYS_ARCH_UNPROTECT(old_level);
 164:Middlewares/Third_Party/LwIP/src/core/memp.c **** }
 165:Middlewares/Third_Party/LwIP/src/core/memp.c **** #endif /* MEMP_OVERFLOW_CHECK >= 2 */
 166:Middlewares/Third_Party/LwIP/src/core/memp.c **** #endif /* MEMP_OVERFLOW_CHECK */
 167:Middlewares/Third_Party/LwIP/src/core/memp.c **** 
 168:Middlewares/Third_Party/LwIP/src/core/memp.c **** /**
 169:Middlewares/Third_Party/LwIP/src/core/memp.c ****  * Initialize custom memory pool.
 170:Middlewares/Third_Party/LwIP/src/core/memp.c ****  * Related functions: memp_malloc_pool, memp_free_pool
 171:Middlewares/Third_Party/LwIP/src/core/memp.c ****  *
 172:Middlewares/Third_Party/LwIP/src/core/memp.c ****  * @param desc pool to initialize
 173:Middlewares/Third_Party/LwIP/src/core/memp.c ****  */
 174:Middlewares/Third_Party/LwIP/src/core/memp.c **** void
 175:Middlewares/Third_Party/LwIP/src/core/memp.c **** memp_init_pool(const struct memp_desc *desc)
 176:Middlewares/Third_Party/LwIP/src/core/memp.c **** {
 177:Middlewares/Third_Party/LwIP/src/core/memp.c **** #if MEMP_MEM_MALLOC
 178:Middlewares/Third_Party/LwIP/src/core/memp.c ****   LWIP_UNUSED_ARG(desc);
 179:Middlewares/Third_Party/LwIP/src/core/memp.c **** #else
ARM GAS  /tmp/ccLSOBPm.s 			page 5


 180:Middlewares/Third_Party/LwIP/src/core/memp.c ****   int i;
 181:Middlewares/Third_Party/LwIP/src/core/memp.c ****   struct memp *memp;
 182:Middlewares/Third_Party/LwIP/src/core/memp.c **** 
 183:Middlewares/Third_Party/LwIP/src/core/memp.c ****   *desc->tab = NULL;
 184:Middlewares/Third_Party/LwIP/src/core/memp.c ****   memp = (struct memp *)LWIP_MEM_ALIGN(desc->base);
 185:Middlewares/Third_Party/LwIP/src/core/memp.c **** #if MEMP_MEM_INIT
 186:Middlewares/Third_Party/LwIP/src/core/memp.c ****   /* force memset on pool memory */
 187:Middlewares/Third_Party/LwIP/src/core/memp.c ****   memset(memp, 0, (size_t)desc->num * (MEMP_SIZE + desc->size
 188:Middlewares/Third_Party/LwIP/src/core/memp.c **** #if MEMP_OVERFLOW_CHECK
 189:Middlewares/Third_Party/LwIP/src/core/memp.c ****                                        + MEM_SANITY_REGION_AFTER_ALIGNED
 190:Middlewares/Third_Party/LwIP/src/core/memp.c **** #endif
 191:Middlewares/Third_Party/LwIP/src/core/memp.c ****                                       ));
 192:Middlewares/Third_Party/LwIP/src/core/memp.c **** #endif
 193:Middlewares/Third_Party/LwIP/src/core/memp.c ****   /* create a linked list of memp elements */
 194:Middlewares/Third_Party/LwIP/src/core/memp.c ****   for (i = 0; i < desc->num; ++i) {
 195:Middlewares/Third_Party/LwIP/src/core/memp.c ****     memp->next = *desc->tab;
 196:Middlewares/Third_Party/LwIP/src/core/memp.c ****     *desc->tab = memp;
 197:Middlewares/Third_Party/LwIP/src/core/memp.c **** #if MEMP_OVERFLOW_CHECK
 198:Middlewares/Third_Party/LwIP/src/core/memp.c ****     memp_overflow_init_element(memp, desc);
 199:Middlewares/Third_Party/LwIP/src/core/memp.c **** #endif /* MEMP_OVERFLOW_CHECK */
 200:Middlewares/Third_Party/LwIP/src/core/memp.c ****     /* cast through void* to get rid of alignment warnings */
 201:Middlewares/Third_Party/LwIP/src/core/memp.c ****     memp = (struct memp *)(void *)((u8_t *)memp + MEMP_SIZE + desc->size
 202:Middlewares/Third_Party/LwIP/src/core/memp.c **** #if MEMP_OVERFLOW_CHECK
 203:Middlewares/Third_Party/LwIP/src/core/memp.c ****                                    + MEM_SANITY_REGION_AFTER_ALIGNED
 204:Middlewares/Third_Party/LwIP/src/core/memp.c **** #endif
 205:Middlewares/Third_Party/LwIP/src/core/memp.c ****                                   );
 206:Middlewares/Third_Party/LwIP/src/core/memp.c ****   }
 207:Middlewares/Third_Party/LwIP/src/core/memp.c **** #if MEMP_STATS
 208:Middlewares/Third_Party/LwIP/src/core/memp.c ****   desc->stats->avail = desc->num;
 209:Middlewares/Third_Party/LwIP/src/core/memp.c **** #endif /* MEMP_STATS */
 210:Middlewares/Third_Party/LwIP/src/core/memp.c **** #endif /* !MEMP_MEM_MALLOC */
 211:Middlewares/Third_Party/LwIP/src/core/memp.c **** 
 212:Middlewares/Third_Party/LwIP/src/core/memp.c **** #if MEMP_STATS && (defined(LWIP_DEBUG) || LWIP_STATS_DISPLAY)
 213:Middlewares/Third_Party/LwIP/src/core/memp.c ****   desc->stats->name  = desc->desc;
 214:Middlewares/Third_Party/LwIP/src/core/memp.c **** #endif /* MEMP_STATS && (defined(LWIP_DEBUG) || LWIP_STATS_DISPLAY) */
 215:Middlewares/Third_Party/LwIP/src/core/memp.c **** }
 216:Middlewares/Third_Party/LwIP/src/core/memp.c **** 
 217:Middlewares/Third_Party/LwIP/src/core/memp.c **** /**
 218:Middlewares/Third_Party/LwIP/src/core/memp.c ****  * Initializes lwIP built-in pools.
 219:Middlewares/Third_Party/LwIP/src/core/memp.c ****  * Related functions: memp_malloc, memp_free
 220:Middlewares/Third_Party/LwIP/src/core/memp.c ****  *
 221:Middlewares/Third_Party/LwIP/src/core/memp.c ****  * Carves out memp_memory into linked lists for each pool-type.
 222:Middlewares/Third_Party/LwIP/src/core/memp.c ****  */
 223:Middlewares/Third_Party/LwIP/src/core/memp.c **** void
 224:Middlewares/Third_Party/LwIP/src/core/memp.c **** memp_init(void)
 225:Middlewares/Third_Party/LwIP/src/core/memp.c **** {
 226:Middlewares/Third_Party/LwIP/src/core/memp.c ****   u16_t i;
 227:Middlewares/Third_Party/LwIP/src/core/memp.c **** 
 228:Middlewares/Third_Party/LwIP/src/core/memp.c ****   /* for every pool: */
 229:Middlewares/Third_Party/LwIP/src/core/memp.c ****   for (i = 0; i < LWIP_ARRAYSIZE(memp_pools); i++) {
 230:Middlewares/Third_Party/LwIP/src/core/memp.c ****     memp_init_pool(memp_pools[i]);
 231:Middlewares/Third_Party/LwIP/src/core/memp.c **** 
 232:Middlewares/Third_Party/LwIP/src/core/memp.c **** #if LWIP_STATS && MEMP_STATS
 233:Middlewares/Third_Party/LwIP/src/core/memp.c ****     lwip_stats.memp[i] = memp_pools[i]->stats;
 234:Middlewares/Third_Party/LwIP/src/core/memp.c **** #endif
 235:Middlewares/Third_Party/LwIP/src/core/memp.c ****   }
 236:Middlewares/Third_Party/LwIP/src/core/memp.c **** 
ARM GAS  /tmp/ccLSOBPm.s 			page 6


 237:Middlewares/Third_Party/LwIP/src/core/memp.c **** #if MEMP_OVERFLOW_CHECK >= 2
 238:Middlewares/Third_Party/LwIP/src/core/memp.c ****   /* check everything a first time to see if it worked */
 239:Middlewares/Third_Party/LwIP/src/core/memp.c ****   memp_overflow_check_all();
 240:Middlewares/Third_Party/LwIP/src/core/memp.c **** #endif /* MEMP_OVERFLOW_CHECK >= 2 */
 241:Middlewares/Third_Party/LwIP/src/core/memp.c **** }
 242:Middlewares/Third_Party/LwIP/src/core/memp.c **** 
 243:Middlewares/Third_Party/LwIP/src/core/memp.c **** static void *
 244:Middlewares/Third_Party/LwIP/src/core/memp.c **** #if !MEMP_OVERFLOW_CHECK
 245:Middlewares/Third_Party/LwIP/src/core/memp.c **** do_memp_malloc_pool(const struct memp_desc *desc)
 246:Middlewares/Third_Party/LwIP/src/core/memp.c **** #else
 247:Middlewares/Third_Party/LwIP/src/core/memp.c **** do_memp_malloc_pool_fn(const struct memp_desc *desc, const char *file, const int line)
 248:Middlewares/Third_Party/LwIP/src/core/memp.c **** #endif
 249:Middlewares/Third_Party/LwIP/src/core/memp.c **** {
  39              		.loc 1 249 1 view -0
  40              		.cfi_startproc
  41              		@ args = 0, pretend = 0, frame = 0
  42              		@ frame_needed = 0, uses_anonymous_args = 0
  43              		.loc 1 249 1 is_stmt 0 view .LVU1
  44 0000 10B5     		push	{r4, lr}
  45              	.LCFI0:
  46              		.cfi_def_cfa_offset 8
  47              		.cfi_offset 4, -8
  48              		.cfi_offset 14, -4
 250:Middlewares/Third_Party/LwIP/src/core/memp.c ****   struct memp *memp;
  49              		.loc 1 250 3 is_stmt 1 view .LVU2
 251:Middlewares/Third_Party/LwIP/src/core/memp.c ****   SYS_ARCH_DECL_PROTECT(old_level);
  50              		.loc 1 251 35 view .LVU3
 252:Middlewares/Third_Party/LwIP/src/core/memp.c **** 
 253:Middlewares/Third_Party/LwIP/src/core/memp.c **** #if MEMP_MEM_MALLOC
 254:Middlewares/Third_Party/LwIP/src/core/memp.c ****   memp = (struct memp *)mem_malloc(MEMP_SIZE + MEMP_ALIGN_SIZE(desc->size));
 255:Middlewares/Third_Party/LwIP/src/core/memp.c ****   SYS_ARCH_PROTECT(old_level);
 256:Middlewares/Third_Party/LwIP/src/core/memp.c **** #else /* MEMP_MEM_MALLOC */
 257:Middlewares/Third_Party/LwIP/src/core/memp.c ****   SYS_ARCH_PROTECT(old_level);
  51              		.loc 1 257 30 view .LVU4
 258:Middlewares/Third_Party/LwIP/src/core/memp.c **** 
 259:Middlewares/Third_Party/LwIP/src/core/memp.c ****   memp = *desc->tab;
  52              		.loc 1 259 3 view .LVU5
  53              		.loc 1 259 15 is_stmt 0 view .LVU6
  54 0002 8368     		ldr	r3, [r0, #8]
  55              		.loc 1 259 8 view .LVU7
  56 0004 1C68     		ldr	r4, [r3]
  57              	.LVL1:
 260:Middlewares/Third_Party/LwIP/src/core/memp.c **** #endif /* MEMP_MEM_MALLOC */
 261:Middlewares/Third_Party/LwIP/src/core/memp.c **** 
 262:Middlewares/Third_Party/LwIP/src/core/memp.c ****   if (memp != NULL) {
  58              		.loc 1 262 3 is_stmt 1 view .LVU8
  59              		.loc 1 262 6 is_stmt 0 view .LVU9
  60 0006 24B1     		cbz	r4, .L1
 263:Middlewares/Third_Party/LwIP/src/core/memp.c **** #if !MEMP_MEM_MALLOC
 264:Middlewares/Third_Party/LwIP/src/core/memp.c **** #if MEMP_OVERFLOW_CHECK == 1
 265:Middlewares/Third_Party/LwIP/src/core/memp.c ****     memp_overflow_check_element(memp, desc);
 266:Middlewares/Third_Party/LwIP/src/core/memp.c **** #endif /* MEMP_OVERFLOW_CHECK */
 267:Middlewares/Third_Party/LwIP/src/core/memp.c **** 
 268:Middlewares/Third_Party/LwIP/src/core/memp.c ****     *desc->tab = memp->next;
  61              		.loc 1 268 5 is_stmt 1 view .LVU10
  62              		.loc 1 268 22 is_stmt 0 view .LVU11
  63 0008 2268     		ldr	r2, [r4]
ARM GAS  /tmp/ccLSOBPm.s 			page 7


  64              		.loc 1 268 16 view .LVU12
  65 000a 1A60     		str	r2, [r3]
 269:Middlewares/Third_Party/LwIP/src/core/memp.c **** #if MEMP_OVERFLOW_CHECK
 270:Middlewares/Third_Party/LwIP/src/core/memp.c ****     memp->next = NULL;
 271:Middlewares/Third_Party/LwIP/src/core/memp.c **** #endif /* MEMP_OVERFLOW_CHECK */
 272:Middlewares/Third_Party/LwIP/src/core/memp.c **** #endif /* !MEMP_MEM_MALLOC */
 273:Middlewares/Third_Party/LwIP/src/core/memp.c **** #if MEMP_OVERFLOW_CHECK
 274:Middlewares/Third_Party/LwIP/src/core/memp.c ****     memp->file = file;
 275:Middlewares/Third_Party/LwIP/src/core/memp.c ****     memp->line = line;
 276:Middlewares/Third_Party/LwIP/src/core/memp.c **** #if MEMP_MEM_MALLOC
 277:Middlewares/Third_Party/LwIP/src/core/memp.c ****     memp_overflow_init_element(memp, desc);
 278:Middlewares/Third_Party/LwIP/src/core/memp.c **** #endif /* MEMP_MEM_MALLOC */
 279:Middlewares/Third_Party/LwIP/src/core/memp.c **** #endif /* MEMP_OVERFLOW_CHECK */
 280:Middlewares/Third_Party/LwIP/src/core/memp.c ****     LWIP_ASSERT("memp_malloc: memp properly aligned",
  66              		.loc 1 280 5 is_stmt 1 view .LVU13
  67              		.loc 1 280 5 view .LVU14
  68 000c 14F0030F 		tst	r4, #3
  69 0010 01D1     		bne	.L5
  70              	.LVL2:
  71              	.L1:
 281:Middlewares/Third_Party/LwIP/src/core/memp.c ****                 ((mem_ptr_t)memp % MEM_ALIGNMENT) == 0);
 282:Middlewares/Third_Party/LwIP/src/core/memp.c **** #if MEMP_STATS
 283:Middlewares/Third_Party/LwIP/src/core/memp.c ****     desc->stats->used++;
 284:Middlewares/Third_Party/LwIP/src/core/memp.c ****     if (desc->stats->used > desc->stats->max) {
 285:Middlewares/Third_Party/LwIP/src/core/memp.c ****       desc->stats->max = desc->stats->used;
 286:Middlewares/Third_Party/LwIP/src/core/memp.c ****     }
 287:Middlewares/Third_Party/LwIP/src/core/memp.c **** #endif
 288:Middlewares/Third_Party/LwIP/src/core/memp.c ****     SYS_ARCH_UNPROTECT(old_level);
 289:Middlewares/Third_Party/LwIP/src/core/memp.c ****     /* cast through u8_t* to get rid of alignment warnings */
 290:Middlewares/Third_Party/LwIP/src/core/memp.c ****     return ((u8_t *)memp + MEMP_SIZE);
 291:Middlewares/Third_Party/LwIP/src/core/memp.c ****   } else {
 292:Middlewares/Third_Party/LwIP/src/core/memp.c **** #if MEMP_STATS
 293:Middlewares/Third_Party/LwIP/src/core/memp.c ****     desc->stats->err++;
 294:Middlewares/Third_Party/LwIP/src/core/memp.c **** #endif
 295:Middlewares/Third_Party/LwIP/src/core/memp.c ****     SYS_ARCH_UNPROTECT(old_level);
 296:Middlewares/Third_Party/LwIP/src/core/memp.c ****     LWIP_DEBUGF(MEMP_DEBUG | LWIP_DBG_LEVEL_SERIOUS, ("memp_malloc: out of memory in pool %s\n", de
 297:Middlewares/Third_Party/LwIP/src/core/memp.c ****   }
 298:Middlewares/Third_Party/LwIP/src/core/memp.c **** 
 299:Middlewares/Third_Party/LwIP/src/core/memp.c ****   return NULL;
 300:Middlewares/Third_Party/LwIP/src/core/memp.c **** }
  72              		.loc 1 300 1 is_stmt 0 view .LVU15
  73 0012 2046     		mov	r0, r4
  74 0014 10BD     		pop	{r4, pc}
  75              	.LVL3:
  76              	.L5:
 280:Middlewares/Third_Party/LwIP/src/core/memp.c ****                 ((mem_ptr_t)memp % MEM_ALIGNMENT) == 0);
  77              		.loc 1 280 5 is_stmt 1 discriminator 1 view .LVU16
 280:Middlewares/Third_Party/LwIP/src/core/memp.c ****                 ((mem_ptr_t)memp % MEM_ALIGNMENT) == 0);
  78              		.loc 1 280 5 discriminator 1 view .LVU17
  79 0016 044B     		ldr	r3, .L6
  80 0018 4FF48C72 		mov	r2, #280
  81 001c 0349     		ldr	r1, .L6+4
  82 001e 0448     		ldr	r0, .L6+8
  83              	.LVL4:
 280:Middlewares/Third_Party/LwIP/src/core/memp.c ****                 ((mem_ptr_t)memp % MEM_ALIGNMENT) == 0);
  84              		.loc 1 280 5 is_stmt 0 discriminator 1 view .LVU18
  85 0020 FFF7FEFF 		bl	printf
ARM GAS  /tmp/ccLSOBPm.s 			page 8


  86              	.LVL5:
 280:Middlewares/Third_Party/LwIP/src/core/memp.c ****                 ((mem_ptr_t)memp % MEM_ALIGNMENT) == 0);
  87              		.loc 1 280 5 is_stmt 1 discriminator 1 view .LVU19
 280:Middlewares/Third_Party/LwIP/src/core/memp.c ****                 ((mem_ptr_t)memp % MEM_ALIGNMENT) == 0);
  88              		.loc 1 280 5 discriminator 1 view .LVU20
 288:Middlewares/Third_Party/LwIP/src/core/memp.c ****     /* cast through u8_t* to get rid of alignment warnings */
  89              		.loc 1 288 34 discriminator 1 view .LVU21
 290:Middlewares/Third_Party/LwIP/src/core/memp.c ****   } else {
  90              		.loc 1 290 5 discriminator 1 view .LVU22
 290:Middlewares/Third_Party/LwIP/src/core/memp.c ****   } else {
  91              		.loc 1 290 26 is_stmt 0 discriminator 1 view .LVU23
  92 0024 F5E7     		b	.L1
  93              	.L7:
  94 0026 00BF     		.align	2
  95              	.L6:
  96 0028 00000000 		.word	.LC0
  97 002c 30000000 		.word	.LC1
  98 0030 54000000 		.word	.LC2
  99              		.cfi_endproc
 100              	.LFE161:
 102              		.section	.rodata.do_memp_free_pool.str1.4,"aMS",%progbits,1
 103              		.align	2
 104              	.LC3:
 105 0000 6D656D70 		.ascii	"memp_free: mem properly aligned\000"
 105      5F667265 
 105      653A206D 
 105      656D2070 
 105      726F7065 
 106              		.section	.text.do_memp_free_pool,"ax",%progbits
 107              		.align	1
 108              		.syntax unified
 109              		.thumb
 110              		.thumb_func
 111              		.fpu fpv4-sp-d16
 113              	do_memp_free_pool:
 114              	.LVL6:
 115              	.LFB164:
 301:Middlewares/Third_Party/LwIP/src/core/memp.c **** 
 302:Middlewares/Third_Party/LwIP/src/core/memp.c **** /**
 303:Middlewares/Third_Party/LwIP/src/core/memp.c ****  * Get an element from a custom pool.
 304:Middlewares/Third_Party/LwIP/src/core/memp.c ****  *
 305:Middlewares/Third_Party/LwIP/src/core/memp.c ****  * @param desc the pool to get an element from
 306:Middlewares/Third_Party/LwIP/src/core/memp.c ****  *
 307:Middlewares/Third_Party/LwIP/src/core/memp.c ****  * @return a pointer to the allocated memory or a NULL pointer on error
 308:Middlewares/Third_Party/LwIP/src/core/memp.c ****  */
 309:Middlewares/Third_Party/LwIP/src/core/memp.c **** void *
 310:Middlewares/Third_Party/LwIP/src/core/memp.c **** #if !MEMP_OVERFLOW_CHECK
 311:Middlewares/Third_Party/LwIP/src/core/memp.c **** memp_malloc_pool(const struct memp_desc *desc)
 312:Middlewares/Third_Party/LwIP/src/core/memp.c **** #else
 313:Middlewares/Third_Party/LwIP/src/core/memp.c **** memp_malloc_pool_fn(const struct memp_desc *desc, const char *file, const int line)
 314:Middlewares/Third_Party/LwIP/src/core/memp.c **** #endif
 315:Middlewares/Third_Party/LwIP/src/core/memp.c **** {
 316:Middlewares/Third_Party/LwIP/src/core/memp.c ****   LWIP_ASSERT("invalid pool desc", desc != NULL);
 317:Middlewares/Third_Party/LwIP/src/core/memp.c ****   if (desc == NULL) {
 318:Middlewares/Third_Party/LwIP/src/core/memp.c ****     return NULL;
 319:Middlewares/Third_Party/LwIP/src/core/memp.c ****   }
 320:Middlewares/Third_Party/LwIP/src/core/memp.c **** 
ARM GAS  /tmp/ccLSOBPm.s 			page 9


 321:Middlewares/Third_Party/LwIP/src/core/memp.c **** #if !MEMP_OVERFLOW_CHECK
 322:Middlewares/Third_Party/LwIP/src/core/memp.c ****   return do_memp_malloc_pool(desc);
 323:Middlewares/Third_Party/LwIP/src/core/memp.c **** #else
 324:Middlewares/Third_Party/LwIP/src/core/memp.c ****   return do_memp_malloc_pool_fn(desc, file, line);
 325:Middlewares/Third_Party/LwIP/src/core/memp.c **** #endif
 326:Middlewares/Third_Party/LwIP/src/core/memp.c **** }
 327:Middlewares/Third_Party/LwIP/src/core/memp.c **** 
 328:Middlewares/Third_Party/LwIP/src/core/memp.c **** /**
 329:Middlewares/Third_Party/LwIP/src/core/memp.c ****  * Get an element from a specific pool.
 330:Middlewares/Third_Party/LwIP/src/core/memp.c ****  *
 331:Middlewares/Third_Party/LwIP/src/core/memp.c ****  * @param type the pool to get an element from
 332:Middlewares/Third_Party/LwIP/src/core/memp.c ****  *
 333:Middlewares/Third_Party/LwIP/src/core/memp.c ****  * @return a pointer to the allocated memory or a NULL pointer on error
 334:Middlewares/Third_Party/LwIP/src/core/memp.c ****  */
 335:Middlewares/Third_Party/LwIP/src/core/memp.c **** void *
 336:Middlewares/Third_Party/LwIP/src/core/memp.c **** #if !MEMP_OVERFLOW_CHECK
 337:Middlewares/Third_Party/LwIP/src/core/memp.c **** memp_malloc(memp_t type)
 338:Middlewares/Third_Party/LwIP/src/core/memp.c **** #else
 339:Middlewares/Third_Party/LwIP/src/core/memp.c **** memp_malloc_fn(memp_t type, const char *file, const int line)
 340:Middlewares/Third_Party/LwIP/src/core/memp.c **** #endif
 341:Middlewares/Third_Party/LwIP/src/core/memp.c **** {
 342:Middlewares/Third_Party/LwIP/src/core/memp.c ****   void *memp;
 343:Middlewares/Third_Party/LwIP/src/core/memp.c ****   LWIP_ERROR("memp_malloc: type < MEMP_MAX", (type < MEMP_MAX), return NULL;);
 344:Middlewares/Third_Party/LwIP/src/core/memp.c **** 
 345:Middlewares/Third_Party/LwIP/src/core/memp.c **** #if MEMP_OVERFLOW_CHECK >= 2
 346:Middlewares/Third_Party/LwIP/src/core/memp.c ****   memp_overflow_check_all();
 347:Middlewares/Third_Party/LwIP/src/core/memp.c **** #endif /* MEMP_OVERFLOW_CHECK >= 2 */
 348:Middlewares/Third_Party/LwIP/src/core/memp.c **** 
 349:Middlewares/Third_Party/LwIP/src/core/memp.c **** #if !MEMP_OVERFLOW_CHECK
 350:Middlewares/Third_Party/LwIP/src/core/memp.c ****   memp = do_memp_malloc_pool(memp_pools[type]);
 351:Middlewares/Third_Party/LwIP/src/core/memp.c **** #else
 352:Middlewares/Third_Party/LwIP/src/core/memp.c ****   memp = do_memp_malloc_pool_fn(memp_pools[type], file, line);
 353:Middlewares/Third_Party/LwIP/src/core/memp.c **** #endif
 354:Middlewares/Third_Party/LwIP/src/core/memp.c **** 
 355:Middlewares/Third_Party/LwIP/src/core/memp.c ****   return memp;
 356:Middlewares/Third_Party/LwIP/src/core/memp.c **** }
 357:Middlewares/Third_Party/LwIP/src/core/memp.c **** 
 358:Middlewares/Third_Party/LwIP/src/core/memp.c **** static void
 359:Middlewares/Third_Party/LwIP/src/core/memp.c **** do_memp_free_pool(const struct memp_desc *desc, void *mem)
 360:Middlewares/Third_Party/LwIP/src/core/memp.c **** {
 116              		.loc 1 360 1 is_stmt 1 view -0
 117              		.cfi_startproc
 118              		@ args = 0, pretend = 0, frame = 0
 119              		@ frame_needed = 0, uses_anonymous_args = 0
 120              		.loc 1 360 1 is_stmt 0 view .LVU25
 121 0000 38B5     		push	{r3, r4, r5, lr}
 122              	.LCFI1:
 123              		.cfi_def_cfa_offset 16
 124              		.cfi_offset 3, -16
 125              		.cfi_offset 4, -12
 126              		.cfi_offset 5, -8
 127              		.cfi_offset 14, -4
 128 0002 0546     		mov	r5, r0
 129 0004 0C46     		mov	r4, r1
 361:Middlewares/Third_Party/LwIP/src/core/memp.c ****   struct memp *memp;
 130              		.loc 1 361 3 is_stmt 1 view .LVU26
 362:Middlewares/Third_Party/LwIP/src/core/memp.c ****   SYS_ARCH_DECL_PROTECT(old_level);
ARM GAS  /tmp/ccLSOBPm.s 			page 10


 131              		.loc 1 362 35 view .LVU27
 363:Middlewares/Third_Party/LwIP/src/core/memp.c **** 
 364:Middlewares/Third_Party/LwIP/src/core/memp.c ****   LWIP_ASSERT("memp_free: mem properly aligned",
 132              		.loc 1 364 3 view .LVU28
 133              		.loc 1 364 3 view .LVU29
 134 0006 11F0030F 		tst	r1, #3
 135 000a 05D1     		bne	.L11
 136              	.LVL7:
 137              	.L9:
 138              		.loc 1 364 3 discriminator 3 view .LVU30
 139              		.loc 1 364 3 discriminator 3 view .LVU31
 365:Middlewares/Third_Party/LwIP/src/core/memp.c ****               ((mem_ptr_t)mem % MEM_ALIGNMENT) == 0);
 366:Middlewares/Third_Party/LwIP/src/core/memp.c **** 
 367:Middlewares/Third_Party/LwIP/src/core/memp.c ****   /* cast through void* to get rid of alignment warnings */
 368:Middlewares/Third_Party/LwIP/src/core/memp.c ****   memp = (struct memp *)(void *)((u8_t *)mem - MEMP_SIZE);
 140              		.loc 1 368 3 discriminator 3 view .LVU32
 369:Middlewares/Third_Party/LwIP/src/core/memp.c **** 
 370:Middlewares/Third_Party/LwIP/src/core/memp.c ****   SYS_ARCH_PROTECT(old_level);
 141              		.loc 1 370 30 discriminator 3 view .LVU33
 371:Middlewares/Third_Party/LwIP/src/core/memp.c **** 
 372:Middlewares/Third_Party/LwIP/src/core/memp.c **** #if MEMP_OVERFLOW_CHECK == 1
 373:Middlewares/Third_Party/LwIP/src/core/memp.c ****   memp_overflow_check_element(memp, desc);
 374:Middlewares/Third_Party/LwIP/src/core/memp.c **** #endif /* MEMP_OVERFLOW_CHECK */
 375:Middlewares/Third_Party/LwIP/src/core/memp.c **** 
 376:Middlewares/Third_Party/LwIP/src/core/memp.c **** #if MEMP_STATS
 377:Middlewares/Third_Party/LwIP/src/core/memp.c ****   desc->stats->used--;
 378:Middlewares/Third_Party/LwIP/src/core/memp.c **** #endif
 379:Middlewares/Third_Party/LwIP/src/core/memp.c **** 
 380:Middlewares/Third_Party/LwIP/src/core/memp.c **** #if MEMP_MEM_MALLOC
 381:Middlewares/Third_Party/LwIP/src/core/memp.c ****   LWIP_UNUSED_ARG(desc);
 382:Middlewares/Third_Party/LwIP/src/core/memp.c ****   SYS_ARCH_UNPROTECT(old_level);
 383:Middlewares/Third_Party/LwIP/src/core/memp.c ****   mem_free(memp);
 384:Middlewares/Third_Party/LwIP/src/core/memp.c **** #else /* MEMP_MEM_MALLOC */
 385:Middlewares/Third_Party/LwIP/src/core/memp.c ****   memp->next = *desc->tab;
 142              		.loc 1 385 3 discriminator 3 view .LVU34
 143              		.loc 1 385 21 is_stmt 0 discriminator 3 view .LVU35
 144 000c AB68     		ldr	r3, [r5, #8]
 145              		.loc 1 385 16 discriminator 3 view .LVU36
 146 000e 1B68     		ldr	r3, [r3]
 147              		.loc 1 385 14 discriminator 3 view .LVU37
 148 0010 2360     		str	r3, [r4]
 386:Middlewares/Third_Party/LwIP/src/core/memp.c ****   *desc->tab = memp;
 149              		.loc 1 386 3 is_stmt 1 discriminator 3 view .LVU38
 150              		.loc 1 386 8 is_stmt 0 discriminator 3 view .LVU39
 151 0012 AB68     		ldr	r3, [r5, #8]
 152              		.loc 1 386 14 discriminator 3 view .LVU40
 153 0014 1C60     		str	r4, [r3]
 387:Middlewares/Third_Party/LwIP/src/core/memp.c **** 
 388:Middlewares/Third_Party/LwIP/src/core/memp.c **** #if MEMP_SANITY_CHECK
 389:Middlewares/Third_Party/LwIP/src/core/memp.c ****   LWIP_ASSERT("memp sanity", memp_sanity(desc));
 390:Middlewares/Third_Party/LwIP/src/core/memp.c **** #endif /* MEMP_SANITY_CHECK */
 391:Middlewares/Third_Party/LwIP/src/core/memp.c **** 
 392:Middlewares/Third_Party/LwIP/src/core/memp.c ****   SYS_ARCH_UNPROTECT(old_level);
 154              		.loc 1 392 32 is_stmt 1 discriminator 3 view .LVU41
 393:Middlewares/Third_Party/LwIP/src/core/memp.c **** #endif /* !MEMP_MEM_MALLOC */
 394:Middlewares/Third_Party/LwIP/src/core/memp.c **** }
 155              		.loc 1 394 1 is_stmt 0 discriminator 3 view .LVU42
ARM GAS  /tmp/ccLSOBPm.s 			page 11


 156 0016 38BD     		pop	{r3, r4, r5, pc}
 157              	.LVL8:
 158              	.L11:
 364:Middlewares/Third_Party/LwIP/src/core/memp.c ****               ((mem_ptr_t)mem % MEM_ALIGNMENT) == 0);
 159              		.loc 1 364 3 is_stmt 1 discriminator 1 view .LVU43
 364:Middlewares/Third_Party/LwIP/src/core/memp.c ****               ((mem_ptr_t)mem % MEM_ALIGNMENT) == 0);
 160              		.loc 1 364 3 discriminator 1 view .LVU44
 161 0018 034B     		ldr	r3, .L12
 162 001a 4FF4B672 		mov	r2, #364
 163 001e 0349     		ldr	r1, .L12+4
 164              	.LVL9:
 364:Middlewares/Third_Party/LwIP/src/core/memp.c ****               ((mem_ptr_t)mem % MEM_ALIGNMENT) == 0);
 165              		.loc 1 364 3 is_stmt 0 discriminator 1 view .LVU45
 166 0020 0348     		ldr	r0, .L12+8
 167              	.LVL10:
 364:Middlewares/Third_Party/LwIP/src/core/memp.c ****               ((mem_ptr_t)mem % MEM_ALIGNMENT) == 0);
 168              		.loc 1 364 3 discriminator 1 view .LVU46
 169 0022 FFF7FEFF 		bl	printf
 170              	.LVL11:
 171 0026 F1E7     		b	.L9
 172              	.L13:
 173              		.align	2
 174              	.L12:
 175 0028 00000000 		.word	.LC0
 176 002c 00000000 		.word	.LC3
 177 0030 54000000 		.word	.LC2
 178              		.cfi_endproc
 179              	.LFE164:
 181              		.section	.text.memp_init_pool,"ax",%progbits
 182              		.align	1
 183              		.global	memp_init_pool
 184              		.syntax unified
 185              		.thumb
 186              		.thumb_func
 187              		.fpu fpv4-sp-d16
 189              	memp_init_pool:
 190              	.LVL12:
 191              	.LFB159:
 176:Middlewares/Third_Party/LwIP/src/core/memp.c **** #if MEMP_MEM_MALLOC
 192              		.loc 1 176 1 is_stmt 1 view -0
 193              		.cfi_startproc
 194              		@ args = 0, pretend = 0, frame = 0
 195              		@ frame_needed = 0, uses_anonymous_args = 0
 196              		@ link register save eliminated.
 180:Middlewares/Third_Party/LwIP/src/core/memp.c ****   struct memp *memp;
 197              		.loc 1 180 3 view .LVU48
 181:Middlewares/Third_Party/LwIP/src/core/memp.c **** 
 198              		.loc 1 181 3 view .LVU49
 183:Middlewares/Third_Party/LwIP/src/core/memp.c ****   memp = (struct memp *)LWIP_MEM_ALIGN(desc->base);
 199              		.loc 1 183 3 view .LVU50
 183:Middlewares/Third_Party/LwIP/src/core/memp.c ****   memp = (struct memp *)LWIP_MEM_ALIGN(desc->base);
 200              		.loc 1 183 8 is_stmt 0 view .LVU51
 201 0000 8368     		ldr	r3, [r0, #8]
 183:Middlewares/Third_Party/LwIP/src/core/memp.c ****   memp = (struct memp *)LWIP_MEM_ALIGN(desc->base);
 202              		.loc 1 183 14 view .LVU52
 203 0002 0022     		movs	r2, #0
 204 0004 1A60     		str	r2, [r3]
ARM GAS  /tmp/ccLSOBPm.s 			page 12


 184:Middlewares/Third_Party/LwIP/src/core/memp.c **** #if MEMP_MEM_INIT
 205              		.loc 1 184 3 is_stmt 1 view .LVU53
 184:Middlewares/Third_Party/LwIP/src/core/memp.c **** #if MEMP_MEM_INIT
 206              		.loc 1 184 25 is_stmt 0 view .LVU54
 207 0006 4368     		ldr	r3, [r0, #4]
 208 0008 0333     		adds	r3, r3, #3
 209 000a 23F00303 		bic	r3, r3, #3
 210              	.LVL13:
 194:Middlewares/Third_Party/LwIP/src/core/memp.c ****     memp->next = *desc->tab;
 211              		.loc 1 194 3 is_stmt 1 view .LVU55
 212              	.L15:
 194:Middlewares/Third_Party/LwIP/src/core/memp.c ****     memp->next = *desc->tab;
 213              		.loc 1 194 15 discriminator 1 view .LVU56
 194:Middlewares/Third_Party/LwIP/src/core/memp.c ****     memp->next = *desc->tab;
 214              		.loc 1 194 23 is_stmt 0 discriminator 1 view .LVU57
 215 000e 4188     		ldrh	r1, [r0, #2]
 194:Middlewares/Third_Party/LwIP/src/core/memp.c ****     memp->next = *desc->tab;
 216              		.loc 1 194 3 discriminator 1 view .LVU58
 217 0010 9142     		cmp	r1, r2
 218 0012 08DD     		ble	.L17
 195:Middlewares/Third_Party/LwIP/src/core/memp.c ****     *desc->tab = memp;
 219              		.loc 1 195 5 is_stmt 1 discriminator 3 view .LVU59
 195:Middlewares/Third_Party/LwIP/src/core/memp.c ****     *desc->tab = memp;
 220              		.loc 1 195 23 is_stmt 0 discriminator 3 view .LVU60
 221 0014 8168     		ldr	r1, [r0, #8]
 195:Middlewares/Third_Party/LwIP/src/core/memp.c ****     *desc->tab = memp;
 222              		.loc 1 195 18 discriminator 3 view .LVU61
 223 0016 0968     		ldr	r1, [r1]
 195:Middlewares/Third_Party/LwIP/src/core/memp.c ****     *desc->tab = memp;
 224              		.loc 1 195 16 discriminator 3 view .LVU62
 225 0018 1960     		str	r1, [r3]
 196:Middlewares/Third_Party/LwIP/src/core/memp.c **** #if MEMP_OVERFLOW_CHECK
 226              		.loc 1 196 5 is_stmt 1 discriminator 3 view .LVU63
 196:Middlewares/Third_Party/LwIP/src/core/memp.c **** #if MEMP_OVERFLOW_CHECK
 227              		.loc 1 196 10 is_stmt 0 discriminator 3 view .LVU64
 228 001a 8168     		ldr	r1, [r0, #8]
 196:Middlewares/Third_Party/LwIP/src/core/memp.c **** #if MEMP_OVERFLOW_CHECK
 229              		.loc 1 196 16 discriminator 3 view .LVU65
 230 001c 0B60     		str	r3, [r1]
 201:Middlewares/Third_Party/LwIP/src/core/memp.c **** #if MEMP_OVERFLOW_CHECK
 231              		.loc 1 201 5 is_stmt 1 discriminator 3 view .LVU66
 201:Middlewares/Third_Party/LwIP/src/core/memp.c **** #if MEMP_OVERFLOW_CHECK
 232              		.loc 1 201 67 is_stmt 0 discriminator 3 view .LVU67
 233 001e 0188     		ldrh	r1, [r0]
 201:Middlewares/Third_Party/LwIP/src/core/memp.c **** #if MEMP_OVERFLOW_CHECK
 234              		.loc 1 201 10 discriminator 3 view .LVU68
 235 0020 0B44     		add	r3, r3, r1
 236              	.LVL14:
 194:Middlewares/Third_Party/LwIP/src/core/memp.c ****     memp->next = *desc->tab;
 237              		.loc 1 194 30 is_stmt 1 discriminator 3 view .LVU69
 238 0022 0132     		adds	r2, r2, #1
 239              	.LVL15:
 194:Middlewares/Third_Party/LwIP/src/core/memp.c ****     memp->next = *desc->tab;
 240              		.loc 1 194 30 is_stmt 0 discriminator 3 view .LVU70
 241 0024 F3E7     		b	.L15
 242              	.L17:
 215:Middlewares/Third_Party/LwIP/src/core/memp.c **** 
ARM GAS  /tmp/ccLSOBPm.s 			page 13


 243              		.loc 1 215 1 view .LVU71
 244 0026 7047     		bx	lr
 245              		.cfi_endproc
 246              	.LFE159:
 248              		.section	.text.memp_init,"ax",%progbits
 249              		.align	1
 250              		.global	memp_init
 251              		.syntax unified
 252              		.thumb
 253              		.thumb_func
 254              		.fpu fpv4-sp-d16
 256              	memp_init:
 257              	.LFB160:
 225:Middlewares/Third_Party/LwIP/src/core/memp.c ****   u16_t i;
 258              		.loc 1 225 1 is_stmt 1 view -0
 259              		.cfi_startproc
 260              		@ args = 0, pretend = 0, frame = 0
 261              		@ frame_needed = 0, uses_anonymous_args = 0
 262 0000 10B5     		push	{r4, lr}
 263              	.LCFI2:
 264              		.cfi_def_cfa_offset 8
 265              		.cfi_offset 4, -8
 266              		.cfi_offset 14, -4
 226:Middlewares/Third_Party/LwIP/src/core/memp.c **** 
 267              		.loc 1 226 3 view .LVU73
 229:Middlewares/Third_Party/LwIP/src/core/memp.c ****     memp_init_pool(memp_pools[i]);
 268              		.loc 1 229 3 view .LVU74
 269              	.LVL16:
 229:Middlewares/Third_Party/LwIP/src/core/memp.c ****     memp_init_pool(memp_pools[i]);
 270              		.loc 1 229 10 is_stmt 0 view .LVU75
 271 0002 0024     		movs	r4, #0
 229:Middlewares/Third_Party/LwIP/src/core/memp.c ****     memp_init_pool(memp_pools[i]);
 272              		.loc 1 229 3 view .LVU76
 273 0004 06E0     		b	.L19
 274              	.LVL17:
 275              	.L20:
 230:Middlewares/Third_Party/LwIP/src/core/memp.c **** 
 276              		.loc 1 230 5 is_stmt 1 discriminator 3 view .LVU77
 277 0006 054B     		ldr	r3, .L22
 278 0008 53F82400 		ldr	r0, [r3, r4, lsl #2]
 279 000c FFF7FEFF 		bl	memp_init_pool
 280              	.LVL18:
 229:Middlewares/Third_Party/LwIP/src/core/memp.c ****     memp_init_pool(memp_pools[i]);
 281              		.loc 1 229 47 discriminator 3 view .LVU78
 229:Middlewares/Third_Party/LwIP/src/core/memp.c ****     memp_init_pool(memp_pools[i]);
 282              		.loc 1 229 48 is_stmt 0 discriminator 3 view .LVU79
 283 0010 0134     		adds	r4, r4, #1
 284              	.LVL19:
 229:Middlewares/Third_Party/LwIP/src/core/memp.c ****     memp_init_pool(memp_pools[i]);
 285              		.loc 1 229 48 discriminator 3 view .LVU80
 286 0012 A4B2     		uxth	r4, r4
 287              	.LVL20:
 288              	.L19:
 229:Middlewares/Third_Party/LwIP/src/core/memp.c ****     memp_init_pool(memp_pools[i]);
 289              		.loc 1 229 15 is_stmt 1 discriminator 1 view .LVU81
 229:Middlewares/Third_Party/LwIP/src/core/memp.c ****     memp_init_pool(memp_pools[i]);
 290              		.loc 1 229 3 is_stmt 0 discriminator 1 view .LVU82
ARM GAS  /tmp/ccLSOBPm.s 			page 14


 291 0014 082C     		cmp	r4, #8
 292 0016 F6D9     		bls	.L20
 241:Middlewares/Third_Party/LwIP/src/core/memp.c **** 
 293              		.loc 1 241 1 view .LVU83
 294 0018 10BD     		pop	{r4, pc}
 295              	.LVL21:
 296              	.L23:
 241:Middlewares/Third_Party/LwIP/src/core/memp.c **** 
 297              		.loc 1 241 1 view .LVU84
 298 001a 00BF     		.align	2
 299              	.L22:
 300 001c 00000000 		.word	.LANCHOR0
 301              		.cfi_endproc
 302              	.LFE160:
 304              		.section	.rodata.memp_malloc_pool.str1.4,"aMS",%progbits,1
 305              		.align	2
 306              	.LC4:
 307 0000 696E7661 		.ascii	"invalid pool desc\000"
 307      6C696420 
 307      706F6F6C 
 307      20646573 
 307      6300
 308              		.section	.text.memp_malloc_pool,"ax",%progbits
 309              		.align	1
 310              		.global	memp_malloc_pool
 311              		.syntax unified
 312              		.thumb
 313              		.thumb_func
 314              		.fpu fpv4-sp-d16
 316              	memp_malloc_pool:
 317              	.LVL22:
 318              	.LFB162:
 315:Middlewares/Third_Party/LwIP/src/core/memp.c ****   LWIP_ASSERT("invalid pool desc", desc != NULL);
 319              		.loc 1 315 1 is_stmt 1 view -0
 320              		.cfi_startproc
 321              		@ args = 0, pretend = 0, frame = 0
 322              		@ frame_needed = 0, uses_anonymous_args = 0
 315:Middlewares/Third_Party/LwIP/src/core/memp.c ****   LWIP_ASSERT("invalid pool desc", desc != NULL);
 323              		.loc 1 315 1 is_stmt 0 view .LVU86
 324 0000 10B5     		push	{r4, lr}
 325              	.LCFI3:
 326              		.cfi_def_cfa_offset 8
 327              		.cfi_offset 4, -8
 328              		.cfi_offset 14, -4
 316:Middlewares/Third_Party/LwIP/src/core/memp.c ****   if (desc == NULL) {
 329              		.loc 1 316 3 is_stmt 1 view .LVU87
 316:Middlewares/Third_Party/LwIP/src/core/memp.c ****   if (desc == NULL) {
 330              		.loc 1 316 3 view .LVU88
 331 0002 0446     		mov	r4, r0
 332 0004 20B1     		cbz	r0, .L29
 333              	.LVL23:
 334              	.L25:
 316:Middlewares/Third_Party/LwIP/src/core/memp.c ****   if (desc == NULL) {
 335              		.loc 1 316 3 discriminator 3 view .LVU89
 316:Middlewares/Third_Party/LwIP/src/core/memp.c ****   if (desc == NULL) {
 336              		.loc 1 316 3 discriminator 3 view .LVU90
 317:Middlewares/Third_Party/LwIP/src/core/memp.c ****     return NULL;
ARM GAS  /tmp/ccLSOBPm.s 			page 15


 337              		.loc 1 317 3 discriminator 3 view .LVU91
 317:Middlewares/Third_Party/LwIP/src/core/memp.c ****     return NULL;
 338              		.loc 1 317 6 is_stmt 0 discriminator 3 view .LVU92
 339 0006 5CB1     		cbz	r4, .L27
 322:Middlewares/Third_Party/LwIP/src/core/memp.c **** #else
 340              		.loc 1 322 3 is_stmt 1 view .LVU93
 322:Middlewares/Third_Party/LwIP/src/core/memp.c **** #else
 341              		.loc 1 322 10 is_stmt 0 view .LVU94
 342 0008 2046     		mov	r0, r4
 343 000a FFF7FEFF 		bl	do_memp_malloc_pool
 344              	.LVL24:
 345              	.L24:
 326:Middlewares/Third_Party/LwIP/src/core/memp.c **** 
 346              		.loc 1 326 1 view .LVU95
 347 000e 10BD     		pop	{r4, pc}
 348              	.LVL25:
 349              	.L29:
 316:Middlewares/Third_Party/LwIP/src/core/memp.c ****   if (desc == NULL) {
 350              		.loc 1 316 3 is_stmt 1 discriminator 1 view .LVU96
 316:Middlewares/Third_Party/LwIP/src/core/memp.c ****   if (desc == NULL) {
 351              		.loc 1 316 3 discriminator 1 view .LVU97
 352 0010 044B     		ldr	r3, .L30
 353 0012 4FF49E72 		mov	r2, #316
 354 0016 0449     		ldr	r1, .L30+4
 355 0018 0448     		ldr	r0, .L30+8
 356              	.LVL26:
 316:Middlewares/Third_Party/LwIP/src/core/memp.c ****   if (desc == NULL) {
 357              		.loc 1 316 3 is_stmt 0 discriminator 1 view .LVU98
 358 001a FFF7FEFF 		bl	printf
 359              	.LVL27:
 360 001e F2E7     		b	.L25
 361              	.L27:
 318:Middlewares/Third_Party/LwIP/src/core/memp.c ****   }
 362              		.loc 1 318 12 view .LVU99
 363 0020 2046     		mov	r0, r4
 364 0022 F4E7     		b	.L24
 365              	.L31:
 366              		.align	2
 367              	.L30:
 368 0024 00000000 		.word	.LC0
 369 0028 00000000 		.word	.LC4
 370 002c 54000000 		.word	.LC2
 371              		.cfi_endproc
 372              	.LFE162:
 374              		.section	.rodata.memp_malloc.str1.4,"aMS",%progbits,1
 375              		.align	2
 376              	.LC5:
 377 0000 6D656D70 		.ascii	"memp_malloc: type < MEMP_MAX\000"
 377      5F6D616C 
 377      6C6F633A 
 377      20747970 
 377      65203C20 
 378              		.section	.text.memp_malloc,"ax",%progbits
 379              		.align	1
 380              		.global	memp_malloc
 381              		.syntax unified
 382              		.thumb
ARM GAS  /tmp/ccLSOBPm.s 			page 16


 383              		.thumb_func
 384              		.fpu fpv4-sp-d16
 386              	memp_malloc:
 387              	.LVL28:
 388              	.LFB163:
 341:Middlewares/Third_Party/LwIP/src/core/memp.c ****   void *memp;
 389              		.loc 1 341 1 is_stmt 1 view -0
 390              		.cfi_startproc
 391              		@ args = 0, pretend = 0, frame = 0
 392              		@ frame_needed = 0, uses_anonymous_args = 0
 341:Middlewares/Third_Party/LwIP/src/core/memp.c ****   void *memp;
 393              		.loc 1 341 1 is_stmt 0 view .LVU101
 394 0000 08B5     		push	{r3, lr}
 395              	.LCFI4:
 396              		.cfi_def_cfa_offset 8
 397              		.cfi_offset 3, -8
 398              		.cfi_offset 14, -4
 342:Middlewares/Third_Party/LwIP/src/core/memp.c ****   LWIP_ERROR("memp_malloc: type < MEMP_MAX", (type < MEMP_MAX), return NULL;);
 399              		.loc 1 342 3 is_stmt 1 view .LVU102
 343:Middlewares/Third_Party/LwIP/src/core/memp.c **** 
 400              		.loc 1 343 3 view .LVU103
 343:Middlewares/Third_Party/LwIP/src/core/memp.c **** 
 401              		.loc 1 343 3 view .LVU104
 402 0002 0828     		cmp	r0, #8
 403 0004 05D8     		bhi	.L36
 343:Middlewares/Third_Party/LwIP/src/core/memp.c **** 
 404              		.loc 1 343 3 discriminator 2 view .LVU105
 343:Middlewares/Third_Party/LwIP/src/core/memp.c **** 
 405              		.loc 1 343 3 discriminator 2 view .LVU106
 350:Middlewares/Third_Party/LwIP/src/core/memp.c **** #else
 406              		.loc 1 350 3 discriminator 2 view .LVU107
 350:Middlewares/Third_Party/LwIP/src/core/memp.c **** #else
 407              		.loc 1 350 10 is_stmt 0 discriminator 2 view .LVU108
 408 0006 074B     		ldr	r3, .L37
 409 0008 53F82000 		ldr	r0, [r3, r0, lsl #2]
 410              	.LVL29:
 350:Middlewares/Third_Party/LwIP/src/core/memp.c **** #else
 411              		.loc 1 350 10 discriminator 2 view .LVU109
 412 000c FFF7FEFF 		bl	do_memp_malloc_pool
 413              	.LVL30:
 355:Middlewares/Third_Party/LwIP/src/core/memp.c **** }
 414              		.loc 1 355 3 is_stmt 1 discriminator 2 view .LVU110
 415              	.L32:
 356:Middlewares/Third_Party/LwIP/src/core/memp.c **** 
 416              		.loc 1 356 1 is_stmt 0 view .LVU111
 417 0010 08BD     		pop	{r3, pc}
 418              	.LVL31:
 419              	.L36:
 343:Middlewares/Third_Party/LwIP/src/core/memp.c **** 
 420              		.loc 1 343 3 is_stmt 1 discriminator 1 view .LVU112
 343:Middlewares/Third_Party/LwIP/src/core/memp.c **** 
 421              		.loc 1 343 3 discriminator 1 view .LVU113
 422 0012 054B     		ldr	r3, .L37+4
 423 0014 40F25712 		movw	r2, #343
 424 0018 0449     		ldr	r1, .L37+8
 425 001a 0548     		ldr	r0, .L37+12
 426              	.LVL32:
ARM GAS  /tmp/ccLSOBPm.s 			page 17


 343:Middlewares/Third_Party/LwIP/src/core/memp.c **** 
 427              		.loc 1 343 3 is_stmt 0 discriminator 1 view .LVU114
 428 001c FFF7FEFF 		bl	printf
 429              	.LVL33:
 343:Middlewares/Third_Party/LwIP/src/core/memp.c **** 
 430              		.loc 1 343 3 is_stmt 1 discriminator 1 view .LVU115
 343:Middlewares/Third_Party/LwIP/src/core/memp.c **** 
 431              		.loc 1 343 3 discriminator 1 view .LVU116
 432 0020 0020     		movs	r0, #0
 433 0022 F5E7     		b	.L32
 434              	.L38:
 435              		.align	2
 436              	.L37:
 437 0024 00000000 		.word	.LANCHOR0
 438 0028 00000000 		.word	.LC0
 439 002c 00000000 		.word	.LC5
 440 0030 54000000 		.word	.LC2
 441              		.cfi_endproc
 442              	.LFE163:
 444              		.section	.text.memp_free_pool,"ax",%progbits
 445              		.align	1
 446              		.global	memp_free_pool
 447              		.syntax unified
 448              		.thumb
 449              		.thumb_func
 450              		.fpu fpv4-sp-d16
 452              	memp_free_pool:
 453              	.LVL34:
 454              	.LFB165:
 395:Middlewares/Third_Party/LwIP/src/core/memp.c **** 
 396:Middlewares/Third_Party/LwIP/src/core/memp.c **** /**
 397:Middlewares/Third_Party/LwIP/src/core/memp.c ****  * Put a custom pool element back into its pool.
 398:Middlewares/Third_Party/LwIP/src/core/memp.c ****  *
 399:Middlewares/Third_Party/LwIP/src/core/memp.c ****  * @param desc the pool where to put mem
 400:Middlewares/Third_Party/LwIP/src/core/memp.c ****  * @param mem the memp element to free
 401:Middlewares/Third_Party/LwIP/src/core/memp.c ****  */
 402:Middlewares/Third_Party/LwIP/src/core/memp.c **** void
 403:Middlewares/Third_Party/LwIP/src/core/memp.c **** memp_free_pool(const struct memp_desc *desc, void *mem)
 404:Middlewares/Third_Party/LwIP/src/core/memp.c **** {
 455              		.loc 1 404 1 view -0
 456              		.cfi_startproc
 457              		@ args = 0, pretend = 0, frame = 0
 458              		@ frame_needed = 0, uses_anonymous_args = 0
 459              		.loc 1 404 1 is_stmt 0 view .LVU118
 460 0000 38B5     		push	{r3, r4, r5, lr}
 461              	.LCFI5:
 462              		.cfi_def_cfa_offset 16
 463              		.cfi_offset 3, -16
 464              		.cfi_offset 4, -12
 465              		.cfi_offset 5, -8
 466              		.cfi_offset 14, -4
 467 0002 0C46     		mov	r4, r1
 405:Middlewares/Third_Party/LwIP/src/core/memp.c ****   LWIP_ASSERT("invalid pool desc", desc != NULL);
 468              		.loc 1 405 3 is_stmt 1 view .LVU119
 469              		.loc 1 405 3 view .LVU120
 470 0004 0546     		mov	r5, r0
 471 0006 30B1     		cbz	r0, .L43
ARM GAS  /tmp/ccLSOBPm.s 			page 18


 472              	.LVL35:
 473              	.L40:
 474              		.loc 1 405 3 discriminator 3 view .LVU121
 475              		.loc 1 405 3 discriminator 3 view .LVU122
 406:Middlewares/Third_Party/LwIP/src/core/memp.c ****   if ((desc == NULL) || (mem == NULL)) {
 476              		.loc 1 406 3 discriminator 3 view .LVU123
 477              		.loc 1 406 6 is_stmt 0 discriminator 3 view .LVU124
 478 0008 25B1     		cbz	r5, .L39
 479              		.loc 1 406 22 discriminator 1 view .LVU125
 480 000a 1CB1     		cbz	r4, .L39
 407:Middlewares/Third_Party/LwIP/src/core/memp.c ****     return;
 408:Middlewares/Third_Party/LwIP/src/core/memp.c ****   }
 409:Middlewares/Third_Party/LwIP/src/core/memp.c **** 
 410:Middlewares/Third_Party/LwIP/src/core/memp.c ****   do_memp_free_pool(desc, mem);
 481              		.loc 1 410 3 is_stmt 1 view .LVU126
 482 000c 2146     		mov	r1, r4
 483 000e 2846     		mov	r0, r5
 484 0010 FFF7FEFF 		bl	do_memp_free_pool
 485              	.LVL36:
 486              	.L39:
 411:Middlewares/Third_Party/LwIP/src/core/memp.c **** }
 487              		.loc 1 411 1 is_stmt 0 view .LVU127
 488 0014 38BD     		pop	{r3, r4, r5, pc}
 489              	.LVL37:
 490              	.L43:
 405:Middlewares/Third_Party/LwIP/src/core/memp.c ****   if ((desc == NULL) || (mem == NULL)) {
 491              		.loc 1 405 3 is_stmt 1 discriminator 1 view .LVU128
 405:Middlewares/Third_Party/LwIP/src/core/memp.c ****   if ((desc == NULL) || (mem == NULL)) {
 492              		.loc 1 405 3 discriminator 1 view .LVU129
 493 0016 044B     		ldr	r3, .L44
 494 0018 40F29512 		movw	r2, #405
 495 001c 0349     		ldr	r1, .L44+4
 496              	.LVL38:
 405:Middlewares/Third_Party/LwIP/src/core/memp.c ****   if ((desc == NULL) || (mem == NULL)) {
 497              		.loc 1 405 3 is_stmt 0 discriminator 1 view .LVU130
 498 001e 0448     		ldr	r0, .L44+8
 499              	.LVL39:
 405:Middlewares/Third_Party/LwIP/src/core/memp.c ****   if ((desc == NULL) || (mem == NULL)) {
 500              		.loc 1 405 3 discriminator 1 view .LVU131
 501 0020 FFF7FEFF 		bl	printf
 502              	.LVL40:
 503 0024 F0E7     		b	.L40
 504              	.L45:
 505 0026 00BF     		.align	2
 506              	.L44:
 507 0028 00000000 		.word	.LC0
 508 002c 00000000 		.word	.LC4
 509 0030 54000000 		.word	.LC2
 510              		.cfi_endproc
 511              	.LFE165:
 513              		.section	.rodata.memp_free.str1.4,"aMS",%progbits,1
 514              		.align	2
 515              	.LC6:
 516 0000 6D656D70 		.ascii	"memp_free: type < MEMP_MAX\000"
 516      5F667265 
 516      653A2074 
 516      79706520 
ARM GAS  /tmp/ccLSOBPm.s 			page 19


 516      3C204D45 
 517              		.section	.text.memp_free,"ax",%progbits
 518              		.align	1
 519              		.global	memp_free
 520              		.syntax unified
 521              		.thumb
 522              		.thumb_func
 523              		.fpu fpv4-sp-d16
 525              	memp_free:
 526              	.LVL41:
 527              	.LFB166:
 412:Middlewares/Third_Party/LwIP/src/core/memp.c **** 
 413:Middlewares/Third_Party/LwIP/src/core/memp.c **** /**
 414:Middlewares/Third_Party/LwIP/src/core/memp.c ****  * Put an element back into its pool.
 415:Middlewares/Third_Party/LwIP/src/core/memp.c ****  *
 416:Middlewares/Third_Party/LwIP/src/core/memp.c ****  * @param type the pool where to put mem
 417:Middlewares/Third_Party/LwIP/src/core/memp.c ****  * @param mem the memp element to free
 418:Middlewares/Third_Party/LwIP/src/core/memp.c ****  */
 419:Middlewares/Third_Party/LwIP/src/core/memp.c **** void
 420:Middlewares/Third_Party/LwIP/src/core/memp.c **** memp_free(memp_t type, void *mem)
 421:Middlewares/Third_Party/LwIP/src/core/memp.c **** {
 528              		.loc 1 421 1 is_stmt 1 view -0
 529              		.cfi_startproc
 530              		@ args = 0, pretend = 0, frame = 0
 531              		@ frame_needed = 0, uses_anonymous_args = 0
 532              		.loc 1 421 1 is_stmt 0 view .LVU133
 533 0000 08B5     		push	{r3, lr}
 534              	.LCFI6:
 535              		.cfi_def_cfa_offset 8
 536              		.cfi_offset 3, -8
 537              		.cfi_offset 14, -4
 422:Middlewares/Third_Party/LwIP/src/core/memp.c **** #ifdef LWIP_HOOK_MEMP_AVAILABLE
 423:Middlewares/Third_Party/LwIP/src/core/memp.c ****   struct memp *old_first;
 424:Middlewares/Third_Party/LwIP/src/core/memp.c **** #endif
 425:Middlewares/Third_Party/LwIP/src/core/memp.c **** 
 426:Middlewares/Third_Party/LwIP/src/core/memp.c ****   LWIP_ERROR("memp_free: type < MEMP_MAX", (type < MEMP_MAX), return;);
 538              		.loc 1 426 3 is_stmt 1 view .LVU134
 539              		.loc 1 426 3 view .LVU135
 540 0002 0828     		cmp	r0, #8
 541 0004 06D8     		bhi	.L50
 542              		.loc 1 426 3 discriminator 2 view .LVU136
 543              		.loc 1 426 3 discriminator 2 view .LVU137
 427:Middlewares/Third_Party/LwIP/src/core/memp.c **** 
 428:Middlewares/Third_Party/LwIP/src/core/memp.c ****   if (mem == NULL) {
 544              		.loc 1 428 3 discriminator 2 view .LVU138
 545              		.loc 1 428 6 is_stmt 0 discriminator 2 view .LVU139
 546 0006 21B1     		cbz	r1, .L46
 429:Middlewares/Third_Party/LwIP/src/core/memp.c ****     return;
 430:Middlewares/Third_Party/LwIP/src/core/memp.c ****   }
 431:Middlewares/Third_Party/LwIP/src/core/memp.c **** 
 432:Middlewares/Third_Party/LwIP/src/core/memp.c **** #if MEMP_OVERFLOW_CHECK >= 2
 433:Middlewares/Third_Party/LwIP/src/core/memp.c ****   memp_overflow_check_all();
 434:Middlewares/Third_Party/LwIP/src/core/memp.c **** #endif /* MEMP_OVERFLOW_CHECK >= 2 */
 435:Middlewares/Third_Party/LwIP/src/core/memp.c **** 
 436:Middlewares/Third_Party/LwIP/src/core/memp.c **** #ifdef LWIP_HOOK_MEMP_AVAILABLE
 437:Middlewares/Third_Party/LwIP/src/core/memp.c ****   old_first = *memp_pools[type]->tab;
 438:Middlewares/Third_Party/LwIP/src/core/memp.c **** #endif
ARM GAS  /tmp/ccLSOBPm.s 			page 20


 439:Middlewares/Third_Party/LwIP/src/core/memp.c **** 
 440:Middlewares/Third_Party/LwIP/src/core/memp.c ****   do_memp_free_pool(memp_pools[type], mem);
 547              		.loc 1 440 3 is_stmt 1 view .LVU140
 548 0008 064B     		ldr	r3, .L51
 549 000a 53F82000 		ldr	r0, [r3, r0, lsl #2]
 550              	.LVL42:
 551              		.loc 1 440 3 is_stmt 0 view .LVU141
 552 000e FFF7FEFF 		bl	do_memp_free_pool
 553              	.LVL43:
 554              	.L46:
 441:Middlewares/Third_Party/LwIP/src/core/memp.c **** 
 442:Middlewares/Third_Party/LwIP/src/core/memp.c **** #ifdef LWIP_HOOK_MEMP_AVAILABLE
 443:Middlewares/Third_Party/LwIP/src/core/memp.c ****   if (old_first == NULL) {
 444:Middlewares/Third_Party/LwIP/src/core/memp.c ****     LWIP_HOOK_MEMP_AVAILABLE(type);
 445:Middlewares/Third_Party/LwIP/src/core/memp.c ****   }
 446:Middlewares/Third_Party/LwIP/src/core/memp.c **** #endif
 447:Middlewares/Third_Party/LwIP/src/core/memp.c **** }
 555              		.loc 1 447 1 view .LVU142
 556 0012 08BD     		pop	{r3, pc}
 557              	.LVL44:
 558              	.L50:
 426:Middlewares/Third_Party/LwIP/src/core/memp.c **** 
 559              		.loc 1 426 3 is_stmt 1 discriminator 1 view .LVU143
 426:Middlewares/Third_Party/LwIP/src/core/memp.c **** 
 560              		.loc 1 426 3 discriminator 1 view .LVU144
 561 0014 044B     		ldr	r3, .L51+4
 562 0016 4FF4D572 		mov	r2, #426
 563 001a 0449     		ldr	r1, .L51+8
 564              	.LVL45:
 426:Middlewares/Third_Party/LwIP/src/core/memp.c **** 
 565              		.loc 1 426 3 is_stmt 0 discriminator 1 view .LVU145
 566 001c 0448     		ldr	r0, .L51+12
 567              	.LVL46:
 426:Middlewares/Third_Party/LwIP/src/core/memp.c **** 
 568              		.loc 1 426 3 discriminator 1 view .LVU146
 569 001e FFF7FEFF 		bl	printf
 570              	.LVL47:
 426:Middlewares/Third_Party/LwIP/src/core/memp.c **** 
 571              		.loc 1 426 3 is_stmt 1 discriminator 1 view .LVU147
 426:Middlewares/Third_Party/LwIP/src/core/memp.c **** 
 572              		.loc 1 426 3 discriminator 1 view .LVU148
 573 0022 F6E7     		b	.L46
 574              	.L52:
 575              		.align	2
 576              	.L51:
 577 0024 00000000 		.word	.LANCHOR0
 578 0028 00000000 		.word	.LC0
 579 002c 00000000 		.word	.LC6
 580 0030 54000000 		.word	.LC2
 581              		.cfi_endproc
 582              	.LFE166:
 584              		.global	memp_pools
 585              		.global	memp_PBUF_POOL
 586              		.comm	memp_memory_PBUF_POOL_base,12323,4
 587              		.global	memp_PBUF
 588              		.comm	memp_memory_PBUF_base,1539,4
 589              		.global	memp_SYS_TIMEOUT
ARM GAS  /tmp/ccLSOBPm.s 			page 21


 590              		.comm	memp_memory_SYS_TIMEOUT_base,51,4
 591              		.global	memp_FRAG_PBUF
 592              		.comm	memp_memory_FRAG_PBUF_base,363,4
 593              		.global	memp_REASSDATA
 594              		.comm	memp_memory_REASSDATA_base,163,4
 595              		.global	memp_TCP_SEG
 596              		.comm	memp_memory_TCP_SEG_base,3075,4
 597              		.global	memp_TCP_PCB_LISTEN
 598              		.comm	memp_memory_TCP_PCB_LISTEN_base,115,4
 599              		.global	memp_TCP_PCB
 600              		.comm	memp_memory_TCP_PCB_base,611,4
 601              		.global	memp_UDP_PCB
 602              		.comm	memp_memory_UDP_PCB_base,131,4
 603              		.section	.bss.memp_tab_FRAG_PBUF,"aw",%nobits
 604              		.align	2
 607              	memp_tab_FRAG_PBUF:
 608 0000 00000000 		.space	4
 609              		.section	.bss.memp_tab_PBUF,"aw",%nobits
 610              		.align	2
 613              	memp_tab_PBUF:
 614 0000 00000000 		.space	4
 615              		.section	.bss.memp_tab_PBUF_POOL,"aw",%nobits
 616              		.align	2
 619              	memp_tab_PBUF_POOL:
 620 0000 00000000 		.space	4
 621              		.section	.bss.memp_tab_REASSDATA,"aw",%nobits
 622              		.align	2
 625              	memp_tab_REASSDATA:
 626 0000 00000000 		.space	4
 627              		.section	.bss.memp_tab_SYS_TIMEOUT,"aw",%nobits
 628              		.align	2
 631              	memp_tab_SYS_TIMEOUT:
 632 0000 00000000 		.space	4
 633              		.section	.bss.memp_tab_TCP_PCB,"aw",%nobits
 634              		.align	2
 637              	memp_tab_TCP_PCB:
 638 0000 00000000 		.space	4
 639              		.section	.bss.memp_tab_TCP_PCB_LISTEN,"aw",%nobits
 640              		.align	2
 643              	memp_tab_TCP_PCB_LISTEN:
 644 0000 00000000 		.space	4
 645              		.section	.bss.memp_tab_TCP_SEG,"aw",%nobits
 646              		.align	2
 649              	memp_tab_TCP_SEG:
 650 0000 00000000 		.space	4
 651              		.section	.bss.memp_tab_UDP_PCB,"aw",%nobits
 652              		.align	2
 655              	memp_tab_UDP_PCB:
 656 0000 00000000 		.space	4
 657              		.section	.rodata.memp_FRAG_PBUF,"a"
 658              		.align	2
 661              	memp_FRAG_PBUF:
 662 0000 1800     		.short	24
 663 0002 0F00     		.short	15
 664 0004 00000000 		.word	memp_memory_FRAG_PBUF_base
 665 0008 00000000 		.word	memp_tab_FRAG_PBUF
 666              		.section	.rodata.memp_PBUF,"a"
ARM GAS  /tmp/ccLSOBPm.s 			page 22


 667              		.align	2
 670              	memp_PBUF:
 671 0000 1000     		.short	16
 672 0002 6000     		.short	96
 673 0004 00000000 		.word	memp_memory_PBUF_base
 674 0008 00000000 		.word	memp_tab_PBUF
 675              		.section	.rodata.memp_PBUF_POOL,"a"
 676              		.align	2
 679              	memp_PBUF_POOL:
 680 0000 0406     		.short	1540
 681 0002 0800     		.short	8
 682 0004 00000000 		.word	memp_memory_PBUF_POOL_base
 683 0008 00000000 		.word	memp_tab_PBUF_POOL
 684              		.section	.rodata.memp_REASSDATA,"a"
 685              		.align	2
 688              	memp_REASSDATA:
 689 0000 2000     		.short	32
 690 0002 0500     		.short	5
 691 0004 00000000 		.word	memp_memory_REASSDATA_base
 692 0008 00000000 		.word	memp_tab_REASSDATA
 693              		.section	.rodata.memp_SYS_TIMEOUT,"a"
 694              		.align	2
 697              	memp_SYS_TIMEOUT:
 698 0000 1000     		.short	16
 699 0002 0300     		.short	3
 700 0004 00000000 		.word	memp_memory_SYS_TIMEOUT_base
 701 0008 00000000 		.word	memp_tab_SYS_TIMEOUT
 702              		.section	.rodata.memp_TCP_PCB,"a"
 703              		.align	2
 706              	memp_TCP_PCB:
 707 0000 9800     		.short	152
 708 0002 0400     		.short	4
 709 0004 00000000 		.word	memp_memory_TCP_PCB_base
 710 0008 00000000 		.word	memp_tab_TCP_PCB
 711              		.section	.rodata.memp_TCP_PCB_LISTEN,"a"
 712              		.align	2
 715              	memp_TCP_PCB_LISTEN:
 716 0000 1C00     		.short	28
 717 0002 0400     		.short	4
 718 0004 00000000 		.word	memp_memory_TCP_PCB_LISTEN_base
 719 0008 00000000 		.word	memp_tab_TCP_PCB_LISTEN
 720              		.section	.rodata.memp_TCP_SEG,"a"
 721              		.align	2
 724              	memp_TCP_SEG:
 725 0000 1000     		.short	16
 726 0002 C000     		.short	192
 727 0004 00000000 		.word	memp_memory_TCP_SEG_base
 728 0008 00000000 		.word	memp_tab_TCP_SEG
 729              		.section	.rodata.memp_UDP_PCB,"a"
 730              		.align	2
 733              	memp_UDP_PCB:
 734 0000 2000     		.short	32
 735 0002 0400     		.short	4
 736 0004 00000000 		.word	memp_memory_UDP_PCB_base
 737 0008 00000000 		.word	memp_tab_UDP_PCB
 738              		.section	.rodata.memp_pools,"a"
 739              		.align	2
ARM GAS  /tmp/ccLSOBPm.s 			page 23


 740              		.set	.LANCHOR0,. + 0
 743              	memp_pools:
 744 0000 00000000 		.word	memp_UDP_PCB
 745 0004 00000000 		.word	memp_TCP_PCB
 746 0008 00000000 		.word	memp_TCP_PCB_LISTEN
 747 000c 00000000 		.word	memp_TCP_SEG
 748 0010 00000000 		.word	memp_REASSDATA
 749 0014 00000000 		.word	memp_FRAG_PBUF
 750 0018 00000000 		.word	memp_SYS_TIMEOUT
 751 001c 00000000 		.word	memp_PBUF
 752 0020 00000000 		.word	memp_PBUF_POOL
 753              		.text
 754              	.Letext0:
 755              		.file 2 "/opt/gcc-arm-none-eabi-9-2020-q2-update/arm-none-eabi/include/machine/_default_types.h"
 756              		.file 3 "/opt/gcc-arm-none-eabi-9-2020-q2-update/arm-none-eabi/include/sys/_stdint.h"
 757              		.file 4 "Drivers/CMSIS/Include/core_cm4.h"
 758              		.file 5 "Drivers/CMSIS/Device/ST/STM32F4xx/Include/system_stm32f4xx.h"
 759              		.file 6 "Drivers/STM32F4xx_HAL_Driver/Inc/stm32f4xx_hal.h"
 760              		.file 7 "/opt/gcc-arm-none-eabi-9-2020-q2-update/lib/gcc/arm-none-eabi/9.3.1/include/stddef.h"
 761              		.file 8 "/opt/gcc-arm-none-eabi-9-2020-q2-update/arm-none-eabi/include/sys/_types.h"
 762              		.file 9 "/opt/gcc-arm-none-eabi-9-2020-q2-update/arm-none-eabi/include/sys/reent.h"
 763              		.file 10 "/opt/gcc-arm-none-eabi-9-2020-q2-update/arm-none-eabi/include/sys/lock.h"
 764              		.file 11 "/opt/gcc-arm-none-eabi-9-2020-q2-update/arm-none-eabi/include/stdlib.h"
 765              		.file 12 "/opt/gcc-arm-none-eabi-9-2020-q2-update/arm-none-eabi/include/time.h"
 766              		.file 13 "Middlewares/Third_Party/LwIP/src/include/lwip/arch.h"
 767              		.file 14 "/opt/gcc-arm-none-eabi-9-2020-q2-update/arm-none-eabi/include/ctype.h"
 768              		.file 15 "Middlewares/Third_Party/LwIP/src/include/lwip/memp.h"
 769              		.file 16 "Middlewares/Third_Party/LwIP/src/include/lwip/priv/memp_priv.h"
 770              		.file 17 "Middlewares/Third_Party/LwIP/src/include/lwip/err.h"
 771              		.file 18 "Middlewares/Third_Party/LwIP/src/include/lwip/pbuf.h"
 772              		.file 19 "Middlewares/Third_Party/LwIP/src/include/lwip/ip4_addr.h"
 773              		.file 20 "Middlewares/Third_Party/LwIP/src/include/lwip/ip_addr.h"
 774              		.file 21 "Middlewares/Third_Party/LwIP/src/include/lwip/netif.h"
 775              		.file 22 "Middlewares/Third_Party/LwIP/src/include/lwip/prot/ip4.h"
 776              		.file 23 "Middlewares/Third_Party/LwIP/src/include/lwip/ip.h"
 777              		.file 24 "Middlewares/Third_Party/LwIP/src/include/lwip/udp.h"
 778              		.file 25 "Middlewares/Third_Party/LwIP/src/include/lwip/tcpbase.h"
 779              		.file 26 "Middlewares/Third_Party/LwIP/src/include/lwip/tcp.h"
 780              		.file 27 "Middlewares/Third_Party/LwIP/src/include/lwip/priv/tcp_priv.h"
 781              		.file 28 "Middlewares/Third_Party/LwIP/src/include/lwip/prot/tcp.h"
 782              		.file 29 "Middlewares/Third_Party/LwIP/src/include/lwip/timeouts.h"
 783              		.file 30 "Middlewares/Third_Party/LwIP/src/include/lwip/priv/memp_std.h"
 784              		.file 31 "/opt/gcc-arm-none-eabi-9-2020-q2-update/arm-none-eabi/include/stdio.h"
ARM GAS  /tmp/ccLSOBPm.s 			page 24


DEFINED SYMBOLS
                            *ABS*:0000000000000000 memp.c
     /tmp/ccLSOBPm.s:18     .rodata.do_memp_malloc_pool.str1.4:0000000000000000 $d
     /tmp/ccLSOBPm.s:28     .text.do_memp_malloc_pool:0000000000000000 $t
     /tmp/ccLSOBPm.s:35     .text.do_memp_malloc_pool:0000000000000000 do_memp_malloc_pool
     /tmp/ccLSOBPm.s:96     .text.do_memp_malloc_pool:0000000000000028 $d
     /tmp/ccLSOBPm.s:103    .rodata.do_memp_free_pool.str1.4:0000000000000000 $d
     /tmp/ccLSOBPm.s:107    .text.do_memp_free_pool:0000000000000000 $t
     /tmp/ccLSOBPm.s:113    .text.do_memp_free_pool:0000000000000000 do_memp_free_pool
     /tmp/ccLSOBPm.s:175    .text.do_memp_free_pool:0000000000000028 $d
     /tmp/ccLSOBPm.s:182    .text.memp_init_pool:0000000000000000 $t
     /tmp/ccLSOBPm.s:189    .text.memp_init_pool:0000000000000000 memp_init_pool
     /tmp/ccLSOBPm.s:249    .text.memp_init:0000000000000000 $t
     /tmp/ccLSOBPm.s:256    .text.memp_init:0000000000000000 memp_init
     /tmp/ccLSOBPm.s:300    .text.memp_init:000000000000001c $d
     /tmp/ccLSOBPm.s:305    .rodata.memp_malloc_pool.str1.4:0000000000000000 $d
     /tmp/ccLSOBPm.s:309    .text.memp_malloc_pool:0000000000000000 $t
     /tmp/ccLSOBPm.s:316    .text.memp_malloc_pool:0000000000000000 memp_malloc_pool
     /tmp/ccLSOBPm.s:368    .text.memp_malloc_pool:0000000000000024 $d
     /tmp/ccLSOBPm.s:375    .rodata.memp_malloc.str1.4:0000000000000000 $d
     /tmp/ccLSOBPm.s:379    .text.memp_malloc:0000000000000000 $t
     /tmp/ccLSOBPm.s:386    .text.memp_malloc:0000000000000000 memp_malloc
     /tmp/ccLSOBPm.s:437    .text.memp_malloc:0000000000000024 $d
     /tmp/ccLSOBPm.s:445    .text.memp_free_pool:0000000000000000 $t
     /tmp/ccLSOBPm.s:452    .text.memp_free_pool:0000000000000000 memp_free_pool
     /tmp/ccLSOBPm.s:507    .text.memp_free_pool:0000000000000028 $d
     /tmp/ccLSOBPm.s:514    .rodata.memp_free.str1.4:0000000000000000 $d
     /tmp/ccLSOBPm.s:518    .text.memp_free:0000000000000000 $t
     /tmp/ccLSOBPm.s:525    .text.memp_free:0000000000000000 memp_free
     /tmp/ccLSOBPm.s:577    .text.memp_free:0000000000000024 $d
     /tmp/ccLSOBPm.s:743    .rodata.memp_pools:0000000000000000 memp_pools
     /tmp/ccLSOBPm.s:679    .rodata.memp_PBUF_POOL:0000000000000000 memp_PBUF_POOL
                            *COM*:0000000000003023 memp_memory_PBUF_POOL_base
     /tmp/ccLSOBPm.s:670    .rodata.memp_PBUF:0000000000000000 memp_PBUF
                            *COM*:0000000000000603 memp_memory_PBUF_base
     /tmp/ccLSOBPm.s:697    .rodata.memp_SYS_TIMEOUT:0000000000000000 memp_SYS_TIMEOUT
                            *COM*:0000000000000033 memp_memory_SYS_TIMEOUT_base
     /tmp/ccLSOBPm.s:661    .rodata.memp_FRAG_PBUF:0000000000000000 memp_FRAG_PBUF
                            *COM*:000000000000016b memp_memory_FRAG_PBUF_base
     /tmp/ccLSOBPm.s:688    .rodata.memp_REASSDATA:0000000000000000 memp_REASSDATA
                            *COM*:00000000000000a3 memp_memory_REASSDATA_base
     /tmp/ccLSOBPm.s:724    .rodata.memp_TCP_SEG:0000000000000000 memp_TCP_SEG
                            *COM*:0000000000000c03 memp_memory_TCP_SEG_base
     /tmp/ccLSOBPm.s:715    .rodata.memp_TCP_PCB_LISTEN:0000000000000000 memp_TCP_PCB_LISTEN
                            *COM*:0000000000000073 memp_memory_TCP_PCB_LISTEN_base
     /tmp/ccLSOBPm.s:706    .rodata.memp_TCP_PCB:0000000000000000 memp_TCP_PCB
                            *COM*:0000000000000263 memp_memory_TCP_PCB_base
     /tmp/ccLSOBPm.s:733    .rodata.memp_UDP_PCB:0000000000000000 memp_UDP_PCB
                            *COM*:0000000000000083 memp_memory_UDP_PCB_base
     /tmp/ccLSOBPm.s:604    .bss.memp_tab_FRAG_PBUF:0000000000000000 $d
     /tmp/ccLSOBPm.s:607    .bss.memp_tab_FRAG_PBUF:0000000000000000 memp_tab_FRAG_PBUF
     /tmp/ccLSOBPm.s:610    .bss.memp_tab_PBUF:0000000000000000 $d
     /tmp/ccLSOBPm.s:613    .bss.memp_tab_PBUF:0000000000000000 memp_tab_PBUF
     /tmp/ccLSOBPm.s:616    .bss.memp_tab_PBUF_POOL:0000000000000000 $d
     /tmp/ccLSOBPm.s:619    .bss.memp_tab_PBUF_POOL:0000000000000000 memp_tab_PBUF_POOL
     /tmp/ccLSOBPm.s:622    .bss.memp_tab_REASSDATA:0000000000000000 $d
     /tmp/ccLSOBPm.s:625    .bss.memp_tab_REASSDATA:0000000000000000 memp_tab_REASSDATA
ARM GAS  /tmp/ccLSOBPm.s 			page 25


     /tmp/ccLSOBPm.s:628    .bss.memp_tab_SYS_TIMEOUT:0000000000000000 $d
     /tmp/ccLSOBPm.s:631    .bss.memp_tab_SYS_TIMEOUT:0000000000000000 memp_tab_SYS_TIMEOUT
     /tmp/ccLSOBPm.s:634    .bss.memp_tab_TCP_PCB:0000000000000000 $d
     /tmp/ccLSOBPm.s:637    .bss.memp_tab_TCP_PCB:0000000000000000 memp_tab_TCP_PCB
     /tmp/ccLSOBPm.s:640    .bss.memp_tab_TCP_PCB_LISTEN:0000000000000000 $d
     /tmp/ccLSOBPm.s:643    .bss.memp_tab_TCP_PCB_LISTEN:0000000000000000 memp_tab_TCP_PCB_LISTEN
     /tmp/ccLSOBPm.s:646    .bss.memp_tab_TCP_SEG:0000000000000000 $d
     /tmp/ccLSOBPm.s:649    .bss.memp_tab_TCP_SEG:0000000000000000 memp_tab_TCP_SEG
     /tmp/ccLSOBPm.s:652    .bss.memp_tab_UDP_PCB:0000000000000000 $d
     /tmp/ccLSOBPm.s:655    .bss.memp_tab_UDP_PCB:0000000000000000 memp_tab_UDP_PCB
     /tmp/ccLSOBPm.s:658    .rodata.memp_FRAG_PBUF:0000000000000000 $d
     /tmp/ccLSOBPm.s:667    .rodata.memp_PBUF:0000000000000000 $d
     /tmp/ccLSOBPm.s:676    .rodata.memp_PBUF_POOL:0000000000000000 $d
     /tmp/ccLSOBPm.s:685    .rodata.memp_REASSDATA:0000000000000000 $d
     /tmp/ccLSOBPm.s:694    .rodata.memp_SYS_TIMEOUT:0000000000000000 $d
     /tmp/ccLSOBPm.s:703    .rodata.memp_TCP_PCB:0000000000000000 $d
     /tmp/ccLSOBPm.s:712    .rodata.memp_TCP_PCB_LISTEN:0000000000000000 $d
     /tmp/ccLSOBPm.s:721    .rodata.memp_TCP_SEG:0000000000000000 $d
     /tmp/ccLSOBPm.s:730    .rodata.memp_UDP_PCB:0000000000000000 $d
     /tmp/ccLSOBPm.s:739    .rodata.memp_pools:0000000000000000 $d

UNDEFINED SYMBOLS
printf
