ARM GAS  /tmp/ccy8DEJM.s 			page 1


   1              		.cpu cortex-m4
   2              		.eabi_attribute 27, 1
   3              		.eabi_attribute 28, 1
   4              		.eabi_attribute 20, 1
   5              		.eabi_attribute 21, 1
   6              		.eabi_attribute 23, 3
   7              		.eabi_attribute 24, 1
   8              		.eabi_attribute 25, 1
   9              		.eabi_attribute 26, 1
  10              		.eabi_attribute 30, 1
  11              		.eabi_attribute 34, 1
  12              		.eabi_attribute 18, 4
  13              		.file	"spi.c"
  14              		.text
  15              	.Ltext0:
  16              		.cfi_sections	.debug_frame
  17              		.section	.text.MX_SPI4_Init,"ax",%progbits
  18              		.align	1
  19              		.global	MX_SPI4_Init
  20              		.arch armv7e-m
  21              		.syntax unified
  22              		.thumb
  23              		.thumb_func
  24              		.fpu fpv4-sp-d16
  26              	MX_SPI4_Init:
  27              	.LFB134:
  28              		.file 1 "Core/Src/spi.c"
   1:Core/Src/spi.c **** /* USER CODE BEGIN Header */
   2:Core/Src/spi.c **** /**
   3:Core/Src/spi.c ****   ******************************************************************************
   4:Core/Src/spi.c ****   * @file    spi.c
   5:Core/Src/spi.c ****   * @brief   This file provides code for the configuration
   6:Core/Src/spi.c ****   *          of the SPI instances.
   7:Core/Src/spi.c ****   ******************************************************************************
   8:Core/Src/spi.c ****   * @attention
   9:Core/Src/spi.c ****   *
  10:Core/Src/spi.c ****   * Copyright (c) 2026 STMicroelectronics.
  11:Core/Src/spi.c ****   * All rights reserved.
  12:Core/Src/spi.c ****   *
  13:Core/Src/spi.c ****   * This software is licensed under terms that can be found in the LICENSE file
  14:Core/Src/spi.c ****   * in the root directory of this software component.
  15:Core/Src/spi.c ****   * If no LICENSE file comes with this software, it is provided AS-IS.
  16:Core/Src/spi.c ****   *
  17:Core/Src/spi.c ****   ******************************************************************************
  18:Core/Src/spi.c ****   */
  19:Core/Src/spi.c **** /* USER CODE END Header */
  20:Core/Src/spi.c **** /* Includes ------------------------------------------------------------------*/
  21:Core/Src/spi.c **** #include "spi.h"
  22:Core/Src/spi.c **** 
  23:Core/Src/spi.c **** /* USER CODE BEGIN 0 */
  24:Core/Src/spi.c **** 
  25:Core/Src/spi.c **** /* USER CODE END 0 */
  26:Core/Src/spi.c **** 
  27:Core/Src/spi.c **** SPI_HandleTypeDef hspi4;
  28:Core/Src/spi.c **** 
  29:Core/Src/spi.c **** /* SPI4 init function */
  30:Core/Src/spi.c **** void MX_SPI4_Init(void)
ARM GAS  /tmp/ccy8DEJM.s 			page 2


  31:Core/Src/spi.c **** {
  29              		.loc 1 31 1 view -0
  30              		.cfi_startproc
  31              		@ args = 0, pretend = 0, frame = 0
  32              		@ frame_needed = 0, uses_anonymous_args = 0
  33 0000 08B5     		push	{r3, lr}
  34              	.LCFI0:
  35              		.cfi_def_cfa_offset 8
  36              		.cfi_offset 3, -8
  37              		.cfi_offset 14, -4
  32:Core/Src/spi.c **** 
  33:Core/Src/spi.c ****   /* USER CODE BEGIN SPI4_Init 0 */
  34:Core/Src/spi.c **** 
  35:Core/Src/spi.c ****   /* USER CODE END SPI4_Init 0 */
  36:Core/Src/spi.c **** 
  37:Core/Src/spi.c ****   /* USER CODE BEGIN SPI4_Init 1 */
  38:Core/Src/spi.c **** 
  39:Core/Src/spi.c ****   /* USER CODE END SPI4_Init 1 */
  40:Core/Src/spi.c ****   hspi4.Instance = SPI4;
  38              		.loc 1 40 3 view .LVU1
  39              		.loc 1 40 18 is_stmt 0 view .LVU2
  40 0002 0E48     		ldr	r0, .L5
  41 0004 0E4B     		ldr	r3, .L5+4
  42 0006 0360     		str	r3, [r0]
  41:Core/Src/spi.c ****   hspi4.Init.Mode = SPI_MODE_MASTER;
  43              		.loc 1 41 3 is_stmt 1 view .LVU3
  44              		.loc 1 41 19 is_stmt 0 view .LVU4
  45 0008 4FF48273 		mov	r3, #260
  46 000c 4360     		str	r3, [r0, #4]
  42:Core/Src/spi.c ****   hspi4.Init.Direction = SPI_DIRECTION_2LINES;
  47              		.loc 1 42 3 is_stmt 1 view .LVU5
  48              		.loc 1 42 24 is_stmt 0 view .LVU6
  49 000e 0023     		movs	r3, #0
  50 0010 8360     		str	r3, [r0, #8]
  43:Core/Src/spi.c ****   hspi4.Init.DataSize = SPI_DATASIZE_8BIT;
  51              		.loc 1 43 3 is_stmt 1 view .LVU7
  52              		.loc 1 43 23 is_stmt 0 view .LVU8
  53 0012 C360     		str	r3, [r0, #12]
  44:Core/Src/spi.c ****   hspi4.Init.CLKPolarity = SPI_POLARITY_LOW;
  54              		.loc 1 44 3 is_stmt 1 view .LVU9
  55              		.loc 1 44 26 is_stmt 0 view .LVU10
  56 0014 0361     		str	r3, [r0, #16]
  45:Core/Src/spi.c ****   hspi4.Init.CLKPhase = SPI_PHASE_2EDGE;
  57              		.loc 1 45 3 is_stmt 1 view .LVU11
  58              		.loc 1 45 23 is_stmt 0 view .LVU12
  59 0016 0122     		movs	r2, #1
  60 0018 4261     		str	r2, [r0, #20]
  46:Core/Src/spi.c ****   hspi4.Init.NSS = SPI_NSS_SOFT;
  61              		.loc 1 46 3 is_stmt 1 view .LVU13
  62              		.loc 1 46 18 is_stmt 0 view .LVU14
  63 001a 4FF40072 		mov	r2, #512
  64 001e 8261     		str	r2, [r0, #24]
  47:Core/Src/spi.c ****   hspi4.Init.BaudRatePrescaler = SPI_BAUDRATEPRESCALER_32;
  65              		.loc 1 47 3 is_stmt 1 view .LVU15
  66              		.loc 1 47 32 is_stmt 0 view .LVU16
  67 0020 2022     		movs	r2, #32
  68 0022 C261     		str	r2, [r0, #28]
ARM GAS  /tmp/ccy8DEJM.s 			page 3


  48:Core/Src/spi.c ****   hspi4.Init.FirstBit = SPI_FIRSTBIT_MSB;
  69              		.loc 1 48 3 is_stmt 1 view .LVU17
  70              		.loc 1 48 23 is_stmt 0 view .LVU18
  71 0024 0362     		str	r3, [r0, #32]
  49:Core/Src/spi.c ****   hspi4.Init.TIMode = SPI_TIMODE_DISABLE;
  72              		.loc 1 49 3 is_stmt 1 view .LVU19
  73              		.loc 1 49 21 is_stmt 0 view .LVU20
  74 0026 4362     		str	r3, [r0, #36]
  50:Core/Src/spi.c ****   hspi4.Init.CRCCalculation = SPI_CRCCALCULATION_DISABLE;
  75              		.loc 1 50 3 is_stmt 1 view .LVU21
  76              		.loc 1 50 29 is_stmt 0 view .LVU22
  77 0028 8362     		str	r3, [r0, #40]
  51:Core/Src/spi.c ****   hspi4.Init.CRCPolynomial = 10;
  78              		.loc 1 51 3 is_stmt 1 view .LVU23
  79              		.loc 1 51 28 is_stmt 0 view .LVU24
  80 002a 0A23     		movs	r3, #10
  81 002c C362     		str	r3, [r0, #44]
  52:Core/Src/spi.c ****   if (HAL_SPI_Init(&hspi4) != HAL_OK)
  82              		.loc 1 52 3 is_stmt 1 view .LVU25
  83              		.loc 1 52 7 is_stmt 0 view .LVU26
  84 002e FFF7FEFF 		bl	HAL_SPI_Init
  85              	.LVL0:
  86              		.loc 1 52 6 view .LVU27
  87 0032 00B9     		cbnz	r0, .L4
  88              	.L1:
  53:Core/Src/spi.c ****   {
  54:Core/Src/spi.c ****     Error_Handler();
  55:Core/Src/spi.c ****   }
  56:Core/Src/spi.c ****   /* USER CODE BEGIN SPI4_Init 2 */
  57:Core/Src/spi.c **** 
  58:Core/Src/spi.c ****   /* USER CODE END SPI4_Init 2 */
  59:Core/Src/spi.c **** 
  60:Core/Src/spi.c **** }
  89              		.loc 1 60 1 view .LVU28
  90 0034 08BD     		pop	{r3, pc}
  91              	.L4:
  54:Core/Src/spi.c ****   }
  92              		.loc 1 54 5 is_stmt 1 view .LVU29
  93 0036 FFF7FEFF 		bl	Error_Handler
  94              	.LVL1:
  95              		.loc 1 60 1 is_stmt 0 view .LVU30
  96 003a FBE7     		b	.L1
  97              	.L6:
  98              		.align	2
  99              	.L5:
 100 003c 00000000 		.word	hspi4
 101 0040 00340140 		.word	1073820672
 102              		.cfi_endproc
 103              	.LFE134:
 105              		.section	.text.HAL_SPI_MspInit,"ax",%progbits
 106              		.align	1
 107              		.global	HAL_SPI_MspInit
 108              		.syntax unified
 109              		.thumb
 110              		.thumb_func
 111              		.fpu fpv4-sp-d16
 113              	HAL_SPI_MspInit:
ARM GAS  /tmp/ccy8DEJM.s 			page 4


 114              	.LVL2:
 115              	.LFB135:
  61:Core/Src/spi.c **** 
  62:Core/Src/spi.c **** void HAL_SPI_MspInit(SPI_HandleTypeDef* spiHandle)
  63:Core/Src/spi.c **** {
 116              		.loc 1 63 1 is_stmt 1 view -0
 117              		.cfi_startproc
 118              		@ args = 0, pretend = 0, frame = 32
 119              		@ frame_needed = 0, uses_anonymous_args = 0
 120              		.loc 1 63 1 is_stmt 0 view .LVU32
 121 0000 00B5     		push	{lr}
 122              	.LCFI1:
 123              		.cfi_def_cfa_offset 4
 124              		.cfi_offset 14, -4
 125 0002 89B0     		sub	sp, sp, #36
 126              	.LCFI2:
 127              		.cfi_def_cfa_offset 40
  64:Core/Src/spi.c **** 
  65:Core/Src/spi.c ****   GPIO_InitTypeDef GPIO_InitStruct = {0};
 128              		.loc 1 65 3 is_stmt 1 view .LVU33
 129              		.loc 1 65 20 is_stmt 0 view .LVU34
 130 0004 0023     		movs	r3, #0
 131 0006 0393     		str	r3, [sp, #12]
 132 0008 0493     		str	r3, [sp, #16]
 133 000a 0593     		str	r3, [sp, #20]
 134 000c 0693     		str	r3, [sp, #24]
 135 000e 0793     		str	r3, [sp, #28]
  66:Core/Src/spi.c ****   if(spiHandle->Instance==SPI4)
 136              		.loc 1 66 3 is_stmt 1 view .LVU35
 137              		.loc 1 66 15 is_stmt 0 view .LVU36
 138 0010 0268     		ldr	r2, [r0]
 139              		.loc 1 66 5 view .LVU37
 140 0012 154B     		ldr	r3, .L11
 141 0014 9A42     		cmp	r2, r3
 142 0016 02D0     		beq	.L10
 143              	.LVL3:
 144              	.L7:
  67:Core/Src/spi.c ****   {
  68:Core/Src/spi.c ****   /* USER CODE BEGIN SPI4_MspInit 0 */
  69:Core/Src/spi.c **** 
  70:Core/Src/spi.c ****   /* USER CODE END SPI4_MspInit 0 */
  71:Core/Src/spi.c ****     /* SPI4 clock enable */
  72:Core/Src/spi.c ****     __HAL_RCC_SPI4_CLK_ENABLE();
  73:Core/Src/spi.c **** 
  74:Core/Src/spi.c ****     __HAL_RCC_GPIOE_CLK_ENABLE();
  75:Core/Src/spi.c ****     /**SPI4 GPIO Configuration
  76:Core/Src/spi.c ****     PE2     ------> SPI4_SCK
  77:Core/Src/spi.c ****     PE5     ------> SPI4_MISO
  78:Core/Src/spi.c ****     PE6     ------> SPI4_MOSI
  79:Core/Src/spi.c ****     */
  80:Core/Src/spi.c ****     GPIO_InitStruct.Pin = GPIO_PIN_2|GPIO_PIN_5|GPIO_PIN_6;
  81:Core/Src/spi.c ****     GPIO_InitStruct.Mode = GPIO_MODE_AF_PP;
  82:Core/Src/spi.c ****     GPIO_InitStruct.Pull = GPIO_NOPULL;
  83:Core/Src/spi.c ****     GPIO_InitStruct.Speed = GPIO_SPEED_FREQ_VERY_HIGH;
  84:Core/Src/spi.c ****     GPIO_InitStruct.Alternate = GPIO_AF5_SPI4;
  85:Core/Src/spi.c ****     HAL_GPIO_Init(GPIOE, &GPIO_InitStruct);
  86:Core/Src/spi.c **** 
ARM GAS  /tmp/ccy8DEJM.s 			page 5


  87:Core/Src/spi.c ****   /* USER CODE BEGIN SPI4_MspInit 1 */
  88:Core/Src/spi.c **** 
  89:Core/Src/spi.c ****   /* USER CODE END SPI4_MspInit 1 */
  90:Core/Src/spi.c ****   }
  91:Core/Src/spi.c **** }
 145              		.loc 1 91 1 view .LVU38
 146 0018 09B0     		add	sp, sp, #36
 147              	.LCFI3:
 148              		.cfi_remember_state
 149              		.cfi_def_cfa_offset 4
 150              		@ sp needed
 151 001a 5DF804FB 		ldr	pc, [sp], #4
 152              	.LVL4:
 153              	.L10:
 154              	.LCFI4:
 155              		.cfi_restore_state
  72:Core/Src/spi.c **** 
 156              		.loc 1 72 5 is_stmt 1 view .LVU39
 157              	.LBB2:
  72:Core/Src/spi.c **** 
 158              		.loc 1 72 5 view .LVU40
 159 001e 0022     		movs	r2, #0
 160 0020 0192     		str	r2, [sp, #4]
  72:Core/Src/spi.c **** 
 161              		.loc 1 72 5 view .LVU41
 162 0022 03F58233 		add	r3, r3, #66560
 163 0026 596C     		ldr	r1, [r3, #68]
 164 0028 41F40051 		orr	r1, r1, #8192
 165 002c 5964     		str	r1, [r3, #68]
  72:Core/Src/spi.c **** 
 166              		.loc 1 72 5 view .LVU42
 167 002e 596C     		ldr	r1, [r3, #68]
 168 0030 01F40051 		and	r1, r1, #8192
 169 0034 0191     		str	r1, [sp, #4]
  72:Core/Src/spi.c **** 
 170              		.loc 1 72 5 view .LVU43
 171 0036 0199     		ldr	r1, [sp, #4]
 172              	.LBE2:
  72:Core/Src/spi.c **** 
 173              		.loc 1 72 5 view .LVU44
  74:Core/Src/spi.c ****     /**SPI4 GPIO Configuration
 174              		.loc 1 74 5 view .LVU45
 175              	.LBB3:
  74:Core/Src/spi.c ****     /**SPI4 GPIO Configuration
 176              		.loc 1 74 5 view .LVU46
 177 0038 0292     		str	r2, [sp, #8]
  74:Core/Src/spi.c ****     /**SPI4 GPIO Configuration
 178              		.loc 1 74 5 view .LVU47
 179 003a 196B     		ldr	r1, [r3, #48]
 180 003c 41F01001 		orr	r1, r1, #16
 181 0040 1963     		str	r1, [r3, #48]
  74:Core/Src/spi.c ****     /**SPI4 GPIO Configuration
 182              		.loc 1 74 5 view .LVU48
 183 0042 1B6B     		ldr	r3, [r3, #48]
 184 0044 03F01003 		and	r3, r3, #16
 185 0048 0293     		str	r3, [sp, #8]
  74:Core/Src/spi.c ****     /**SPI4 GPIO Configuration
ARM GAS  /tmp/ccy8DEJM.s 			page 6


 186              		.loc 1 74 5 view .LVU49
 187 004a 029B     		ldr	r3, [sp, #8]
 188              	.LBE3:
  74:Core/Src/spi.c ****     /**SPI4 GPIO Configuration
 189              		.loc 1 74 5 view .LVU50
  80:Core/Src/spi.c ****     GPIO_InitStruct.Mode = GPIO_MODE_AF_PP;
 190              		.loc 1 80 5 view .LVU51
  80:Core/Src/spi.c ****     GPIO_InitStruct.Mode = GPIO_MODE_AF_PP;
 191              		.loc 1 80 25 is_stmt 0 view .LVU52
 192 004c 6423     		movs	r3, #100
 193 004e 0393     		str	r3, [sp, #12]
  81:Core/Src/spi.c ****     GPIO_InitStruct.Pull = GPIO_NOPULL;
 194              		.loc 1 81 5 is_stmt 1 view .LVU53
  81:Core/Src/spi.c ****     GPIO_InitStruct.Pull = GPIO_NOPULL;
 195              		.loc 1 81 26 is_stmt 0 view .LVU54
 196 0050 0223     		movs	r3, #2
 197 0052 0493     		str	r3, [sp, #16]
  82:Core/Src/spi.c ****     GPIO_InitStruct.Speed = GPIO_SPEED_FREQ_VERY_HIGH;
 198              		.loc 1 82 5 is_stmt 1 view .LVU55
  82:Core/Src/spi.c ****     GPIO_InitStruct.Speed = GPIO_SPEED_FREQ_VERY_HIGH;
 199              		.loc 1 82 26 is_stmt 0 view .LVU56
 200 0054 0592     		str	r2, [sp, #20]
  83:Core/Src/spi.c ****     GPIO_InitStruct.Alternate = GPIO_AF5_SPI4;
 201              		.loc 1 83 5 is_stmt 1 view .LVU57
  83:Core/Src/spi.c ****     GPIO_InitStruct.Alternate = GPIO_AF5_SPI4;
 202              		.loc 1 83 27 is_stmt 0 view .LVU58
 203 0056 0323     		movs	r3, #3
 204 0058 0693     		str	r3, [sp, #24]
  84:Core/Src/spi.c ****     HAL_GPIO_Init(GPIOE, &GPIO_InitStruct);
 205              		.loc 1 84 5 is_stmt 1 view .LVU59
  84:Core/Src/spi.c ****     HAL_GPIO_Init(GPIOE, &GPIO_InitStruct);
 206              		.loc 1 84 31 is_stmt 0 view .LVU60
 207 005a 0523     		movs	r3, #5
 208 005c 0793     		str	r3, [sp, #28]
  85:Core/Src/spi.c **** 
 209              		.loc 1 85 5 is_stmt 1 view .LVU61
 210 005e 03A9     		add	r1, sp, #12
 211 0060 0248     		ldr	r0, .L11+4
 212              	.LVL5:
  85:Core/Src/spi.c **** 
 213              		.loc 1 85 5 is_stmt 0 view .LVU62
 214 0062 FFF7FEFF 		bl	HAL_GPIO_Init
 215              	.LVL6:
 216              		.loc 1 91 1 view .LVU63
 217 0066 D7E7     		b	.L7
 218              	.L12:
 219              		.align	2
 220              	.L11:
 221 0068 00340140 		.word	1073820672
 222 006c 00100240 		.word	1073876992
 223              		.cfi_endproc
 224              	.LFE135:
 226              		.section	.text.HAL_SPI_MspDeInit,"ax",%progbits
 227              		.align	1
 228              		.global	HAL_SPI_MspDeInit
 229              		.syntax unified
 230              		.thumb
ARM GAS  /tmp/ccy8DEJM.s 			page 7


 231              		.thumb_func
 232              		.fpu fpv4-sp-d16
 234              	HAL_SPI_MspDeInit:
 235              	.LVL7:
 236              	.LFB136:
  92:Core/Src/spi.c **** 
  93:Core/Src/spi.c **** void HAL_SPI_MspDeInit(SPI_HandleTypeDef* spiHandle)
  94:Core/Src/spi.c **** {
 237              		.loc 1 94 1 is_stmt 1 view -0
 238              		.cfi_startproc
 239              		@ args = 0, pretend = 0, frame = 0
 240              		@ frame_needed = 0, uses_anonymous_args = 0
 241              		.loc 1 94 1 is_stmt 0 view .LVU65
 242 0000 08B5     		push	{r3, lr}
 243              	.LCFI5:
 244              		.cfi_def_cfa_offset 8
 245              		.cfi_offset 3, -8
 246              		.cfi_offset 14, -4
  95:Core/Src/spi.c **** 
  96:Core/Src/spi.c ****   if(spiHandle->Instance==SPI4)
 247              		.loc 1 96 3 is_stmt 1 view .LVU66
 248              		.loc 1 96 15 is_stmt 0 view .LVU67
 249 0002 0268     		ldr	r2, [r0]
 250              		.loc 1 96 5 view .LVU68
 251 0004 064B     		ldr	r3, .L17
 252 0006 9A42     		cmp	r2, r3
 253 0008 00D0     		beq	.L16
 254              	.LVL8:
 255              	.L13:
  97:Core/Src/spi.c ****   {
  98:Core/Src/spi.c ****   /* USER CODE BEGIN SPI4_MspDeInit 0 */
  99:Core/Src/spi.c **** 
 100:Core/Src/spi.c ****   /* USER CODE END SPI4_MspDeInit 0 */
 101:Core/Src/spi.c ****     /* Peripheral clock disable */
 102:Core/Src/spi.c ****     __HAL_RCC_SPI4_CLK_DISABLE();
 103:Core/Src/spi.c **** 
 104:Core/Src/spi.c ****     /**SPI4 GPIO Configuration
 105:Core/Src/spi.c ****     PE2     ------> SPI4_SCK
 106:Core/Src/spi.c ****     PE5     ------> SPI4_MISO
 107:Core/Src/spi.c ****     PE6     ------> SPI4_MOSI
 108:Core/Src/spi.c ****     */
 109:Core/Src/spi.c ****     HAL_GPIO_DeInit(GPIOE, GPIO_PIN_2|GPIO_PIN_5|GPIO_PIN_6);
 110:Core/Src/spi.c **** 
 111:Core/Src/spi.c ****   /* USER CODE BEGIN SPI4_MspDeInit 1 */
 112:Core/Src/spi.c **** 
 113:Core/Src/spi.c ****   /* USER CODE END SPI4_MspDeInit 1 */
 114:Core/Src/spi.c ****   }
 115:Core/Src/spi.c **** }
 256              		.loc 1 115 1 view .LVU69
 257 000a 08BD     		pop	{r3, pc}
 258              	.LVL9:
 259              	.L16:
 102:Core/Src/spi.c **** 
 260              		.loc 1 102 5 is_stmt 1 view .LVU70
 261 000c 054A     		ldr	r2, .L17+4
 262 000e 536C     		ldr	r3, [r2, #68]
 263 0010 23F40053 		bic	r3, r3, #8192
ARM GAS  /tmp/ccy8DEJM.s 			page 8


 264 0014 5364     		str	r3, [r2, #68]
 109:Core/Src/spi.c **** 
 265              		.loc 1 109 5 view .LVU71
 266 0016 6421     		movs	r1, #100
 267 0018 0348     		ldr	r0, .L17+8
 268              	.LVL10:
 109:Core/Src/spi.c **** 
 269              		.loc 1 109 5 is_stmt 0 view .LVU72
 270 001a FFF7FEFF 		bl	HAL_GPIO_DeInit
 271              	.LVL11:
 272              		.loc 1 115 1 view .LVU73
 273 001e F4E7     		b	.L13
 274              	.L18:
 275              		.align	2
 276              	.L17:
 277 0020 00340140 		.word	1073820672
 278 0024 00380240 		.word	1073887232
 279 0028 00100240 		.word	1073876992
 280              		.cfi_endproc
 281              	.LFE136:
 283              		.comm	hspi4,88,4
 284              		.text
 285              	.Letext0:
 286              		.file 2 "/opt/gcc-arm-none-eabi-9-2020-q2-update/arm-none-eabi/include/machine/_default_types.h"
 287              		.file 3 "/opt/gcc-arm-none-eabi-9-2020-q2-update/arm-none-eabi/include/sys/_stdint.h"
 288              		.file 4 "Drivers/CMSIS/Include/core_cm4.h"
 289              		.file 5 "Drivers/CMSIS/Device/ST/STM32F4xx/Include/system_stm32f4xx.h"
 290              		.file 6 "Drivers/CMSIS/Device/ST/STM32F4xx/Include/stm32f427xx.h"
 291              		.file 7 "Drivers/STM32F4xx_HAL_Driver/Inc/stm32f4xx_hal_def.h"
 292              		.file 8 "Drivers/STM32F4xx_HAL_Driver/Inc/stm32f4xx_hal_gpio.h"
 293              		.file 9 "Drivers/STM32F4xx_HAL_Driver/Inc/stm32f4xx_hal_dma.h"
 294              		.file 10 "Drivers/STM32F4xx_HAL_Driver/Inc/stm32f4xx_hal_spi.h"
 295              		.file 11 "Drivers/STM32F4xx_HAL_Driver/Inc/stm32f4xx_hal.h"
 296              		.file 12 "Core/Inc/spi.h"
 297              		.file 13 "Core/Inc/main.h"
ARM GAS  /tmp/ccy8DEJM.s 			page 9


DEFINED SYMBOLS
                            *ABS*:0000000000000000 spi.c
     /tmp/ccy8DEJM.s:18     .text.MX_SPI4_Init:0000000000000000 $t
     /tmp/ccy8DEJM.s:26     .text.MX_SPI4_Init:0000000000000000 MX_SPI4_Init
     /tmp/ccy8DEJM.s:100    .text.MX_SPI4_Init:000000000000003c $d
                            *COM*:0000000000000058 hspi4
     /tmp/ccy8DEJM.s:106    .text.HAL_SPI_MspInit:0000000000000000 $t
     /tmp/ccy8DEJM.s:113    .text.HAL_SPI_MspInit:0000000000000000 HAL_SPI_MspInit
     /tmp/ccy8DEJM.s:221    .text.HAL_SPI_MspInit:0000000000000068 $d
     /tmp/ccy8DEJM.s:227    .text.HAL_SPI_MspDeInit:0000000000000000 $t
     /tmp/ccy8DEJM.s:234    .text.HAL_SPI_MspDeInit:0000000000000000 HAL_SPI_MspDeInit
     /tmp/ccy8DEJM.s:277    .text.HAL_SPI_MspDeInit:0000000000000020 $d

UNDEFINED SYMBOLS
HAL_SPI_Init
Error_Handler
HAL_GPIO_Init
HAL_GPIO_DeInit
